Starting job on  Wed Feb 1 22:48:41 CST 2017
Running on  Linux cmswn1819.fnal.gov 2.6.32-642.6.2.el6.x86_64 #1 SMP Tue Oct 25 15:06:33 CDT 2016 x86_64 x86_64 x86_64 GNU/Linux
System release  Scientific Linux Fermi release 6.8 (Ramsey)
CMSSW on Condor

parameter set:
CMSSWVER:   CMSSW_8_0_25
OUTDIR:     root://cmseos.fnal.gov//store/user/mbhat/MC2016_30_01_2017
SAMPLE:     Run2016E-23Sep2016-v1.SinglePhoton
NPART:      262
NSTART:     262
NFILES:     1
SCENARIO:   2016ReReco23Sep
REDIR:      
Done: ProjectRename
/storage/local/data1/condor/execute/dir_2627019
***** SETUP ************************************
 dataset: cms.untracked.vstring('root://cmsxrootd.fnal.gov//store/data/Run2016E/SinglePhoton/MINIAOD/23Sep2016-v1/70000/F8F78062-1886-E611-83F9-008CFA197C70.root')
 outfile: Run2016E-23Sep2016-v1.SinglePhoton_262_RA2AnalysisTree
 
 
 storing PDF weights: True
 
 
 scenario: 2016ReReco23Sep
 global tag: 80X_dataRun2_2016SeptRepro_v3
 Instance name of tag information: RECO
 Including gen-level information: False
 Including pMSSM-related information: False
 Using fastsim settings: False
 Running signal uncertainties: False
 JSON file applied: data/Cert_271036-284044_13TeV_23Sep2016ReReco_Collisions16_JSON.txt
 JECs applied: data/jec/Summer16_23Sep2016AllV3_DATA (residuals)
 era of this dataset: Run2_25ns
************************************************
# Conditions read from  CMS_CONDITIONS  via FrontierProd 
 ################################################################### 
 # WARNING: this module is deprecated.                             # 
 # Please use CondCore.CondDB.CondDB_cfi.py                        # 
 ################################################################### 
 ################################################################### 
 # WARNING: this module is deprecated.                             # 
 # Please use CondCore.CondDB.CondDB_cfi.py                        # 
 ################################################################### 
01-Feb-2017 22:49:26 CST  Initiating request to open file root://cmsxrootd.fnal.gov//store/data/Run2016E/SinglePhoton/MINIAOD/23Sep2016-v1/70000/F8F78062-1886-E611-83F9-008CFA197C70.root
%MSG-w XrdAdaptor:  file_open 01-Feb-2017 22:49:29 CST pre-events
Data is served from T2_US_Wisconsin instead of original site T2_US_Nebraska
%MSG
01-Feb-2017 22:49:30 CST  Successfully opened file root://cmsxrootd.fnal.gov//store/data/Run2016E/SinglePhoton/MINIAOD/23Sep2016-v1/70000/F8F78062-1886-E611-83F9-008CFA197C70.root
VarsBool:
full name: BadChargedCandidateFilter -> tag: BadChargedCandidateFilter nameInTree: BadChargedCandidateFilter
full name: BadPFMuonFilter -> tag: BadPFMuonFilter nameInTree: BadPFMuonFilter
full name: GoodJets:JetID(JetID) -> tag: GoodJets:JetID nameInTree: JetID
VarsInt:
full name: NVtx -> tag: NVtx nameInTree: NVtx
full name: nAllVertices -> tag: nAllVertices nameInTree: nAllVertices
full name: CSCTightHaloFilter -> tag: CSCTightHaloFilter nameInTree: CSCTightHaloFilter
full name: globalTightHalo2016Filter -> tag: globalTightHalo2016Filter nameInTree: globalTightHalo2016Filter
full name: HBHENoiseFilter -> tag: HBHENoiseFilter nameInTree: HBHENoiseFilter
full name: HBHEIsoNoiseFilter -> tag: HBHEIsoNoiseFilter nameInTree: HBHEIsoNoiseFilter
full name: EcalDeadCellTriggerPrimitiveFilter -> tag: EcalDeadCellTriggerPrimitiveFilter nameInTree: EcalDeadCellTriggerPrimitiveFilter
full name: eeBadScFilter -> tag: eeBadScFilter nameInTree: eeBadScFilter
VarsDouble:
full name: MET:Pt(MET) -> tag: MET:Pt nameInTree: MET
full name: MET:Phi(METPhi) -> tag: MET:Phi nameInTree: METPhi
full name: MET:CaloPt(CaloMET) -> tag: MET:CaloPt nameInTree: CaloMET
full name: MET:CaloPhi(CaloMETPhi) -> tag: MET:CaloPhi nameInTree: CaloMETPhi
full name: MET:PFCaloPtRatio(PFCaloMETRatio) -> tag: MET:PFCaloPtRatio nameInTree: PFCaloMETRatio
VarsString:
VarsTLorentzVector:
VectorBool:
full name: HEEPProducer:ecalDriven(Electron_ecalDriven) -> tag: HEEPProducer:ecalDriven nameInTree: Electron_ecalDriven
full name: GoodJets:JetIDMask(Jets_ID) -> tag: GoodJets:JetIDMask nameInTree: Jets_ID
VectorInt:
full name: HEEPProducer:Charge(Electron_Charge) -> tag: HEEPProducer:Charge nameInTree: Electron_Charge
full name: HEEPProducer:losthits(Electron_losthits) -> tag: HEEPProducer:losthits nameInTree: Electron_losthits
full name: HEEPProducer:PDGID(PDGID) -> tag: HEEPProducer:PDGID nameInTree: PDGID
full name: HEEPProducer:gencharge(gencharge) -> tag: HEEPProducer:gencharge nameInTree: gencharge
full name: HEEPProducer:motherPDGID(motherPDGID) -> tag: HEEPProducer:motherPDGID nameInTree: motherPDGID
full name: HEEPProducer:elstatus(elstatus) -> tag: HEEPProducer:elstatus nameInTree: elstatus
full name: MuonProducer:MuonPassID(MuonPassID) -> tag: MuonProducer:MuonPassID nameInTree: MuonPassID
full name: MuonProducer:MuonIsGlobal(MuonIsGlobal) -> tag: MuonProducer:MuonIsGlobal nameInTree: MuonIsGlobal
full name: TriggerProducer:TriggerPass -> tag: TriggerProducer:TriggerPass nameInTree: TriggerPass
full name: TriggerProducer:TriggerPrescales -> tag: TriggerProducer:TriggerPrescales nameInTree: TriggerPrescales
VectorDouble:
full name: HEEPProducer:trackiso(Electron_trackiso) -> tag: HEEPProducer:trackiso nameInTree: Electron_trackiso
full name: HEEPProducer:Et(Electron_Et) -> tag: HEEPProducer:Et nameInTree: Electron_Et
full name: HEEPProducer:DeltaEtain(Electron_DeltaEtain) -> tag: HEEPProducer:DeltaEtain nameInTree: Electron_DeltaEtain
full name: HEEPProducer:DeltaPhiin(Electron_DeltaPhiin) -> tag: HEEPProducer:DeltaPhiin nameInTree: Electron_DeltaPhiin
full name: HEEPProducer:HbE(Electron_HOverE) -> tag: HEEPProducer:HbE nameInTree: Electron_HOverE
full name: HEEPProducer:Ecaliso(Electron_Ecaliso) -> tag: HEEPProducer:Ecaliso nameInTree: Electron_Ecaliso
full name: HEEPProducer:HD1iso(Electron_HD1iso) -> tag: HEEPProducer:HD1iso nameInTree: Electron_HD1iso
full name: HEEPProducer:e25bye55(Electron_e25bye55) -> tag: HEEPProducer:e25bye55 nameInTree: Electron_e25bye55
full name: HEEPProducer:Fullsce25bye55(Electron_Fullsce25bye55) -> tag: HEEPProducer:Fullsce25bye55 nameInTree: Electron_Fullsce25bye55
full name: HEEPProducer:Fulle15bye55(Electron_Fulle15bye55) -> tag: HEEPProducer:Fulle15bye55 nameInTree: Electron_Fulle15bye55
full name: HEEPProducer:scEnergy(Electron_scEnergy) -> tag: HEEPProducer:scEnergy nameInTree: Electron_scEnergy
full name: HEEPProducer:DeltaEtaSeed(Electron_DeltaEtaSeed) -> tag: HEEPProducer:DeltaEtaSeed nameInTree: Electron_DeltaEtaSeed
full name: HEEPProducer:rho(rho) -> tag: HEEPProducer:rho nameInTree: rho
full name: HEEPProducer:ecalEnergy(Electron_ecalEnergy) -> tag: HEEPProducer:ecalEnergy nameInTree: Electron_ecalEnergy
full name: HEEPProducer:full55SiEtaiEta(Electron_full55SiEtaiEta) -> tag: HEEPProducer:full55SiEtaiEta nameInTree: Electron_full55SiEtaiEta
full name: HEEPProducer:sce25bye55(Electron_sce25bye55) -> tag: HEEPProducer:sce25bye55 nameInTree: Electron_sce25bye55
full name: HEEPProducer:e15bye55(Electron_e15bye55) -> tag: HEEPProducer:e15bye55 nameInTree: Electron_e15bye55
full name: HEEPProducer:Phi(Electron_Phi) -> tag: HEEPProducer:Phi nameInTree: Electron_Phi
full name: HEEPProducer:eEnergy(Electron_Energy) -> tag: HEEPProducer:eEnergy nameInTree: Electron_Energy
full name: HEEPProducer:dxy(dxy) -> tag: HEEPProducer:dxy nameInTree: dxy
full name: HEEPProducer:ePz(Electron_Pz) -> tag: HEEPProducer:ePz nameInTree: Electron_Pz
full name: HEEPProducer:ePx(Electron_Px) -> tag: HEEPProducer:ePx nameInTree: Electron_Px
full name: HEEPProducer:ePy(Electron_Py) -> tag: HEEPProducer:ePy nameInTree: Electron_Py
full name: HEEPProducer:genPt(genPt) -> tag: HEEPProducer:genPt nameInTree: genPt
full name: HEEPProducer:genEta(genEta) -> tag: HEEPProducer:genEta nameInTree: genEta
full name: HEEPProducer:genPhi(genPhi) -> tag: HEEPProducer:genPhi nameInTree: genPhi
full name: HEEPProducer:genEnergy(genEnergy) -> tag: HEEPProducer:genEnergy nameInTree: genEnergy
full name: HEEPProducer:PtHEEP(Electron_PtHEEP) -> tag: HEEPProducer:PtHEEP nameInTree: Electron_PtHEEP
full name: HEEPProducer:scEta(Electron_scEta) -> tag: HEEPProducer:scEta nameInTree: Electron_scEta
full name: HEEPProducer:heep70TrkIso(Electron_heep70TrkIso) -> tag: HEEPProducer:heep70TrkIso nameInTree: Electron_heep70TrkIso
full name: MuonProducer:MuonEta(MuonEta) -> tag: MuonProducer:MuonEta nameInTree: MuonEta
full name: MuonProducer:MuonPhi(MuonPhi) -> tag: MuonProducer:MuonPhi nameInTree: MuonPhi
full name: MuonProducer:MuonPt(MuonPt) -> tag: MuonProducer:MuonPt nameInTree: MuonPt
full name: MuonProducer:MuonEnergy(MuonEnergy) -> tag: MuonProducer:MuonEnergy nameInTree: MuonEnergy
full name: TauProducer:tEta(TauEta) -> tag: TauProducer:tEta nameInTree: TauEta
full name: TauProducer:tPhi(TauPhi) -> tag: TauProducer:tPhi nameInTree: TauPhi
full name: TauProducer:tPt(TauPt) -> tag: TauProducer:tPt nameInTree: TauPt
full name: TriggerProducer:objectPt -> tag: TriggerProducer:objectPt nameInTree: objectPt
full name: TriggerProducer:objecteta -> tag: TriggerProducer:objecteta nameInTree: objecteta
full name: TriggerProducer:objectphi -> tag: TriggerProducer:objectphi nameInTree: objectphi
full name: TriggerProducer:objectE -> tag: TriggerProducer:objectE nameInTree: objectE
full name: TriggerProducer:ColumnNum -> tag: TriggerProducer:ColumnNum nameInTree: ColumnNum
VectorString:
full name: TriggerProducer:TriggerNames -> tag: TriggerProducer:TriggerNames nameInTree: TriggerNames
VectorTLorentzVector:
VectorRecoCand:
full name: GoodJets(Jets) -> tag: GoodJets nameInTree: Jets
List of stored triggers:
0: HLT_CaloJet500_NoJetID_v
1: HLT_DoubleEle8_CaloIdM_TrackIdM_Mass8_PFHT300_v
2: HLT_DoubleMu8_Mass8_PFHT300_v
3: HLT_Ele105_CaloIdVT_GsfTrkIdT_v
4: HLT_Ele115_CaloIdVT_GsfTrkIdT_v
5: HLT_Ele15_IsoVVVL_PFHT350_PFMET50_v
6: HLT_Ele15_IsoVVVL_PFHT350_v
7: HLT_Ele15_IsoVVVL_PFHT400_v
8: HLT_Ele15_IsoVVVL_PFHT600_v
9: HLT_Ele23_Ele12_CaloIdL_TrackIdL_IsoVL_DZ_v
10: HLT_Ele25_eta2p1_WPTight_Gsf_v 
11: HLT_Ele27_WPTight_Gsf_v
12: HLT_Ele27_eta2p1_WPLoose_Gsf_v 
13: HLT_Ele45_WPLoose_Gsf_v
14: HLT_Ele50_IsoVVVL_PFHT400_v
15: HLT_IsoMu16_eta2p1_MET30_v
16: HLT_IsoMu22_eta2p1_v
17: HLT_IsoMu22_v
18: HLT_IsoMu24_v 
19: HLT_IsoTkMu22_v
20: HLT_Mu15_IsoVVVL_PFHT350_PFMET50_v
21: HLT_Mu15_IsoVVVL_PFHT350_v
22: HLT_Mu15_IsoVVVL_PFHT400_v
23: HLT_Mu15_IsoVVVL_PFHT600_v
24: HLT_Mu17_TrkIsoVVL_Mu8_TrkIsoVVL_v
25: HLT_Mu17_TrkIsoVVL_TkMu8_TrkIsoVVL_v
26: HLT_Mu45_eta2p1_v
27: HLT_Mu50_IsoVVVL_PFHT400_v
28: HLT_Mu50_v
29: HLT_PFHT200_v
30: HLT_PFHT250_v
31: HLT_PFHT300_PFMET100_v
32: HLT_PFHT300_PFMET110_v
33: HLT_PFHT300_v
34: HLT_PFHT350_v
35: HLT_PFHT400_v
36: HLT_PFHT475_v
37: HLT_PFHT600_v
38: HLT_PFHT650_v
39: HLT_PFHT800_v
40: HLT_PFHT900_v
41: HLT_PFMET100_PFMHT100_IDTight_v
42: HLT_PFMET110_PFMHT110_IDTight_v
43: HLT_PFMET120_PFMHT120_IDTight_v
44: HLT_PFMET90_PFMHT90_IDTight_v
45: HLT_PFMETNoMu100_PFMHTNoMu100_IDTight_v
46: HLT_PFMETNoMu110_PFMHTNoMu110_IDTight_v
47: HLT_PFMETNoMu120_PFMHTNoMu120_IDTight_v
48: HLT_PFMETNoMu90_PFMHTNoMu90_IDTight_v
49: HLT_Photon120_v
50: HLT_Photon165_HE10_v
51: HLT_Photon175_v
52: HLT_Photon22_v
53: HLT_Photon30_v
54: HLT_Photon36_v
55: HLT_Photon50_v
56: HLT_Photon75_v
57: HLT_Photon90_CaloIdL_PFHT500_v
58: HLT_Photon90_v
59: HLT_TkMu50_v
[STATUS] Reading energy scale correction  values from file: EgammaAnalysis/ElectronTools/data/ScalesSmearings/Winter_2016_reReco_v1_ele_scales.dat
[STATUS] Reading energy scale correction  values from file: EgammaAnalysis/ElectronTools/data/ScalesSmearings/Winter_2016_reReco_v1_ele_scales.dat
Begin processing the 1st record. Run 276870, Event 1073048760, LumiSection 628 at 01-Feb-2017 22:49:53.196 CST
Begin processing the 1001st record. Run 276870, Event 1074071510, LumiSection 629 at 01-Feb-2017 22:50:37.600 CST
Begin processing the 2001st record. Run 276870, Event 1076698198, LumiSection 630 at 01-Feb-2017 22:51:10.587 CST
Begin processing the 3001st record. Run 276870, Event 1077253271, LumiSection 630 at 01-Feb-2017 22:51:43.249 CST
Begin processing the 4001st record. Run 276870, Event 1078565895, LumiSection 631 at 01-Feb-2017 22:52:16.795 CST
Begin processing the 5001st record. Run 276870, Event 1079549321, LumiSection 632 at 01-Feb-2017 22:52:51.686 CST
Begin processing the 6001st record. Run 276870, Event 1081991990, LumiSection 633 at 01-Feb-2017 22:53:33.680 CST
Begin processing the 7001st record. Run 276870, Event 1083912862, LumiSection 634 at 01-Feb-2017 22:54:06.986 CST
Begin processing the 8001st record. Run 276870, Event 1086594871, LumiSection 635 at 01-Feb-2017 22:54:40.441 CST
Begin processing the 9001st record. Run 276870, Event 1087911223, LumiSection 636 at 01-Feb-2017 22:55:13.862 CST
Begin processing the 10001st record. Run 276870, Event 1089393265, LumiSection 637 at 01-Feb-2017 22:55:46.293 CST
Begin processing the 11001st record. Run 276870, Event 1169808785, LumiSection 678 at 01-Feb-2017 22:56:25.647 CST
Begin processing the 12001st record. Run 276870, Event 1171871119, LumiSection 679 at 01-Feb-2017 22:56:59.405 CST
Begin processing the 13001st record. Run 276870, Event 1172889342, LumiSection 680 at 01-Feb-2017 22:57:34.134 CST
Begin processing the 14001st record. Run 276870, Event 1175984619, LumiSection 681 at 01-Feb-2017 22:58:05.317 CST
Begin processing the 15001st record. Run 276870, Event 1176662959, LumiSection 682 at 01-Feb-2017 22:58:37.763 CST
Begin processing the 16001st record. Run 276870, Event 2230895852, LumiSection 1239 at 01-Feb-2017 22:59:18.091 CST
Begin processing the 17001st record. Run 276870, Event 2231725754, LumiSection 1240 at 01-Feb-2017 22:59:47.639 CST
Begin processing the 18001st record. Run 276870, Event 2234325614, LumiSection 1241 at 01-Feb-2017 23:00:18.860 CST
Begin processing the 19001st record. Run 276870, Event 2238012919, LumiSection 1243 at 01-Feb-2017 23:00:49.815 CST
Begin processing the 20001st record. Run 276870, Event 2240376411, LumiSection 1244 at 01-Feb-2017 23:01:21.048 CST
Begin processing the 21001st record. Run 276870, Event 2254640632, LumiSection 1251 at 01-Feb-2017 23:01:52.616 CST
Begin processing the 22001st record. Run 276870, Event 2255812948, LumiSection 1252 at 01-Feb-2017 23:02:27.900 CST
Begin processing the 23001st record. Run 276870, Event 2257811992, LumiSection 1253 at 01-Feb-2017 23:02:58.372 CST
Begin processing the 24001st record. Run 276870, Event 2261249665, LumiSection 1254 at 01-Feb-2017 23:03:29.258 CST
Begin processing the 25001st record. Run 276870, Event 2263433827, LumiSection 1255 at 01-Feb-2017 23:04:00.627 CST
Begin processing the 26001st record. Run 276870, Event 2264801240, LumiSection 1256 at 01-Feb-2017 23:04:29.618 CST
Begin processing the 27001st record. Run 276870, Event 2266727788, LumiSection 1257 at 01-Feb-2017 23:05:06.163 CST
Begin processing the 28001st record. Run 276870, Event 2267783010, LumiSection 1258 at 01-Feb-2017 23:05:38.176 CST
Begin processing the 29001st record. Run 276870, Event 2270888286, LumiSection 1259 at 01-Feb-2017 23:06:08.673 CST
Begin processing the 30001st record. Run 276870, Event 2272825489, LumiSection 1260 at 01-Feb-2017 23:06:37.763 CST
Begin processing the 31001st record. Run 276870, Event 2274844820, LumiSection 1261 at 01-Feb-2017 23:07:11.088 CST
Begin processing the 32001st record. Run 276948, Event 31507626, LumiSection 16 at 01-Feb-2017 23:07:43.471 CST
Begin processing the 33001st record. Run 276948, Event 31305525, LumiSection 16 at 01-Feb-2017 23:08:20.804 CST
Begin processing the 34001st record. Run 276948, Event 33190321, LumiSection 17 at 01-Feb-2017 23:08:53.874 CST
Begin processing the 35001st record. Run 276948, Event 35054252, LumiSection 18 at 01-Feb-2017 23:09:27.096 CST
Begin processing the 36001st record. Run 276948, Event 38186293, LumiSection 19 at 01-Feb-2017 23:10:00.241 CST
Begin processing the 37001st record. Run 276948, Event 39940822, LumiSection 20 at 01-Feb-2017 23:10:33.510 CST
Begin processing the 38001st record. Run 277070, Event 9143071, LumiSection 6 at 01-Feb-2017 23:11:13.431 CST
Begin processing the 39001st record. Run 277070, Event 11421221, LumiSection 7 at 01-Feb-2017 23:11:48.609 CST
Begin processing the 40001st record. Run 277070, Event 13003167, LumiSection 8 at 01-Feb-2017 23:12:24.472 CST
Begin processing the 41001st record. Run 277070, Event 14103003, LumiSection 9 at 01-Feb-2017 23:13:00.056 CST
Begin processing the 42001st record. Run 277070, Event 16459635, LumiSection 10 at 01-Feb-2017 23:13:35.356 CST
Begin processing the 43001st record. Run 277070, Event 428156165, LumiSection 235 at 01-Feb-2017 23:14:14.705 CST
Begin processing the 44001st record. Run 277070, Event 430871095, LumiSection 236 at 01-Feb-2017 23:14:48.697 CST
Begin processing the 45001st record. Run 277070, Event 432251612, LumiSection 237 at 01-Feb-2017 23:15:24.150 CST
Begin processing the 46001st record. Run 277070, Event 434808284, LumiSection 238 at 01-Feb-2017 23:15:57.337 CST
Begin processing the 47001st record. Run 277070, Event 436448382, LumiSection 239 at 01-Feb-2017 23:16:31.083 CST
Begin processing the 48001st record. Run 277070, Event 527271639, LumiSection 290 at 01-Feb-2017 23:17:09.023 CST
Begin processing the 49001st record. Run 277070, Event 529231441, LumiSection 291 at 01-Feb-2017 23:17:42.450 CST
Begin processing the 50001st record. Run 277070, Event 529886208, LumiSection 292 at 01-Feb-2017 23:18:16.840 CST
Begin processing the 51001st record. Run 277070, Event 532095817, LumiSection 293 at 01-Feb-2017 23:18:50.937 CST
Begin processing the 52001st record. Run 277070, Event 534729063, LumiSection 294 at 01-Feb-2017 23:19:23.846 CST
Begin processing the 53001st record. Run 277070, Event 535793822, LumiSection 295 at 01-Feb-2017 23:20:02.609 CST
Begin processing the 54001st record. Run 277070, Event 537354067, LumiSection 296 at 01-Feb-2017 23:20:38.244 CST
Begin processing the 55001st record. Run 277070, Event 538409428, LumiSection 297 at 01-Feb-2017 23:21:12.306 CST
Begin processing the 56001st record. Run 277070, Event 542093519, LumiSection 299 at 01-Feb-2017 23:21:48.658 CST
Begin processing the 57001st record. Run 277094, Event 352120903, LumiSection 204 at 01-Feb-2017 23:22:26.429 CST
Begin processing the 58001st record. Run 277094, Event 354210778, LumiSection 205 at 01-Feb-2017 23:23:09.231 CST
Begin processing the 59001st record. Run 277094, Event 355614312, LumiSection 206 at 01-Feb-2017 23:24:23.742 CST
Begin processing the 60001st record. Run 277094, Event 358359871, LumiSection 207 at 01-Feb-2017 23:27:57.209 CST
[2017-02-01 23:31:18.803991 -0600][Error  ][XRootD            ] [g22n17.hep.wisc.edu:31094] Unable to get the response to request kXR_readv (handle: 0x00000000, chunks: 89, total size: 23691533)
[2017-02-01 23:31:18.804359 -0600][Error  ][File              ] [0xf385d240@root://cmsxrootd.fnal.gov:1094//store/data/Run2016E/SinglePhoton/MINIAOD/23Sep2016-v1/70000/F8F78062-1886-E611-83F9-008CFA197C70.root?tried=g22n03.hep.wisc.edu] Fatal file state error. Message kXR_readv (handle: 0x00000000, chunks: 89, total size: 23691533) returned with [ERROR] Operation expired
%MSG-w XrdAdaptorInternal:  (NoModuleName) 01-Feb-2017 23:31:18 CST pre-events
XrdRequestManager::handle(name='root://cmsxrootd.fnal.gov//store/data/Run2016E/SinglePhoton/MINIAOD/23Sep2016-v1/70000/F8F78062-1886-E611-83F9-008CFA197C70.root) failure when reading from g22n17.hep.wisc.edu:31094 (site T2_US_Wisconsin); failed with error '[ERROR] Operation expired' (errno=0, code=206).
%MSG
%MSG-w XrdAdaptorInternal:  (NoModuleName) 01-Feb-2017 23:31:18 CST pre-events
Request failure when reading from g22n17.hep.wisc.edu:31094 (site T2_US_Wisconsin)
%MSG
%MSG-w XrdAdaptor:  (NoModuleName) 01-Feb-2017 23:31:18 CST pre-events
Data is now served from  instead of previous T2_US_Wisconsin
%MSG
%MSG-w XrdAdaptorInternal:  (NoModuleName) 01-Feb-2017 23:31:18 CST pre-events
Caught a CMSSW exception when running connection recovery.
%MSG
----- Begin Fatal Exception 01-Feb-2017 23:31:18 CST-----------------------
An exception of category 'FileReadError' occurred while
   [0] Calling InputSource::readEvent_
   [1] Reading branch EventSelections
   [2] Calling XrdFile::readv()
   [3] XrdAdaptor::ClientRequest::HandleResponse() failure while running connection recovery
   [4] In XrdAdaptor::RequestManager::requestFailure()
Exception Message:
XrdAdaptor::RequestManager::requestFailure Open(name='root://cmsxrootd.fnal.gov//store/data/Run2016E/SinglePhoton/MINIAOD/23Sep2016-v1/70000/F8F78062-1886-E611-83F9-008CFA197C70.root', flags=0x10, permissions=0660, old source=g22n17.hep.wisc.edu:31094 (site T2_US_Wisconsin), new source=g22n17.hep.wisc.edu:31094 (site T2_US_Wisconsin)) => Xrootd server returned an excluded source
   Additional Info:
      [a] Original error: '[ERROR] Operation expired' (errno=0, code=206, source=g22n17.hep.wisc.edu:31094 (site T2_US_Wisconsin)).
      [b] Disabled source: g22n17.hep.wisc.edu:31094
----- End Fatal Exception -------------------------------------------------
01-Feb-2017 23:31:19 CST  Closed file root://cmsxrootd.fnal.gov//store/data/Run2016E/SinglePhoton/MINIAOD/23Sep2016-v1/70000/F8F78062-1886-E611-83F9-008CFA197C70.root

=============================================

MessageLogger Summary

 type     category        sev    module        subroutine        count    total
 ---- -------------------- -- ---------------- ----------------  -----    -----
    1 XrdAdaptor           -w (NoModuleName)                         1        1
    2 XrdAdaptor           -w file_open                              1        1
    3 XrdAdaptorInternal   -w (NoModuleName)                         3        3
    4 Fatal Exception      -s source                                 1        1
    5 fileAction           -s file_close                             1        1
    6 fileAction           -s file_open                              2        2

 type    category    Examples: run/evt        run/evt          run/evt
 ---- -------------------- ---------------- ---------------- ----------------
    1 XrdAdaptor           pre-events                        
    2 XrdAdaptor           pre-events                        
    3 XrdAdaptorInternal   pre-events       pre-events       pre-events
    4 Fatal Exception      PostProcessEvent                  
    5 fileAction           PostEndRun                        
    6 fileAction           pre-events       pre-events       

Severity    # Occurrences   Total Occurrences
--------    -------------   -----------------
Warning                 5                   5
System                  4                   4
[2017-02-01 23:31:20.377750 -0600][Error  ][XRootDTransport   ] Message 0xfc617120, stream [1, 0] is a response that we're no longer interested in (timed out)
exit code 85, skipping xrdcp
