Starting job on  Thu Jan 26 03:29:54 CST 2017
Running on  Linux cmswn1598.fnal.gov 2.6.32-642.6.2.el6.x86_64 #1 SMP Tue Oct 25 15:06:33 CDT 2016 x86_64 x86_64 x86_64 GNU/Linux
System release  Scientific Linux Fermi release 6.8 (Ramsey)
CMSSW on Condor

parameter set:
CMSSWVER:   CMSSW_8_0_25
OUTDIR:     root://cmseos.fnal.gov//store/user/mbhat/Data2016_11_01_2017
SAMPLE:     Run2016H-PromptReco-v2.SinglePhoton
NPART:      347
NSTART:     347
NFILES:     1
SCENARIO:   2016H
REDIR:      
Done: ProjectRename
/storage/local/data1/condor/execute/dir_3712191
***** SETUP ************************************
 dataset: cms.untracked.vstring('root://cmsxrootd.fnal.gov//store/data/Run2016H/SinglePhoton/MINIAOD/PromptReco-v2/000/283/408/00000/3E05F13E-9398-E611-B32E-02163E0142DA.root')
 outfile: Run2016H-PromptReco-v2.SinglePhoton_347_RA2AnalysisTree
 
 
 storing PDF weights: True
 
 
 scenario: 2016H
 global tag: 80X_dataRun2_Prompt_v14
 Instance name of tag information: RECO
 Including gen-level information: False
 Including pMSSM-related information: False
 Using fastsim settings: False
 Running signal uncertainties: False
 JSON file applied: data/Cert_271036-284044_13TeV_23Sep2016ReReco_Collisions16_JSON.txt
 JECs applied: data/jec/Spring16_25nsV6_DATA
 era of this dataset: Run2_25ns
************************************************
# Conditions read from  CMS_CONDITIONS  via FrontierProd 
 ################################################################### 
 # WARNING: this module is deprecated.                             # 
 # Please use CondCore.CondDB.CondDB_cfi.py                        # 
 ################################################################### 
 ################################################################### 
 # WARNING: this module is deprecated.                             # 
 # Please use CondCore.CondDB.CondDB_cfi.py                        # 
 ################################################################### 
26-Jan-2017 03:30:31 CST  Initiating request to open file root://cmsxrootd.fnal.gov//store/data/Run2016H/SinglePhoton/MINIAOD/PromptReco-v2/000/283/408/00000/3E05F13E-9398-E611-B32E-02163E0142DA.root
[2017-01-26 03:30:33.631125 -0600][Error  ][XRootDTransport   ] [cabinet-4-4-9.t2.ucsd.edu:1094 #0.0] No protocols left to try
[2017-01-26 03:30:33.631331 -0600][Error  ][AsyncSock         ] [cabinet-4-4-9.t2.ucsd.edu:1094 #0.0] Socket error while handshaking: [FATAL] Auth failed
[2017-01-26 03:30:33.631596 -0600][Error  ][PostMaster        ] [cabinet-4-4-9.t2.ucsd.edu:1094 #0] Unable to recover: [FATAL] Auth failed.
[2017-01-26 03:30:33.631648 -0600][Error  ][XRootD            ] [cabinet-4-4-9.t2.ucsd.edu:1094] Impossible to send message kXR_open (file: /store/data/Run2016H/SinglePhoton/MINIAOD/PromptReco-v2/000/283/408/00000/3E05F13E-9398-E611-B32E-02163E0142DA.root, mode: 0660, flags: kXR_open_read kXR_async kXR_retstat ). Trying to recover.
[2017-01-26 03:30:34.002250 -0600][Error  ][XRootDTransport   ] [cabinet-7-7-26.t2.ucsd.edu:1094 #0.0] No protocols left to try
[2017-01-26 03:30:34.002310 -0600][Error  ][AsyncSock         ] [cabinet-7-7-26.t2.ucsd.edu:1094 #0.0] Socket error while handshaking: [FATAL] Auth failed
[2017-01-26 03:30:34.002363 -0600][Error  ][PostMaster        ] [cabinet-7-7-26.t2.ucsd.edu:1094 #0] Unable to recover: [FATAL] Auth failed.
[2017-01-26 03:30:34.002374 -0600][Error  ][XRootD            ] [cabinet-7-7-26.t2.ucsd.edu:1094] Impossible to send message kXR_open (file: /store/data/Run2016H/SinglePhoton/MINIAOD/PromptReco-v2/000/283/408/00000/3E05F13E-9398-E611-B32E-02163E0142DA.root?tried=cabinet-4-4-9.t2.ucsd.edu, mode: 0660, flags: kXR_open_read kXR_async kXR_retstat ). Trying to recover.
[2017-01-26 03:30:34.251449 -0600][Error  ][XRootDTransport   ] [s17n02.hep.wisc.edu:1094 #0.0] No protocols left to try
[2017-01-26 03:30:34.251500 -0600][Error  ][AsyncSock         ] [s17n02.hep.wisc.edu:1094 #0.0] Socket error while handshaking: [FATAL] Auth failed
[2017-01-26 03:30:34.251557 -0600][Error  ][PostMaster        ] [s17n02.hep.wisc.edu:1094 #0] Unable to recover: [FATAL] Auth failed.
[2017-01-26 03:30:34.251588 -0600][Error  ][XRootD            ] [s17n02.hep.wisc.edu:1094] Impossible to send message kXR_open (file: /store/data/Run2016H/SinglePhoton/MINIAOD/PromptReco-v2/000/283/408/00000/3E05F13E-9398-E611-B32E-02163E0142DA.root?tried=cabinet-4-4-9.t2.ucsd.edu,cabinet-7-7-26.t2.ucsd.edu,xrootd.t2.ucsd.edu&triedrc=enoent, mode: 0660, flags: kXR_open_read kXR_async kXR_retstat ). Trying to recover.
%MSG-w XrdAdaptorInternal:  file_open 26-Jan-2017 03:33:31 CST pre-events
Failed to open file at URL root://cmsxrootd.fnal.gov:1094//store/data/Run2016H/SinglePhoton/MINIAOD/PromptReco-v2/000/283/408/00000/3E05F13E-9398-E611-B32E-02163E0142DA.root.
%MSG
[2017-01-26 03:33:31.817992 -0600][Error  ][XRootDTransport   ] [cabinet-7-7-11.t2.ucsd.edu:1094 #0.0] No protocols left to try
[2017-01-26 03:33:31.818049 -0600][Error  ][AsyncSock         ] [cabinet-7-7-11.t2.ucsd.edu:1094 #0.0] Socket error while handshaking: [FATAL] Auth failed
[2017-01-26 03:33:31.818111 -0600][Error  ][PostMaster        ] [cabinet-7-7-11.t2.ucsd.edu:1094 #0] Unable to recover: [FATAL] Auth failed.
[2017-01-26 03:33:31.818127 -0600][Error  ][XRootD            ] [cabinet-7-7-11.t2.ucsd.edu:1094] Impossible to send message kXR_open (file: /store/data/Run2016H/SinglePhoton/MINIAOD/PromptReco-v2/000/283/408/00000/3E05F13E-9398-E611-B32E-02163E0142DA.root?tried=, mode: 0660, flags: kXR_open_read kXR_async kXR_retstat ). Trying to recover.
[2017-01-26 03:33:32.182794 -0600][Error  ][XRootDTransport   ] [cabinet-0-0-24.t2.ucsd.edu:1094 #0.0] No protocols left to try
[2017-01-26 03:33:32.182838 -0600][Error  ][AsyncSock         ] [cabinet-0-0-24.t2.ucsd.edu:1094 #0.0] Socket error while handshaking: [FATAL] Auth failed
[2017-01-26 03:33:32.182890 -0600][Error  ][PostMaster        ] [cabinet-0-0-24.t2.ucsd.edu:1094 #0] Unable to recover: [FATAL] Auth failed.
[2017-01-26 03:33:32.182901 -0600][Error  ][XRootD            ] [cabinet-0-0-24.t2.ucsd.edu:1094] Impossible to send message kXR_open (file: /store/data/Run2016H/SinglePhoton/MINIAOD/PromptReco-v2/000/283/408/00000/3E05F13E-9398-E611-B32E-02163E0142DA.root?tried=cabinet-7-7-11.t2.ucsd.edu, mode: 0660, flags: kXR_open_read kXR_async kXR_retstat ). Trying to recover.
%MSG-w XrdAdaptorInternal:  file_open 26-Jan-2017 03:36:30 CST pre-events
Failed to open file at URL root://cmsxrootd.fnal.gov:1094//store/data/Run2016H/SinglePhoton/MINIAOD/PromptReco-v2/000/283/408/00000/3E05F13E-9398-E611-B32E-02163E0142DA.root?tried=.
%MSG
----- Begin Fatal Exception 26-Jan-2017 03:36:30 CST-----------------------
An exception of category 'FileOpenError' occurred while
   [0] Constructing the EventProcessor
   [1] Constructing input source of type PoolSource
   [2] Calling RootFileSequenceBase::initTheFile()
   [3] Calling StorageFactory::open()
   [4] Calling XrdFile::open()
Exception Message:
Failed to open the file 'root://cmsxrootd.fnal.gov//store/data/Run2016H/SinglePhoton/MINIAOD/PromptReco-v2/000/283/408/00000/3E05F13E-9398-E611-B32E-02163E0142DA.root'
   Additional Info:
      [a] Input file root://cmsxrootd.fnal.gov//store/data/Run2016H/SinglePhoton/MINIAOD/PromptReco-v2/000/283/408/00000/3E05F13E-9398-E611-B32E-02163E0142DA.root could not be opened.
      [b] XrdCl::File::Open(name='root://cmsxrootd.fnal.gov//store/data/Run2016H/SinglePhoton/MINIAOD/PromptReco-v2/000/283/408/00000/3E05F13E-9398-E611-B32E-02163E0142DA.root', flags=0x10, permissions=0660) => error '[ERROR] Operation expired' (errno=0, code=206). No additional data servers were found.
      [c] Last URL tried: root://cmsxrootd.fnal.gov:1094//store/data/Run2016H/SinglePhoton/MINIAOD/PromptReco-v2/000/283/408/00000/3E05F13E-9398-E611-B32E-02163E0142DA.root?tried=
      [d] Problematic data server: cmsxrootd.fnal.gov:1094
      [e] Disabled source: cmsxrootd.fnal.gov:1094
----- End Fatal Exception -------------------------------------------------
exit code 84, skipping xrdcp
