Starting job on  Thu Jan 26 03:24:47 CST 2017
Running on  Linux cmswn1640.fnal.gov 2.6.32-642.6.2.el6.x86_64 #1 SMP Tue Oct 25 15:06:33 CDT 2016 x86_64 x86_64 x86_64 GNU/Linux
System release  Scientific Linux Fermi release 6.8 (Ramsey)
CMSSW on Condor

parameter set:
CMSSWVER:   CMSSW_8_0_25
OUTDIR:     root://cmseos.fnal.gov//store/user/mbhat/Data2016_11_01_2017
SAMPLE:     Run2016D-23Sep2016-v1.SinglePhoton
NPART:      182
NSTART:     182
NFILES:     1
SCENARIO:   2016ReReco23Sep
REDIR:      
Done: ProjectRename
/storage/local/data1/condor/execute/dir_1143646
***** SETUP ************************************
 dataset: cms.untracked.vstring('root://cmsxrootd.fnal.gov//store/data/Run2016D/SinglePhoton/MINIAOD/23Sep2016-v1/80000/F8A30160-C784-E611-87F6-7845C4F92EC7.root')
 outfile: Run2016D-23Sep2016-v1.SinglePhoton_182_RA2AnalysisTree
 
 
 storing PDF weights: True
 
 
 scenario: 2016ReReco23Sep
 global tag: 80X_dataRun2_2016SeptRepro_v3
 Instance name of tag information: RECO
 Including gen-level information: False
 Including pMSSM-related information: False
 Using fastsim settings: False
 Running signal uncertainties: False
 JSON file applied: data/Cert_271036-284044_13TeV_23Sep2016ReReco_Collisions16_JSON.txt
 JECs applied: data/jec/Spring16_25nsV6_DATA
 era of this dataset: Run2_25ns
************************************************
# Conditions read from  CMS_CONDITIONS  via FrontierProd 
 ################################################################### 
 # WARNING: this module is deprecated.                             # 
 # Please use CondCore.CondDB.CondDB_cfi.py                        # 
 ################################################################### 
 ################################################################### 
 # WARNING: this module is deprecated.                             # 
 # Please use CondCore.CondDB.CondDB_cfi.py                        # 
 ################################################################### 
26-Jan-2017 03:25:18 CST  Initiating request to open file root://cmsxrootd.fnal.gov//store/data/Run2016D/SinglePhoton/MINIAOD/23Sep2016-v1/80000/F8A30160-C784-E611-87F6-7845C4F92EC7.root
[2017-01-26 03:25:20.072786 -0600][Error  ][XRootDTransport   ] [transfer-5.ultralight.org:1094 #0.0] No protocols left to try
[2017-01-26 03:25:20.072946 -0600][Error  ][AsyncSock         ] [transfer-5.ultralight.org:1094 #0.0] Socket error while handshaking: [FATAL] Auth failed
[2017-01-26 03:25:20.073158 -0600][Error  ][PostMaster        ] [transfer-5.ultralight.org:1094 #0] Unable to recover: [FATAL] Auth failed.
[2017-01-26 03:25:20.073204 -0600][Error  ][XRootD            ] [transfer-5.ultralight.org:1094] Impossible to send message kXR_open (file: /store/data/Run2016D/SinglePhoton/MINIAOD/23Sep2016-v1/80000/F8A30160-C784-E611-87F6-7845C4F92EC7.root, mode: 0660, flags: kXR_open_read kXR_async kXR_retstat ). Trying to recover.
[2017-01-26 03:25:20.287201 -0600][Error  ][XRootDTransport   ] [transfer-2.ultralight.org:1094 #0.0] No protocols left to try
[2017-01-26 03:25:20.287236 -0600][Error  ][AsyncSock         ] [transfer-2.ultralight.org:1094 #0.0] Socket error while handshaking: [FATAL] Auth failed
[2017-01-26 03:25:20.287269 -0600][Error  ][PostMaster        ] [transfer-2.ultralight.org:1094 #0] Unable to recover: [FATAL] Auth failed.
[2017-01-26 03:25:20.287279 -0600][Error  ][XRootD            ] [transfer-2.ultralight.org:1094] Impossible to send message kXR_open (file: /store/data/Run2016D/SinglePhoton/MINIAOD/23Sep2016-v1/80000/F8A30160-C784-E611-87F6-7845C4F92EC7.root?tried=transfer-5.ultralight.org, mode: 0660, flags: kXR_open_read kXR_async kXR_retstat ). Trying to recover.
[2017-01-26 03:25:20.501949 -0600][Error  ][XRootDTransport   ] [transfer-4.ultralight.org:1094 #0.0] No protocols left to try
[2017-01-26 03:25:20.501991 -0600][Error  ][AsyncSock         ] [transfer-4.ultralight.org:1094 #0.0] Socket error while handshaking: [FATAL] Auth failed
[2017-01-26 03:25:20.502024 -0600][Error  ][PostMaster        ] [transfer-4.ultralight.org:1094 #0] Unable to recover: [FATAL] Auth failed.
[2017-01-26 03:25:20.502043 -0600][Error  ][XRootD            ] [transfer-4.ultralight.org:1094] Impossible to send message kXR_open (file: /store/data/Run2016D/SinglePhoton/MINIAOD/23Sep2016-v1/80000/F8A30160-C784-E611-87F6-7845C4F92EC7.root?tried=transfer-5.ultralight.org,transfer-2.ultralight.org, mode: 0660, flags: kXR_open_read kXR_async kXR_retstat ). Trying to recover.
[2017-01-26 03:25:20.716859 -0600][Error  ][XRootDTransport   ] [transfer-4.ultralight.org:1096 #0.0] No protocols left to try
[2017-01-26 03:25:20.716889 -0600][Error  ][AsyncSock         ] [transfer-4.ultralight.org:1096 #0.0] Socket error while handshaking: [FATAL] Auth failed
[2017-01-26 03:25:20.716922 -0600][Error  ][PostMaster        ] [transfer-4.ultralight.org:1096 #0] Unable to recover: [FATAL] Auth failed.
[2017-01-26 03:25:20.716931 -0600][Error  ][XRootD            ] [transfer-4.ultralight.org:1096] Impossible to send message kXR_open (file: /store/data/Run2016D/SinglePhoton/MINIAOD/23Sep2016-v1/80000/F8A30160-C784-E611-87F6-7845C4F92EC7.root?tried=transfer-5.ultralight.org,transfer-2.ultralight.org,transfer-4.ultralight.org, mode: 0660, flags: kXR_open_read kXR_async kXR_retstat ). Trying to recover.
[2017-01-26 03:25:20.933396 -0600][Error  ][XRootDTransport   ] [transfer-2.ultralight.org:1096 #0.0] No protocols left to try
[2017-01-26 03:25:20.933448 -0600][Error  ][AsyncSock         ] [transfer-2.ultralight.org:1096 #0.0] Socket error while handshaking: [FATAL] Auth failed
[2017-01-26 03:25:20.933498 -0600][Error  ][PostMaster        ] [transfer-2.ultralight.org:1096 #0] Unable to recover: [FATAL] Auth failed.
[2017-01-26 03:25:20.933507 -0600][Error  ][XRootD            ] [transfer-2.ultralight.org:1096] Impossible to send message kXR_open (file: /store/data/Run2016D/SinglePhoton/MINIAOD/23Sep2016-v1/80000/F8A30160-C784-E611-87F6-7845C4F92EC7.root?tried=transfer-5.ultralight.org,transfer-2.ultralight.org,transfer-4.ultralight.org,transfer-4.ultralight.org, mode: 0660, flags: kXR_open_read kXR_async kXR_retstat ). Trying to recover.
[2017-01-26 03:25:21.309869 -0600][Error  ][XRootDTransport   ] [transfer-5.ultralight.org:1096 #0.0] No protocols left to try
[2017-01-26 03:25:21.309915 -0600][Error  ][AsyncSock         ] [transfer-5.ultralight.org:1096 #0.0] Socket error while handshaking: [FATAL] Auth failed
[2017-01-26 03:25:21.309949 -0600][Error  ][PostMaster        ] [transfer-5.ultralight.org:1096 #0] Unable to recover: [FATAL] Auth failed.
[2017-01-26 03:25:21.309959 -0600][Error  ][XRootD            ] [transfer-5.ultralight.org:1096] Impossible to send message kXR_open (file: /store/data/Run2016D/SinglePhoton/MINIAOD/23Sep2016-v1/80000/F8A30160-C784-E611-87F6-7845C4F92EC7.root?tried=transfer-5.ultralight.org,transfer-2.ultralight.org,transfer-4.ultralight.org,transfer-4.ultralight.org,transfer-2.ultralight.org,transfer-4.ultralight.org,transfer-2.ultralight.org,transfer-4.ultralight.org,transfer-2.ultralight.org, mode: 0660, flags: kXR_open_read kXR_async kXR_retstat ). Trying to recover.
%MSG-w XrdAdaptorInternal:  file_open 26-Jan-2017 03:25:21 CST pre-events
Failed to open file at URL root://cmsxrootd.fnal.gov:1094//store/data/Run2016D/SinglePhoton/MINIAOD/23Sep2016-v1/80000/F8A30160-C784-E611-87F6-7845C4F92EC7.root.
%MSG
%MSG-w XrdAdaptorInternal:  file_open 26-Jan-2017 03:25:22 CST pre-events
Failed to open file at URL root://cmsxrootd.fnal.gov:1094//store/data/Run2016D/SinglePhoton/MINIAOD/23Sep2016-v1/80000/F8A30160-C784-E611-87F6-7845C4F92EC7.root?tried=.
%MSG
----- Begin Fatal Exception 26-Jan-2017 03:25:23 CST-----------------------
An exception of category 'FileOpenError' occurred while
   [0] Constructing the EventProcessor
   [1] Constructing input source of type PoolSource
   [2] Calling RootFileSequenceBase::initTheFile()
   [3] Calling StorageFactory::open()
   [4] Calling XrdFile::open()
Exception Message:
Failed to open the file 'root://cmsxrootd.fnal.gov//store/data/Run2016D/SinglePhoton/MINIAOD/23Sep2016-v1/80000/F8A30160-C784-E611-87F6-7845C4F92EC7.root'
   Additional Info:
      [a] Input file root://cmsxrootd.fnal.gov//store/data/Run2016D/SinglePhoton/MINIAOD/23Sep2016-v1/80000/F8A30160-C784-E611-87F6-7845C4F92EC7.root could not be opened.
      [b] XrdCl::File::Open(name='root://cmsxrootd.fnal.gov//store/data/Run2016D/SinglePhoton/MINIAOD/23Sep2016-v1/80000/F8A30160-C784-E611-87F6-7845C4F92EC7.root', flags=0x10, permissions=0660) => error '[FATAL] Redirect limit has been reached' (errno=0, code=306). No additional data servers were found.
      [c] Last URL tried: root://cmsxrootd.fnal.gov:1094//store/data/Run2016D/SinglePhoton/MINIAOD/23Sep2016-v1/80000/F8A30160-C784-E611-87F6-7845C4F92EC7.root?tried=
      [d] Problematic data server: cmsxrootd.fnal.gov:1094
      [e] Disabled source: cmsxrootd.fnal.gov:1094
----- End Fatal Exception -------------------------------------------------
exit code 84, skipping xrdcp
