Starting job on  Wed Feb 1 21:13:18 CST 2017
Running on  Linux cmswn1658.fnal.gov 2.6.32-642.6.2.el6.x86_64 #1 SMP Tue Oct 25 15:06:33 CDT 2016 x86_64 x86_64 x86_64 GNU/Linux
System release  Scientific Linux Fermi release 6.8 (Ramsey)
CMSSW on Condor

parameter set:
CMSSWVER:   CMSSW_8_0_25
OUTDIR:     root://cmseos.fnal.gov//store/user/mbhat/MC2016_30_01_2017
SAMPLE:     Run2016D-23Sep2016-v1.SinglePhoton
NPART:      178
NSTART:     178
NFILES:     1
SCENARIO:   2016ReReco23Sep
REDIR:      
Done: ProjectRename
/storage/local/data1/condor/execute/dir_1804098
***** SETUP ************************************
 dataset: cms.untracked.vstring('root://cmsxrootd.fnal.gov//store/data/Run2016D/SinglePhoton/MINIAOD/23Sep2016-v1/80000/CE16F4BB-D584-E611-8D68-7845C4F92F63.root')
 outfile: Run2016D-23Sep2016-v1.SinglePhoton_178_RA2AnalysisTree
 
 
 storing PDF weights: True
 
 
 scenario: 2016ReReco23Sep
 global tag: 80X_dataRun2_2016SeptRepro_v3
 Instance name of tag information: RECO
 Including gen-level information: False
 Including pMSSM-related information: False
 Using fastsim settings: False
 Running signal uncertainties: False
 JSON file applied: data/Cert_271036-284044_13TeV_23Sep2016ReReco_Collisions16_JSON.txt
 JECs applied: data/jec/Summer16_23Sep2016AllV3_DATA (residuals)
 era of this dataset: Run2_25ns
************************************************
# Conditions read from  CMS_CONDITIONS  via FrontierProd 
 ################################################################### 
 # WARNING: this module is deprecated.                             # 
 # Please use CondCore.CondDB.CondDB_cfi.py                        # 
 ################################################################### 
 ################################################################### 
 # WARNING: this module is deprecated.                             # 
 # Please use CondCore.CondDB.CondDB_cfi.py                        # 
 ################################################################### 
01-Feb-2017 21:13:48 CST  Initiating request to open file root://cmsxrootd.fnal.gov//store/data/Run2016D/SinglePhoton/MINIAOD/23Sep2016-v1/80000/CE16F4BB-D584-E611-8D68-7845C4F92F63.root
%MSG-w XrdAdaptor:  file_open 01-Feb-2017 21:13:51 CST pre-events
Data is served from T2_US_Caltech instead of original site T1_US_FNAL
%MSG
01-Feb-2017 21:13:53 CST  Successfully opened file root://cmsxrootd.fnal.gov//store/data/Run2016D/SinglePhoton/MINIAOD/23Sep2016-v1/80000/CE16F4BB-D584-E611-8D68-7845C4F92F63.root
VarsBool:
full name: BadChargedCandidateFilter -> tag: BadChargedCandidateFilter nameInTree: BadChargedCandidateFilter
full name: BadPFMuonFilter -> tag: BadPFMuonFilter nameInTree: BadPFMuonFilter
full name: GoodJets:JetID(JetID) -> tag: GoodJets:JetID nameInTree: JetID
VarsInt:
full name: NVtx -> tag: NVtx nameInTree: NVtx
full name: nAllVertices -> tag: nAllVertices nameInTree: nAllVertices
full name: CSCTightHaloFilter -> tag: CSCTightHaloFilter nameInTree: CSCTightHaloFilter
full name: globalTightHalo2016Filter -> tag: globalTightHalo2016Filter nameInTree: globalTightHalo2016Filter
full name: HBHENoiseFilter -> tag: HBHENoiseFilter nameInTree: HBHENoiseFilter
full name: HBHEIsoNoiseFilter -> tag: HBHEIsoNoiseFilter nameInTree: HBHEIsoNoiseFilter
full name: EcalDeadCellTriggerPrimitiveFilter -> tag: EcalDeadCellTriggerPrimitiveFilter nameInTree: EcalDeadCellTriggerPrimitiveFilter
full name: eeBadScFilter -> tag: eeBadScFilter nameInTree: eeBadScFilter
VarsDouble:
full name: MET:Pt(MET) -> tag: MET:Pt nameInTree: MET
full name: MET:Phi(METPhi) -> tag: MET:Phi nameInTree: METPhi
full name: MET:CaloPt(CaloMET) -> tag: MET:CaloPt nameInTree: CaloMET
full name: MET:CaloPhi(CaloMETPhi) -> tag: MET:CaloPhi nameInTree: CaloMETPhi
full name: MET:PFCaloPtRatio(PFCaloMETRatio) -> tag: MET:PFCaloPtRatio nameInTree: PFCaloMETRatio
VarsString:
VarsTLorentzVector:
VectorBool:
full name: HEEPProducer:ecalDriven(Electron_ecalDriven) -> tag: HEEPProducer:ecalDriven nameInTree: Electron_ecalDriven
full name: GoodJets:JetIDMask(Jets_ID) -> tag: GoodJets:JetIDMask nameInTree: Jets_ID
VectorInt:
full name: HEEPProducer:Charge(Electron_Charge) -> tag: HEEPProducer:Charge nameInTree: Electron_Charge
full name: HEEPProducer:losthits(Electron_losthits) -> tag: HEEPProducer:losthits nameInTree: Electron_losthits
full name: HEEPProducer:PDGID(PDGID) -> tag: HEEPProducer:PDGID nameInTree: PDGID
full name: HEEPProducer:gencharge(gencharge) -> tag: HEEPProducer:gencharge nameInTree: gencharge
full name: HEEPProducer:motherPDGID(motherPDGID) -> tag: HEEPProducer:motherPDGID nameInTree: motherPDGID
full name: HEEPProducer:elstatus(elstatus) -> tag: HEEPProducer:elstatus nameInTree: elstatus
full name: MuonProducer:MuonPassID(MuonPassID) -> tag: MuonProducer:MuonPassID nameInTree: MuonPassID
full name: MuonProducer:MuonIsGlobal(MuonIsGlobal) -> tag: MuonProducer:MuonIsGlobal nameInTree: MuonIsGlobal
full name: TriggerProducer:TriggerPass -> tag: TriggerProducer:TriggerPass nameInTree: TriggerPass
full name: TriggerProducer:TriggerPrescales -> tag: TriggerProducer:TriggerPrescales nameInTree: TriggerPrescales
VectorDouble:
full name: HEEPProducer:trackiso(Electron_trackiso) -> tag: HEEPProducer:trackiso nameInTree: Electron_trackiso
full name: HEEPProducer:Et(Electron_Et) -> tag: HEEPProducer:Et nameInTree: Electron_Et
full name: HEEPProducer:DeltaEtain(Electron_DeltaEtain) -> tag: HEEPProducer:DeltaEtain nameInTree: Electron_DeltaEtain
full name: HEEPProducer:DeltaPhiin(Electron_DeltaPhiin) -> tag: HEEPProducer:DeltaPhiin nameInTree: Electron_DeltaPhiin
full name: HEEPProducer:HbE(Electron_HOverE) -> tag: HEEPProducer:HbE nameInTree: Electron_HOverE
full name: HEEPProducer:Ecaliso(Electron_Ecaliso) -> tag: HEEPProducer:Ecaliso nameInTree: Electron_Ecaliso
full name: HEEPProducer:HD1iso(Electron_HD1iso) -> tag: HEEPProducer:HD1iso nameInTree: Electron_HD1iso
full name: HEEPProducer:e25bye55(Electron_e25bye55) -> tag: HEEPProducer:e25bye55 nameInTree: Electron_e25bye55
full name: HEEPProducer:Fullsce25bye55(Electron_Fullsce25bye55) -> tag: HEEPProducer:Fullsce25bye55 nameInTree: Electron_Fullsce25bye55
full name: HEEPProducer:Fulle15bye55(Electron_Fulle15bye55) -> tag: HEEPProducer:Fulle15bye55 nameInTree: Electron_Fulle15bye55
full name: HEEPProducer:scEnergy(Electron_scEnergy) -> tag: HEEPProducer:scEnergy nameInTree: Electron_scEnergy
full name: HEEPProducer:DeltaEtaSeed(Electron_DeltaEtaSeed) -> tag: HEEPProducer:DeltaEtaSeed nameInTree: Electron_DeltaEtaSeed
full name: HEEPProducer:rho(rho) -> tag: HEEPProducer:rho nameInTree: rho
full name: HEEPProducer:ecalEnergy(Electron_ecalEnergy) -> tag: HEEPProducer:ecalEnergy nameInTree: Electron_ecalEnergy
full name: HEEPProducer:full55SiEtaiEta(Electron_full55SiEtaiEta) -> tag: HEEPProducer:full55SiEtaiEta nameInTree: Electron_full55SiEtaiEta
full name: HEEPProducer:sce25bye55(Electron_sce25bye55) -> tag: HEEPProducer:sce25bye55 nameInTree: Electron_sce25bye55
full name: HEEPProducer:e15bye55(Electron_e15bye55) -> tag: HEEPProducer:e15bye55 nameInTree: Electron_e15bye55
full name: HEEPProducer:Phi(Electron_Phi) -> tag: HEEPProducer:Phi nameInTree: Electron_Phi
full name: HEEPProducer:eEnergy(Electron_Energy) -> tag: HEEPProducer:eEnergy nameInTree: Electron_Energy
full name: HEEPProducer:dxy(dxy) -> tag: HEEPProducer:dxy nameInTree: dxy
full name: HEEPProducer:ePz(Electron_Pz) -> tag: HEEPProducer:ePz nameInTree: Electron_Pz
full name: HEEPProducer:ePx(Electron_Px) -> tag: HEEPProducer:ePx nameInTree: Electron_Px
full name: HEEPProducer:ePy(Electron_Py) -> tag: HEEPProducer:ePy nameInTree: Electron_Py
full name: HEEPProducer:genPt(genPt) -> tag: HEEPProducer:genPt nameInTree: genPt
full name: HEEPProducer:genEta(genEta) -> tag: HEEPProducer:genEta nameInTree: genEta
full name: HEEPProducer:genPhi(genPhi) -> tag: HEEPProducer:genPhi nameInTree: genPhi
full name: HEEPProducer:genEnergy(genEnergy) -> tag: HEEPProducer:genEnergy nameInTree: genEnergy
full name: HEEPProducer:PtHEEP(Electron_PtHEEP) -> tag: HEEPProducer:PtHEEP nameInTree: Electron_PtHEEP
full name: HEEPProducer:scEta(Electron_scEta) -> tag: HEEPProducer:scEta nameInTree: Electron_scEta
full name: HEEPProducer:heep70TrkIso(Electron_heep70TrkIso) -> tag: HEEPProducer:heep70TrkIso nameInTree: Electron_heep70TrkIso
full name: MuonProducer:MuonEta(MuonEta) -> tag: MuonProducer:MuonEta nameInTree: MuonEta
full name: MuonProducer:MuonPhi(MuonPhi) -> tag: MuonProducer:MuonPhi nameInTree: MuonPhi
full name: MuonProducer:MuonPt(MuonPt) -> tag: MuonProducer:MuonPt nameInTree: MuonPt
full name: MuonProducer:MuonEnergy(MuonEnergy) -> tag: MuonProducer:MuonEnergy nameInTree: MuonEnergy
full name: TauProducer:tEta(TauEta) -> tag: TauProducer:tEta nameInTree: TauEta
full name: TauProducer:tPhi(TauPhi) -> tag: TauProducer:tPhi nameInTree: TauPhi
full name: TauProducer:tPt(TauPt) -> tag: TauProducer:tPt nameInTree: TauPt
full name: TriggerProducer:objectPt -> tag: TriggerProducer:objectPt nameInTree: objectPt
full name: TriggerProducer:objecteta -> tag: TriggerProducer:objecteta nameInTree: objecteta
full name: TriggerProducer:objectphi -> tag: TriggerProducer:objectphi nameInTree: objectphi
full name: TriggerProducer:objectE -> tag: TriggerProducer:objectE nameInTree: objectE
full name: TriggerProducer:ColumnNum -> tag: TriggerProducer:ColumnNum nameInTree: ColumnNum
VectorString:
full name: TriggerProducer:TriggerNames -> tag: TriggerProducer:TriggerNames nameInTree: TriggerNames
VectorTLorentzVector:
VectorRecoCand:
full name: GoodJets(Jets) -> tag: GoodJets nameInTree: Jets
List of stored triggers:
0: HLT_CaloJet500_NoJetID_v
1: HLT_DoubleEle8_CaloIdM_TrackIdM_Mass8_PFHT300_v
2: HLT_DoubleMu8_Mass8_PFHT300_v
3: HLT_Ele105_CaloIdVT_GsfTrkIdT_v
4: HLT_Ele115_CaloIdVT_GsfTrkIdT_v
5: HLT_Ele15_IsoVVVL_PFHT350_PFMET50_v
6: HLT_Ele15_IsoVVVL_PFHT350_v
7: HLT_Ele15_IsoVVVL_PFHT400_v
8: HLT_Ele15_IsoVVVL_PFHT600_v
9: HLT_Ele23_Ele12_CaloIdL_TrackIdL_IsoVL_DZ_v
10: HLT_Ele25_eta2p1_WPTight_Gsf_v 
11: HLT_Ele27_WPTight_Gsf_v
12: HLT_Ele27_eta2p1_WPLoose_Gsf_v 
13: HLT_Ele45_WPLoose_Gsf_v
14: HLT_Ele50_IsoVVVL_PFHT400_v
15: HLT_IsoMu16_eta2p1_MET30_v
16: HLT_IsoMu22_eta2p1_v
17: HLT_IsoMu22_v
18: HLT_IsoMu24_v 
19: HLT_IsoTkMu22_v
20: HLT_Mu15_IsoVVVL_PFHT350_PFMET50_v
21: HLT_Mu15_IsoVVVL_PFHT350_v
22: HLT_Mu15_IsoVVVL_PFHT400_v
23: HLT_Mu15_IsoVVVL_PFHT600_v
24: HLT_Mu17_TrkIsoVVL_Mu8_TrkIsoVVL_v
25: HLT_Mu17_TrkIsoVVL_TkMu8_TrkIsoVVL_v
26: HLT_Mu45_eta2p1_v
27: HLT_Mu50_IsoVVVL_PFHT400_v
28: HLT_Mu50_v
29: HLT_PFHT200_v
30: HLT_PFHT250_v
31: HLT_PFHT300_PFMET100_v
32: HLT_PFHT300_PFMET110_v
33: HLT_PFHT300_v
34: HLT_PFHT350_v
35: HLT_PFHT400_v
36: HLT_PFHT475_v
37: HLT_PFHT600_v
38: HLT_PFHT650_v
39: HLT_PFHT800_v
40: HLT_PFHT900_v
41: HLT_PFMET100_PFMHT100_IDTight_v
42: HLT_PFMET110_PFMHT110_IDTight_v
43: HLT_PFMET120_PFMHT120_IDTight_v
44: HLT_PFMET90_PFMHT90_IDTight_v
45: HLT_PFMETNoMu100_PFMHTNoMu100_IDTight_v
46: HLT_PFMETNoMu110_PFMHTNoMu110_IDTight_v
47: HLT_PFMETNoMu120_PFMHTNoMu120_IDTight_v
48: HLT_PFMETNoMu90_PFMHTNoMu90_IDTight_v
49: HLT_Photon120_v
50: HLT_Photon165_HE10_v
51: HLT_Photon175_v
52: HLT_Photon22_v
53: HLT_Photon30_v
54: HLT_Photon36_v
55: HLT_Photon50_v
56: HLT_Photon75_v
57: HLT_Photon90_CaloIdL_PFHT500_v
58: HLT_Photon90_v
59: HLT_TkMu50_v
[STATUS] Reading energy scale correction  values from file: EgammaAnalysis/ElectronTools/data/ScalesSmearings/Winter_2016_reReco_v1_ele_scales.dat
[STATUS] Reading energy scale correction  values from file: EgammaAnalysis/ElectronTools/data/ScalesSmearings/Winter_2016_reReco_v1_ele_scales.dat
Begin processing the 1st record. Run 276525, Event 284630992, LumiSection 218 at 01-Feb-2017 21:14:32.178 CST
Begin processing the 1001st record. Run 276525, Event 285865409, LumiSection 218 at 01-Feb-2017 21:15:16.711 CST
Begin processing the 2001st record. Run 276525, Event 288206825, LumiSection 220 at 01-Feb-2017 21:15:47.737 CST
Begin processing the 3001st record. Run 276525, Event 288472317, LumiSection 221 at 01-Feb-2017 21:16:20.350 CST
Begin processing the 4001st record. Run 276525, Event 290513869, LumiSection 222 at 01-Feb-2017 21:16:52.607 CST
Begin processing the 5001st record. Run 276525, Event 293504942, LumiSection 224 at 01-Feb-2017 21:17:19.842 CST
Begin processing the 6001st record. Run 276542, Event 1153702990, LumiSection 683 at 01-Feb-2017 21:18:00.676 CST
Begin processing the 7001st record. Run 276542, Event 1157971900, LumiSection 685 at 01-Feb-2017 21:18:32.958 CST
Begin processing the 8001st record. Run 276542, Event 1158505496, LumiSection 686 at 01-Feb-2017 21:19:05.423 CST
Begin processing the 9001st record. Run 276542, Event 1160265056, LumiSection 687 at 01-Feb-2017 21:19:37.038 CST
Begin processing the 10001st record. Run 276542, Event 1162234209, LumiSection 688 at 01-Feb-2017 21:20:09.718 CST
Begin processing the 11001st record. Run 276543, Event 40312295, LumiSection 25 at 01-Feb-2017 21:20:48.199 CST
Begin processing the 12001st record. Run 276543, Event 42435816, LumiSection 26 at 01-Feb-2017 21:21:21.599 CST
Begin processing the 13001st record. Run 276543, Event 43768462, LumiSection 27 at 01-Feb-2017 21:21:53.679 CST
Begin processing the 14001st record. Run 276543, Event 44677123, LumiSection 28 at 01-Feb-2017 21:22:25.977 CST
Begin processing the 15001st record. Run 276543, Event 47568697, LumiSection 29 at 01-Feb-2017 21:22:57.777 CST
Begin processing the 16001st record. Run 276543, Event 48761082, LumiSection 30 at 01-Feb-2017 21:23:33.199 CST
Begin processing the 17001st record. Run 276543, Event 76215823, LumiSection 43 at 01-Feb-2017 21:24:10.779 CST
Begin processing the 18001st record. Run 276543, Event 80438307, LumiSection 45 at 01-Feb-2017 21:24:42.589 CST
Begin processing the 19001st record. Run 276543, Event 82769102, LumiSection 46 at 01-Feb-2017 21:25:13.716 CST
Begin processing the 20001st record. Run 276543, Event 83730362, LumiSection 47 at 01-Feb-2017 21:25:45.443 CST
Begin processing the 21001st record. Run 276543, Event 86679992, LumiSection 48 at 01-Feb-2017 21:26:18.286 CST
Begin processing the 22001st record. Run 276543, Event 124811088, LumiSection 67 at 01-Feb-2017 21:26:52.512 CST
Begin processing the 23001st record. Run 276543, Event 127288131, LumiSection 68 at 01-Feb-2017 21:27:28.679 CST
Begin processing the 24001st record. Run 276543, Event 129791471, LumiSection 69 at 01-Feb-2017 21:27:59.968 CST
Begin processing the 25001st record. Run 276543, Event 130211288, LumiSection 70 at 01-Feb-2017 21:28:31.389 CST
Begin processing the 26001st record. Run 276543, Event 132344099, LumiSection 71 at 01-Feb-2017 21:29:02.735 CST
Begin processing the 27001st record. Run 276543, Event 134838508, LumiSection 72 at 01-Feb-2017 21:29:36.733 CST
Begin processing the 28001st record. Run 276543, Event 161589333, LumiSection 85 at 01-Feb-2017 21:30:15.228 CST
Begin processing the 29001st record. Run 276543, Event 162385313, LumiSection 86 at 01-Feb-2017 21:30:47.132 CST
Begin processing the 30001st record. Run 276543, Event 164772984, LumiSection 87 at 01-Feb-2017 21:31:18.781 CST
Begin processing the 31001st record. Run 276543, Event 167786933, LumiSection 88 at 01-Feb-2017 21:31:50.294 CST
Begin processing the 32001st record. Run 276543, Event 169190210, LumiSection 89 at 01-Feb-2017 21:32:21.804 CST
Begin processing the 33001st record. Run 276543, Event 210275428, LumiSection 109 at 01-Feb-2017 21:32:55.478 CST
Begin processing the 34001st record. Run 276543, Event 211551074, LumiSection 110 at 01-Feb-2017 21:33:34.093 CST
Begin processing the 35001st record. Run 276543, Event 213706510, LumiSection 111 at 01-Feb-2017 21:34:05.872 CST
Begin processing the 36001st record. Run 276543, Event 216063537, LumiSection 112 at 01-Feb-2017 21:34:37.791 CST
Begin processing the 37001st record. Run 276543, Event 217549055, LumiSection 113 at 01-Feb-2017 21:35:09.248 CST
Begin processing the 38001st record. Run 276543, Event 219757320, LumiSection 114 at 01-Feb-2017 21:35:40.852 CST
Begin processing the 39001st record. Run 276543, Event 292706565, LumiSection 152 at 01-Feb-2017 21:36:19.328 CST
Begin processing the 40001st record. Run 276543, Event 295676919, LumiSection 153 at 01-Feb-2017 21:36:54.073 CST
Begin processing the 41001st record. Run 276543, Event 297336771, LumiSection 154 at 01-Feb-2017 21:37:25.438 CST
Begin processing the 42001st record. Run 276543, Event 298753003, LumiSection 155 at 01-Feb-2017 21:37:57.586 CST
Begin processing the 43001st record. Run 276543, Event 302674027, LumiSection 157 at 01-Feb-2017 21:38:29.260 CST
Begin processing the 44001st record. Run 276543, Event 304139649, LumiSection 158 at 01-Feb-2017 21:39:03.931 CST
Begin processing the 45001st record. Run 276543, Event 307638396, LumiSection 159 at 01-Feb-2017 21:39:42.710 CST
Begin processing the 46001st record. Run 276543, Event 309551197, LumiSection 160 at 01-Feb-2017 21:40:12.408 CST
Begin processing the 47001st record. Run 276543, Event 310202028, LumiSection 161 at 01-Feb-2017 21:40:43.929 CST
Begin processing the 48001st record. Run 276543, Event 313701979, LumiSection 162 at 01-Feb-2017 21:41:18.003 CST
Begin processing the 49001st record. Run 276543, Event 315591395, LumiSection 163 at 01-Feb-2017 21:41:50.222 CST
Begin processing the 50001st record. Run 276543, Event 316219642, LumiSection 164 at 01-Feb-2017 21:42:29.800 CST
Begin processing the 51001st record. Run 276543, Event 319545363, LumiSection 165 at 01-Feb-2017 21:43:04.020 CST
Begin processing the 52001st record. Run 276543, Event 320769265, LumiSection 167 at 01-Feb-2017 21:43:36.013 CST
Begin processing the 53001st record. Run 276543, Event 321642858, LumiSection 168 at 01-Feb-2017 21:44:10.936 CST
Begin processing the 54001st record. Run 276543, Event 323911074, LumiSection 169 at 01-Feb-2017 21:44:40.934 CST
Begin processing the 55001st record. Run 276543, Event 387415035, LumiSection 201 at 01-Feb-2017 21:45:17.057 CST
Begin processing the 56001st record. Run 276543, Event 388558480, LumiSection 202 at 01-Feb-2017 21:45:53.002 CST
Begin processing the 57001st record. Run 276543, Event 391539401, LumiSection 203 at 01-Feb-2017 21:46:24.302 CST
Begin processing the 58001st record. Run 276543, Event 392070508, LumiSection 204 at 01-Feb-2017 21:46:59.193 CST
Begin processing the 59001st record. Run 276543, Event 394526840, LumiSection 205 at 01-Feb-2017 21:47:28.433 CST
Begin processing the 60001st record. Run 276543, Event 397581253, LumiSection 206 at 01-Feb-2017 21:48:00.477 CST
Begin processing the 61001st record. Run 276543, Event 399549588, LumiSection 207 at 01-Feb-2017 21:48:42.630 CST
Begin processing the 62001st record. Run 276543, Event 399801971, LumiSection 208 at 01-Feb-2017 21:49:12.476 CST
Begin processing the 63001st record. Run 276543, Event 402388497, LumiSection 209 at 01-Feb-2017 21:49:45.021 CST
Begin processing the 64001st record. Run 276543, Event 404124022, LumiSection 210 at 01-Feb-2017 21:50:16.310 CST
Begin processing the 65001st record. Run 276543, Event 409266889, LumiSection 212 at 01-Feb-2017 21:50:46.536 CST
Begin processing the 66001st record. Run 276543, Event 410054290, LumiSection 213 at 01-Feb-2017 21:51:22.104 CST
Begin processing the 67001st record. Run 276543, Event 412702779, LumiSection 214 at 01-Feb-2017 21:51:58.106 CST
Begin processing the 68001st record. Run 276543, Event 413656807, LumiSection 215 at 01-Feb-2017 21:52:30.065 CST
Begin processing the 69001st record. Run 276543, Event 416694176, LumiSection 216 at 01-Feb-2017 21:53:04.603 CST
Begin processing the 70001st record. Run 276543, Event 418521128, LumiSection 217 at 01-Feb-2017 21:53:36.604 CST
Begin processing the 71001st record. Run 276543, Event 420736763, LumiSection 218 at 01-Feb-2017 21:54:17.695 CST
Begin processing the 72001st record. Run 276543, Event 421194258, LumiSection 219 at 01-Feb-2017 21:54:56.216 CST
Begin processing the 73001st record. Run 276543, Event 423276950, LumiSection 220 at 01-Feb-2017 21:55:25.673 CST
Begin processing the 74001st record. Run 276543, Event 426103474, LumiSection 221 at 01-Feb-2017 21:56:00.132 CST
Begin processing the 75001st record. Run 276543, Event 428682383, LumiSection 222 at 01-Feb-2017 21:56:32.506 CST
Begin processing the 76001st record. Run 276543, Event 432211586, LumiSection 224 at 01-Feb-2017 21:57:05.362 CST
Begin processing the 77001st record. Run 276543, Event 491594437, LumiSection 255 at 01-Feb-2017 21:57:39.651 CST
[2017-02-01 21:58:56.027612 -0600][Error  ][File              ] [0xb85275c0@root://cmsxrootd.fnal.gov:1094//store/data/Run2016D/SinglePhoton/MINIAOD/23Sep2016-v1/80000/CE16F4BB-D584-E611-8D68-7845C4F92F63.root?tried=transfer-2.ultralight.org] Fatal file state error. Message kXR_readv (handle: 0x00000000, chunks: 70, total size: 14209577) returned with [ERROR] Server responded with an error: [3010] Unable to readv /store/data/Run2016D/SinglePhoton/MINIAOD/23Sep2016-v1/80000/CE16F4BB-D584-E611-8D68-7845C4F92F63.root; operation not permitted
%MSG-w XrdAdaptorInternal:  (NoModuleName) 01-Feb-2017 21:58:56 CST pre-events
XrdRequestManager::handle(name='root://cmsxrootd.fnal.gov//store/data/Run2016D/SinglePhoton/MINIAOD/23Sep2016-v1/80000/CE16F4BB-D584-E611-8D68-7845C4F92F63.root) failure when reading from transfer-2.ultralight.org:1096 (site T2_US_Caltech); failed with error '[ERROR] Server responded with an error: [3010] Unable to readv /store/data/Run2016D/SinglePhoton/MINIAOD/23Sep2016-v1/80000/CE16F4BB-D584-E611-8D68-7845C4F92F63.root; operation not permitted
' (errno=3010, code=400).
%MSG
%MSG-w XrdAdaptorInternal:  (NoModuleName) 01-Feb-2017 21:58:56 CST pre-events
Request failure when reading from transfer-2.ultralight.org:1096 (site T2_US_Caltech)
%MSG
[2017-02-01 21:58:57.191896 -0600][Error  ][File              ] [0xb8524c80@root://cmsxrootd.fnal.gov:1094//store/data/Run2016D/SinglePhoton/MINIAOD/23Sep2016-v1/80000/CE16F4BB-D584-E611-8D68-7845C4F92F63.root] Fatal file state error. Message kXR_readv (handle: 0x00000000, chunks: 70, total size: 14209577) returned with [ERROR] Server responded with an error: [3010] Unable to readv /store/data/Run2016D/SinglePhoton/MINIAOD/23Sep2016-v1/80000/CE16F4BB-D584-E611-8D68-7845C4F92F63.root; operation not permitted
%MSG-w XrdAdaptorInternal:  (NoModuleName) 01-Feb-2017 21:58:57 CST pre-events
XrdRequestManager::handle(name='root://cmsxrootd.fnal.gov//store/data/Run2016D/SinglePhoton/MINIAOD/23Sep2016-v1/80000/CE16F4BB-D584-E611-8D68-7845C4F92F63.root) failure when reading from transfer-2.ultralight.org:1094 (site T2_US_Caltech); failed with error '[ERROR] Server responded with an error: [3010] Unable to readv /store/data/Run2016D/SinglePhoton/MINIAOD/23Sep2016-v1/80000/CE16F4BB-D584-E611-8D68-7845C4F92F63.root; operation not permitted
' (errno=3010, code=400).
%MSG
%MSG-w XrdAdaptorInternal:  (NoModuleName) 01-Feb-2017 21:58:57 CST pre-events
Request failure when reading from transfer-2.ultralight.org:1094 (site T2_US_Caltech)
%MSG
%MSG-w XrdAdaptor:  (NoModuleName) 01-Feb-2017 21:58:57 CST pre-events
Data is now served from  instead of previous T2_US_Caltech
%MSG
%MSG-w XrdAdaptorInternal:  (NoModuleName) 01-Feb-2017 21:58:57 CST pre-events
Caught a CMSSW exception when running connection recovery.
%MSG
----- Begin Fatal Exception 01-Feb-2017 21:58:57 CST-----------------------
An exception of category 'FileReadError' occurred while
   [0] Processing run: 276543 lumi: 255 event: 491209753
   [1] Running path 'WriteTree'
   [2] Calling event method for module TreeMaker/'LQTreeMaker2'
   [3] Calling produce method for unscheduled module TriggerProducer/'TriggerProducer'
   [4] Reading branch GlobalAlgBlkBXVector_gtStage2Digis__RECO.
   [5] Calling XrdFile::readv()
   [6] XrdAdaptor::ClientRequest::HandleResponse() failure while running connection recovery
   [7] In XrdAdaptor::RequestManager::requestFailure()
Exception Message:
XrdAdaptor::RequestManager::requestFailure Open(name='root://cmsxrootd.fnal.gov//store/data/Run2016D/SinglePhoton/MINIAOD/23Sep2016-v1/80000/CE16F4BB-D584-E611-8D68-7845C4F92F63.root', flags=0x10, permissions=0660, old source=transfer-2.ultralight.org:1094 (site T2_US_Caltech), new source=transfer-2.ultralight.org:1096 (site T2_US_Caltech)) => Xrootd server returned an excluded source
   Additional Info:
      [a] Original error: '[ERROR] Server responded with an error: [3010] Unable to readv /store/data/Run2016D/SinglePhoton/MINIAOD/23Sep2016-v1/80000/CE16F4BB-D584-E611-8D68-7845C4F92F63.root; operation not permitted
' (errno=3010, code=400, source=transfer-2.ultralight.org:1094 (site T2_US_Caltech)).
      [b] Disabled source: transfer-2.ultralight.org:1096
      [c] Disabled source: transfer-2.ultralight.org:1094
----- End Fatal Exception -------------------------------------------------
01-Feb-2017 21:58:57 CST  Closed file root://cmsxrootd.fnal.gov//store/data/Run2016D/SinglePhoton/MINIAOD/23Sep2016-v1/80000/CE16F4BB-D584-E611-8D68-7845C4F92F63.root

=============================================

MessageLogger Summary

 type     category        sev    module        subroutine        count    total
 ---- -------------------- -- ---------------- ----------------  -----    -----
    1 XrdAdaptor           -w (NoModuleName)                         1        1
    2 XrdAdaptor           -w file_open                              1        1
    3 XrdAdaptorInternal   -w (NoModuleName)                         5        5
    4 Fatal Exception      -s PostProcessPath                        1        1
    5 fileAction           -s file_close                             1        1
    6 fileAction           -s file_open                              2        2

 type    category    Examples: run/evt        run/evt          run/evt
 ---- -------------------- ---------------- ---------------- ----------------
    1 XrdAdaptor           pre-events                        
    2 XrdAdaptor           pre-events                        
    3 XrdAdaptorInternal   pre-events       pre-events       pre-events
    4 Fatal Exception      276543/491209753                  
    5 fileAction           PostEndRun                        
    6 fileAction           pre-events       pre-events       

Severity    # Occurrences   Total Occurrences
--------    -------------   -----------------
Warning                 7                   7
System                  4                   4
exit code 85, skipping xrdcp
