Starting job on  Wed Feb 1 21:15:22 CST 2017
Running on  Linux cmswn1763.fnal.gov 2.6.32-642.6.2.el6.x86_64 #1 SMP Tue Oct 25 15:06:33 CDT 2016 x86_64 x86_64 x86_64 GNU/Linux
System release  Scientific Linux Fermi release 6.8 (Ramsey)
CMSSW on Condor

parameter set:
CMSSWVER:   CMSSW_8_0_25
OUTDIR:     root://cmseos.fnal.gov//store/user/mbhat/MC2016_30_01_2017
SAMPLE:     Run2016D-23Sep2016-v1.SinglePhoton
NPART:      198
NSTART:     198
NFILES:     1
SCENARIO:   2016ReReco23Sep
REDIR:      
Done: ProjectRename
/storage/local/data1/condor/execute/dir_1345758
***** SETUP ************************************
 dataset: cms.untracked.vstring('root://cmsxrootd.fnal.gov//store/data/Run2016D/SinglePhoton/MINIAOD/23Sep2016-v1/90000/186D1544-7B86-E611-A0D3-20CF305B0534.root')
 outfile: Run2016D-23Sep2016-v1.SinglePhoton_198_RA2AnalysisTree
 
 
 storing PDF weights: True
 
 
 scenario: 2016ReReco23Sep
 global tag: 80X_dataRun2_2016SeptRepro_v3
 Instance name of tag information: RECO
 Including gen-level information: False
 Including pMSSM-related information: False
 Using fastsim settings: False
 Running signal uncertainties: False
 JSON file applied: data/Cert_271036-284044_13TeV_23Sep2016ReReco_Collisions16_JSON.txt
 JECs applied: data/jec/Summer16_23Sep2016AllV3_DATA (residuals)
 era of this dataset: Run2_25ns
************************************************
# Conditions read from  CMS_CONDITIONS  via FrontierProd 
 ################################################################### 
 # WARNING: this module is deprecated.                             # 
 # Please use CondCore.CondDB.CondDB_cfi.py                        # 
 ################################################################### 
 ################################################################### 
 # WARNING: this module is deprecated.                             # 
 # Please use CondCore.CondDB.CondDB_cfi.py                        # 
 ################################################################### 
01-Feb-2017 21:15:56 CST  Initiating request to open file root://cmsxrootd.fnal.gov//store/data/Run2016D/SinglePhoton/MINIAOD/23Sep2016-v1/90000/186D1544-7B86-E611-A0D3-20CF305B0534.root
%MSG-w XrdAdaptor:  file_open 01-Feb-2017 21:15:58 CST pre-events
Data is served from T2_US_Caltech instead of original site T2_US_Nebraska
%MSG
01-Feb-2017 21:16:01 CST  Successfully opened file root://cmsxrootd.fnal.gov//store/data/Run2016D/SinglePhoton/MINIAOD/23Sep2016-v1/90000/186D1544-7B86-E611-A0D3-20CF305B0534.root
VarsBool:
full name: BadChargedCandidateFilter -> tag: BadChargedCandidateFilter nameInTree: BadChargedCandidateFilter
full name: BadPFMuonFilter -> tag: BadPFMuonFilter nameInTree: BadPFMuonFilter
full name: GoodJets:JetID(JetID) -> tag: GoodJets:JetID nameInTree: JetID
VarsInt:
full name: NVtx -> tag: NVtx nameInTree: NVtx
full name: nAllVertices -> tag: nAllVertices nameInTree: nAllVertices
full name: CSCTightHaloFilter -> tag: CSCTightHaloFilter nameInTree: CSCTightHaloFilter
full name: globalTightHalo2016Filter -> tag: globalTightHalo2016Filter nameInTree: globalTightHalo2016Filter
full name: HBHENoiseFilter -> tag: HBHENoiseFilter nameInTree: HBHENoiseFilter
full name: HBHEIsoNoiseFilter -> tag: HBHEIsoNoiseFilter nameInTree: HBHEIsoNoiseFilter
full name: EcalDeadCellTriggerPrimitiveFilter -> tag: EcalDeadCellTriggerPrimitiveFilter nameInTree: EcalDeadCellTriggerPrimitiveFilter
full name: eeBadScFilter -> tag: eeBadScFilter nameInTree: eeBadScFilter
VarsDouble:
full name: MET:Pt(MET) -> tag: MET:Pt nameInTree: MET
full name: MET:Phi(METPhi) -> tag: MET:Phi nameInTree: METPhi
full name: MET:CaloPt(CaloMET) -> tag: MET:CaloPt nameInTree: CaloMET
full name: MET:CaloPhi(CaloMETPhi) -> tag: MET:CaloPhi nameInTree: CaloMETPhi
full name: MET:PFCaloPtRatio(PFCaloMETRatio) -> tag: MET:PFCaloPtRatio nameInTree: PFCaloMETRatio
VarsString:
VarsTLorentzVector:
VectorBool:
full name: HEEPProducer:ecalDriven(Electron_ecalDriven) -> tag: HEEPProducer:ecalDriven nameInTree: Electron_ecalDriven
full name: GoodJets:JetIDMask(Jets_ID) -> tag: GoodJets:JetIDMask nameInTree: Jets_ID
VectorInt:
full name: HEEPProducer:Charge(Electron_Charge) -> tag: HEEPProducer:Charge nameInTree: Electron_Charge
full name: HEEPProducer:losthits(Electron_losthits) -> tag: HEEPProducer:losthits nameInTree: Electron_losthits
full name: HEEPProducer:PDGID(PDGID) -> tag: HEEPProducer:PDGID nameInTree: PDGID
full name: HEEPProducer:gencharge(gencharge) -> tag: HEEPProducer:gencharge nameInTree: gencharge
full name: HEEPProducer:motherPDGID(motherPDGID) -> tag: HEEPProducer:motherPDGID nameInTree: motherPDGID
full name: HEEPProducer:elstatus(elstatus) -> tag: HEEPProducer:elstatus nameInTree: elstatus
full name: MuonProducer:MuonPassID(MuonPassID) -> tag: MuonProducer:MuonPassID nameInTree: MuonPassID
full name: MuonProducer:MuonIsGlobal(MuonIsGlobal) -> tag: MuonProducer:MuonIsGlobal nameInTree: MuonIsGlobal
full name: TriggerProducer:TriggerPass -> tag: TriggerProducer:TriggerPass nameInTree: TriggerPass
full name: TriggerProducer:TriggerPrescales -> tag: TriggerProducer:TriggerPrescales nameInTree: TriggerPrescales
VectorDouble:
full name: HEEPProducer:trackiso(Electron_trackiso) -> tag: HEEPProducer:trackiso nameInTree: Electron_trackiso
full name: HEEPProducer:Et(Electron_Et) -> tag: HEEPProducer:Et nameInTree: Electron_Et
full name: HEEPProducer:DeltaEtain(Electron_DeltaEtain) -> tag: HEEPProducer:DeltaEtain nameInTree: Electron_DeltaEtain
full name: HEEPProducer:DeltaPhiin(Electron_DeltaPhiin) -> tag: HEEPProducer:DeltaPhiin nameInTree: Electron_DeltaPhiin
full name: HEEPProducer:HbE(Electron_HOverE) -> tag: HEEPProducer:HbE nameInTree: Electron_HOverE
full name: HEEPProducer:Ecaliso(Electron_Ecaliso) -> tag: HEEPProducer:Ecaliso nameInTree: Electron_Ecaliso
full name: HEEPProducer:HD1iso(Electron_HD1iso) -> tag: HEEPProducer:HD1iso nameInTree: Electron_HD1iso
full name: HEEPProducer:e25bye55(Electron_e25bye55) -> tag: HEEPProducer:e25bye55 nameInTree: Electron_e25bye55
full name: HEEPProducer:Fullsce25bye55(Electron_Fullsce25bye55) -> tag: HEEPProducer:Fullsce25bye55 nameInTree: Electron_Fullsce25bye55
full name: HEEPProducer:Fulle15bye55(Electron_Fulle15bye55) -> tag: HEEPProducer:Fulle15bye55 nameInTree: Electron_Fulle15bye55
full name: HEEPProducer:scEnergy(Electron_scEnergy) -> tag: HEEPProducer:scEnergy nameInTree: Electron_scEnergy
full name: HEEPProducer:DeltaEtaSeed(Electron_DeltaEtaSeed) -> tag: HEEPProducer:DeltaEtaSeed nameInTree: Electron_DeltaEtaSeed
full name: HEEPProducer:rho(rho) -> tag: HEEPProducer:rho nameInTree: rho
full name: HEEPProducer:ecalEnergy(Electron_ecalEnergy) -> tag: HEEPProducer:ecalEnergy nameInTree: Electron_ecalEnergy
full name: HEEPProducer:full55SiEtaiEta(Electron_full55SiEtaiEta) -> tag: HEEPProducer:full55SiEtaiEta nameInTree: Electron_full55SiEtaiEta
full name: HEEPProducer:sce25bye55(Electron_sce25bye55) -> tag: HEEPProducer:sce25bye55 nameInTree: Electron_sce25bye55
full name: HEEPProducer:e15bye55(Electron_e15bye55) -> tag: HEEPProducer:e15bye55 nameInTree: Electron_e15bye55
full name: HEEPProducer:Phi(Electron_Phi) -> tag: HEEPProducer:Phi nameInTree: Electron_Phi
full name: HEEPProducer:eEnergy(Electron_Energy) -> tag: HEEPProducer:eEnergy nameInTree: Electron_Energy
full name: HEEPProducer:dxy(dxy) -> tag: HEEPProducer:dxy nameInTree: dxy
full name: HEEPProducer:ePz(Electron_Pz) -> tag: HEEPProducer:ePz nameInTree: Electron_Pz
full name: HEEPProducer:ePx(Electron_Px) -> tag: HEEPProducer:ePx nameInTree: Electron_Px
full name: HEEPProducer:ePy(Electron_Py) -> tag: HEEPProducer:ePy nameInTree: Electron_Py
full name: HEEPProducer:genPt(genPt) -> tag: HEEPProducer:genPt nameInTree: genPt
full name: HEEPProducer:genEta(genEta) -> tag: HEEPProducer:genEta nameInTree: genEta
full name: HEEPProducer:genPhi(genPhi) -> tag: HEEPProducer:genPhi nameInTree: genPhi
full name: HEEPProducer:genEnergy(genEnergy) -> tag: HEEPProducer:genEnergy nameInTree: genEnergy
full name: HEEPProducer:PtHEEP(Electron_PtHEEP) -> tag: HEEPProducer:PtHEEP nameInTree: Electron_PtHEEP
full name: HEEPProducer:scEta(Electron_scEta) -> tag: HEEPProducer:scEta nameInTree: Electron_scEta
full name: HEEPProducer:heep70TrkIso(Electron_heep70TrkIso) -> tag: HEEPProducer:heep70TrkIso nameInTree: Electron_heep70TrkIso
full name: MuonProducer:MuonEta(MuonEta) -> tag: MuonProducer:MuonEta nameInTree: MuonEta
full name: MuonProducer:MuonPhi(MuonPhi) -> tag: MuonProducer:MuonPhi nameInTree: MuonPhi
full name: MuonProducer:MuonPt(MuonPt) -> tag: MuonProducer:MuonPt nameInTree: MuonPt
full name: MuonProducer:MuonEnergy(MuonEnergy) -> tag: MuonProducer:MuonEnergy nameInTree: MuonEnergy
full name: TauProducer:tEta(TauEta) -> tag: TauProducer:tEta nameInTree: TauEta
full name: TauProducer:tPhi(TauPhi) -> tag: TauProducer:tPhi nameInTree: TauPhi
full name: TauProducer:tPt(TauPt) -> tag: TauProducer:tPt nameInTree: TauPt
full name: TriggerProducer:objectPt -> tag: TriggerProducer:objectPt nameInTree: objectPt
full name: TriggerProducer:objecteta -> tag: TriggerProducer:objecteta nameInTree: objecteta
full name: TriggerProducer:objectphi -> tag: TriggerProducer:objectphi nameInTree: objectphi
full name: TriggerProducer:objectE -> tag: TriggerProducer:objectE nameInTree: objectE
full name: TriggerProducer:ColumnNum -> tag: TriggerProducer:ColumnNum nameInTree: ColumnNum
VectorString:
full name: TriggerProducer:TriggerNames -> tag: TriggerProducer:TriggerNames nameInTree: TriggerNames
VectorTLorentzVector:
VectorRecoCand:
full name: GoodJets(Jets) -> tag: GoodJets nameInTree: Jets
List of stored triggers:
0: HLT_CaloJet500_NoJetID_v
1: HLT_DoubleEle8_CaloIdM_TrackIdM_Mass8_PFHT300_v
2: HLT_DoubleMu8_Mass8_PFHT300_v
3: HLT_Ele105_CaloIdVT_GsfTrkIdT_v
4: HLT_Ele115_CaloIdVT_GsfTrkIdT_v
5: HLT_Ele15_IsoVVVL_PFHT350_PFMET50_v
6: HLT_Ele15_IsoVVVL_PFHT350_v
7: HLT_Ele15_IsoVVVL_PFHT400_v
8: HLT_Ele15_IsoVVVL_PFHT600_v
9: HLT_Ele23_Ele12_CaloIdL_TrackIdL_IsoVL_DZ_v
10: HLT_Ele25_eta2p1_WPTight_Gsf_v 
11: HLT_Ele27_WPTight_Gsf_v
12: HLT_Ele27_eta2p1_WPLoose_Gsf_v 
13: HLT_Ele45_WPLoose_Gsf_v
14: HLT_Ele50_IsoVVVL_PFHT400_v
15: HLT_IsoMu16_eta2p1_MET30_v
16: HLT_IsoMu22_eta2p1_v
17: HLT_IsoMu22_v
18: HLT_IsoMu24_v 
19: HLT_IsoTkMu22_v
20: HLT_Mu15_IsoVVVL_PFHT350_PFMET50_v
21: HLT_Mu15_IsoVVVL_PFHT350_v
22: HLT_Mu15_IsoVVVL_PFHT400_v
23: HLT_Mu15_IsoVVVL_PFHT600_v
24: HLT_Mu17_TrkIsoVVL_Mu8_TrkIsoVVL_v
25: HLT_Mu17_TrkIsoVVL_TkMu8_TrkIsoVVL_v
26: HLT_Mu45_eta2p1_v
27: HLT_Mu50_IsoVVVL_PFHT400_v
28: HLT_Mu50_v
29: HLT_PFHT200_v
30: HLT_PFHT250_v
31: HLT_PFHT300_PFMET100_v
32: HLT_PFHT300_PFMET110_v
33: HLT_PFHT300_v
34: HLT_PFHT350_v
35: HLT_PFHT400_v
36: HLT_PFHT475_v
37: HLT_PFHT600_v
38: HLT_PFHT650_v
39: HLT_PFHT800_v
40: HLT_PFHT900_v
41: HLT_PFMET100_PFMHT100_IDTight_v
42: HLT_PFMET110_PFMHT110_IDTight_v
43: HLT_PFMET120_PFMHT120_IDTight_v
44: HLT_PFMET90_PFMHT90_IDTight_v
45: HLT_PFMETNoMu100_PFMHTNoMu100_IDTight_v
46: HLT_PFMETNoMu110_PFMHTNoMu110_IDTight_v
47: HLT_PFMETNoMu120_PFMHTNoMu120_IDTight_v
48: HLT_PFMETNoMu90_PFMHTNoMu90_IDTight_v
49: HLT_Photon120_v
50: HLT_Photon165_HE10_v
51: HLT_Photon175_v
52: HLT_Photon22_v
53: HLT_Photon30_v
54: HLT_Photon36_v
55: HLT_Photon50_v
56: HLT_Photon75_v
57: HLT_Photon90_CaloIdL_PFHT500_v
58: HLT_Photon90_v
59: HLT_TkMu50_v
[STATUS] Reading energy scale correction  values from file: EgammaAnalysis/ElectronTools/data/ScalesSmearings/Winter_2016_reReco_v1_ele_scales.dat
[STATUS] Reading energy scale correction  values from file: EgammaAnalysis/ElectronTools/data/ScalesSmearings/Winter_2016_reReco_v1_ele_scales.dat
Begin processing the 1st record. Run 276318, Event 484834628, LumiSection 282 at 01-Feb-2017 21:16:30.339 CST
Begin processing the 1001st record. Run 276318, Event 485374989, LumiSection 282 at 01-Feb-2017 21:17:12.813 CST
Begin processing the 2001st record. Run 276318, Event 487107625, LumiSection 283 at 01-Feb-2017 21:17:46.537 CST
Begin processing the 3001st record. Run 276318, Event 487429651, LumiSection 283 at 01-Feb-2017 21:18:15.845 CST
Begin processing the 4001st record. Run 276318, Event 488147382, LumiSection 284 at 01-Feb-2017 21:18:48.638 CST
Begin processing the 5001st record. Run 276318, Event 488303338, LumiSection 284 at 01-Feb-2017 21:19:20.103 CST
Begin processing the 6001st record. Run 276318, Event 588347460, LumiSection 351 at 01-Feb-2017 21:19:55.202 CST
Begin processing the 7001st record. Run 276318, Event 588234372, LumiSection 351 at 01-Feb-2017 21:20:29.990 CST
Begin processing the 8001st record. Run 276318, Event 590591394, LumiSection 352 at 01-Feb-2017 21:21:03.160 CST
Begin processing the 9001st record. Run 276318, Event 590062218, LumiSection 352 at 01-Feb-2017 21:21:32.084 CST
Begin processing the 10001st record. Run 276318, Event 593091328, LumiSection 353 at 01-Feb-2017 21:22:05.713 CST
Begin processing the 11001st record. Run 276318, Event 592972889, LumiSection 353 at 01-Feb-2017 21:22:37.303 CST
Begin processing the 12001st record. Run 276318, Event 672303821, LumiSection 393 at 01-Feb-2017 21:23:10.808 CST
Begin processing the 13001st record. Run 276318, Event 671303621, LumiSection 393 at 01-Feb-2017 21:23:45.228 CST
Begin processing the 14001st record. Run 276318, Event 674504371, LumiSection 394 at 01-Feb-2017 21:24:18.046 CST
Begin processing the 15001st record. Run 276318, Event 674943574, LumiSection 394 at 01-Feb-2017 21:24:48.258 CST
Begin processing the 16001st record. Run 276318, Event 676379674, LumiSection 395 at 01-Feb-2017 21:25:19.162 CST
Begin processing the 17001st record. Run 276318, Event 676037488, LumiSection 395 at 01-Feb-2017 21:25:50.429 CST
Begin processing the 18001st record. Run 276318, Event 678296815, LumiSection 396 at 01-Feb-2017 21:26:28.085 CST
Begin processing the 19001st record. Run 276318, Event 677830957, LumiSection 396 at 01-Feb-2017 21:26:59.672 CST
Begin processing the 20001st record. Run 276318, Event 679366767, LumiSection 397 at 01-Feb-2017 21:27:31.706 CST
Begin processing the 21001st record. Run 276318, Event 681682744, LumiSection 398 at 01-Feb-2017 21:28:00.897 CST
Begin processing the 22001st record. Run 276318, Event 681656187, LumiSection 398 at 01-Feb-2017 21:28:35.148 CST
Begin processing the 23001st record. Run 276361, Event 989303142, LumiSection 526 at 01-Feb-2017 21:29:06.824 CST
Begin processing the 24001st record. Run 276361, Event 989014498, LumiSection 526 at 01-Feb-2017 21:29:40.608 CST
Begin processing the 25001st record. Run 276361, Event 990480762, LumiSection 527 at 01-Feb-2017 21:30:11.954 CST
Begin processing the 26001st record. Run 276361, Event 991536538, LumiSection 527 at 01-Feb-2017 21:30:45.163 CST
Begin processing the 27001st record. Run 276361, Event 991976900, LumiSection 528 at 01-Feb-2017 21:31:16.090 CST
Begin processing the 28001st record. Run 276361, Event 992704343, LumiSection 528 at 01-Feb-2017 21:31:47.922 CST
Begin processing the 29001st record. Run 276384, Event 126491314, LumiSection 82 at 01-Feb-2017 21:32:21.568 CST
Begin processing the 30001st record. Run 276384, Event 127500504, LumiSection 83 at 01-Feb-2017 21:32:54.276 CST
Begin processing the 31001st record. Run 276384, Event 126785130, LumiSection 83 at 01-Feb-2017 21:33:24.057 CST
Begin processing the 32001st record. Run 276384, Event 128348284, LumiSection 84 at 01-Feb-2017 21:33:52.335 CST
Begin processing the 33001st record. Run 276384, Event 131013612, LumiSection 85 at 01-Feb-2017 21:34:18.787 CST
Begin processing the 34001st record. Run 276384, Event 132238867, LumiSection 86 at 01-Feb-2017 21:34:47.548 CST
Begin processing the 35001st record. Run 276384, Event 381459844, LumiSection 250 at 01-Feb-2017 21:35:20.580 CST
Begin processing the 36001st record. Run 276384, Event 381511378, LumiSection 250 at 01-Feb-2017 21:35:52.441 CST
Begin processing the 37001st record. Run 276384, Event 383491792, LumiSection 251 at 01-Feb-2017 21:36:20.717 CST
Begin processing the 38001st record. Run 276384, Event 383991634, LumiSection 252 at 01-Feb-2017 21:36:49.436 CST
Begin processing the 39001st record. Run 276384, Event 386403596, LumiSection 253 at 01-Feb-2017 21:37:18.669 CST
Begin processing the 40001st record. Run 276384, Event 387431769, LumiSection 254 at 01-Feb-2017 21:37:45.905 CST
Begin processing the 41001st record. Run 276384, Event 1122341409, LumiSection 774 at 01-Feb-2017 21:38:15.699 CST
Begin processing the 42001st record. Run 276384, Event 1124296939, LumiSection 775 at 01-Feb-2017 21:38:54.294 CST
Begin processing the 43001st record. Run 276384, Event 1125710287, LumiSection 776 at 01-Feb-2017 21:39:20.964 CST
Begin processing the 44001st record. Run 276384, Event 1126344686, LumiSection 777 at 01-Feb-2017 21:39:48.011 CST
Begin processing the 45001st record. Run 276384, Event 1128712116, LumiSection 778 at 01-Feb-2017 21:40:18.122 CST
Begin processing the 46001st record. Run 276384, Event 1128825152, LumiSection 778 at 01-Feb-2017 21:40:44.146 CST
Begin processing the 47001st record. Run 276384, Event 1129990817, LumiSection 779 at 01-Feb-2017 21:41:09.774 CST
Begin processing the 48001st record. Run 276384, Event 1146408188, LumiSection 792 at 01-Feb-2017 21:41:44.364 CST
Begin processing the 49001st record. Run 276384, Event 1148926445, LumiSection 793 at 01-Feb-2017 21:42:09.906 CST
Begin processing the 50001st record. Run 276384, Event 1149259134, LumiSection 794 at 01-Feb-2017 21:42:38.604 CST
Begin processing the 51001st record. Run 276384, Event 1151260126, LumiSection 795 at 01-Feb-2017 21:43:06.656 CST
Begin processing the 52001st record. Run 276384, Event 1151926585, LumiSection 796 at 01-Feb-2017 21:43:34.279 CST
Begin processing the 53001st record. Run 276384, Event 1153151416, LumiSection 797 at 01-Feb-2017 21:44:01.292 CST
Begin processing the 54001st record. Run 276437, Event 115390412, LumiSection 119 at 01-Feb-2017 21:44:41.080 CST
Begin processing the 55001st record. Run 276437, Event 114785235, LumiSection 119 at 01-Feb-2017 21:45:15.394 CST
Begin processing the 56001st record. Run 276437, Event 117979310, LumiSection 120 at 01-Feb-2017 21:45:52.776 CST
Begin processing the 57001st record. Run 276437, Event 117921332, LumiSection 120 at 01-Feb-2017 21:46:28.116 CST
Begin processing the 58001st record. Run 276437, Event 117095162, LumiSection 120 at 01-Feb-2017 21:47:05.859 CST
Begin processing the 59001st record. Run 276437, Event 119494024, LumiSection 121 at 01-Feb-2017 21:47:47.733 CST
Begin processing the 60001st record. Run 276437, Event 118411419, LumiSection 121 at 01-Feb-2017 21:48:22.318 CST
Begin processing the 61001st record. Run 276437, Event 121130648, LumiSection 122 at 01-Feb-2017 21:48:58.751 CST
Begin processing the 62001st record. Run 276437, Event 120866805, LumiSection 122 at 01-Feb-2017 21:49:32.604 CST
Begin processing the 63001st record. Run 276437, Event 121017325, LumiSection 122 at 01-Feb-2017 21:50:11.932 CST
Begin processing the 64001st record. Run 276437, Event 155677611, LumiSection 141 at 01-Feb-2017 21:50:52.685 CST
Begin processing the 65001st record. Run 276437, Event 154621777, LumiSection 141 at 01-Feb-2017 21:51:30.429 CST
[ERROR] Scale offset category not found: 
276437 276437	4.76194 4.76194	0.485627 0.485627	0 0
Returning uncorrected value.
[WARNING] Smearing category not found: 
276437 276437	4.76194 4.76194	0.485627 0.485627	0 0
Begin processing the 66001st record. Run 276437, Event 155106376, LumiSection 141 at 01-Feb-2017 21:52:06.123 CST
Begin processing the 67001st record. Run 276437, Event 156286371, LumiSection 142 at 01-Feb-2017 21:52:46.166 CST
Begin processing the 68001st record. Run 276437, Event 157284197, LumiSection 142 at 01-Feb-2017 21:53:23.891 CST
Begin processing the 69001st record. Run 276437, Event 162674472, LumiSection 145 at 01-Feb-2017 21:54:01.089 CST
Begin processing the 70001st record. Run 276437, Event 162837235, LumiSection 145 at 01-Feb-2017 21:54:39.526 CST
Begin processing the 71001st record. Run 276437, Event 162353267, LumiSection 145 at 01-Feb-2017 21:55:14.760 CST
Begin processing the 72001st record. Run 276437, Event 163783980, LumiSection 146 at 01-Feb-2017 21:55:48.769 CST
Begin processing the 73001st record. Run 276437, Event 164428022, LumiSection 146 at 01-Feb-2017 21:56:25.897 CST
Begin processing the 74001st record. Run 276437, Event 203153249, LumiSection 167 at 01-Feb-2017 21:57:03.395 CST
[2017-02-01 21:58:56.216779 -0600][Error  ][File              ] [0xc96aa5c0@root://cmsxrootd.fnal.gov:1094//store/data/Run2016D/SinglePhoton/MINIAOD/23Sep2016-v1/90000/186D1544-7B86-E611-A0D3-20CF305B0534.root?tried=transfer-2.ultralight.org] Fatal file state error. Message kXR_readv (handle: 0x00000000, chunks: 40, total size: 7162675) returned with [ERROR] Server responded with an error: [3010] Unable to readv /store/data/Run2016D/SinglePhoton/MINIAOD/23Sep2016-v1/90000/186D1544-7B86-E611-A0D3-20CF305B0534.root; operation not permitted
%MSG-w XrdAdaptorInternal:  (NoModuleName) 01-Feb-2017 21:58:56 CST pre-events
XrdRequestManager::handle(name='root://cmsxrootd.fnal.gov//store/data/Run2016D/SinglePhoton/MINIAOD/23Sep2016-v1/90000/186D1544-7B86-E611-A0D3-20CF305B0534.root) failure when reading from transfer-4.ultralight.org:1097 (site T2_US_Caltech); failed with error '[ERROR] Server responded with an error: [3010] Unable to readv /store/data/Run2016D/SinglePhoton/MINIAOD/23Sep2016-v1/90000/186D1544-7B86-E611-A0D3-20CF305B0534.root; operation not permitted
' (errno=3010, code=400).
%MSG
%MSG-w XrdAdaptorInternal:  (NoModuleName) 01-Feb-2017 21:58:56 CST pre-events
Request failure when reading from transfer-4.ultralight.org:1097 (site T2_US_Caltech)
%MSG
[2017-02-01 21:58:57.364144 -0600][Error  ][File              ] [0xc96a7c80@root://cmsxrootd.fnal.gov:1094//store/data/Run2016D/SinglePhoton/MINIAOD/23Sep2016-v1/90000/186D1544-7B86-E611-A0D3-20CF305B0534.root] Fatal file state error. Message kXR_readv (handle: 0x00000000, chunks: 40, total size: 7162675) returned with [ERROR] Server responded with an error: [3010] Unable to readv /store/data/Run2016D/SinglePhoton/MINIAOD/23Sep2016-v1/90000/186D1544-7B86-E611-A0D3-20CF305B0534.root; operation not permitted
%MSG-w XrdAdaptorInternal:  (NoModuleName) 01-Feb-2017 21:58:57 CST pre-events
XrdRequestManager::handle(name='root://cmsxrootd.fnal.gov//store/data/Run2016D/SinglePhoton/MINIAOD/23Sep2016-v1/90000/186D1544-7B86-E611-A0D3-20CF305B0534.root) failure when reading from transfer-2.ultralight.org:1097 (site T2_US_Caltech); failed with error '[ERROR] Server responded with an error: [3010] Unable to readv /store/data/Run2016D/SinglePhoton/MINIAOD/23Sep2016-v1/90000/186D1544-7B86-E611-A0D3-20CF305B0534.root; operation not permitted
' (errno=3010, code=400).
%MSG
%MSG-w XrdAdaptorInternal:  (NoModuleName) 01-Feb-2017 21:58:57 CST pre-events
Request failure when reading from transfer-2.ultralight.org:1097 (site T2_US_Caltech)
%MSG
%MSG-w XrdAdaptor:  (NoModuleName) 01-Feb-2017 21:58:57 CST pre-events
Data is now served from  instead of previous T2_US_Caltech
%MSG
%MSG-w XrdAdaptorInternal:  (NoModuleName) 01-Feb-2017 21:58:57 CST pre-events
Caught a CMSSW exception when running connection recovery.
%MSG
----- Begin Fatal Exception 01-Feb-2017 21:58:57 CST-----------------------
An exception of category 'FileReadError' occurred while
   [0] Calling InputSource::readEvent_
   [1] Reading branch EventSelections
   [2] Calling XrdFile::readv()
   [3] XrdAdaptor::ClientRequest::HandleResponse() failure while running connection recovery
   [4] In XrdAdaptor::RequestManager::requestFailure()
Exception Message:
XrdAdaptor::RequestManager::requestFailure Open(name='root://cmsxrootd.fnal.gov//store/data/Run2016D/SinglePhoton/MINIAOD/23Sep2016-v1/90000/186D1544-7B86-E611-A0D3-20CF305B0534.root', flags=0x10, permissions=0660, old source=transfer-2.ultralight.org:1097 (site T2_US_Caltech), new source=transfer-4.ultralight.org:1097 (site T2_US_Caltech)) => Xrootd server returned an excluded source
   Additional Info:
      [a] Original error: '[ERROR] Server responded with an error: [3010] Unable to readv /store/data/Run2016D/SinglePhoton/MINIAOD/23Sep2016-v1/90000/186D1544-7B86-E611-A0D3-20CF305B0534.root; operation not permitted
' (errno=3010, code=400, source=transfer-2.ultralight.org:1097 (site T2_US_Caltech)).
      [b] Disabled source: transfer-2.ultralight.org:1097
      [c] Disabled source: transfer-4.ultralight.org:1097
----- End Fatal Exception -------------------------------------------------
01-Feb-2017 21:58:58 CST  Closed file root://cmsxrootd.fnal.gov//store/data/Run2016D/SinglePhoton/MINIAOD/23Sep2016-v1/90000/186D1544-7B86-E611-A0D3-20CF305B0534.root

=============================================

MessageLogger Summary

 type     category        sev    module        subroutine        count    total
 ---- -------------------- -- ---------------- ----------------  -----    -----
    1 XrdAdaptor           -w (NoModuleName)                         1        1
    2 XrdAdaptor           -w file_open                              1        1
    3 XrdAdaptorInternal   -w (NoModuleName)                         5        5
    4 Fatal Exception      -s source                                 1        1
    5 fileAction           -s file_close                             1        1
    6 fileAction           -s file_open                              2        2

 type    category    Examples: run/evt        run/evt          run/evt
 ---- -------------------- ---------------- ---------------- ----------------
    1 XrdAdaptor           pre-events                        
    2 XrdAdaptor           pre-events                        
    3 XrdAdaptorInternal   pre-events       pre-events       pre-events
    4 Fatal Exception      PostProcessEvent                  
    5 fileAction           PostEndRun                        
    6 fileAction           pre-events       pre-events       

Severity    # Occurrences   Total Occurrences
--------    -------------   -----------------
Warning                 7                   7
System                  4                   4
exit code 85, skipping xrdcp
