Starting job on  Wed Feb 1 21:16:58 CST 2017
Running on  Linux cmswn1951.fnal.gov 2.6.32-642.6.2.el6.x86_64 #1 SMP Tue Oct 25 15:06:33 CDT 2016 x86_64 x86_64 x86_64 GNU/Linux
System release  Scientific Linux Fermi release 6.8 (Ramsey)
CMSSW on Condor

parameter set:
CMSSWVER:   CMSSW_8_0_25
OUTDIR:     root://cmseos.fnal.gov//store/user/mbhat/MC2016_30_01_2017
SAMPLE:     Run2016D-23Sep2016-v1.SinglePhoton
NPART:      223
NSTART:     223
NFILES:     1
SCENARIO:   2016ReReco23Sep
REDIR:      
Done: ProjectRename
/storage/local/data1/condor/execute/dir_2974338
***** SETUP ************************************
 dataset: cms.untracked.vstring('root://cmsxrootd.fnal.gov//store/data/Run2016D/SinglePhoton/MINIAOD/23Sep2016-v1/90000/46F34E68-D286-E611-8066-7845C4FC3650.root')
 outfile: Run2016D-23Sep2016-v1.SinglePhoton_223_RA2AnalysisTree
 
 
 storing PDF weights: True
 
 
 scenario: 2016ReReco23Sep
 global tag: 80X_dataRun2_2016SeptRepro_v3
 Instance name of tag information: RECO
 Including gen-level information: False
 Including pMSSM-related information: False
 Using fastsim settings: False
 Running signal uncertainties: False
 JSON file applied: data/Cert_271036-284044_13TeV_23Sep2016ReReco_Collisions16_JSON.txt
 JECs applied: data/jec/Summer16_23Sep2016AllV3_DATA (residuals)
 era of this dataset: Run2_25ns
************************************************
# Conditions read from  CMS_CONDITIONS  via FrontierProd 
 ################################################################### 
 # WARNING: this module is deprecated.                             # 
 # Please use CondCore.CondDB.CondDB_cfi.py                        # 
 ################################################################### 
 ################################################################### 
 # WARNING: this module is deprecated.                             # 
 # Please use CondCore.CondDB.CondDB_cfi.py                        # 
 ################################################################### 
01-Feb-2017 21:17:58 CST  Initiating request to open file root://cmsxrootd.fnal.gov//store/data/Run2016D/SinglePhoton/MINIAOD/23Sep2016-v1/90000/46F34E68-D286-E611-8066-7845C4FC3650.root
%MSG-w XrdAdaptor:  file_open 01-Feb-2017 21:18:01 CST pre-events
Data is served from T2_US_Caltech instead of original site T2_US_Nebraska
%MSG
01-Feb-2017 21:18:04 CST  Successfully opened file root://cmsxrootd.fnal.gov//store/data/Run2016D/SinglePhoton/MINIAOD/23Sep2016-v1/90000/46F34E68-D286-E611-8066-7845C4FC3650.root
VarsBool:
full name: BadChargedCandidateFilter -> tag: BadChargedCandidateFilter nameInTree: BadChargedCandidateFilter
full name: BadPFMuonFilter -> tag: BadPFMuonFilter nameInTree: BadPFMuonFilter
full name: GoodJets:JetID(JetID) -> tag: GoodJets:JetID nameInTree: JetID
VarsInt:
full name: NVtx -> tag: NVtx nameInTree: NVtx
full name: nAllVertices -> tag: nAllVertices nameInTree: nAllVertices
full name: CSCTightHaloFilter -> tag: CSCTightHaloFilter nameInTree: CSCTightHaloFilter
full name: globalTightHalo2016Filter -> tag: globalTightHalo2016Filter nameInTree: globalTightHalo2016Filter
full name: HBHENoiseFilter -> tag: HBHENoiseFilter nameInTree: HBHENoiseFilter
full name: HBHEIsoNoiseFilter -> tag: HBHEIsoNoiseFilter nameInTree: HBHEIsoNoiseFilter
full name: EcalDeadCellTriggerPrimitiveFilter -> tag: EcalDeadCellTriggerPrimitiveFilter nameInTree: EcalDeadCellTriggerPrimitiveFilter
full name: eeBadScFilter -> tag: eeBadScFilter nameInTree: eeBadScFilter
VarsDouble:
full name: MET:Pt(MET) -> tag: MET:Pt nameInTree: MET
full name: MET:Phi(METPhi) -> tag: MET:Phi nameInTree: METPhi
full name: MET:CaloPt(CaloMET) -> tag: MET:CaloPt nameInTree: CaloMET
full name: MET:CaloPhi(CaloMETPhi) -> tag: MET:CaloPhi nameInTree: CaloMETPhi
full name: MET:PFCaloPtRatio(PFCaloMETRatio) -> tag: MET:PFCaloPtRatio nameInTree: PFCaloMETRatio
VarsString:
VarsTLorentzVector:
VectorBool:
full name: HEEPProducer:ecalDriven(Electron_ecalDriven) -> tag: HEEPProducer:ecalDriven nameInTree: Electron_ecalDriven
full name: GoodJets:JetIDMask(Jets_ID) -> tag: GoodJets:JetIDMask nameInTree: Jets_ID
VectorInt:
full name: HEEPProducer:Charge(Electron_Charge) -> tag: HEEPProducer:Charge nameInTree: Electron_Charge
full name: HEEPProducer:losthits(Electron_losthits) -> tag: HEEPProducer:losthits nameInTree: Electron_losthits
full name: HEEPProducer:PDGID(PDGID) -> tag: HEEPProducer:PDGID nameInTree: PDGID
full name: HEEPProducer:gencharge(gencharge) -> tag: HEEPProducer:gencharge nameInTree: gencharge
full name: HEEPProducer:motherPDGID(motherPDGID) -> tag: HEEPProducer:motherPDGID nameInTree: motherPDGID
full name: HEEPProducer:elstatus(elstatus) -> tag: HEEPProducer:elstatus nameInTree: elstatus
full name: MuonProducer:MuonPassID(MuonPassID) -> tag: MuonProducer:MuonPassID nameInTree: MuonPassID
full name: MuonProducer:MuonIsGlobal(MuonIsGlobal) -> tag: MuonProducer:MuonIsGlobal nameInTree: MuonIsGlobal
full name: TriggerProducer:TriggerPass -> tag: TriggerProducer:TriggerPass nameInTree: TriggerPass
full name: TriggerProducer:TriggerPrescales -> tag: TriggerProducer:TriggerPrescales nameInTree: TriggerPrescales
VectorDouble:
full name: HEEPProducer:trackiso(Electron_trackiso) -> tag: HEEPProducer:trackiso nameInTree: Electron_trackiso
full name: HEEPProducer:Et(Electron_Et) -> tag: HEEPProducer:Et nameInTree: Electron_Et
full name: HEEPProducer:DeltaEtain(Electron_DeltaEtain) -> tag: HEEPProducer:DeltaEtain nameInTree: Electron_DeltaEtain
full name: HEEPProducer:DeltaPhiin(Electron_DeltaPhiin) -> tag: HEEPProducer:DeltaPhiin nameInTree: Electron_DeltaPhiin
full name: HEEPProducer:HbE(Electron_HOverE) -> tag: HEEPProducer:HbE nameInTree: Electron_HOverE
full name: HEEPProducer:Ecaliso(Electron_Ecaliso) -> tag: HEEPProducer:Ecaliso nameInTree: Electron_Ecaliso
full name: HEEPProducer:HD1iso(Electron_HD1iso) -> tag: HEEPProducer:HD1iso nameInTree: Electron_HD1iso
full name: HEEPProducer:e25bye55(Electron_e25bye55) -> tag: HEEPProducer:e25bye55 nameInTree: Electron_e25bye55
full name: HEEPProducer:Fullsce25bye55(Electron_Fullsce25bye55) -> tag: HEEPProducer:Fullsce25bye55 nameInTree: Electron_Fullsce25bye55
full name: HEEPProducer:Fulle15bye55(Electron_Fulle15bye55) -> tag: HEEPProducer:Fulle15bye55 nameInTree: Electron_Fulle15bye55
full name: HEEPProducer:scEnergy(Electron_scEnergy) -> tag: HEEPProducer:scEnergy nameInTree: Electron_scEnergy
full name: HEEPProducer:DeltaEtaSeed(Electron_DeltaEtaSeed) -> tag: HEEPProducer:DeltaEtaSeed nameInTree: Electron_DeltaEtaSeed
full name: HEEPProducer:rho(rho) -> tag: HEEPProducer:rho nameInTree: rho
full name: HEEPProducer:ecalEnergy(Electron_ecalEnergy) -> tag: HEEPProducer:ecalEnergy nameInTree: Electron_ecalEnergy
full name: HEEPProducer:full55SiEtaiEta(Electron_full55SiEtaiEta) -> tag: HEEPProducer:full55SiEtaiEta nameInTree: Electron_full55SiEtaiEta
full name: HEEPProducer:sce25bye55(Electron_sce25bye55) -> tag: HEEPProducer:sce25bye55 nameInTree: Electron_sce25bye55
full name: HEEPProducer:e15bye55(Electron_e15bye55) -> tag: HEEPProducer:e15bye55 nameInTree: Electron_e15bye55
full name: HEEPProducer:Phi(Electron_Phi) -> tag: HEEPProducer:Phi nameInTree: Electron_Phi
full name: HEEPProducer:eEnergy(Electron_Energy) -> tag: HEEPProducer:eEnergy nameInTree: Electron_Energy
full name: HEEPProducer:dxy(dxy) -> tag: HEEPProducer:dxy nameInTree: dxy
full name: HEEPProducer:ePz(Electron_Pz) -> tag: HEEPProducer:ePz nameInTree: Electron_Pz
full name: HEEPProducer:ePx(Electron_Px) -> tag: HEEPProducer:ePx nameInTree: Electron_Px
full name: HEEPProducer:ePy(Electron_Py) -> tag: HEEPProducer:ePy nameInTree: Electron_Py
full name: HEEPProducer:genPt(genPt) -> tag: HEEPProducer:genPt nameInTree: genPt
full name: HEEPProducer:genEta(genEta) -> tag: HEEPProducer:genEta nameInTree: genEta
full name: HEEPProducer:genPhi(genPhi) -> tag: HEEPProducer:genPhi nameInTree: genPhi
full name: HEEPProducer:genEnergy(genEnergy) -> tag: HEEPProducer:genEnergy nameInTree: genEnergy
full name: HEEPProducer:PtHEEP(Electron_PtHEEP) -> tag: HEEPProducer:PtHEEP nameInTree: Electron_PtHEEP
full name: HEEPProducer:scEta(Electron_scEta) -> tag: HEEPProducer:scEta nameInTree: Electron_scEta
full name: HEEPProducer:heep70TrkIso(Electron_heep70TrkIso) -> tag: HEEPProducer:heep70TrkIso nameInTree: Electron_heep70TrkIso
full name: MuonProducer:MuonEta(MuonEta) -> tag: MuonProducer:MuonEta nameInTree: MuonEta
full name: MuonProducer:MuonPhi(MuonPhi) -> tag: MuonProducer:MuonPhi nameInTree: MuonPhi
full name: MuonProducer:MuonPt(MuonPt) -> tag: MuonProducer:MuonPt nameInTree: MuonPt
full name: MuonProducer:MuonEnergy(MuonEnergy) -> tag: MuonProducer:MuonEnergy nameInTree: MuonEnergy
full name: TauProducer:tEta(TauEta) -> tag: TauProducer:tEta nameInTree: TauEta
full name: TauProducer:tPhi(TauPhi) -> tag: TauProducer:tPhi nameInTree: TauPhi
full name: TauProducer:tPt(TauPt) -> tag: TauProducer:tPt nameInTree: TauPt
full name: TriggerProducer:objectPt -> tag: TriggerProducer:objectPt nameInTree: objectPt
full name: TriggerProducer:objecteta -> tag: TriggerProducer:objecteta nameInTree: objecteta
full name: TriggerProducer:objectphi -> tag: TriggerProducer:objectphi nameInTree: objectphi
full name: TriggerProducer:objectE -> tag: TriggerProducer:objectE nameInTree: objectE
full name: TriggerProducer:ColumnNum -> tag: TriggerProducer:ColumnNum nameInTree: ColumnNum
VectorString:
full name: TriggerProducer:TriggerNames -> tag: TriggerProducer:TriggerNames nameInTree: TriggerNames
VectorTLorentzVector:
VectorRecoCand:
full name: GoodJets(Jets) -> tag: GoodJets nameInTree: Jets
List of stored triggers:
0: HLT_CaloJet500_NoJetID_v
1: HLT_DoubleEle8_CaloIdM_TrackIdM_Mass8_PFHT300_v
2: HLT_DoubleMu8_Mass8_PFHT300_v
3: HLT_Ele105_CaloIdVT_GsfTrkIdT_v
4: HLT_Ele115_CaloIdVT_GsfTrkIdT_v
5: HLT_Ele15_IsoVVVL_PFHT350_PFMET50_v
6: HLT_Ele15_IsoVVVL_PFHT350_v
7: HLT_Ele15_IsoVVVL_PFHT400_v
8: HLT_Ele15_IsoVVVL_PFHT600_v
9: HLT_Ele23_Ele12_CaloIdL_TrackIdL_IsoVL_DZ_v
10: HLT_Ele25_eta2p1_WPTight_Gsf_v 
11: HLT_Ele27_WPTight_Gsf_v
12: HLT_Ele27_eta2p1_WPLoose_Gsf_v 
13: HLT_Ele45_WPLoose_Gsf_v
14: HLT_Ele50_IsoVVVL_PFHT400_v
15: HLT_IsoMu16_eta2p1_MET30_v
16: HLT_IsoMu22_eta2p1_v
17: HLT_IsoMu22_v
18: HLT_IsoMu24_v 
19: HLT_IsoTkMu22_v
20: HLT_Mu15_IsoVVVL_PFHT350_PFMET50_v
21: HLT_Mu15_IsoVVVL_PFHT350_v
22: HLT_Mu15_IsoVVVL_PFHT400_v
23: HLT_Mu15_IsoVVVL_PFHT600_v
24: HLT_Mu17_TrkIsoVVL_Mu8_TrkIsoVVL_v
25: HLT_Mu17_TrkIsoVVL_TkMu8_TrkIsoVVL_v
26: HLT_Mu45_eta2p1_v
27: HLT_Mu50_IsoVVVL_PFHT400_v
28: HLT_Mu50_v
29: HLT_PFHT200_v
30: HLT_PFHT250_v
31: HLT_PFHT300_PFMET100_v
32: HLT_PFHT300_PFMET110_v
33: HLT_PFHT300_v
34: HLT_PFHT350_v
35: HLT_PFHT400_v
36: HLT_PFHT475_v
37: HLT_PFHT600_v
38: HLT_PFHT650_v
39: HLT_PFHT800_v
40: HLT_PFHT900_v
41: HLT_PFMET100_PFMHT100_IDTight_v
42: HLT_PFMET110_PFMHT110_IDTight_v
43: HLT_PFMET120_PFMHT120_IDTight_v
44: HLT_PFMET90_PFMHT90_IDTight_v
45: HLT_PFMETNoMu100_PFMHTNoMu100_IDTight_v
46: HLT_PFMETNoMu110_PFMHTNoMu110_IDTight_v
47: HLT_PFMETNoMu120_PFMHTNoMu120_IDTight_v
48: HLT_PFMETNoMu90_PFMHTNoMu90_IDTight_v
49: HLT_Photon120_v
50: HLT_Photon165_HE10_v
51: HLT_Photon175_v
52: HLT_Photon22_v
53: HLT_Photon30_v
54: HLT_Photon36_v
55: HLT_Photon50_v
56: HLT_Photon75_v
57: HLT_Photon90_CaloIdL_PFHT500_v
58: HLT_Photon90_v
59: HLT_TkMu50_v
[STATUS] Reading energy scale correction  values from file: EgammaAnalysis/ElectronTools/data/ScalesSmearings/Winter_2016_reReco_v1_ele_scales.dat
[STATUS] Reading energy scale correction  values from file: EgammaAnalysis/ElectronTools/data/ScalesSmearings/Winter_2016_reReco_v1_ele_scales.dat
Begin processing the 1st record. Run 276384, Event 497316821, LumiSection 328 at 01-Feb-2017 21:18:45.485 CST
Begin processing the 1001st record. Run 276384, Event 496825708, LumiSection 328 at 01-Feb-2017 21:19:50.178 CST
Begin processing the 2001st record. Run 276384, Event 499014297, LumiSection 329 at 01-Feb-2017 21:20:32.522 CST
Begin processing the 3001st record. Run 276384, Event 499592230, LumiSection 330 at 01-Feb-2017 21:21:21.987 CST
Begin processing the 4001st record. Run 276384, Event 502204022, LumiSection 331 at 01-Feb-2017 21:22:04.783 CST
Begin processing the 5001st record. Run 276384, Event 503854276, LumiSection 332 at 01-Feb-2017 21:22:47.155 CST
Begin processing the 6001st record. Run 276384, Event 503900220, LumiSection 333 at 01-Feb-2017 21:23:34.015 CST
Begin processing the 7001st record. Run 276458, Event 345750143, LumiSection 273 at 01-Feb-2017 21:24:20.176 CST
Begin processing the 8001st record. Run 276458, Event 346497133, LumiSection 274 at 01-Feb-2017 21:25:59.225 CST
Begin processing the 9001st record. Run 276458, Event 349050452, LumiSection 276 at 01-Feb-2017 21:26:40.549 CST
Begin processing the 10001st record. Run 276458, Event 350377608, LumiSection 277 at 01-Feb-2017 21:27:24.406 CST
Begin processing the 11001st record. Run 276458, Event 353790856, LumiSection 279 at 01-Feb-2017 21:28:09.808 CST
Begin processing the 12001st record. Run 276458, Event 354687136, LumiSection 280 at 01-Feb-2017 21:28:54.658 CST
Begin processing the 13001st record. Run 276458, Event 355548715, LumiSection 281 at 01-Feb-2017 21:29:37.988 CST
Begin processing the 14001st record. Run 276501, Event 4000333497, LumiSection 2392 at 01-Feb-2017 21:30:26.918 CST
Begin processing the 15001st record. Run 276501, Event 4002398897, LumiSection 2393 at 01-Feb-2017 21:31:29.818 CST
Begin processing the 16001st record. Run 276501, Event 4005089536, LumiSection 2395 at 01-Feb-2017 21:32:13.434 CST
Begin processing the 17001st record. Run 276501, Event 4006573180, LumiSection 2396 at 01-Feb-2017 21:33:00.250 CST
Begin processing the 18001st record. Run 276501, Event 4009545222, LumiSection 2398 at 01-Feb-2017 21:33:46.525 CST
Begin processing the 19001st record. Run 276501, Event 4012495312, LumiSection 2399 at 01-Feb-2017 21:34:35.590 CST
Begin processing the 20001st record. Run 276501, Event 4014104610, LumiSection 2400 at 01-Feb-2017 21:35:22.962 CST
Begin processing the 21001st record. Run 276501, Event 4055444347, LumiSection 2426 at 01-Feb-2017 21:36:14.428 CST
Begin processing the 22001st record. Run 276501, Event 4058553541, LumiSection 2427 at 01-Feb-2017 21:37:06.594 CST
Begin processing the 23001st record. Run 276501, Event 4061906927, LumiSection 2429 at 01-Feb-2017 21:38:01.393 CST
Begin processing the 24001st record. Run 276501, Event 4062236866, LumiSection 2430 at 01-Feb-2017 21:38:45.156 CST
Begin processing the 25001st record. Run 276501, Event 4066700121, LumiSection 2432 at 01-Feb-2017 21:39:35.705 CST
Begin processing the 26001st record. Run 276501, Event 4067571143, LumiSection 2433 at 01-Feb-2017 21:40:21.822 CST
Begin processing the 27001st record. Run 276501, Event 4069955839, LumiSection 2434 at 01-Feb-2017 21:41:08.810 CST
Begin processing the 28001st record. Run 276502, Event 913998979, LumiSection 612 at 01-Feb-2017 21:42:00.592 CST
Begin processing the 29001st record. Run 276502, Event 915096326, LumiSection 613 at 01-Feb-2017 21:42:56.871 CST
Begin processing the 30001st record. Run 276502, Event 918344652, LumiSection 615 at 01-Feb-2017 21:43:56.400 CST
Begin processing the 31001st record. Run 276502, Event 919195999, LumiSection 616 at 01-Feb-2017 21:44:39.454 CST
Begin processing the 32001st record. Run 276502, Event 922107758, LumiSection 618 at 01-Feb-2017 21:45:26.283 CST
Begin processing the 33001st record. Run 276502, Event 925685869, LumiSection 620 at 01-Feb-2017 21:46:11.795 CST
Begin processing the 34001st record. Run 276502, Event 927112730, LumiSection 621 at 01-Feb-2017 21:46:57.909 CST
Begin processing the 35001st record. Run 276502, Event 930278921, LumiSection 624 at 01-Feb-2017 21:48:12.885 CST
Begin processing the 36001st record. Run 276502, Event 932169788, LumiSection 625 at 01-Feb-2017 21:49:05.724 CST
Begin processing the 37001st record. Run 276502, Event 934490007, LumiSection 627 at 01-Feb-2017 21:49:56.304 CST
Begin processing the 38001st record. Run 276502, Event 938313917, LumiSection 629 at 01-Feb-2017 21:50:41.305 CST
Begin processing the 39001st record. Run 276502, Event 938765730, LumiSection 630 at 01-Feb-2017 21:51:26.678 CST
Begin processing the 40001st record. Run 276502, Event 941924063, LumiSection 632 at 01-Feb-2017 21:52:12.537 CST
Begin processing the 41001st record. Run 276502, Event 943099965, LumiSection 633 at 01-Feb-2017 21:52:59.195 CST
Begin processing the 42001st record. Run 276527, Event 156453454, LumiSection 113 at 01-Feb-2017 21:53:44.734 CST
Begin processing the 43001st record. Run 276527, Event 157755164, LumiSection 114 at 01-Feb-2017 21:54:35.573 CST
Begin processing the 44001st record. Run 276527, Event 160295878, LumiSection 116 at 01-Feb-2017 21:55:19.177 CST
Begin processing the 45001st record. Run 276527, Event 161878717, LumiSection 117 at 01-Feb-2017 21:56:02.855 CST
Begin processing the 46001st record. Run 276527, Event 164911111, LumiSection 119 at 01-Feb-2017 21:56:46.661 CST
Begin processing the 47001st record. Run 276527, Event 167407136, LumiSection 121 at 01-Feb-2017 21:57:27.108 CST
Begin processing the 48001st record. Run 276527, Event 169397080, LumiSection 122 at 01-Feb-2017 21:58:13.789 CST
Begin processing the 49001st record. Run 276527, Event 173471306, LumiSection 125 at 01-Feb-2017 21:58:58.426 CST
Begin processing the 50001st record. Run 276527, Event 174351042, LumiSection 126 at 01-Feb-2017 21:59:58.358 CST
Begin processing the 51001st record. Run 276527, Event 177664901, LumiSection 128 at 01-Feb-2017 22:00:40.827 CST
Begin processing the 52001st record. Run 276527, Event 178409928, LumiSection 129 at 01-Feb-2017 22:01:26.448 CST
Begin processing the 53001st record. Run 276527, Event 181246630, LumiSection 131 at 01-Feb-2017 22:02:10.388 CST
Begin processing the 54001st record. Run 276527, Event 182737449, LumiSection 132 at 01-Feb-2017 22:02:54.028 CST
[2017-02-01 22:03:21.261436 -0600][Error  ][AsyncSock         ] [transfer-4.ultralight.org:1096 #0.0] Socket error encountered: [ERROR] Socket error: Resource temporarily unavailable
Begin processing the 55001st record. Run 276527, Event 186250852, LumiSection 134 at 01-Feb-2017 22:03:37.887 CST
Begin processing the 56001st record. Run 276527, Event 187238305, LumiSection 135 at 01-Feb-2017 22:04:20.538 CST
[2017-02-01 22:05:06.585522 -0600][Error  ][File              ] [0x89d295c0@root://cmsxrootd.fnal.gov:1094//store/data/Run2016D/SinglePhoton/MINIAOD/23Sep2016-v1/90000/46F34E68-D286-E611-8066-7845C4FC3650.root?tried=transfer-4.ultralight.org] Fatal file state error. Message kXR_readv (handle: 0x00000000, chunks: 8, total size: 2022509) returned with [ERROR] Server responded with an error: [3010] Unable to readv /store/data/Run2016D/SinglePhoton/MINIAOD/23Sep2016-v1/90000/46F34E68-D286-E611-8066-7845C4FC3650.root; operation not permitted
%MSG-w XrdAdaptorInternal:  (NoModuleName) 01-Feb-2017 22:05:06 CST pre-events
XrdRequestManager::handle(name='root://cmsxrootd.fnal.gov//store/data/Run2016D/SinglePhoton/MINIAOD/23Sep2016-v1/90000/46F34E68-D286-E611-8066-7845C4FC3650.root) failure when reading from transfer-5.ultralight.org:1096 (site T2_US_Caltech); failed with error '[ERROR] Server responded with an error: [3010] Unable to readv /store/data/Run2016D/SinglePhoton/MINIAOD/23Sep2016-v1/90000/46F34E68-D286-E611-8066-7845C4FC3650.root; operation not permitted
' (errno=3010, code=400).
%MSG
%MSG-w XrdAdaptorInternal:  (NoModuleName) 01-Feb-2017 22:05:06 CST pre-events
Request failure when reading from transfer-5.ultralight.org:1096 (site T2_US_Caltech)
%MSG
%MSG-w XrdAdaptor:  (NoModuleName) 01-Feb-2017 22:05:06 CST pre-events
Data is now served from  instead of previous T2_US_Caltech
%MSG
%MSG-w XrdAdaptorInternal:  (NoModuleName) 01-Feb-2017 22:05:06 CST pre-events
Caught a CMSSW exception when running connection recovery.
%MSG
----- Begin Fatal Exception 01-Feb-2017 22:05:06 CST-----------------------
An exception of category 'FileReadError' occurred while
   [0] Processing run: 276528 lumi: 76 event: 96634440
   [1] Running path 'WriteTree'
   [2] Calling event method for module TreeMaker/'LQTreeMaker2'
   [3] Calling produce method for unscheduled module BadChargedCandidateFilter/'BadChargedCandidateFilter'
   [4] Reading branch patPackedCandidates_packedPFCandidates__RECO.
   [5] Calling XrdFile::readv()
   [6] XrdAdaptor::ClientRequest::HandleResponse() failure while running connection recovery
   [7] In XrdAdaptor::RequestManager::requestFailure()
Exception Message:
XrdAdaptor::RequestManager::requestFailure Open(name='root://cmsxrootd.fnal.gov//store/data/Run2016D/SinglePhoton/MINIAOD/23Sep2016-v1/90000/46F34E68-D286-E611-8066-7845C4FC3650.root', flags=0x10, permissions=0660, old source=transfer-5.ultralight.org:1096 (site T2_US_Caltech), new source=transfer-5.ultralight.org:1096 (site T2_US_Caltech)) => Xrootd server returned an excluded source
   Additional Info:
      [a] Original error: '[ERROR] Server responded with an error: [3010] Unable to readv /store/data/Run2016D/SinglePhoton/MINIAOD/23Sep2016-v1/90000/46F34E68-D286-E611-8066-7845C4FC3650.root; operation not permitted
' (errno=3010, code=400, source=transfer-5.ultralight.org:1096 (site T2_US_Caltech)).
      [b] Disabled source: transfer-5.ultralight.org:1096
----- End Fatal Exception -------------------------------------------------
[2017-02-01 22:05:06.807516 -0600][Error  ][XRootD            ] [transfer-4.ultralight.org:1096] Unable to send the message kXR_close (handle: 0x00000000): [ERROR] Invalid session
01-Feb-2017 22:05:06 CST  Closed file root://cmsxrootd.fnal.gov//store/data/Run2016D/SinglePhoton/MINIAOD/23Sep2016-v1/90000/46F34E68-D286-E611-8066-7845C4FC3650.root

=============================================

MessageLogger Summary

 type     category        sev    module        subroutine        count    total
 ---- -------------------- -- ---------------- ----------------  -----    -----
    1 XrdAdaptor           -w (NoModuleName)                         1        1
    2 XrdAdaptor           -w file_open                              1        1
    3 XrdAdaptorInternal   -w (NoModuleName)                         3        3
    4 Fatal Exception      -s PostProcessPath                        1        1
    5 fileAction           -s file_close                             1        1
    6 fileAction           -s file_open                              2        2

 type    category    Examples: run/evt        run/evt          run/evt
 ---- -------------------- ---------------- ---------------- ----------------
    1 XrdAdaptor           pre-events                        
    2 XrdAdaptor           pre-events                        
    3 XrdAdaptorInternal   pre-events       pre-events       pre-events
    4 Fatal Exception      276528/96634440                   
    5 fileAction           PostEndRun                        
    6 fileAction           pre-events       pre-events       

Severity    # Occurrences   Total Occurrences
--------    -------------   -----------------
Warning                 5                   5
System                  4                   4
exit code 85, skipping xrdcp
