Starting job on  Thu Nov 10 10:20:54 CST 2016
Running on  Linux cmswn1593.fnal.gov 2.6.32-642.6.2.el6.x86_64 #1 SMP Tue Oct 25 15:06:33 CDT 2016 x86_64 x86_64 x86_64 GNU/Linux
System release  Scientific Linux Fermi release 6.8 (Ramsey)
CMSSW on Condor

parameter set:
CMSSWVER:   CMSSW_8_0_22
OUTDIR:     root://cmseos.fnal.gov//store/user/mbhat/Data2016_09_11_2016
SAMPLE:     Run2016G-PromptReco-v1.SinglePhoton
NPART:      111
NSTART:     111
NFILES:     1
SCENARIO:   2016G
REDIR:      
Reading cached build data
Done: ProjectRename
/storage/local/data1/condor/execute/dir_210545
***** SETUP ************************************
 dataset: cms.untracked.vstring('root://cmsxrootd.fnal.gov//store/data/Run2016G/SinglePhoton/MINIAOD/PromptReco-v1/000/279/116/00000/5419E82C-1869-E611-84D9-FA163E2633E7.root')
 outfile: Run2016G-PromptReco-v1.SinglePhoton_111_RA2AnalysisTree
 
 
 storing PDF weights: True
 
 
 scenario: 2016G
 global tag: 80X_dataRun2_Prompt_v11
 Instance name of tag information: RECO
 Including gen-level information: False
 Including pMSSM-related information: False
 Using fastsim settings: False
 Running signal uncertainties: False
 JSON file applied: data/Cert_271036-284044_13TeV_PromptReco_Collisions16_JSON_NoL1T.txt
 JECs applied: data/jec/Spring16_25nsV6_DATA (residuals)
 era of this dataset: Run2_25ns
************************************************
# Conditions read from  CMS_CONDITIONS  via FrontierProd 
 ################################################################### 
 # WARNING: this module is deprecated.                             # 
 # Please use CondCore.CondDB.CondDB_cfi.py                        # 
 ################################################################### 
 ################################################################### 
 # WARNING: this module is deprecated.                             # 
 # Please use CondCore.CondDB.CondDB_cfi.py                        # 
 ################################################################### 
10-Nov-2016 10:21:08 CST  Initiating request to open file root://cmsxrootd.fnal.gov//store/data/Run2016G/SinglePhoton/MINIAOD/PromptReco-v1/000/279/116/00000/5419E82C-1869-E611-84D9-FA163E2633E7.root
%MSG-w XrdAdaptor:  file_open 10-Nov-2016 10:21:12 CST pre-events
Data is served from acrc.bris.ac.uk instead of original site T2_US_Nebraska
%MSG
----- Begin Fatal Exception 10-Nov-2016 10:21:13 CST-----------------------
An exception of category 'FileOpenError' occurred while
   [0] Constructing the EventProcessor
   [1] Constructing input source of type PoolSource
   [2] Calling RootFileSequenceBase::initTheFile()
   Additional Info:
      [a] Input file root://cmsxrootd.fnal.gov//store/data/Run2016G/SinglePhoton/MINIAOD/PromptReco-v1/000/279/116/00000/5419E82C-1869-E611-84D9-FA163E2633E7.root could not be opened.
      [b] Fatal Root Error: @SUB=TStorageFactoryFile::Init
file root://cmsxrootd.fnal.gov//store/data/Run2016G/SinglePhoton/MINIAOD/PromptReco-v1/000/279/116/00000/5419E82C-1869-E611-84D9-FA163E2633E7.root is truncated at 2147483647 bytes: should be 2553416303, trying to recover

----- End Fatal Exception -------------------------------------------------
exit code 84, skipping xrdcp
