Starting job on  Thu Jan 26 03:13:47 CST 2017
Running on  Linux cmswn1635.fnal.gov 2.6.32-642.6.2.el6.x86_64 #1 SMP Tue Oct 25 15:06:33 CDT 2016 x86_64 x86_64 x86_64 GNU/Linux
System release  Scientific Linux Fermi release 6.8 (Ramsey)
CMSSW on Condor

parameter set:
CMSSWVER:   CMSSW_8_0_25
OUTDIR:     root://cmseos.fnal.gov//store/user/mbhat/Data2016_11_01_2017
SAMPLE:     Run2016D-23Sep2016-v1.SinglePhoton
NPART:      119
NSTART:     119
NFILES:     1
SCENARIO:   2016ReReco23Sep
REDIR:      
Done: ProjectRename
/storage/local/data1/condor/execute/dir_1878841
***** SETUP ************************************
 dataset: cms.untracked.vstring('root://cmsxrootd.fnal.gov//store/data/Run2016D/SinglePhoton/MINIAOD/23Sep2016-v1/100000/D6E79119-FF86-E611-9D23-0090FAA57E44.root')
 outfile: Run2016D-23Sep2016-v1.SinglePhoton_119_RA2AnalysisTree
 
 
 storing PDF weights: True
 
 
 scenario: 2016ReReco23Sep
 global tag: 80X_dataRun2_2016SeptRepro_v3
 Instance name of tag information: RECO
 Including gen-level information: False
 Including pMSSM-related information: False
 Using fastsim settings: False
 Running signal uncertainties: False
 JSON file applied: data/Cert_271036-284044_13TeV_23Sep2016ReReco_Collisions16_JSON.txt
 JECs applied: data/jec/Spring16_25nsV6_DATA
 era of this dataset: Run2_25ns
************************************************
# Conditions read from  CMS_CONDITIONS  via FrontierProd 
 ################################################################### 
 # WARNING: this module is deprecated.                             # 
 # Please use CondCore.CondDB.CondDB_cfi.py                        # 
 ################################################################### 
 ################################################################### 
 # WARNING: this module is deprecated.                             # 
 # Please use CondCore.CondDB.CondDB_cfi.py                        # 
 ################################################################### 
26-Jan-2017 03:14:23 CST  Initiating request to open file root://cmsxrootd.fnal.gov//store/data/Run2016D/SinglePhoton/MINIAOD/23Sep2016-v1/100000/D6E79119-FF86-E611-9D23-0090FAA57E44.root
[2017-01-26 03:14:25.871495 -0600][Error  ][XRootDTransport   ] [transfer-5.ultralight.org:1094 #0.0] No protocols left to try
[2017-01-26 03:14:25.871679 -0600][Error  ][AsyncSock         ] [transfer-5.ultralight.org:1094 #0.0] Socket error while handshaking: [FATAL] Auth failed
[2017-01-26 03:14:25.871922 -0600][Error  ][PostMaster        ] [transfer-5.ultralight.org:1094 #0] Unable to recover: [FATAL] Auth failed.
[2017-01-26 03:14:25.871973 -0600][Error  ][XRootD            ] [transfer-5.ultralight.org:1094] Impossible to send message kXR_open (file: /store/data/Run2016D/SinglePhoton/MINIAOD/23Sep2016-v1/100000/D6E79119-FF86-E611-9D23-0090FAA57E44.root, mode: 0660, flags: kXR_open_read kXR_async kXR_retstat ). Trying to recover.
[2017-01-26 03:14:26.087155 -0600][Error  ][XRootDTransport   ] [transfer-2.ultralight.org:1094 #0.0] No protocols left to try
[2017-01-26 03:14:26.087215 -0600][Error  ][AsyncSock         ] [transfer-2.ultralight.org:1094 #0.0] Socket error while handshaking: [FATAL] Auth failed
[2017-01-26 03:14:26.087256 -0600][Error  ][PostMaster        ] [transfer-2.ultralight.org:1094 #0] Unable to recover: [FATAL] Auth failed.
[2017-01-26 03:14:26.087267 -0600][Error  ][XRootD            ] [transfer-2.ultralight.org:1094] Impossible to send message kXR_open (file: /store/data/Run2016D/SinglePhoton/MINIAOD/23Sep2016-v1/100000/D6E79119-FF86-E611-9D23-0090FAA57E44.root?tried=transfer-5.ultralight.org, mode: 0660, flags: kXR_open_read kXR_async kXR_retstat ). Trying to recover.
[2017-01-26 03:14:26.302707 -0600][Error  ][XRootDTransport   ] [transfer-4.ultralight.org:1094 #0.0] No protocols left to try
[2017-01-26 03:14:26.302761 -0600][Error  ][AsyncSock         ] [transfer-4.ultralight.org:1094 #0.0] Socket error while handshaking: [FATAL] Auth failed
[2017-01-26 03:14:26.302797 -0600][Error  ][PostMaster        ] [transfer-4.ultralight.org:1094 #0] Unable to recover: [FATAL] Auth failed.
[2017-01-26 03:14:26.302819 -0600][Error  ][XRootD            ] [transfer-4.ultralight.org:1094] Impossible to send message kXR_open (file: /store/data/Run2016D/SinglePhoton/MINIAOD/23Sep2016-v1/100000/D6E79119-FF86-E611-9D23-0090FAA57E44.root?tried=transfer-5.ultralight.org,transfer-2.ultralight.org, mode: 0660, flags: kXR_open_read kXR_async kXR_retstat ). Trying to recover.
[2017-01-26 03:14:26.518691 -0600][Error  ][XRootDTransport   ] [transfer-5.ultralight.org:1096 #0.0] No protocols left to try
[2017-01-26 03:14:26.518746 -0600][Error  ][AsyncSock         ] [transfer-5.ultralight.org:1096 #0.0] Socket error while handshaking: [FATAL] Auth failed
[2017-01-26 03:14:26.518783 -0600][Error  ][PostMaster        ] [transfer-5.ultralight.org:1096 #0] Unable to recover: [FATAL] Auth failed.
[2017-01-26 03:14:26.518827 -0600][Error  ][XRootD            ] [transfer-5.ultralight.org:1096] Impossible to send message kXR_open (file: /store/data/Run2016D/SinglePhoton/MINIAOD/23Sep2016-v1/100000/D6E79119-FF86-E611-9D23-0090FAA57E44.root?tried=transfer-5.ultralight.org,transfer-2.ultralight.org,transfer-4.ultralight.org, mode: 0660, flags: kXR_open_read kXR_async kXR_retstat ). Trying to recover.
[2017-01-26 03:14:26.736165 -0600][Error  ][XRootDTransport   ] [transfer-4.ultralight.org:1096 #0.0] No protocols left to try
[2017-01-26 03:14:26.736217 -0600][Error  ][AsyncSock         ] [transfer-4.ultralight.org:1096 #0.0] Socket error while handshaking: [FATAL] Auth failed
[2017-01-26 03:14:26.736253 -0600][Error  ][PostMaster        ] [transfer-4.ultralight.org:1096 #0] Unable to recover: [FATAL] Auth failed.
[2017-01-26 03:14:26.736263 -0600][Error  ][XRootD            ] [transfer-4.ultralight.org:1096] Impossible to send message kXR_open (file: /store/data/Run2016D/SinglePhoton/MINIAOD/23Sep2016-v1/100000/D6E79119-FF86-E611-9D23-0090FAA57E44.root?tried=transfer-5.ultralight.org,transfer-2.ultralight.org,transfer-4.ultralight.org,transfer-5.ultralight.org, mode: 0660, flags: kXR_open_read kXR_async kXR_retstat ). Trying to recover.
[2017-01-26 03:14:26.953077 -0600][Error  ][XRootDTransport   ] [transfer-2.ultralight.org:1096 #0.0] No protocols left to try
[2017-01-26 03:14:26.953127 -0600][Error  ][AsyncSock         ] [transfer-2.ultralight.org:1096 #0.0] Socket error while handshaking: [FATAL] Auth failed
[2017-01-26 03:14:26.953166 -0600][Error  ][PostMaster        ] [transfer-2.ultralight.org:1096 #0] Unable to recover: [FATAL] Auth failed.
[2017-01-26 03:14:26.953177 -0600][Error  ][XRootD            ] [transfer-2.ultralight.org:1096] Impossible to send message kXR_open (file: /store/data/Run2016D/SinglePhoton/MINIAOD/23Sep2016-v1/100000/D6E79119-FF86-E611-9D23-0090FAA57E44.root?tried=transfer-5.ultralight.org,transfer-2.ultralight.org,transfer-4.ultralight.org,transfer-5.ultralight.org,transfer-4.ultralight.org, mode: 0660, flags: kXR_open_read kXR_async kXR_retstat ). Trying to recover.
%MSG-w XrdAdaptorInternal:  file_open 26-Jan-2017 03:14:27 CST pre-events
Failed to open file at URL root://cmsxrootd.fnal.gov:1094//store/data/Run2016D/SinglePhoton/MINIAOD/23Sep2016-v1/100000/D6E79119-FF86-E611-9D23-0090FAA57E44.root.
%MSG
%MSG-w XrdAdaptorInternal:  file_open 26-Jan-2017 03:14:28 CST pre-events
Failed to open file at URL root://cmsxrootd.fnal.gov:1094//store/data/Run2016D/SinglePhoton/MINIAOD/23Sep2016-v1/100000/D6E79119-FF86-E611-9D23-0090FAA57E44.root?tried=.
%MSG
----- Begin Fatal Exception 26-Jan-2017 03:14:34 CST-----------------------
An exception of category 'FileOpenError' occurred while
   [0] Constructing the EventProcessor
   [1] Constructing input source of type PoolSource
   [2] Calling RootFileSequenceBase::initTheFile()
   [3] Calling StorageFactory::open()
   [4] Calling XrdFile::open()
Exception Message:
Failed to open the file 'root://cmsxrootd.fnal.gov//store/data/Run2016D/SinglePhoton/MINIAOD/23Sep2016-v1/100000/D6E79119-FF86-E611-9D23-0090FAA57E44.root'
   Additional Info:
      [a] Input file root://cmsxrootd.fnal.gov//store/data/Run2016D/SinglePhoton/MINIAOD/23Sep2016-v1/100000/D6E79119-FF86-E611-9D23-0090FAA57E44.root could not be opened.
      [b] XrdCl::File::Open(name='root://cmsxrootd.fnal.gov//store/data/Run2016D/SinglePhoton/MINIAOD/23Sep2016-v1/100000/D6E79119-FF86-E611-9D23-0090FAA57E44.root', flags=0x10, permissions=0660) => error '[FATAL] Redirect limit has been reached' (errno=0, code=306). No additional data servers were found.
      [c] Last URL tried: root://cmsxrootd.fnal.gov:1094//store/data/Run2016D/SinglePhoton/MINIAOD/23Sep2016-v1/100000/D6E79119-FF86-E611-9D23-0090FAA57E44.root?tried=
      [d] Problematic data server: cmsxrootd.fnal.gov:1094
      [e] Disabled source: cmsxrootd.fnal.gov:1094
----- End Fatal Exception -------------------------------------------------
exit code 84, skipping xrdcp
