Starting job on  Wed Feb 1 20:56:33 CST 2017
Running on  Linux cmswn1953.fnal.gov 2.6.32-642.6.2.el6.x86_64 #1 SMP Tue Oct 25 15:06:33 CDT 2016 x86_64 x86_64 x86_64 GNU/Linux
System release  Scientific Linux Fermi release 6.8 (Ramsey)
CMSSW on Condor

parameter set:
CMSSWVER:   CMSSW_8_0_25
OUTDIR:     root://cmseos.fnal.gov//store/user/mbhat/MC2016_30_01_2017
SAMPLE:     Run2016D-23Sep2016-v1.SinglePhoton
NPART:      143
NSTART:     143
NFILES:     1
SCENARIO:   2016ReReco23Sep
REDIR:      
Done: ProjectRename
/storage/local/data1/condor/execute/dir_531352
***** SETUP ************************************
 dataset: cms.untracked.vstring('root://cmsxrootd.fnal.gov//store/data/Run2016D/SinglePhoton/MINIAOD/23Sep2016-v1/80000/00898104-1F85-E611-AE22-001D09FDD7B9.root')
 outfile: Run2016D-23Sep2016-v1.SinglePhoton_143_RA2AnalysisTree
 
 
 storing PDF weights: True
 
 
 scenario: 2016ReReco23Sep
 global tag: 80X_dataRun2_2016SeptRepro_v3
 Instance name of tag information: RECO
 Including gen-level information: False
 Including pMSSM-related information: False
 Using fastsim settings: False
 Running signal uncertainties: False
 JSON file applied: data/Cert_271036-284044_13TeV_23Sep2016ReReco_Collisions16_JSON.txt
 JECs applied: data/jec/Summer16_23Sep2016AllV3_DATA (residuals)
 era of this dataset: Run2_25ns
************************************************
# Conditions read from  CMS_CONDITIONS  via FrontierProd 
 ################################################################### 
 # WARNING: this module is deprecated.                             # 
 # Please use CondCore.CondDB.CondDB_cfi.py                        # 
 ################################################################### 
 ################################################################### 
 # WARNING: this module is deprecated.                             # 
 # Please use CondCore.CondDB.CondDB_cfi.py                        # 
 ################################################################### 
01-Feb-2017 20:57:24 CST  Initiating request to open file root://cmsxrootd.fnal.gov//store/data/Run2016D/SinglePhoton/MINIAOD/23Sep2016-v1/80000/00898104-1F85-E611-AE22-001D09FDD7B9.root
%MSG-w XrdAdaptor:  file_open 01-Feb-2017 20:57:27 CST pre-events
Data is served from T2_US_Caltech instead of original site T2_US_Nebraska
%MSG
01-Feb-2017 20:57:30 CST  Successfully opened file root://cmsxrootd.fnal.gov//store/data/Run2016D/SinglePhoton/MINIAOD/23Sep2016-v1/80000/00898104-1F85-E611-AE22-001D09FDD7B9.root
VarsBool:
full name: BadChargedCandidateFilter -> tag: BadChargedCandidateFilter nameInTree: BadChargedCandidateFilter
full name: BadPFMuonFilter -> tag: BadPFMuonFilter nameInTree: BadPFMuonFilter
full name: GoodJets:JetID(JetID) -> tag: GoodJets:JetID nameInTree: JetID
VarsInt:
full name: NVtx -> tag: NVtx nameInTree: NVtx
full name: nAllVertices -> tag: nAllVertices nameInTree: nAllVertices
full name: CSCTightHaloFilter -> tag: CSCTightHaloFilter nameInTree: CSCTightHaloFilter
full name: globalTightHalo2016Filter -> tag: globalTightHalo2016Filter nameInTree: globalTightHalo2016Filter
full name: HBHENoiseFilter -> tag: HBHENoiseFilter nameInTree: HBHENoiseFilter
full name: HBHEIsoNoiseFilter -> tag: HBHEIsoNoiseFilter nameInTree: HBHEIsoNoiseFilter
full name: EcalDeadCellTriggerPrimitiveFilter -> tag: EcalDeadCellTriggerPrimitiveFilter nameInTree: EcalDeadCellTriggerPrimitiveFilter
full name: eeBadScFilter -> tag: eeBadScFilter nameInTree: eeBadScFilter
VarsDouble:
full name: MET:Pt(MET) -> tag: MET:Pt nameInTree: MET
full name: MET:Phi(METPhi) -> tag: MET:Phi nameInTree: METPhi
full name: MET:CaloPt(CaloMET) -> tag: MET:CaloPt nameInTree: CaloMET
full name: MET:CaloPhi(CaloMETPhi) -> tag: MET:CaloPhi nameInTree: CaloMETPhi
full name: MET:PFCaloPtRatio(PFCaloMETRatio) -> tag: MET:PFCaloPtRatio nameInTree: PFCaloMETRatio
VarsString:
VarsTLorentzVector:
VectorBool:
full name: HEEPProducer:ecalDriven(Electron_ecalDriven) -> tag: HEEPProducer:ecalDriven nameInTree: Electron_ecalDriven
full name: GoodJets:JetIDMask(Jets_ID) -> tag: GoodJets:JetIDMask nameInTree: Jets_ID
VectorInt:
full name: HEEPProducer:Charge(Electron_Charge) -> tag: HEEPProducer:Charge nameInTree: Electron_Charge
full name: HEEPProducer:losthits(Electron_losthits) -> tag: HEEPProducer:losthits nameInTree: Electron_losthits
full name: HEEPProducer:PDGID(PDGID) -> tag: HEEPProducer:PDGID nameInTree: PDGID
full name: HEEPProducer:gencharge(gencharge) -> tag: HEEPProducer:gencharge nameInTree: gencharge
full name: HEEPProducer:motherPDGID(motherPDGID) -> tag: HEEPProducer:motherPDGID nameInTree: motherPDGID
full name: HEEPProducer:elstatus(elstatus) -> tag: HEEPProducer:elstatus nameInTree: elstatus
full name: MuonProducer:MuonPassID(MuonPassID) -> tag: MuonProducer:MuonPassID nameInTree: MuonPassID
full name: MuonProducer:MuonIsGlobal(MuonIsGlobal) -> tag: MuonProducer:MuonIsGlobal nameInTree: MuonIsGlobal
full name: TriggerProducer:TriggerPass -> tag: TriggerProducer:TriggerPass nameInTree: TriggerPass
full name: TriggerProducer:TriggerPrescales -> tag: TriggerProducer:TriggerPrescales nameInTree: TriggerPrescales
VectorDouble:
full name: HEEPProducer:trackiso(Electron_trackiso) -> tag: HEEPProducer:trackiso nameInTree: Electron_trackiso
full name: HEEPProducer:Et(Electron_Et) -> tag: HEEPProducer:Et nameInTree: Electron_Et
full name: HEEPProducer:DeltaEtain(Electron_DeltaEtain) -> tag: HEEPProducer:DeltaEtain nameInTree: Electron_DeltaEtain
full name: HEEPProducer:DeltaPhiin(Electron_DeltaPhiin) -> tag: HEEPProducer:DeltaPhiin nameInTree: Electron_DeltaPhiin
full name: HEEPProducer:HbE(Electron_HOverE) -> tag: HEEPProducer:HbE nameInTree: Electron_HOverE
full name: HEEPProducer:Ecaliso(Electron_Ecaliso) -> tag: HEEPProducer:Ecaliso nameInTree: Electron_Ecaliso
full name: HEEPProducer:HD1iso(Electron_HD1iso) -> tag: HEEPProducer:HD1iso nameInTree: Electron_HD1iso
full name: HEEPProducer:e25bye55(Electron_e25bye55) -> tag: HEEPProducer:e25bye55 nameInTree: Electron_e25bye55
full name: HEEPProducer:Fullsce25bye55(Electron_Fullsce25bye55) -> tag: HEEPProducer:Fullsce25bye55 nameInTree: Electron_Fullsce25bye55
full name: HEEPProducer:Fulle15bye55(Electron_Fulle15bye55) -> tag: HEEPProducer:Fulle15bye55 nameInTree: Electron_Fulle15bye55
full name: HEEPProducer:scEnergy(Electron_scEnergy) -> tag: HEEPProducer:scEnergy nameInTree: Electron_scEnergy
full name: HEEPProducer:DeltaEtaSeed(Electron_DeltaEtaSeed) -> tag: HEEPProducer:DeltaEtaSeed nameInTree: Electron_DeltaEtaSeed
full name: HEEPProducer:rho(rho) -> tag: HEEPProducer:rho nameInTree: rho
full name: HEEPProducer:ecalEnergy(Electron_ecalEnergy) -> tag: HEEPProducer:ecalEnergy nameInTree: Electron_ecalEnergy
full name: HEEPProducer:full55SiEtaiEta(Electron_full55SiEtaiEta) -> tag: HEEPProducer:full55SiEtaiEta nameInTree: Electron_full55SiEtaiEta
full name: HEEPProducer:sce25bye55(Electron_sce25bye55) -> tag: HEEPProducer:sce25bye55 nameInTree: Electron_sce25bye55
full name: HEEPProducer:e15bye55(Electron_e15bye55) -> tag: HEEPProducer:e15bye55 nameInTree: Electron_e15bye55
full name: HEEPProducer:Phi(Electron_Phi) -> tag: HEEPProducer:Phi nameInTree: Electron_Phi
full name: HEEPProducer:eEnergy(Electron_Energy) -> tag: HEEPProducer:eEnergy nameInTree: Electron_Energy
full name: HEEPProducer:dxy(dxy) -> tag: HEEPProducer:dxy nameInTree: dxy
full name: HEEPProducer:ePz(Electron_Pz) -> tag: HEEPProducer:ePz nameInTree: Electron_Pz
full name: HEEPProducer:ePx(Electron_Px) -> tag: HEEPProducer:ePx nameInTree: Electron_Px
full name: HEEPProducer:ePy(Electron_Py) -> tag: HEEPProducer:ePy nameInTree: Electron_Py
full name: HEEPProducer:genPt(genPt) -> tag: HEEPProducer:genPt nameInTree: genPt
full name: HEEPProducer:genEta(genEta) -> tag: HEEPProducer:genEta nameInTree: genEta
full name: HEEPProducer:genPhi(genPhi) -> tag: HEEPProducer:genPhi nameInTree: genPhi
full name: HEEPProducer:genEnergy(genEnergy) -> tag: HEEPProducer:genEnergy nameInTree: genEnergy
full name: HEEPProducer:PtHEEP(Electron_PtHEEP) -> tag: HEEPProducer:PtHEEP nameInTree: Electron_PtHEEP
full name: HEEPProducer:scEta(Electron_scEta) -> tag: HEEPProducer:scEta nameInTree: Electron_scEta
full name: HEEPProducer:heep70TrkIso(Electron_heep70TrkIso) -> tag: HEEPProducer:heep70TrkIso nameInTree: Electron_heep70TrkIso
full name: MuonProducer:MuonEta(MuonEta) -> tag: MuonProducer:MuonEta nameInTree: MuonEta
full name: MuonProducer:MuonPhi(MuonPhi) -> tag: MuonProducer:MuonPhi nameInTree: MuonPhi
full name: MuonProducer:MuonPt(MuonPt) -> tag: MuonProducer:MuonPt nameInTree: MuonPt
full name: MuonProducer:MuonEnergy(MuonEnergy) -> tag: MuonProducer:MuonEnergy nameInTree: MuonEnergy
full name: TauProducer:tEta(TauEta) -> tag: TauProducer:tEta nameInTree: TauEta
full name: TauProducer:tPhi(TauPhi) -> tag: TauProducer:tPhi nameInTree: TauPhi
full name: TauProducer:tPt(TauPt) -> tag: TauProducer:tPt nameInTree: TauPt
full name: TriggerProducer:objectPt -> tag: TriggerProducer:objectPt nameInTree: objectPt
full name: TriggerProducer:objecteta -> tag: TriggerProducer:objecteta nameInTree: objecteta
full name: TriggerProducer:objectphi -> tag: TriggerProducer:objectphi nameInTree: objectphi
full name: TriggerProducer:objectE -> tag: TriggerProducer:objectE nameInTree: objectE
full name: TriggerProducer:ColumnNum -> tag: TriggerProducer:ColumnNum nameInTree: ColumnNum
VectorString:
full name: TriggerProducer:TriggerNames -> tag: TriggerProducer:TriggerNames nameInTree: TriggerNames
VectorTLorentzVector:
VectorRecoCand:
full name: GoodJets(Jets) -> tag: GoodJets nameInTree: Jets
List of stored triggers:
0: HLT_CaloJet500_NoJetID_v
1: HLT_DoubleEle8_CaloIdM_TrackIdM_Mass8_PFHT300_v
2: HLT_DoubleMu8_Mass8_PFHT300_v
3: HLT_Ele105_CaloIdVT_GsfTrkIdT_v
4: HLT_Ele115_CaloIdVT_GsfTrkIdT_v
5: HLT_Ele15_IsoVVVL_PFHT350_PFMET50_v
6: HLT_Ele15_IsoVVVL_PFHT350_v
7: HLT_Ele15_IsoVVVL_PFHT400_v
8: HLT_Ele15_IsoVVVL_PFHT600_v
9: HLT_Ele23_Ele12_CaloIdL_TrackIdL_IsoVL_DZ_v
10: HLT_Ele25_eta2p1_WPTight_Gsf_v 
11: HLT_Ele27_WPTight_Gsf_v
12: HLT_Ele27_eta2p1_WPLoose_Gsf_v 
13: HLT_Ele45_WPLoose_Gsf_v
14: HLT_Ele50_IsoVVVL_PFHT400_v
15: HLT_IsoMu16_eta2p1_MET30_v
16: HLT_IsoMu22_eta2p1_v
17: HLT_IsoMu22_v
18: HLT_IsoMu24_v 
19: HLT_IsoTkMu22_v
20: HLT_Mu15_IsoVVVL_PFHT350_PFMET50_v
21: HLT_Mu15_IsoVVVL_PFHT350_v
22: HLT_Mu15_IsoVVVL_PFHT400_v
23: HLT_Mu15_IsoVVVL_PFHT600_v
24: HLT_Mu17_TrkIsoVVL_Mu8_TrkIsoVVL_v
25: HLT_Mu17_TrkIsoVVL_TkMu8_TrkIsoVVL_v
26: HLT_Mu45_eta2p1_v
27: HLT_Mu50_IsoVVVL_PFHT400_v
28: HLT_Mu50_v
29: HLT_PFHT200_v
30: HLT_PFHT250_v
31: HLT_PFHT300_PFMET100_v
32: HLT_PFHT300_PFMET110_v
33: HLT_PFHT300_v
34: HLT_PFHT350_v
35: HLT_PFHT400_v
36: HLT_PFHT475_v
37: HLT_PFHT600_v
38: HLT_PFHT650_v
39: HLT_PFHT800_v
40: HLT_PFHT900_v
41: HLT_PFMET100_PFMHT100_IDTight_v
42: HLT_PFMET110_PFMHT110_IDTight_v
43: HLT_PFMET120_PFMHT120_IDTight_v
44: HLT_PFMET90_PFMHT90_IDTight_v
45: HLT_PFMETNoMu100_PFMHTNoMu100_IDTight_v
46: HLT_PFMETNoMu110_PFMHTNoMu110_IDTight_v
47: HLT_PFMETNoMu120_PFMHTNoMu120_IDTight_v
48: HLT_PFMETNoMu90_PFMHTNoMu90_IDTight_v
49: HLT_Photon120_v
50: HLT_Photon165_HE10_v
51: HLT_Photon175_v
52: HLT_Photon22_v
53: HLT_Photon30_v
54: HLT_Photon36_v
55: HLT_Photon50_v
56: HLT_Photon75_v
57: HLT_Photon90_CaloIdL_PFHT500_v
58: HLT_Photon90_v
59: HLT_TkMu50_v
[STATUS] Reading energy scale correction  values from file: EgammaAnalysis/ElectronTools/data/ScalesSmearings/Winter_2016_reReco_v1_ele_scales.dat
[STATUS] Reading energy scale correction  values from file: EgammaAnalysis/ElectronTools/data/ScalesSmearings/Winter_2016_reReco_v1_ele_scales.dat
Begin processing the 1st record. Run 276543, Event 1464536542, LumiSection 819 at 01-Feb-2017 20:58:08.432 CST
Begin processing the 1001st record. Run 276543, Event 1466236661, LumiSection 820 at 01-Feb-2017 20:59:11.041 CST
Begin processing the 2001st record. Run 276543, Event 1466508511, LumiSection 821 at 01-Feb-2017 20:59:57.841 CST
Begin processing the 3001st record. Run 276543, Event 1469117650, LumiSection 822 at 01-Feb-2017 21:00:45.052 CST
Begin processing the 4001st record. Run 276543, Event 1472265366, LumiSection 824 at 01-Feb-2017 21:01:33.695 CST
Begin processing the 5001st record. Run 276543, Event 1473780752, LumiSection 825 at 01-Feb-2017 21:02:20.635 CST
Begin processing the 6001st record. Run 276543, Event 1475068842, LumiSection 826 at 01-Feb-2017 21:03:08.100 CST
Begin processing the 7001st record. Run 276544, Event 71064473, LumiSection 39 at 01-Feb-2017 21:04:04.523 CST
Begin processing the 8001st record. Run 276544, Event 75077397, LumiSection 41 at 01-Feb-2017 21:04:51.997 CST
Begin processing the 9001st record. Run 276544, Event 75921417, LumiSection 42 at 01-Feb-2017 21:05:38.670 CST
Begin processing the 10001st record. Run 276544, Event 78049030, LumiSection 43 at 01-Feb-2017 21:06:25.894 CST
Begin processing the 11001st record. Run 276544, Event 79073990, LumiSection 44 at 01-Feb-2017 21:07:13.012 CST
[2017-02-01 21:07:45.248426 -0600][Error  ][AsyncSock         ] [transfer-4.ultralight.org:1096 #0.0] Socket error encountered: [ERROR] Socket error: Resource temporarily unavailable
Begin processing the 12001st record. Run 276544, Event 82186802, LumiSection 45 at 01-Feb-2017 21:07:59.946 CST
[2017-02-01 21:08:05.310827 -0600][Error  ][XRootD            ] [transfer-4.ultralight.org:1096] Unable to send the message kXR_readv (handle: 0x00000000, chunks: 57, total size: 11050061): [ERROR] Invalid session
Begin processing the 13001st record. Run 276544, Event 84635993, LumiSection 46 at 01-Feb-2017 21:08:45.609 CST
[2017-02-01 21:09:03.188156 -0600][Error  ][AsyncSock         ] [transfer-5.ultralight.org:1094 #0.0] Socket error encountered: [ERROR] Socket error: Resource temporarily unavailable
[2017-02-01 21:09:15.711737 -0600][Error  ][XRootD            ] [transfer-5.ultralight.org:1094] Unable to send the message kXR_readv (handle: 0x00000000, chunks: 57, total size: 15198034): [ERROR] Invalid session
Begin processing the 14001st record. Run 276544, Event 145889912, LumiSection 79 at 01-Feb-2017 21:09:38.913 CST
Begin processing the 15001st record. Run 276544, Event 148724842, LumiSection 80 at 01-Feb-2017 21:10:27.021 CST
Begin processing the 16001st record. Run 276544, Event 148783317, LumiSection 81 at 01-Feb-2017 21:11:13.651 CST
Begin processing the 17001st record. Run 276544, Event 151766127, LumiSection 82 at 01-Feb-2017 21:11:59.859 CST
Begin processing the 18001st record. Run 276544, Event 153715616, LumiSection 83 at 01-Feb-2017 21:12:46.918 CST
Begin processing the 19001st record. Run 276544, Event 157534419, LumiSection 85 at 01-Feb-2017 21:13:32.859 CST
Begin processing the 20001st record. Run 276544, Event 159890397, LumiSection 86 at 01-Feb-2017 21:14:26.060 CST
Begin processing the 21001st record. Run 276544, Event 160510582, LumiSection 87 at 01-Feb-2017 21:15:14.604 CST
Begin processing the 22001st record. Run 276544, Event 163813063, LumiSection 88 at 01-Feb-2017 21:16:00.079 CST
Begin processing the 23001st record. Run 276544, Event 164846658, LumiSection 89 at 01-Feb-2017 21:16:49.920 CST
Begin processing the 24001st record. Run 276544, Event 166109567, LumiSection 90 at 01-Feb-2017 21:17:32.327 CST
Begin processing the 25001st record. Run 276544, Event 170981292, LumiSection 92 at 01-Feb-2017 21:18:20.467 CST
Begin processing the 26001st record. Run 276544, Event 172617334, LumiSection 93 at 01-Feb-2017 21:19:03.872 CST
Begin processing the 27001st record. Run 276545, Event 87716434, LumiSection 52 at 01-Feb-2017 21:19:48.885 CST
Begin processing the 28001st record. Run 276545, Event 89992711, LumiSection 55 at 01-Feb-2017 21:20:35.112 CST
Begin processing the 29001st record. Run 276545, Event 92111813, LumiSection 56 at 01-Feb-2017 21:21:21.185 CST
Begin processing the 30001st record. Run 276545, Event 95640001, LumiSection 59 at 01-Feb-2017 21:21:59.963 CST
Begin processing the 31001st record. Run 276545, Event 96254450, LumiSection 60 at 01-Feb-2017 21:22:46.488 CST
Begin processing the 32001st record. Run 276545, Event 98352637, LumiSection 61 at 01-Feb-2017 21:23:31.468 CST
Begin processing the 33001st record. Run 276545, Event 100263408, LumiSection 62 at 01-Feb-2017 21:24:16.413 CST
Begin processing the 34001st record. Run 276545, Event 175511037, LumiSection 104 at 01-Feb-2017 21:25:06.912 CST
Begin processing the 35001st record. Run 276545, Event 178373169, LumiSection 106 at 01-Feb-2017 21:25:52.872 CST
Begin processing the 36001st record. Run 276545, Event 179980495, LumiSection 107 at 01-Feb-2017 21:26:37.922 CST
Begin processing the 37001st record. Run 276545, Event 182328446, LumiSection 108 at 01-Feb-2017 21:27:20.187 CST
Begin processing the 38001st record. Run 276545, Event 185081000, LumiSection 109 at 01-Feb-2017 21:28:07.211 CST
Begin processing the 39001st record. Run 276776, Event 2257368814, LumiSection 1333 at 01-Feb-2017 21:28:55.690 CST
Begin processing the 40001st record. Run 276776, Event 2258147648, LumiSection 1334 at 01-Feb-2017 21:29:47.855 CST
Begin processing the 41001st record. Run 276776, Event 2260000454, LumiSection 1335 at 01-Feb-2017 21:30:32.170 CST
Begin processing the 42001st record. Run 276776, Event 2263112930, LumiSection 1337 at 01-Feb-2017 21:31:13.365 CST
Begin processing the 43001st record. Run 276776, Event 2264296989, LumiSection 1338 at 01-Feb-2017 21:32:01.401 CST
Begin processing the 44001st record. Run 276776, Event 2268251738, LumiSection 1340 at 01-Feb-2017 21:32:42.786 CST
Begin processing the 45001st record. Run 276776, Event 2268847822, LumiSection 1341 at 01-Feb-2017 21:33:30.126 CST
Begin processing the 46001st record. Run 276776, Event 2380884359, LumiSection 1413 at 01-Feb-2017 21:34:13.099 CST
Begin processing the 47001st record. Run 276776, Event 2382998725, LumiSection 1414 at 01-Feb-2017 21:35:01.556 CST
Begin processing the 48001st record. Run 276776, Event 2383423068, LumiSection 1415 at 01-Feb-2017 21:35:49.338 CST
Begin processing the 49001st record. Run 276776, Event 2387414490, LumiSection 1417 at 01-Feb-2017 21:36:29.738 CST
Begin processing the 50001st record. Run 276776, Event 2388188664, LumiSection 1418 at 01-Feb-2017 21:37:17.627 CST
Begin processing the 51001st record. Run 276776, Event 2390969652, LumiSection 1420 at 01-Feb-2017 21:37:58.333 CST
Begin processing the 52001st record. Run 276776, Event 2392515691, LumiSection 1421 at 01-Feb-2017 21:38:41.317 CST
Begin processing the 53001st record. Run 276776, Event 2395259678, LumiSection 1422 at 01-Feb-2017 21:39:23.849 CST
Begin processing the 54001st record. Run 276776, Event 2956071978, LumiSection 1806 at 01-Feb-2017 21:40:11.956 CST
Begin processing the 55001st record. Run 276776, Event 2958992256, LumiSection 1808 at 01-Feb-2017 21:40:59.360 CST
Begin processing the 56001st record. Run 276776, Event 2960370226, LumiSection 1809 at 01-Feb-2017 21:41:42.692 CST
Begin processing the 57001st record. Run 276776, Event 2962863523, LumiSection 1811 at 01-Feb-2017 21:42:22.908 CST
Begin processing the 58001st record. Run 276776, Event 2963856557, LumiSection 1812 at 01-Feb-2017 21:43:08.823 CST
Begin processing the 59001st record. Run 276776, Event 2967077452, LumiSection 1814 at 01-Feb-2017 21:43:50.297 CST
Begin processing the 60001st record. Run 276794, Event 247284178, LumiSection 184 at 01-Feb-2017 21:44:37.242 CST
Begin processing the 61001st record. Run 276794, Event 248220702, LumiSection 185 at 01-Feb-2017 21:45:24.011 CST
Begin processing the 62001st record. Run 276794, Event 250198927, LumiSection 187 at 01-Feb-2017 21:46:06.754 CST
Begin processing the 63001st record. Run 276794, Event 252442951, LumiSection 188 at 01-Feb-2017 21:46:53.160 CST
Begin processing the 64001st record. Run 276794, Event 255166583, LumiSection 190 at 01-Feb-2017 21:47:32.862 CST
Begin processing the 65001st record. Run 276794, Event 257928772, LumiSection 192 at 01-Feb-2017 21:48:18.875 CST
Begin processing the 66001st record. Run 276794, Event 259453797, LumiSection 193 at 01-Feb-2017 21:48:59.161 CST
Begin processing the 67001st record. Run 276794, Event 563435914, LumiSection 426 at 01-Feb-2017 21:49:43.948 CST
Begin processing the 68001st record. Run 276794, Event 565354801, LumiSection 427 at 01-Feb-2017 21:50:32.764 CST
Begin processing the 69001st record. Run 276794, Event 567862183, LumiSection 429 at 01-Feb-2017 21:51:11.411 CST
Begin processing the 70001st record. Run 276794, Event 568811237, LumiSection 430 at 01-Feb-2017 21:51:55.534 CST
Begin processing the 71001st record. Run 276794, Event 570489907, LumiSection 431 at 01-Feb-2017 21:52:35.059 CST
Begin processing the 72001st record. Run 276794, Event 573449782, LumiSection 433 at 01-Feb-2017 21:53:17.117 CST
Begin processing the 73001st record. Run 276794, Event 574985087, LumiSection 434 at 01-Feb-2017 21:53:59.305 CST
Begin processing the 74001st record. Run 276794, Event 642487566, LumiSection 484 at 01-Feb-2017 21:54:43.676 CST
Begin processing the 75001st record. Run 276794, Event 643454807, LumiSection 485 at 01-Feb-2017 21:55:39.142 CST
Begin processing the 76001st record. Run 276794, Event 646310013, LumiSection 487 at 01-Feb-2017 21:56:25.407 CST
Begin processing the 77001st record. Run 276794, Event 647202685, LumiSection 488 at 01-Feb-2017 21:57:05.617 CST
Begin processing the 78001st record. Run 276794, Event 650272198, LumiSection 490 at 01-Feb-2017 21:57:47.729 CST
Begin processing the 79001st record. Run 276794, Event 651759585, LumiSection 491 at 01-Feb-2017 21:58:30.044 CST
Begin processing the 80001st record. Run 276794, Event 654840894, LumiSection 493 at 01-Feb-2017 21:59:11.482 CST
Begin processing the 81001st record. Run 276794, Event 658091223, LumiSection 496 at 01-Feb-2017 21:59:54.542 CST
Begin processing the 82001st record. Run 276794, Event 659377108, LumiSection 497 at 01-Feb-2017 22:00:37.916 CST
Begin processing the 83001st record. Run 276794, Event 661653456, LumiSection 499 at 01-Feb-2017 22:01:21.584 CST
Begin processing the 84001st record. Run 276794, Event 663988390, LumiSection 500 at 01-Feb-2017 22:02:00.929 CST
Begin processing the 85001st record. Run 276794, Event 666774776, LumiSection 502 at 01-Feb-2017 22:02:45.732 CST
Begin processing the 86001st record. Run 276794, Event 667969542, LumiSection 503 at 01-Feb-2017 22:03:24.425 CST
Begin processing the 87001st record. Run 276794, Event 670796393, LumiSection 505 at 01-Feb-2017 22:04:04.024 CST
Begin processing the 88001st record. Run 276794, Event 690312323, LumiSection 520 at 01-Feb-2017 22:04:51.969 CST
[2017-02-01 22:05:16.808573 -0600][Error  ][File              ] [0xd80e1c80@root://cmsxrootd.fnal.gov:1094//store/data/Run2016D/SinglePhoton/MINIAOD/23Sep2016-v1/80000/00898104-1F85-E611-AE22-001D09FDD7B9.root] Fatal file state error. Message kXR_readv (handle: 0x00000000, chunks: 61, total size: 12648415) returned with [ERROR] Server responded with an error: [3010] Unable to readv /store/data/Run2016D/SinglePhoton/MINIAOD/23Sep2016-v1/80000/00898104-1F85-E611-AE22-001D09FDD7B9.root; operation not permitted
%MSG-w XrdAdaptorInternal:  (NoModuleName) 01-Feb-2017 22:05:16 CST pre-events
XrdRequestManager::handle(name='root://cmsxrootd.fnal.gov//store/data/Run2016D/SinglePhoton/MINIAOD/23Sep2016-v1/80000/00898104-1F85-E611-AE22-001D09FDD7B9.root) failure when reading from transfer-4.ultralight.org:1096 (site T2_US_Caltech); failed with error '[ERROR] Server responded with an error: [3010] Unable to readv /store/data/Run2016D/SinglePhoton/MINIAOD/23Sep2016-v1/80000/00898104-1F85-E611-AE22-001D09FDD7B9.root; operation not permitted
' (errno=3010, code=400).
%MSG
%MSG-w XrdAdaptorInternal:  (NoModuleName) 01-Feb-2017 22:05:16 CST pre-events
Request failure when reading from transfer-4.ultralight.org:1096 (site T2_US_Caltech)
%MSG
%MSG-w XrdAdaptor:  (NoModuleName) 01-Feb-2017 22:05:16 CST pre-events
Data is now served from  instead of previous T2_US_Caltech
%MSG
%MSG-w XrdAdaptorInternal:  (NoModuleName) 01-Feb-2017 22:05:16 CST pre-events
Caught a CMSSW exception when running connection recovery.
%MSG
----- Begin Fatal Exception 01-Feb-2017 22:05:16 CST-----------------------
An exception of category 'FileReadError' occurred while
   [0] Processing run: 276794 lumi: 521 event: 691158109
   [1] Running path 'WriteTree'
   [2] Calling event method for module TreeMaker/'LQTreeMaker2'
   [3] Calling produce method for unscheduled module BadChargedCandidateFilter/'BadChargedCandidateFilter'
   [4] Reading branch patPackedCandidates_packedPFCandidates__RECO.
   [5] Calling XrdFile::readv()
   [6] XrdAdaptor::ClientRequest::HandleResponse() failure while running connection recovery
   [7] In XrdAdaptor::RequestManager::requestFailure()
Exception Message:
XrdAdaptor::RequestManager::requestFailure Open(name='root://cmsxrootd.fnal.gov//store/data/Run2016D/SinglePhoton/MINIAOD/23Sep2016-v1/80000/00898104-1F85-E611-AE22-001D09FDD7B9.root', flags=0x10, permissions=0660, old source=transfer-4.ultralight.org:1096 (site T2_US_Caltech), new source=transfer-4.ultralight.org:1096 (site T2_US_Caltech)) => Xrootd server returned an excluded source
   Additional Info:
      [a] Original error: '[ERROR] Server responded with an error: [3010] Unable to readv /store/data/Run2016D/SinglePhoton/MINIAOD/23Sep2016-v1/80000/00898104-1F85-E611-AE22-001D09FDD7B9.root; operation not permitted
' (errno=3010, code=400, source=transfer-4.ultralight.org:1096 (site T2_US_Caltech)).
      [b] Disabled source: transfer-4.ultralight.org:1096
----- End Fatal Exception -------------------------------------------------
[2017-02-01 22:05:16.856136 -0600][Error  ][XRootD            ] [transfer-4.ultralight.org:1096] Unable to send the message kXR_close (handle: 0x01000000): [ERROR] Invalid session
01-Feb-2017 22:05:16 CST  Closed file root://cmsxrootd.fnal.gov//store/data/Run2016D/SinglePhoton/MINIAOD/23Sep2016-v1/80000/00898104-1F85-E611-AE22-001D09FDD7B9.root

=============================================

MessageLogger Summary

 type     category        sev    module        subroutine        count    total
 ---- -------------------- -- ---------------- ----------------  -----    -----
    1 XrdAdaptor           -w (NoModuleName)                         1        1
    2 XrdAdaptor           -w file_open                              1        1
    3 XrdAdaptorInternal   -w (NoModuleName)                         3        3
    4 Fatal Exception      -s PostProcessPath                        1        1
    5 fileAction           -s file_close                             1        1
    6 fileAction           -s file_open                              2        2

 type    category    Examples: run/evt        run/evt          run/evt
 ---- -------------------- ---------------- ---------------- ----------------
    1 XrdAdaptor           pre-events                        
    2 XrdAdaptor           pre-events                        
    3 XrdAdaptorInternal   pre-events       pre-events       pre-events
    4 Fatal Exception      276794/691158109                  
    5 fileAction           PostEndRun                        
    6 fileAction           pre-events       pre-events       

Severity    # Occurrences   Total Occurrences
--------    -------------   -----------------
Warning                 5                   5
System                  4                   4
exit code 85, skipping xrdcp
