Starting job on  Wed Feb 1 21:04:37 CST 2017
Running on  Linux cmswn1607.fnal.gov 2.6.32-642.6.2.el6.x86_64 #1 SMP Tue Oct 25 15:06:33 CDT 2016 x86_64 x86_64 x86_64 GNU/Linux
System release  Scientific Linux Fermi release 6.8 (Ramsey)
CMSSW on Condor

parameter set:
CMSSWVER:   CMSSW_8_0_25
OUTDIR:     root://cmseos.fnal.gov//store/user/mbhat/MC2016_30_01_2017
SAMPLE:     Run2016D-23Sep2016-v1.SinglePhoton
NPART:      116
NSTART:     116
NFILES:     1
SCENARIO:   2016ReReco23Sep
REDIR:      
Done: ProjectRename
/storage/local/data1/condor/execute/dir_3902862
***** SETUP ************************************
 dataset: cms.untracked.vstring('root://cmsxrootd.fnal.gov//store/data/Run2016D/SinglePhoton/MINIAOD/23Sep2016-v1/100000/D0A75879-7986-E611-8F2C-20CF305B04DA.root')
 outfile: Run2016D-23Sep2016-v1.SinglePhoton_116_RA2AnalysisTree
 
 
 storing PDF weights: True
 
 
 scenario: 2016ReReco23Sep
 global tag: 80X_dataRun2_2016SeptRepro_v3
 Instance name of tag information: RECO
 Including gen-level information: False
 Including pMSSM-related information: False
 Using fastsim settings: False
 Running signal uncertainties: False
 JSON file applied: data/Cert_271036-284044_13TeV_23Sep2016ReReco_Collisions16_JSON.txt
 JECs applied: data/jec/Summer16_23Sep2016AllV3_DATA (residuals)
 era of this dataset: Run2_25ns
************************************************
# Conditions read from  CMS_CONDITIONS  via FrontierProd 
 ################################################################### 
 # WARNING: this module is deprecated.                             # 
 # Please use CondCore.CondDB.CondDB_cfi.py                        # 
 ################################################################### 
 ################################################################### 
 # WARNING: this module is deprecated.                             # 
 # Please use CondCore.CondDB.CondDB_cfi.py                        # 
 ################################################################### 
01-Feb-2017 21:05:07 CST  Initiating request to open file root://cmsxrootd.fnal.gov//store/data/Run2016D/SinglePhoton/MINIAOD/23Sep2016-v1/100000/D0A75879-7986-E611-8F2C-20CF305B04DA.root
%MSG-w XrdAdaptor:  file_open 01-Feb-2017 21:05:09 CST pre-events
Data is served from T2_US_Caltech instead of original site T2_US_Nebraska
%MSG
01-Feb-2017 21:05:12 CST  Successfully opened file root://cmsxrootd.fnal.gov//store/data/Run2016D/SinglePhoton/MINIAOD/23Sep2016-v1/100000/D0A75879-7986-E611-8F2C-20CF305B04DA.root
VarsBool:
full name: BadChargedCandidateFilter -> tag: BadChargedCandidateFilter nameInTree: BadChargedCandidateFilter
full name: BadPFMuonFilter -> tag: BadPFMuonFilter nameInTree: BadPFMuonFilter
full name: GoodJets:JetID(JetID) -> tag: GoodJets:JetID nameInTree: JetID
VarsInt:
full name: NVtx -> tag: NVtx nameInTree: NVtx
full name: nAllVertices -> tag: nAllVertices nameInTree: nAllVertices
full name: CSCTightHaloFilter -> tag: CSCTightHaloFilter nameInTree: CSCTightHaloFilter
full name: globalTightHalo2016Filter -> tag: globalTightHalo2016Filter nameInTree: globalTightHalo2016Filter
full name: HBHENoiseFilter -> tag: HBHENoiseFilter nameInTree: HBHENoiseFilter
full name: HBHEIsoNoiseFilter -> tag: HBHEIsoNoiseFilter nameInTree: HBHEIsoNoiseFilter
full name: EcalDeadCellTriggerPrimitiveFilter -> tag: EcalDeadCellTriggerPrimitiveFilter nameInTree: EcalDeadCellTriggerPrimitiveFilter
full name: eeBadScFilter -> tag: eeBadScFilter nameInTree: eeBadScFilter
VarsDouble:
full name: MET:Pt(MET) -> tag: MET:Pt nameInTree: MET
full name: MET:Phi(METPhi) -> tag: MET:Phi nameInTree: METPhi
full name: MET:CaloPt(CaloMET) -> tag: MET:CaloPt nameInTree: CaloMET
full name: MET:CaloPhi(CaloMETPhi) -> tag: MET:CaloPhi nameInTree: CaloMETPhi
full name: MET:PFCaloPtRatio(PFCaloMETRatio) -> tag: MET:PFCaloPtRatio nameInTree: PFCaloMETRatio
VarsString:
VarsTLorentzVector:
VectorBool:
full name: HEEPProducer:ecalDriven(Electron_ecalDriven) -> tag: HEEPProducer:ecalDriven nameInTree: Electron_ecalDriven
full name: GoodJets:JetIDMask(Jets_ID) -> tag: GoodJets:JetIDMask nameInTree: Jets_ID
VectorInt:
full name: HEEPProducer:Charge(Electron_Charge) -> tag: HEEPProducer:Charge nameInTree: Electron_Charge
full name: HEEPProducer:losthits(Electron_losthits) -> tag: HEEPProducer:losthits nameInTree: Electron_losthits
full name: HEEPProducer:PDGID(PDGID) -> tag: HEEPProducer:PDGID nameInTree: PDGID
full name: HEEPProducer:gencharge(gencharge) -> tag: HEEPProducer:gencharge nameInTree: gencharge
full name: HEEPProducer:motherPDGID(motherPDGID) -> tag: HEEPProducer:motherPDGID nameInTree: motherPDGID
full name: HEEPProducer:elstatus(elstatus) -> tag: HEEPProducer:elstatus nameInTree: elstatus
full name: MuonProducer:MuonPassID(MuonPassID) -> tag: MuonProducer:MuonPassID nameInTree: MuonPassID
full name: MuonProducer:MuonIsGlobal(MuonIsGlobal) -> tag: MuonProducer:MuonIsGlobal nameInTree: MuonIsGlobal
full name: TriggerProducer:TriggerPass -> tag: TriggerProducer:TriggerPass nameInTree: TriggerPass
full name: TriggerProducer:TriggerPrescales -> tag: TriggerProducer:TriggerPrescales nameInTree: TriggerPrescales
VectorDouble:
full name: HEEPProducer:trackiso(Electron_trackiso) -> tag: HEEPProducer:trackiso nameInTree: Electron_trackiso
full name: HEEPProducer:Et(Electron_Et) -> tag: HEEPProducer:Et nameInTree: Electron_Et
full name: HEEPProducer:DeltaEtain(Electron_DeltaEtain) -> tag: HEEPProducer:DeltaEtain nameInTree: Electron_DeltaEtain
full name: HEEPProducer:DeltaPhiin(Electron_DeltaPhiin) -> tag: HEEPProducer:DeltaPhiin nameInTree: Electron_DeltaPhiin
full name: HEEPProducer:HbE(Electron_HOverE) -> tag: HEEPProducer:HbE nameInTree: Electron_HOverE
full name: HEEPProducer:Ecaliso(Electron_Ecaliso) -> tag: HEEPProducer:Ecaliso nameInTree: Electron_Ecaliso
full name: HEEPProducer:HD1iso(Electron_HD1iso) -> tag: HEEPProducer:HD1iso nameInTree: Electron_HD1iso
full name: HEEPProducer:e25bye55(Electron_e25bye55) -> tag: HEEPProducer:e25bye55 nameInTree: Electron_e25bye55
full name: HEEPProducer:Fullsce25bye55(Electron_Fullsce25bye55) -> tag: HEEPProducer:Fullsce25bye55 nameInTree: Electron_Fullsce25bye55
full name: HEEPProducer:Fulle15bye55(Electron_Fulle15bye55) -> tag: HEEPProducer:Fulle15bye55 nameInTree: Electron_Fulle15bye55
full name: HEEPProducer:scEnergy(Electron_scEnergy) -> tag: HEEPProducer:scEnergy nameInTree: Electron_scEnergy
full name: HEEPProducer:DeltaEtaSeed(Electron_DeltaEtaSeed) -> tag: HEEPProducer:DeltaEtaSeed nameInTree: Electron_DeltaEtaSeed
full name: HEEPProducer:rho(rho) -> tag: HEEPProducer:rho nameInTree: rho
full name: HEEPProducer:ecalEnergy(Electron_ecalEnergy) -> tag: HEEPProducer:ecalEnergy nameInTree: Electron_ecalEnergy
full name: HEEPProducer:full55SiEtaiEta(Electron_full55SiEtaiEta) -> tag: HEEPProducer:full55SiEtaiEta nameInTree: Electron_full55SiEtaiEta
full name: HEEPProducer:sce25bye55(Electron_sce25bye55) -> tag: HEEPProducer:sce25bye55 nameInTree: Electron_sce25bye55
full name: HEEPProducer:e15bye55(Electron_e15bye55) -> tag: HEEPProducer:e15bye55 nameInTree: Electron_e15bye55
full name: HEEPProducer:Phi(Electron_Phi) -> tag: HEEPProducer:Phi nameInTree: Electron_Phi
full name: HEEPProducer:eEnergy(Electron_Energy) -> tag: HEEPProducer:eEnergy nameInTree: Electron_Energy
full name: HEEPProducer:dxy(dxy) -> tag: HEEPProducer:dxy nameInTree: dxy
full name: HEEPProducer:ePz(Electron_Pz) -> tag: HEEPProducer:ePz nameInTree: Electron_Pz
full name: HEEPProducer:ePx(Electron_Px) -> tag: HEEPProducer:ePx nameInTree: Electron_Px
full name: HEEPProducer:ePy(Electron_Py) -> tag: HEEPProducer:ePy nameInTree: Electron_Py
full name: HEEPProducer:genPt(genPt) -> tag: HEEPProducer:genPt nameInTree: genPt
full name: HEEPProducer:genEta(genEta) -> tag: HEEPProducer:genEta nameInTree: genEta
full name: HEEPProducer:genPhi(genPhi) -> tag: HEEPProducer:genPhi nameInTree: genPhi
full name: HEEPProducer:genEnergy(genEnergy) -> tag: HEEPProducer:genEnergy nameInTree: genEnergy
full name: HEEPProducer:PtHEEP(Electron_PtHEEP) -> tag: HEEPProducer:PtHEEP nameInTree: Electron_PtHEEP
full name: HEEPProducer:scEta(Electron_scEta) -> tag: HEEPProducer:scEta nameInTree: Electron_scEta
full name: HEEPProducer:heep70TrkIso(Electron_heep70TrkIso) -> tag: HEEPProducer:heep70TrkIso nameInTree: Electron_heep70TrkIso
full name: MuonProducer:MuonEta(MuonEta) -> tag: MuonProducer:MuonEta nameInTree: MuonEta
full name: MuonProducer:MuonPhi(MuonPhi) -> tag: MuonProducer:MuonPhi nameInTree: MuonPhi
full name: MuonProducer:MuonPt(MuonPt) -> tag: MuonProducer:MuonPt nameInTree: MuonPt
full name: MuonProducer:MuonEnergy(MuonEnergy) -> tag: MuonProducer:MuonEnergy nameInTree: MuonEnergy
full name: TauProducer:tEta(TauEta) -> tag: TauProducer:tEta nameInTree: TauEta
full name: TauProducer:tPhi(TauPhi) -> tag: TauProducer:tPhi nameInTree: TauPhi
full name: TauProducer:tPt(TauPt) -> tag: TauProducer:tPt nameInTree: TauPt
full name: TriggerProducer:objectPt -> tag: TriggerProducer:objectPt nameInTree: objectPt
full name: TriggerProducer:objecteta -> tag: TriggerProducer:objecteta nameInTree: objecteta
full name: TriggerProducer:objectphi -> tag: TriggerProducer:objectphi nameInTree: objectphi
full name: TriggerProducer:objectE -> tag: TriggerProducer:objectE nameInTree: objectE
full name: TriggerProducer:ColumnNum -> tag: TriggerProducer:ColumnNum nameInTree: ColumnNum
VectorString:
full name: TriggerProducer:TriggerNames -> tag: TriggerProducer:TriggerNames nameInTree: TriggerNames
VectorTLorentzVector:
VectorRecoCand:
full name: GoodJets(Jets) -> tag: GoodJets nameInTree: Jets
List of stored triggers:
0: HLT_CaloJet500_NoJetID_v
1: HLT_DoubleEle8_CaloIdM_TrackIdM_Mass8_PFHT300_v
2: HLT_DoubleMu8_Mass8_PFHT300_v
3: HLT_Ele105_CaloIdVT_GsfTrkIdT_v
4: HLT_Ele115_CaloIdVT_GsfTrkIdT_v
5: HLT_Ele15_IsoVVVL_PFHT350_PFMET50_v
6: HLT_Ele15_IsoVVVL_PFHT350_v
7: HLT_Ele15_IsoVVVL_PFHT400_v
8: HLT_Ele15_IsoVVVL_PFHT600_v
9: HLT_Ele23_Ele12_CaloIdL_TrackIdL_IsoVL_DZ_v
10: HLT_Ele25_eta2p1_WPTight_Gsf_v 
11: HLT_Ele27_WPTight_Gsf_v
12: HLT_Ele27_eta2p1_WPLoose_Gsf_v 
13: HLT_Ele45_WPLoose_Gsf_v
14: HLT_Ele50_IsoVVVL_PFHT400_v
15: HLT_IsoMu16_eta2p1_MET30_v
16: HLT_IsoMu22_eta2p1_v
17: HLT_IsoMu22_v
18: HLT_IsoMu24_v 
19: HLT_IsoTkMu22_v
20: HLT_Mu15_IsoVVVL_PFHT350_PFMET50_v
21: HLT_Mu15_IsoVVVL_PFHT350_v
22: HLT_Mu15_IsoVVVL_PFHT400_v
23: HLT_Mu15_IsoVVVL_PFHT600_v
24: HLT_Mu17_TrkIsoVVL_Mu8_TrkIsoVVL_v
25: HLT_Mu17_TrkIsoVVL_TkMu8_TrkIsoVVL_v
26: HLT_Mu45_eta2p1_v
27: HLT_Mu50_IsoVVVL_PFHT400_v
28: HLT_Mu50_v
29: HLT_PFHT200_v
30: HLT_PFHT250_v
31: HLT_PFHT300_PFMET100_v
32: HLT_PFHT300_PFMET110_v
33: HLT_PFHT300_v
34: HLT_PFHT350_v
35: HLT_PFHT400_v
36: HLT_PFHT475_v
37: HLT_PFHT600_v
38: HLT_PFHT650_v
39: HLT_PFHT800_v
40: HLT_PFHT900_v
41: HLT_PFMET100_PFMHT100_IDTight_v
42: HLT_PFMET110_PFMHT110_IDTight_v
43: HLT_PFMET120_PFMHT120_IDTight_v
44: HLT_PFMET90_PFMHT90_IDTight_v
45: HLT_PFMETNoMu100_PFMHTNoMu100_IDTight_v
46: HLT_PFMETNoMu110_PFMHTNoMu110_IDTight_v
47: HLT_PFMETNoMu120_PFMHTNoMu120_IDTight_v
48: HLT_PFMETNoMu90_PFMHTNoMu90_IDTight_v
49: HLT_Photon120_v
50: HLT_Photon165_HE10_v
51: HLT_Photon175_v
52: HLT_Photon22_v
53: HLT_Photon30_v
54: HLT_Photon36_v
55: HLT_Photon50_v
56: HLT_Photon75_v
57: HLT_Photon90_CaloIdL_PFHT500_v
58: HLT_Photon90_v
59: HLT_TkMu50_v
[STATUS] Reading energy scale correction  values from file: EgammaAnalysis/ElectronTools/data/ScalesSmearings/Winter_2016_reReco_v1_ele_scales.dat
[STATUS] Reading energy scale correction  values from file: EgammaAnalysis/ElectronTools/data/ScalesSmearings/Winter_2016_reReco_v1_ele_scales.dat
Begin processing the 1st record. Run 276437, Event 1680461691, LumiSection 938 at 01-Feb-2017 21:05:40.083 CST
Begin processing the 1001st record. Run 276437, Event 1681063117, LumiSection 938 at 01-Feb-2017 21:06:24.220 CST
Begin processing the 2001st record. Run 276437, Event 1681808303, LumiSection 939 at 01-Feb-2017 21:06:55.837 CST
Begin processing the 3001st record. Run 276437, Event 1682261018, LumiSection 939 at 01-Feb-2017 21:07:28.214 CST
Begin processing the 4001st record. Run 276437, Event 1684425743, LumiSection 940 at 01-Feb-2017 21:07:59.706 CST
Begin processing the 5001st record. Run 276437, Event 1684538205, LumiSection 940 at 01-Feb-2017 21:08:31.710 CST
Begin processing the 6001st record. Run 276437, Event 1699242796, LumiSection 947 at 01-Feb-2017 21:09:07.338 CST
Begin processing the 7001st record. Run 276437, Event 1698302686, LumiSection 947 at 01-Feb-2017 21:09:41.364 CST
Begin processing the 8001st record. Run 276437, Event 1700494874, LumiSection 948 at 01-Feb-2017 21:10:14.909 CST
Begin processing the 9001st record. Run 276437, Event 1701258010, LumiSection 948 at 01-Feb-2017 21:10:44.440 CST
Begin processing the 10001st record. Run 276437, Event 1702209100, LumiSection 949 at 01-Feb-2017 21:11:20.067 CST
Begin processing the 11001st record. Run 276437, Event 1702487447, LumiSection 949 at 01-Feb-2017 21:11:50.257 CST
Begin processing the 12001st record. Run 276437, Event 1729447873, LumiSection 962 at 01-Feb-2017 21:12:27.310 CST
Begin processing the 13001st record. Run 276437, Event 1729725241, LumiSection 962 at 01-Feb-2017 21:12:59.813 CST
Begin processing the 14001st record. Run 276437, Event 1731534592, LumiSection 963 at 01-Feb-2017 21:13:32.835 CST
Begin processing the 15001st record. Run 276437, Event 1730376289, LumiSection 963 at 01-Feb-2017 21:14:04.647 CST
Begin processing the 16001st record. Run 276437, Event 1733638193, LumiSection 964 at 01-Feb-2017 21:14:38.661 CST
Begin processing the 17001st record. Run 276437, Event 1733056295, LumiSection 964 at 01-Feb-2017 21:15:07.883 CST
Begin processing the 18001st record. Run 276437, Event 1734905694, LumiSection 965 at 01-Feb-2017 21:15:46.616 CST
Begin processing the 19001st record. Run 276437, Event 1735008325, LumiSection 965 at 01-Feb-2017 21:16:15.819 CST
Begin processing the 20001st record. Run 276437, Event 1736137949, LumiSection 966 at 01-Feb-2017 21:16:49.658 CST
Begin processing the 21001st record. Run 276437, Event 1736057481, LumiSection 966 at 01-Feb-2017 21:17:20.403 CST
Begin processing the 22001st record. Run 276437, Event 1737948773, LumiSection 967 at 01-Feb-2017 21:17:56.430 CST
Begin processing the 23001st record. Run 276437, Event 1740757603, LumiSection 968 at 01-Feb-2017 21:18:37.442 CST
Begin processing the 24001st record. Run 276437, Event 1741613835, LumiSection 968 at 01-Feb-2017 21:19:27.124 CST
Begin processing the 25001st record. Run 276437, Event 1742663894, LumiSection 969 at 01-Feb-2017 21:20:01.175 CST
Begin processing the 26001st record. Run 276437, Event 1742836803, LumiSection 969 at 01-Feb-2017 21:20:34.733 CST
Begin processing the 27001st record. Run 276437, Event 1744246646, LumiSection 970 at 01-Feb-2017 21:21:09.996 CST
Begin processing the 28001st record. Run 276437, Event 1744110571, LumiSection 970 at 01-Feb-2017 21:21:41.625 CST
Begin processing the 29001st record. Run 276437, Event 1835123590, LumiSection 1016 at 01-Feb-2017 21:22:18.442 CST
Begin processing the 30001st record. Run 276437, Event 1835099714, LumiSection 1016 at 01-Feb-2017 21:22:51.968 CST
Begin processing the 31001st record. Run 276437, Event 1836155797, LumiSection 1017 at 01-Feb-2017 21:23:24.526 CST
Begin processing the 32001st record. Run 276437, Event 1837058921, LumiSection 1017 at 01-Feb-2017 21:23:56.899 CST
Begin processing the 33001st record. Run 276437, Event 1839713830, LumiSection 1018 at 01-Feb-2017 21:24:29.825 CST
Begin processing the 34001st record. Run 276437, Event 1837850883, LumiSection 1018 at 01-Feb-2017 21:25:01.567 CST
Begin processing the 35001st record. Run 276437, Event 1845971726, LumiSection 1022 at 01-Feb-2017 21:25:41.599 CST
Begin processing the 36001st record. Run 276437, Event 1846192493, LumiSection 1022 at 01-Feb-2017 21:26:11.017 CST
Begin processing the 37001st record. Run 276437, Event 1848861389, LumiSection 1023 at 01-Feb-2017 21:26:46.104 CST
Begin processing the 38001st record. Run 276437, Event 1849069155, LumiSection 1023 at 01-Feb-2017 21:27:15.597 CST
Begin processing the 39001st record. Run 276437, Event 1851409428, LumiSection 1024 at 01-Feb-2017 21:27:50.093 CST
Begin processing the 40001st record. Run 276437, Event 1947074000, LumiSection 1073 at 01-Feb-2017 21:28:20.919 CST
Begin processing the 41001st record. Run 276437, Event 1947689103, LumiSection 1073 at 01-Feb-2017 21:29:03.817 CST
Begin processing the 42001st record. Run 276437, Event 1949538401, LumiSection 1074 at 01-Feb-2017 21:29:36.189 CST
Begin processing the 43001st record. Run 276437, Event 1949129728, LumiSection 1074 at 01-Feb-2017 21:30:08.805 CST
Begin processing the 44001st record. Run 276437, Event 3020306574, LumiSection 1693 at 01-Feb-2017 21:30:43.810 CST
Begin processing the 45001st record. Run 276437, Event 3020221367, LumiSection 1693 at 01-Feb-2017 21:31:19.654 CST
Begin processing the 46001st record. Run 276437, Event 3021363694, LumiSection 1694 at 01-Feb-2017 21:31:50.895 CST
Begin processing the 47001st record. Run 276437, Event 3024100380, LumiSection 1695 at 01-Feb-2017 21:32:21.648 CST
Begin processing the 48001st record. Run 276437, Event 3023905511, LumiSection 1695 at 01-Feb-2017 21:32:52.725 CST
Begin processing the 49001st record. Run 276437, Event 3024390595, LumiSection 1696 at 01-Feb-2017 21:33:23.951 CST
Begin processing the 50001st record. Run 276437, Event 3024396779, LumiSection 1696 at 01-Feb-2017 21:33:52.830 CST
Begin processing the 51001st record. Run 276437, Event 3026556954, LumiSection 1697 at 01-Feb-2017 21:34:31.029 CST
Begin processing the 52001st record. Run 276437, Event 3027526131, LumiSection 1698 at 01-Feb-2017 21:35:00.191 CST
Begin processing the 53001st record. Run 276437, Event 3027622830, LumiSection 1698 at 01-Feb-2017 21:35:31.640 CST
Begin processing the 54001st record. Run 276437, Event 3029100913, LumiSection 1699 at 01-Feb-2017 21:36:00.884 CST
Begin processing the 55001st record. Run 276437, Event 3031666246, LumiSection 1700 at 01-Feb-2017 21:36:33.126 CST
Begin processing the 56001st record. Run 276437, Event 3030911201, LumiSection 1700 at 01-Feb-2017 21:37:01.524 CST
Begin processing the 57001st record. Run 276437, Event 3083811233, LumiSection 1733 at 01-Feb-2017 21:37:40.277 CST
Begin processing the 58001st record. Run 276437, Event 3085934716, LumiSection 1734 at 01-Feb-2017 21:38:08.993 CST
Begin processing the 59001st record. Run 276437, Event 3086575984, LumiSection 1734 at 01-Feb-2017 21:38:42.711 CST
Begin processing the 60001st record. Run 276437, Event 3087822107, LumiSection 1735 at 01-Feb-2017 21:39:12.187 CST
Begin processing the 61001st record. Run 276437, Event 3089429479, LumiSection 1736 at 01-Feb-2017 21:39:45.323 CST
Begin processing the 62001st record. Run 276437, Event 3088439827, LumiSection 1736 at 01-Feb-2017 21:40:13.863 CST
Begin processing the 63001st record. Run 276437, Event 3252771647, LumiSection 1841 at 01-Feb-2017 21:40:51.736 CST
Begin processing the 64001st record. Run 276437, Event 3255653898, LumiSection 1842 at 01-Feb-2017 21:41:19.627 CST
Begin processing the 65001st record. Run 276437, Event 3255634105, LumiSection 1842 at 01-Feb-2017 21:41:50.765 CST
Begin processing the 66001st record. Run 276437, Event 3256340372, LumiSection 1843 at 01-Feb-2017 21:42:20.879 CST
Begin processing the 67001st record. Run 276437, Event 3258082065, LumiSection 1844 at 01-Feb-2017 21:42:51.063 CST
Begin processing the 68001st record. Run 276437, Event 3258000774, LumiSection 1844 at 01-Feb-2017 21:43:21.137 CST
Begin processing the 69001st record. Run 276437, Event 3390967927, LumiSection 1921 at 01-Feb-2017 21:43:58.067 CST
Begin processing the 70001st record. Run 276437, Event 3392177222, LumiSection 1922 at 01-Feb-2017 21:44:28.205 CST
Begin processing the 71001st record. Run 276437, Event 3393023811, LumiSection 1922 at 01-Feb-2017 21:44:59.260 CST
Begin processing the 72001st record. Run 276437, Event 3394938733, LumiSection 1923 at 01-Feb-2017 21:45:29.810 CST
Begin processing the 73001st record. Run 276437, Event 3395240930, LumiSection 1924 at 01-Feb-2017 21:45:58.383 CST
Begin processing the 74001st record. Run 276437, Event 3396819857, LumiSection 1924 at 01-Feb-2017 21:46:31.507 CST
Begin processing the 75001st record. Run 276437, Event 3664731705, LumiSection 2069 at 01-Feb-2017 21:47:05.927 CST
Begin processing the 76001st record. Run 276437, Event 3666988390, LumiSection 2070 at 01-Feb-2017 21:47:35.744 CST
Begin processing the 77001st record. Run 276437, Event 3666651235, LumiSection 2070 at 01-Feb-2017 21:48:04.514 CST
Begin processing the 78001st record. Run 276437, Event 3669732622, LumiSection 2071 at 01-Feb-2017 21:48:37.651 CST
Begin processing the 79001st record. Run 276437, Event 3671351438, LumiSection 2072 at 01-Feb-2017 21:49:05.668 CST
Begin processing the 80001st record. Run 276437, Event 3671248919, LumiSection 2072 at 01-Feb-2017 21:49:34.920 CST
Begin processing the 81001st record. Run 276437, Event 3832171871, LumiSection 2161 at 01-Feb-2017 21:50:09.338 CST
Begin processing the 82001st record. Run 276437, Event 3833622979, LumiSection 2162 at 01-Feb-2017 21:50:38.938 CST
Begin processing the 83001st record. Run 276437, Event 3833703546, LumiSection 2162 at 01-Feb-2017 21:51:07.422 CST
Begin processing the 84001st record. Run 276437, Event 3834543713, LumiSection 2163 at 01-Feb-2017 21:51:36.693 CST
Begin processing the 85001st record. Run 276437, Event 3837514527, LumiSection 2164 at 01-Feb-2017 21:52:04.814 CST
Begin processing the 86001st record. Run 276437, Event 3836873439, LumiSection 2164 at 01-Feb-2017 21:52:35.265 CST
Begin processing the 87001st record. Run 276437, Event 3837964145, LumiSection 2165 at 01-Feb-2017 21:53:11.090 CST
Begin processing the 88001st record. Run 276437, Event 3839606965, LumiSection 2166 at 01-Feb-2017 21:53:42.549 CST
Begin processing the 89001st record. Run 276437, Event 3842106508, LumiSection 2167 at 01-Feb-2017 21:54:12.680 CST
Begin processing the 90001st record. Run 276437, Event 3842635863, LumiSection 2167 at 01-Feb-2017 21:54:40.275 CST
Begin processing the 91001st record. Run 276437, Event 3843533609, LumiSection 2168 at 01-Feb-2017 21:55:10.783 CST
Begin processing the 92001st record. Run 276525, Event 3944904028, LumiSection 2294 at 01-Feb-2017 21:55:43.160 CST
Begin processing the 93001st record. Run 276525, Event 3946916513, LumiSection 2295 at 01-Feb-2017 21:56:22.445 CST
Begin processing the 94001st record. Run 276525, Event 3948420745, LumiSection 2296 at 01-Feb-2017 21:56:53.128 CST
Begin processing the 95001st record. Run 276525, Event 3950689578, LumiSection 2298 at 01-Feb-2017 21:57:23.466 CST
Begin processing the 96001st record. Run 276525, Event 3952536836, LumiSection 2299 at 01-Feb-2017 21:57:53.684 CST
Begin processing the 97001st record. Run 276525, Event 3954632912, LumiSection 2300 at 01-Feb-2017 21:58:25.762 CST
[2017-02-01 21:58:56.598733 -0600][Error  ][File              ] [0x47c2cc80@root://cmsxrootd.fnal.gov:1094//store/data/Run2016D/SinglePhoton/MINIAOD/23Sep2016-v1/100000/D0A75879-7986-E611-8F2C-20CF305B04DA.root] Fatal file state error. Message kXR_readv (handle: 0x00000000, chunks: 107, total size: 14163695) returned with [ERROR] Server responded with an error: [3010] Unable to readv /store/data/Run2016D/SinglePhoton/MINIAOD/23Sep2016-v1/100000/D0A75879-7986-E611-8F2C-20CF305B04DA.root; operation not permitted
%MSG-w XrdAdaptorInternal:  (NoModuleName) 01-Feb-2017 21:58:56 CST pre-events
XrdRequestManager::handle(name='root://cmsxrootd.fnal.gov//store/data/Run2016D/SinglePhoton/MINIAOD/23Sep2016-v1/100000/D0A75879-7986-E611-8F2C-20CF305B04DA.root) failure when reading from transfer-2.ultralight.org:1094 (site T2_US_Caltech); failed with error '[ERROR] Server responded with an error: [3010] Unable to readv /store/data/Run2016D/SinglePhoton/MINIAOD/23Sep2016-v1/100000/D0A75879-7986-E611-8F2C-20CF305B04DA.root; operation not permitted
' (errno=3010, code=400).
%MSG
%MSG-w XrdAdaptorInternal:  (NoModuleName) 01-Feb-2017 21:58:56 CST pre-events
Request failure when reading from transfer-2.ultralight.org:1094 (site T2_US_Caltech)
%MSG
%MSG-w XrdAdaptor:  (NoModuleName) 01-Feb-2017 21:58:56 CST pre-events
Data is now served from  instead of previous T2_US_Caltech
%MSG
[2017-02-01 21:58:59.390991 -0600][Error  ][File              ] [0x47c2f5c0@root://cmsxrootd.fnal.gov:1094//store/data/Run2016D/SinglePhoton/MINIAOD/23Sep2016-v1/100000/D0A75879-7986-E611-8F2C-20CF305B04DA.root?tried=transfer-2.ultralight.org] Fatal file state error. Message kXR_readv (handle: 0x00000000, chunks: 107, total size: 14163695) returned with [ERROR] Server responded with an error: [3010] Unable to readv /store/data/Run2016D/SinglePhoton/MINIAOD/23Sep2016-v1/100000/D0A75879-7986-E611-8F2C-20CF305B04DA.root; operation not permitted
%MSG-w XrdAdaptorInternal:  (NoModuleName) 01-Feb-2017 21:58:59 CST pre-events
XrdRequestManager::handle(name='root://cmsxrootd.fnal.gov//store/data/Run2016D/SinglePhoton/MINIAOD/23Sep2016-v1/100000/D0A75879-7986-E611-8F2C-20CF305B04DA.root) failure when reading from transfer-2.ultralight.org:1096 (site T2_US_Caltech); failed with error '[ERROR] Server responded with an error: [3010] Unable to readv /store/data/Run2016D/SinglePhoton/MINIAOD/23Sep2016-v1/100000/D0A75879-7986-E611-8F2C-20CF305B04DA.root; operation not permitted
' (errno=3010, code=400).
%MSG
%MSG-w XrdAdaptorInternal:  (NoModuleName) 01-Feb-2017 21:58:59 CST pre-events
Request failure when reading from transfer-2.ultralight.org:1096 (site T2_US_Caltech)
%MSG
%MSG-w XrdAdaptor:  (NoModuleName) 01-Feb-2017 21:58:59 CST pre-events
Data is now served from  instead of previous T2_US_Caltech
%MSG
%MSG-w XrdAdaptorInternal:  (NoModuleName) 01-Feb-2017 21:58:59 CST pre-events
Caught a CMSSW exception when running connection recovery.
%MSG
----- Begin Fatal Exception 01-Feb-2017 21:58:59 CST-----------------------
An exception of category 'FileReadError' occurred while
   [0] Processing run: 276525 lumi: 2301 event: 3956906525
   [1] Running path 'WriteTree'
   [2] Calling event method for module TreeMaker/'LQTreeMaker2'
   [3] Calling produce method for unscheduled module GoodJetsProducer/'GoodJets'
   [4] Calling produce method for unscheduled module PATJetUpdater/'updatedPatJetsUpdatedJECAuxiliary'
   [5] Calling produce method for unscheduled module PATJetUpdater/'updatedPatJetsUpdatedJEC'
   [6] Reading branch patJets_slimmedJets__RECO.
   [7] Calling XrdFile::readv()
   [8] XrdAdaptor::ClientRequest::HandleResponse() failure while running connection recovery
   [9] In XrdAdaptor::RequestManager::requestFailure()
Exception Message:
XrdAdaptor::RequestManager::requestFailure Open(name='root://cmsxrootd.fnal.gov//store/data/Run2016D/SinglePhoton/MINIAOD/23Sep2016-v1/100000/D0A75879-7986-E611-8F2C-20CF305B04DA.root', flags=0x10, permissions=0660, old source=transfer-2.ultralight.org:1096 (site T2_US_Caltech), new source=transfer-2.ultralight.org:1096 (site T2_US_Caltech)) => Xrootd server returned an excluded source
   Additional Info:
      [a] Original error: '[ERROR] Server responded with an error: [3010] Unable to readv /store/data/Run2016D/SinglePhoton/MINIAOD/23Sep2016-v1/100000/D0A75879-7986-E611-8F2C-20CF305B04DA.root; operation not permitted
' (errno=3010, code=400, source=transfer-2.ultralight.org:1096 (site T2_US_Caltech)).
      [b] Disabled source: transfer-2.ultralight.org:1096
      [c] Disabled source: transfer-2.ultralight.org:1094
----- End Fatal Exception -------------------------------------------------
01-Feb-2017 21:58:59 CST  Closed file root://cmsxrootd.fnal.gov//store/data/Run2016D/SinglePhoton/MINIAOD/23Sep2016-v1/100000/D0A75879-7986-E611-8F2C-20CF305B04DA.root

=============================================

MessageLogger Summary

 type     category        sev    module        subroutine        count    total
 ---- -------------------- -- ---------------- ----------------  -----    -----
    1 XrdAdaptor           -w (NoModuleName)                         2        2
    2 XrdAdaptor           -w file_open                              1        1
    3 XrdAdaptorInternal   -w (NoModuleName)                         5        5
    4 Fatal Exception      -s PostProcessPath                        1        1
    5 fileAction           -s file_close                             1        1
    6 fileAction           -s file_open                              2        2

 type    category    Examples: run/evt        run/evt          run/evt
 ---- -------------------- ---------------- ---------------- ----------------
    1 XrdAdaptor           pre-events       pre-events       
    2 XrdAdaptor           pre-events                        
    3 XrdAdaptorInternal   pre-events       pre-events       pre-events
    4 Fatal Exception      Run: 276525 Even                  
    5 fileAction           PostEndRun                        
    6 fileAction           pre-events       pre-events       

Severity    # Occurrences   Total Occurrences
--------    -------------   -----------------
Warning                 8                   8
System                  4                   4
exit code 85, skipping xrdcp
