Starting job on  Wed Feb 1 21:19:05 CST 2017
Running on  Linux cmswn1581.fnal.gov 2.6.32-642.6.2.el6.x86_64 #1 SMP Tue Oct 25 15:06:33 CDT 2016 x86_64 x86_64 x86_64 GNU/Linux
System release  Scientific Linux Fermi release 6.8 (Ramsey)
CMSSW on Condor

parameter set:
CMSSWVER:   CMSSW_8_0_25
OUTDIR:     root://cmseos.fnal.gov//store/user/mbhat/MC2016_30_01_2017
SAMPLE:     Run2016D-23Sep2016-v1.SinglePhoton
NPART:      210
NSTART:     210
NFILES:     1
SCENARIO:   2016ReReco23Sep
REDIR:      
Done: ProjectRename
/storage/local/data1/condor/execute/dir_1654232
***** SETUP ************************************
 dataset: cms.untracked.vstring('root://cmsxrootd.fnal.gov//store/data/Run2016D/SinglePhoton/MINIAOD/23Sep2016-v1/90000/2E07BC59-1387-E611-951F-008CFA052C0C.root')
 outfile: Run2016D-23Sep2016-v1.SinglePhoton_210_RA2AnalysisTree
 
 
 storing PDF weights: True
 
 
 scenario: 2016ReReco23Sep
 global tag: 80X_dataRun2_2016SeptRepro_v3
 Instance name of tag information: RECO
 Including gen-level information: False
 Including pMSSM-related information: False
 Using fastsim settings: False
 Running signal uncertainties: False
 JSON file applied: data/Cert_271036-284044_13TeV_23Sep2016ReReco_Collisions16_JSON.txt
 JECs applied: data/jec/Summer16_23Sep2016AllV3_DATA (residuals)
 era of this dataset: Run2_25ns
************************************************
# Conditions read from  CMS_CONDITIONS  via FrontierProd 
 ################################################################### 
 # WARNING: this module is deprecated.                             # 
 # Please use CondCore.CondDB.CondDB_cfi.py                        # 
 ################################################################### 
 ################################################################### 
 # WARNING: this module is deprecated.                             # 
 # Please use CondCore.CondDB.CondDB_cfi.py                        # 
 ################################################################### 
01-Feb-2017 21:19:37 CST  Initiating request to open file root://cmsxrootd.fnal.gov//store/data/Run2016D/SinglePhoton/MINIAOD/23Sep2016-v1/90000/2E07BC59-1387-E611-951F-008CFA052C0C.root
%MSG-w XrdAdaptor:  file_open 01-Feb-2017 21:19:39 CST pre-events
Data is served from T2_US_Caltech instead of original site T2_US_Nebraska
%MSG
01-Feb-2017 21:19:42 CST  Successfully opened file root://cmsxrootd.fnal.gov//store/data/Run2016D/SinglePhoton/MINIAOD/23Sep2016-v1/90000/2E07BC59-1387-E611-951F-008CFA052C0C.root
VarsBool:
full name: BadChargedCandidateFilter -> tag: BadChargedCandidateFilter nameInTree: BadChargedCandidateFilter
full name: BadPFMuonFilter -> tag: BadPFMuonFilter nameInTree: BadPFMuonFilter
full name: GoodJets:JetID(JetID) -> tag: GoodJets:JetID nameInTree: JetID
VarsInt:
full name: NVtx -> tag: NVtx nameInTree: NVtx
full name: nAllVertices -> tag: nAllVertices nameInTree: nAllVertices
full name: CSCTightHaloFilter -> tag: CSCTightHaloFilter nameInTree: CSCTightHaloFilter
full name: globalTightHalo2016Filter -> tag: globalTightHalo2016Filter nameInTree: globalTightHalo2016Filter
full name: HBHENoiseFilter -> tag: HBHENoiseFilter nameInTree: HBHENoiseFilter
full name: HBHEIsoNoiseFilter -> tag: HBHEIsoNoiseFilter nameInTree: HBHEIsoNoiseFilter
full name: EcalDeadCellTriggerPrimitiveFilter -> tag: EcalDeadCellTriggerPrimitiveFilter nameInTree: EcalDeadCellTriggerPrimitiveFilter
full name: eeBadScFilter -> tag: eeBadScFilter nameInTree: eeBadScFilter
VarsDouble:
full name: MET:Pt(MET) -> tag: MET:Pt nameInTree: MET
full name: MET:Phi(METPhi) -> tag: MET:Phi nameInTree: METPhi
full name: MET:CaloPt(CaloMET) -> tag: MET:CaloPt nameInTree: CaloMET
full name: MET:CaloPhi(CaloMETPhi) -> tag: MET:CaloPhi nameInTree: CaloMETPhi
full name: MET:PFCaloPtRatio(PFCaloMETRatio) -> tag: MET:PFCaloPtRatio nameInTree: PFCaloMETRatio
VarsString:
VarsTLorentzVector:
VectorBool:
full name: HEEPProducer:ecalDriven(Electron_ecalDriven) -> tag: HEEPProducer:ecalDriven nameInTree: Electron_ecalDriven
full name: GoodJets:JetIDMask(Jets_ID) -> tag: GoodJets:JetIDMask nameInTree: Jets_ID
VectorInt:
full name: HEEPProducer:Charge(Electron_Charge) -> tag: HEEPProducer:Charge nameInTree: Electron_Charge
full name: HEEPProducer:losthits(Electron_losthits) -> tag: HEEPProducer:losthits nameInTree: Electron_losthits
full name: HEEPProducer:PDGID(PDGID) -> tag: HEEPProducer:PDGID nameInTree: PDGID
full name: HEEPProducer:gencharge(gencharge) -> tag: HEEPProducer:gencharge nameInTree: gencharge
full name: HEEPProducer:motherPDGID(motherPDGID) -> tag: HEEPProducer:motherPDGID nameInTree: motherPDGID
full name: HEEPProducer:elstatus(elstatus) -> tag: HEEPProducer:elstatus nameInTree: elstatus
full name: MuonProducer:MuonPassID(MuonPassID) -> tag: MuonProducer:MuonPassID nameInTree: MuonPassID
full name: MuonProducer:MuonIsGlobal(MuonIsGlobal) -> tag: MuonProducer:MuonIsGlobal nameInTree: MuonIsGlobal
full name: TriggerProducer:TriggerPass -> tag: TriggerProducer:TriggerPass nameInTree: TriggerPass
full name: TriggerProducer:TriggerPrescales -> tag: TriggerProducer:TriggerPrescales nameInTree: TriggerPrescales
VectorDouble:
full name: HEEPProducer:trackiso(Electron_trackiso) -> tag: HEEPProducer:trackiso nameInTree: Electron_trackiso
full name: HEEPProducer:Et(Electron_Et) -> tag: HEEPProducer:Et nameInTree: Electron_Et
full name: HEEPProducer:DeltaEtain(Electron_DeltaEtain) -> tag: HEEPProducer:DeltaEtain nameInTree: Electron_DeltaEtain
full name: HEEPProducer:DeltaPhiin(Electron_DeltaPhiin) -> tag: HEEPProducer:DeltaPhiin nameInTree: Electron_DeltaPhiin
full name: HEEPProducer:HbE(Electron_HOverE) -> tag: HEEPProducer:HbE nameInTree: Electron_HOverE
full name: HEEPProducer:Ecaliso(Electron_Ecaliso) -> tag: HEEPProducer:Ecaliso nameInTree: Electron_Ecaliso
full name: HEEPProducer:HD1iso(Electron_HD1iso) -> tag: HEEPProducer:HD1iso nameInTree: Electron_HD1iso
full name: HEEPProducer:e25bye55(Electron_e25bye55) -> tag: HEEPProducer:e25bye55 nameInTree: Electron_e25bye55
full name: HEEPProducer:Fullsce25bye55(Electron_Fullsce25bye55) -> tag: HEEPProducer:Fullsce25bye55 nameInTree: Electron_Fullsce25bye55
full name: HEEPProducer:Fulle15bye55(Electron_Fulle15bye55) -> tag: HEEPProducer:Fulle15bye55 nameInTree: Electron_Fulle15bye55
full name: HEEPProducer:scEnergy(Electron_scEnergy) -> tag: HEEPProducer:scEnergy nameInTree: Electron_scEnergy
full name: HEEPProducer:DeltaEtaSeed(Electron_DeltaEtaSeed) -> tag: HEEPProducer:DeltaEtaSeed nameInTree: Electron_DeltaEtaSeed
full name: HEEPProducer:rho(rho) -> tag: HEEPProducer:rho nameInTree: rho
full name: HEEPProducer:ecalEnergy(Electron_ecalEnergy) -> tag: HEEPProducer:ecalEnergy nameInTree: Electron_ecalEnergy
full name: HEEPProducer:full55SiEtaiEta(Electron_full55SiEtaiEta) -> tag: HEEPProducer:full55SiEtaiEta nameInTree: Electron_full55SiEtaiEta
full name: HEEPProducer:sce25bye55(Electron_sce25bye55) -> tag: HEEPProducer:sce25bye55 nameInTree: Electron_sce25bye55
full name: HEEPProducer:e15bye55(Electron_e15bye55) -> tag: HEEPProducer:e15bye55 nameInTree: Electron_e15bye55
full name: HEEPProducer:Phi(Electron_Phi) -> tag: HEEPProducer:Phi nameInTree: Electron_Phi
full name: HEEPProducer:eEnergy(Electron_Energy) -> tag: HEEPProducer:eEnergy nameInTree: Electron_Energy
full name: HEEPProducer:dxy(dxy) -> tag: HEEPProducer:dxy nameInTree: dxy
full name: HEEPProducer:ePz(Electron_Pz) -> tag: HEEPProducer:ePz nameInTree: Electron_Pz
full name: HEEPProducer:ePx(Electron_Px) -> tag: HEEPProducer:ePx nameInTree: Electron_Px
full name: HEEPProducer:ePy(Electron_Py) -> tag: HEEPProducer:ePy nameInTree: Electron_Py
full name: HEEPProducer:genPt(genPt) -> tag: HEEPProducer:genPt nameInTree: genPt
full name: HEEPProducer:genEta(genEta) -> tag: HEEPProducer:genEta nameInTree: genEta
full name: HEEPProducer:genPhi(genPhi) -> tag: HEEPProducer:genPhi nameInTree: genPhi
full name: HEEPProducer:genEnergy(genEnergy) -> tag: HEEPProducer:genEnergy nameInTree: genEnergy
full name: HEEPProducer:PtHEEP(Electron_PtHEEP) -> tag: HEEPProducer:PtHEEP nameInTree: Electron_PtHEEP
full name: HEEPProducer:scEta(Electron_scEta) -> tag: HEEPProducer:scEta nameInTree: Electron_scEta
full name: HEEPProducer:heep70TrkIso(Electron_heep70TrkIso) -> tag: HEEPProducer:heep70TrkIso nameInTree: Electron_heep70TrkIso
full name: MuonProducer:MuonEta(MuonEta) -> tag: MuonProducer:MuonEta nameInTree: MuonEta
full name: MuonProducer:MuonPhi(MuonPhi) -> tag: MuonProducer:MuonPhi nameInTree: MuonPhi
full name: MuonProducer:MuonPt(MuonPt) -> tag: MuonProducer:MuonPt nameInTree: MuonPt
full name: MuonProducer:MuonEnergy(MuonEnergy) -> tag: MuonProducer:MuonEnergy nameInTree: MuonEnergy
full name: TauProducer:tEta(TauEta) -> tag: TauProducer:tEta nameInTree: TauEta
full name: TauProducer:tPhi(TauPhi) -> tag: TauProducer:tPhi nameInTree: TauPhi
full name: TauProducer:tPt(TauPt) -> tag: TauProducer:tPt nameInTree: TauPt
full name: TriggerProducer:objectPt -> tag: TriggerProducer:objectPt nameInTree: objectPt
full name: TriggerProducer:objecteta -> tag: TriggerProducer:objecteta nameInTree: objecteta
full name: TriggerProducer:objectphi -> tag: TriggerProducer:objectphi nameInTree: objectphi
full name: TriggerProducer:objectE -> tag: TriggerProducer:objectE nameInTree: objectE
full name: TriggerProducer:ColumnNum -> tag: TriggerProducer:ColumnNum nameInTree: ColumnNum
VectorString:
full name: TriggerProducer:TriggerNames -> tag: TriggerProducer:TriggerNames nameInTree: TriggerNames
VectorTLorentzVector:
VectorRecoCand:
full name: GoodJets(Jets) -> tag: GoodJets nameInTree: Jets
List of stored triggers:
0: HLT_CaloJet500_NoJetID_v
1: HLT_DoubleEle8_CaloIdM_TrackIdM_Mass8_PFHT300_v
2: HLT_DoubleMu8_Mass8_PFHT300_v
3: HLT_Ele105_CaloIdVT_GsfTrkIdT_v
4: HLT_Ele115_CaloIdVT_GsfTrkIdT_v
5: HLT_Ele15_IsoVVVL_PFHT350_PFMET50_v
6: HLT_Ele15_IsoVVVL_PFHT350_v
7: HLT_Ele15_IsoVVVL_PFHT400_v
8: HLT_Ele15_IsoVVVL_PFHT600_v
9: HLT_Ele23_Ele12_CaloIdL_TrackIdL_IsoVL_DZ_v
10: HLT_Ele25_eta2p1_WPTight_Gsf_v 
11: HLT_Ele27_WPTight_Gsf_v
12: HLT_Ele27_eta2p1_WPLoose_Gsf_v 
13: HLT_Ele45_WPLoose_Gsf_v
14: HLT_Ele50_IsoVVVL_PFHT400_v
15: HLT_IsoMu16_eta2p1_MET30_v
16: HLT_IsoMu22_eta2p1_v
17: HLT_IsoMu22_v
18: HLT_IsoMu24_v 
19: HLT_IsoTkMu22_v
20: HLT_Mu15_IsoVVVL_PFHT350_PFMET50_v
21: HLT_Mu15_IsoVVVL_PFHT350_v
22: HLT_Mu15_IsoVVVL_PFHT400_v
23: HLT_Mu15_IsoVVVL_PFHT600_v
24: HLT_Mu17_TrkIsoVVL_Mu8_TrkIsoVVL_v
25: HLT_Mu17_TrkIsoVVL_TkMu8_TrkIsoVVL_v
26: HLT_Mu45_eta2p1_v
27: HLT_Mu50_IsoVVVL_PFHT400_v
28: HLT_Mu50_v
29: HLT_PFHT200_v
30: HLT_PFHT250_v
31: HLT_PFHT300_PFMET100_v
32: HLT_PFHT300_PFMET110_v
33: HLT_PFHT300_v
34: HLT_PFHT350_v
35: HLT_PFHT400_v
36: HLT_PFHT475_v
37: HLT_PFHT600_v
38: HLT_PFHT650_v
39: HLT_PFHT800_v
40: HLT_PFHT900_v
41: HLT_PFMET100_PFMHT100_IDTight_v
42: HLT_PFMET110_PFMHT110_IDTight_v
43: HLT_PFMET120_PFMHT120_IDTight_v
44: HLT_PFMET90_PFMHT90_IDTight_v
45: HLT_PFMETNoMu100_PFMHTNoMu100_IDTight_v
46: HLT_PFMETNoMu110_PFMHTNoMu110_IDTight_v
47: HLT_PFMETNoMu120_PFMHTNoMu120_IDTight_v
48: HLT_PFMETNoMu90_PFMHTNoMu90_IDTight_v
49: HLT_Photon120_v
50: HLT_Photon165_HE10_v
51: HLT_Photon175_v
52: HLT_Photon22_v
53: HLT_Photon30_v
54: HLT_Photon36_v
55: HLT_Photon50_v
56: HLT_Photon75_v
57: HLT_Photon90_CaloIdL_PFHT500_v
58: HLT_Photon90_v
59: HLT_TkMu50_v
[STATUS] Reading energy scale correction  values from file: EgammaAnalysis/ElectronTools/data/ScalesSmearings/Winter_2016_reReco_v1_ele_scales.dat
[STATUS] Reading energy scale correction  values from file: EgammaAnalysis/ElectronTools/data/ScalesSmearings/Winter_2016_reReco_v1_ele_scales.dat
Begin processing the 1st record. Run 276363, Event 752374537, LumiSection 430 at 01-Feb-2017 21:20:09.108 CST
Begin processing the 1001st record. Run 276363, Event 752922124, LumiSection 430 at 01-Feb-2017 21:20:57.859 CST
Begin processing the 2001st record. Run 276363, Event 754640020, LumiSection 431 at 01-Feb-2017 21:21:27.111 CST
Begin processing the 3001st record. Run 276363, Event 755270307, LumiSection 431 at 01-Feb-2017 21:22:00.068 CST
Begin processing the 4001st record. Run 276363, Event 757122449, LumiSection 432 at 01-Feb-2017 21:22:30.515 CST
Begin processing the 5001st record. Run 276363, Event 758623588, LumiSection 433 at 01-Feb-2017 21:23:01.948 CST
Begin processing the 6001st record. Run 276363, Event 757747167, LumiSection 433 at 01-Feb-2017 21:23:34.172 CST
Begin processing the 7001st record. Run 276363, Event 825778205, LumiSection 474 at 01-Feb-2017 21:24:11.416 CST
Begin processing the 8001st record. Run 276363, Event 827335125, LumiSection 475 at 01-Feb-2017 21:24:43.438 CST
Begin processing the 9001st record. Run 276363, Event 827196889, LumiSection 475 at 01-Feb-2017 21:25:14.521 CST
Begin processing the 10001st record. Run 276363, Event 828250664, LumiSection 476 at 01-Feb-2017 21:25:43.524 CST
Begin processing the 11001st record. Run 276363, Event 829417435, LumiSection 476 at 01-Feb-2017 21:26:16.127 CST
Begin processing the 12001st record. Run 276363, Event 830275428, LumiSection 477 at 01-Feb-2017 21:26:46.432 CST
Begin processing the 13001st record. Run 276363, Event 951769232, LumiSection 542 at 01-Feb-2017 21:27:22.486 CST
Begin processing the 14001st record. Run 276363, Event 950700720, LumiSection 542 at 01-Feb-2017 21:27:54.400 CST
Begin processing the 15001st record. Run 276363, Event 954323538, LumiSection 543 at 01-Feb-2017 21:28:25.182 CST
Begin processing the 16001st record. Run 276363, Event 954908072, LumiSection 544 at 01-Feb-2017 21:28:56.671 CST
Begin processing the 17001st record. Run 276363, Event 955089045, LumiSection 544 at 01-Feb-2017 21:29:30.921 CST
Begin processing the 18001st record. Run 276363, Event 958364953, LumiSection 545 at 01-Feb-2017 21:29:59.698 CST
Begin processing the 19001st record. Run 276363, Event 967165341, LumiSection 550 at 01-Feb-2017 21:30:32.849 CST
Begin processing the 20001st record. Run 276363, Event 968437683, LumiSection 550 at 01-Feb-2017 21:31:07.622 CST
Begin processing the 21001st record. Run 276363, Event 969971372, LumiSection 551 at 01-Feb-2017 21:31:40.139 CST
Begin processing the 22001st record. Run 276363, Event 968724656, LumiSection 551 at 01-Feb-2017 21:32:12.322 CST
Begin processing the 23001st record. Run 276363, Event 971689418, LumiSection 552 at 01-Feb-2017 21:32:41.202 CST
Begin processing the 24001st record. Run 276363, Event 974460022, LumiSection 553 at 01-Feb-2017 21:33:16.002 CST
Begin processing the 25001st record. Run 276363, Event 973239925, LumiSection 553 at 01-Feb-2017 21:33:46.020 CST
Begin processing the 26001st record. Run 276363, Event 991132891, LumiSection 562 at 01-Feb-2017 21:34:23.555 CST
Begin processing the 27001st record. Run 276363, Event 991470298, LumiSection 562 at 01-Feb-2017 21:34:55.393 CST
Begin processing the 28001st record. Run 276363, Event 993144437, LumiSection 563 at 01-Feb-2017 21:35:25.599 CST
Begin processing the 29001st record. Run 276363, Event 994893310, LumiSection 564 at 01-Feb-2017 21:35:58.563 CST
Begin processing the 30001st record. Run 276363, Event 994813673, LumiSection 564 at 01-Feb-2017 21:36:27.136 CST
Begin processing the 31001st record. Run 276363, Event 996754094, LumiSection 565 at 01-Feb-2017 21:36:58.092 CST
Begin processing the 32001st record. Run 276384, Event 310320864, LumiSection 202 at 01-Feb-2017 21:37:32.904 CST
Begin processing the 33001st record. Run 276384, Event 309048003, LumiSection 202 at 01-Feb-2017 21:38:05.716 CST
Begin processing the 34001st record. Run 276384, Event 311391092, LumiSection 203 at 01-Feb-2017 21:38:38.196 CST
Begin processing the 35001st record. Run 276384, Event 312017420, LumiSection 204 at 01-Feb-2017 21:39:07.520 CST
Begin processing the 36001st record. Run 276384, Event 314830798, LumiSection 205 at 01-Feb-2017 21:39:33.829 CST
Begin processing the 37001st record. Run 276384, Event 315851852, LumiSection 206 at 01-Feb-2017 21:40:02.731 CST
Begin processing the 38001st record. Run 276384, Event 316393896, LumiSection 207 at 01-Feb-2017 21:40:32.095 CST
Begin processing the 39001st record. Run 276384, Event 355232466, LumiSection 232 at 01-Feb-2017 21:41:01.382 CST
Begin processing the 40001st record. Run 276384, Event 354813263, LumiSection 232 at 01-Feb-2017 21:41:35.883 CST
Begin processing the 41001st record. Run 276384, Event 355941921, LumiSection 233 at 01-Feb-2017 21:42:04.077 CST
Begin processing the 42001st record. Run 276384, Event 357763387, LumiSection 234 at 01-Feb-2017 21:42:33.969 CST
Begin processing the 43001st record. Run 276384, Event 358456969, LumiSection 235 at 01-Feb-2017 21:43:03.309 CST
Begin processing the 44001st record. Run 276384, Event 359942349, LumiSection 236 at 01-Feb-2017 21:43:29.959 CST
Begin processing the 45001st record. Run 276384, Event 361411655, LumiSection 237 at 01-Feb-2017 21:43:59.116 CST
Begin processing the 46001st record. Run 276384, Event 361685819, LumiSection 237 at 01-Feb-2017 21:44:27.779 CST
Begin processing the 47001st record. Run 276384, Event 1049401134, LumiSection 719 at 01-Feb-2017 21:45:04.392 CST
Begin processing the 48001st record. Run 276384, Event 1050496148, LumiSection 720 at 01-Feb-2017 21:45:30.279 CST
Begin processing the 49001st record. Run 276384, Event 1051471102, LumiSection 721 at 01-Feb-2017 21:45:54.858 CST
Begin processing the 50001st record. Run 276384, Event 1053196896, LumiSection 722 at 01-Feb-2017 21:46:24.528 CST
Begin processing the 51001st record. Run 276384, Event 1054468855, LumiSection 723 at 01-Feb-2017 21:46:50.024 CST
Begin processing the 52001st record. Run 276384, Event 1056117412, LumiSection 724 at 01-Feb-2017 21:47:20.210 CST
Begin processing the 53001st record. Run 276384, Event 1368620649, LumiSection 965 at 01-Feb-2017 21:47:50.388 CST
Begin processing the 54001st record. Run 276384, Event 1369013188, LumiSection 966 at 01-Feb-2017 21:48:19.292 CST
Begin processing the 55001st record. Run 276384, Event 1370683079, LumiSection 967 at 01-Feb-2017 21:48:46.293 CST
Begin processing the 56001st record. Run 276384, Event 1371601164, LumiSection 968 at 01-Feb-2017 21:49:12.702 CST
Begin processing the 57001st record. Run 276384, Event 1373002874, LumiSection 969 at 01-Feb-2017 21:49:38.457 CST
Begin processing the 58001st record. Run 276384, Event 1374257802, LumiSection 970 at 01-Feb-2017 21:50:06.874 CST
Begin processing the 59001st record. Run 276384, Event 1375790243, LumiSection 971 at 01-Feb-2017 21:50:35.217 CST
Begin processing the 60001st record. Run 276454, Event 478928484, LumiSection 299 at 01-Feb-2017 21:51:07.959 CST
Begin processing the 61001st record. Run 276454, Event 482038390, LumiSection 301 at 01-Feb-2017 21:51:39.197 CST
Begin processing the 62001st record. Run 276454, Event 482457938, LumiSection 302 at 01-Feb-2017 21:52:07.669 CST
Begin processing the 63001st record. Run 276454, Event 485451880, LumiSection 304 at 01-Feb-2017 21:52:41.660 CST
Begin processing the 64001st record. Run 276454, Event 487245270, LumiSection 305 at 01-Feb-2017 21:53:11.611 CST
Begin processing the 65001st record. Run 276454, Event 490026962, LumiSection 306 at 01-Feb-2017 21:53:43.783 CST
Begin processing the 66001st record. Run 276454, Event 491877609, LumiSection 308 at 01-Feb-2017 21:54:12.151 CST
Begin processing the 67001st record. Run 276458, Event 183372524, LumiSection 145 at 01-Feb-2017 21:54:44.010 CST
Begin processing the 68001st record. Run 276458, Event 186570624, LumiSection 147 at 01-Feb-2017 21:55:15.984 CST
Begin processing the 69001st record. Run 276458, Event 188486590, LumiSection 149 at 01-Feb-2017 21:55:42.431 CST
Begin processing the 70001st record. Run 276458, Event 190888090, LumiSection 151 at 01-Feb-2017 21:56:10.650 CST
Begin processing the 71001st record. Run 276458, Event 192876299, LumiSection 152 at 01-Feb-2017 21:56:40.635 CST
Begin processing the 72001st record. Run 276458, Event 194917580, LumiSection 154 at 01-Feb-2017 21:57:09.036 CST
Begin processing the 73001st record. Run 276458, Event 197638119, LumiSection 156 at 01-Feb-2017 21:57:39.086 CST
Begin processing the 74001st record. Run 276501, Event 3592622069, LumiSection 2151 at 01-Feb-2017 21:58:11.565 CST
[2017-02-01 21:58:58.036525 -0600][Error  ][File              ] [0x49763c80@root://cmsxrootd.fnal.gov:1094//store/data/Run2016D/SinglePhoton/MINIAOD/23Sep2016-v1/90000/2E07BC59-1387-E611-951F-008CFA052C0C.root] Fatal file state error. Message kXR_readv (handle: 0x00000000, chunks: 64, total size: 13114824) returned with [ERROR] Server responded with an error: [3010] Unable to readv /store/data/Run2016D/SinglePhoton/MINIAOD/23Sep2016-v1/90000/2E07BC59-1387-E611-951F-008CFA052C0C.root; operation not permitted
%MSG-w XrdAdaptorInternal:  (NoModuleName) 01-Feb-2017 21:58:58 CST pre-events
XrdRequestManager::handle(name='root://cmsxrootd.fnal.gov//store/data/Run2016D/SinglePhoton/MINIAOD/23Sep2016-v1/90000/2E07BC59-1387-E611-951F-008CFA052C0C.root) failure when reading from transfer-2.ultralight.org:1094 (site T2_US_Caltech); failed with error '[ERROR] Server responded with an error: [3010] Unable to readv /store/data/Run2016D/SinglePhoton/MINIAOD/23Sep2016-v1/90000/2E07BC59-1387-E611-951F-008CFA052C0C.root; operation not permitted
' (errno=3010, code=400).
%MSG
%MSG-w XrdAdaptorInternal:  (NoModuleName) 01-Feb-2017 21:58:58 CST pre-events
Request failure when reading from transfer-2.ultralight.org:1094 (site T2_US_Caltech)
%MSG
%MSG-w XrdAdaptor:  (NoModuleName) 01-Feb-2017 21:58:58 CST pre-events
Data is now served from  instead of previous T2_US_Caltech
%MSG
[2017-02-01 21:59:00.591045 -0600][Error  ][File              ] [0x497665c0@root://cmsxrootd.fnal.gov:1094//store/data/Run2016D/SinglePhoton/MINIAOD/23Sep2016-v1/90000/2E07BC59-1387-E611-951F-008CFA052C0C.root?tried=transfer-2.ultralight.org] Fatal file state error. Message kXR_readv (handle: 0x00000000, chunks: 64, total size: 13114824) returned with [ERROR] Server responded with an error: [3010] Unable to readv /store/data/Run2016D/SinglePhoton/MINIAOD/23Sep2016-v1/90000/2E07BC59-1387-E611-951F-008CFA052C0C.root; operation not permitted
%MSG-w XrdAdaptorInternal:  (NoModuleName) 01-Feb-2017 21:59:00 CST pre-events
XrdRequestManager::handle(name='root://cmsxrootd.fnal.gov//store/data/Run2016D/SinglePhoton/MINIAOD/23Sep2016-v1/90000/2E07BC59-1387-E611-951F-008CFA052C0C.root) failure when reading from transfer-4.ultralight.org:1097 (site T2_US_Caltech); failed with error '[ERROR] Server responded with an error: [3010] Unable to readv /store/data/Run2016D/SinglePhoton/MINIAOD/23Sep2016-v1/90000/2E07BC59-1387-E611-951F-008CFA052C0C.root; operation not permitted
' (errno=3010, code=400).
%MSG
%MSG-w XrdAdaptorInternal:  (NoModuleName) 01-Feb-2017 21:59:00 CST pre-events
Request failure when reading from transfer-4.ultralight.org:1097 (site T2_US_Caltech)
%MSG
%MSG-w XrdAdaptor:  (NoModuleName) 01-Feb-2017 21:59:00 CST pre-events
Data is now served from  instead of previous T2_US_Caltech
%MSG
%MSG-w XrdAdaptorInternal:  (NoModuleName) 01-Feb-2017 21:59:00 CST pre-events
Caught a CMSSW exception when running connection recovery.
%MSG
----- Begin Fatal Exception 01-Feb-2017 21:59:00 CST-----------------------
An exception of category 'FileReadError' occurred while
   [0] Processing run: 276501 lumi: 2152 event: 3593874262
   [1] Running path 'WriteTree'
   [2] Calling event method for module TreeMaker/'LQTreeMaker2'
   [3] Calling produce method for unscheduled module GoodJetsProducer/'GoodJets'
   [4] Calling produce method for unscheduled module PATJetUpdater/'updatedPatJetsUpdatedJECAuxiliary'
   [5] Calling produce method for unscheduled module PATJetUpdater/'updatedPatJetsUpdatedJEC'
   [6] Reading branch patJets_slimmedJets__RECO.
   [7] Calling XrdFile::readv()
   [8] XrdAdaptor::ClientRequest::HandleResponse() failure while running connection recovery
   [9] In XrdAdaptor::RequestManager::requestFailure()
Exception Message:
XrdAdaptor::RequestManager::requestFailure Open(name='root://cmsxrootd.fnal.gov//store/data/Run2016D/SinglePhoton/MINIAOD/23Sep2016-v1/90000/2E07BC59-1387-E611-951F-008CFA052C0C.root', flags=0x10, permissions=0660, old source=transfer-4.ultralight.org:1097 (site T2_US_Caltech), new source=transfer-4.ultralight.org:1097 (site T2_US_Caltech)) => Xrootd server returned an excluded source
   Additional Info:
      [a] Original error: '[ERROR] Server responded with an error: [3010] Unable to readv /store/data/Run2016D/SinglePhoton/MINIAOD/23Sep2016-v1/90000/2E07BC59-1387-E611-951F-008CFA052C0C.root; operation not permitted
' (errno=3010, code=400, source=transfer-4.ultralight.org:1097 (site T2_US_Caltech)).
      [b] Disabled source: transfer-4.ultralight.org:1097
      [c] Disabled source: transfer-2.ultralight.org:1094
----- End Fatal Exception -------------------------------------------------
01-Feb-2017 21:59:00 CST  Closed file root://cmsxrootd.fnal.gov//store/data/Run2016D/SinglePhoton/MINIAOD/23Sep2016-v1/90000/2E07BC59-1387-E611-951F-008CFA052C0C.root

=============================================

MessageLogger Summary

 type     category        sev    module        subroutine        count    total
 ---- -------------------- -- ---------------- ----------------  -----    -----
    1 XrdAdaptor           -w (NoModuleName)                         2        2
    2 XrdAdaptor           -w file_open                              1        1
    3 XrdAdaptorInternal   -w (NoModuleName)                         5        5
    4 Fatal Exception      -s PostProcessPath                        1        1
    5 fileAction           -s file_close                             1        1
    6 fileAction           -s file_open                              2        2

 type    category    Examples: run/evt        run/evt          run/evt
 ---- -------------------- ---------------- ---------------- ----------------
    1 XrdAdaptor           pre-events       pre-events       
    2 XrdAdaptor           pre-events                        
    3 XrdAdaptorInternal   pre-events       pre-events       pre-events
    4 Fatal Exception      Run: 276501 Even                  
    5 fileAction           PostEndRun                        
    6 fileAction           pre-events       pre-events       

Severity    # Occurrences   Total Occurrences
--------    -------------   -----------------
Warning                 8                   8
System                  4                   4
exit code 85, skipping xrdcp
