Starting job on  Wed Feb 1 20:43:29 CST 2017
Running on  Linux cmswn1967.fnal.gov 2.6.32-642.6.2.el6.x86_64 #1 SMP Tue Oct 25 15:06:33 CDT 2016 x86_64 x86_64 x86_64 GNU/Linux
System release  Scientific Linux Fermi release 6.8 (Ramsey)
CMSSW on Condor

parameter set:
CMSSWVER:   CMSSW_8_0_25
OUTDIR:     root://cmseos.fnal.gov//store/user/mbhat/MC2016_30_01_2017
SAMPLE:     Run2016D-23Sep2016-v1.SinglePhoton
NPART:      80
NSTART:     80
NFILES:     1
SCENARIO:   2016ReReco23Sep
REDIR:      
Done: ProjectRename
/storage/local/data1/condor/execute/dir_965403
***** SETUP ************************************
 dataset: cms.untracked.vstring('root://cmsxrootd.fnal.gov//store/data/Run2016D/SinglePhoton/MINIAOD/23Sep2016-v1/100000/84643C34-C085-E611-A20A-008CFAF75356.root')
 outfile: Run2016D-23Sep2016-v1.SinglePhoton_80_RA2AnalysisTree
 
 
 storing PDF weights: True
 
 
 scenario: 2016ReReco23Sep
 global tag: 80X_dataRun2_2016SeptRepro_v3
 Instance name of tag information: RECO
 Including gen-level information: False
 Including pMSSM-related information: False
 Using fastsim settings: False
 Running signal uncertainties: False
 JSON file applied: data/Cert_271036-284044_13TeV_23Sep2016ReReco_Collisions16_JSON.txt
 JECs applied: data/jec/Summer16_23Sep2016AllV3_DATA (residuals)
 era of this dataset: Run2_25ns
************************************************
# Conditions read from  CMS_CONDITIONS  via FrontierProd 
 ################################################################### 
 # WARNING: this module is deprecated.                             # 
 # Please use CondCore.CondDB.CondDB_cfi.py                        # 
 ################################################################### 
 ################################################################### 
 # WARNING: this module is deprecated.                             # 
 # Please use CondCore.CondDB.CondDB_cfi.py                        # 
 ################################################################### 
01-Feb-2017 20:44:09 CST  Initiating request to open file root://cmsxrootd.fnal.gov//store/data/Run2016D/SinglePhoton/MINIAOD/23Sep2016-v1/100000/84643C34-C085-E611-A20A-008CFAF75356.root
%MSG-w XrdAdaptor:  file_open 01-Feb-2017 20:44:12 CST pre-events
Data is served from T2_US_Caltech instead of original site T2_US_Nebraska
%MSG
01-Feb-2017 20:44:19 CST  Successfully opened file root://cmsxrootd.fnal.gov//store/data/Run2016D/SinglePhoton/MINIAOD/23Sep2016-v1/100000/84643C34-C085-E611-A20A-008CFAF75356.root
VarsBool:
full name: BadChargedCandidateFilter -> tag: BadChargedCandidateFilter nameInTree: BadChargedCandidateFilter
full name: BadPFMuonFilter -> tag: BadPFMuonFilter nameInTree: BadPFMuonFilter
full name: GoodJets:JetID(JetID) -> tag: GoodJets:JetID nameInTree: JetID
VarsInt:
full name: NVtx -> tag: NVtx nameInTree: NVtx
full name: nAllVertices -> tag: nAllVertices nameInTree: nAllVertices
full name: CSCTightHaloFilter -> tag: CSCTightHaloFilter nameInTree: CSCTightHaloFilter
full name: globalTightHalo2016Filter -> tag: globalTightHalo2016Filter nameInTree: globalTightHalo2016Filter
full name: HBHENoiseFilter -> tag: HBHENoiseFilter nameInTree: HBHENoiseFilter
full name: HBHEIsoNoiseFilter -> tag: HBHEIsoNoiseFilter nameInTree: HBHEIsoNoiseFilter
full name: EcalDeadCellTriggerPrimitiveFilter -> tag: EcalDeadCellTriggerPrimitiveFilter nameInTree: EcalDeadCellTriggerPrimitiveFilter
full name: eeBadScFilter -> tag: eeBadScFilter nameInTree: eeBadScFilter
VarsDouble:
full name: MET:Pt(MET) -> tag: MET:Pt nameInTree: MET
full name: MET:Phi(METPhi) -> tag: MET:Phi nameInTree: METPhi
full name: MET:CaloPt(CaloMET) -> tag: MET:CaloPt nameInTree: CaloMET
full name: MET:CaloPhi(CaloMETPhi) -> tag: MET:CaloPhi nameInTree: CaloMETPhi
full name: MET:PFCaloPtRatio(PFCaloMETRatio) -> tag: MET:PFCaloPtRatio nameInTree: PFCaloMETRatio
VarsString:
VarsTLorentzVector:
VectorBool:
full name: HEEPProducer:ecalDriven(Electron_ecalDriven) -> tag: HEEPProducer:ecalDriven nameInTree: Electron_ecalDriven
full name: GoodJets:JetIDMask(Jets_ID) -> tag: GoodJets:JetIDMask nameInTree: Jets_ID
VectorInt:
full name: HEEPProducer:Charge(Electron_Charge) -> tag: HEEPProducer:Charge nameInTree: Electron_Charge
full name: HEEPProducer:losthits(Electron_losthits) -> tag: HEEPProducer:losthits nameInTree: Electron_losthits
full name: HEEPProducer:PDGID(PDGID) -> tag: HEEPProducer:PDGID nameInTree: PDGID
full name: HEEPProducer:gencharge(gencharge) -> tag: HEEPProducer:gencharge nameInTree: gencharge
full name: HEEPProducer:motherPDGID(motherPDGID) -> tag: HEEPProducer:motherPDGID nameInTree: motherPDGID
full name: HEEPProducer:elstatus(elstatus) -> tag: HEEPProducer:elstatus nameInTree: elstatus
full name: MuonProducer:MuonPassID(MuonPassID) -> tag: MuonProducer:MuonPassID nameInTree: MuonPassID
full name: MuonProducer:MuonIsGlobal(MuonIsGlobal) -> tag: MuonProducer:MuonIsGlobal nameInTree: MuonIsGlobal
full name: TriggerProducer:TriggerPass -> tag: TriggerProducer:TriggerPass nameInTree: TriggerPass
full name: TriggerProducer:TriggerPrescales -> tag: TriggerProducer:TriggerPrescales nameInTree: TriggerPrescales
VectorDouble:
full name: HEEPProducer:trackiso(Electron_trackiso) -> tag: HEEPProducer:trackiso nameInTree: Electron_trackiso
full name: HEEPProducer:Et(Electron_Et) -> tag: HEEPProducer:Et nameInTree: Electron_Et
full name: HEEPProducer:DeltaEtain(Electron_DeltaEtain) -> tag: HEEPProducer:DeltaEtain nameInTree: Electron_DeltaEtain
full name: HEEPProducer:DeltaPhiin(Electron_DeltaPhiin) -> tag: HEEPProducer:DeltaPhiin nameInTree: Electron_DeltaPhiin
full name: HEEPProducer:HbE(Electron_HOverE) -> tag: HEEPProducer:HbE nameInTree: Electron_HOverE
full name: HEEPProducer:Ecaliso(Electron_Ecaliso) -> tag: HEEPProducer:Ecaliso nameInTree: Electron_Ecaliso
full name: HEEPProducer:HD1iso(Electron_HD1iso) -> tag: HEEPProducer:HD1iso nameInTree: Electron_HD1iso
full name: HEEPProducer:e25bye55(Electron_e25bye55) -> tag: HEEPProducer:e25bye55 nameInTree: Electron_e25bye55
full name: HEEPProducer:Fullsce25bye55(Electron_Fullsce25bye55) -> tag: HEEPProducer:Fullsce25bye55 nameInTree: Electron_Fullsce25bye55
full name: HEEPProducer:Fulle15bye55(Electron_Fulle15bye55) -> tag: HEEPProducer:Fulle15bye55 nameInTree: Electron_Fulle15bye55
full name: HEEPProducer:scEnergy(Electron_scEnergy) -> tag: HEEPProducer:scEnergy nameInTree: Electron_scEnergy
full name: HEEPProducer:DeltaEtaSeed(Electron_DeltaEtaSeed) -> tag: HEEPProducer:DeltaEtaSeed nameInTree: Electron_DeltaEtaSeed
full name: HEEPProducer:rho(rho) -> tag: HEEPProducer:rho nameInTree: rho
full name: HEEPProducer:ecalEnergy(Electron_ecalEnergy) -> tag: HEEPProducer:ecalEnergy nameInTree: Electron_ecalEnergy
full name: HEEPProducer:full55SiEtaiEta(Electron_full55SiEtaiEta) -> tag: HEEPProducer:full55SiEtaiEta nameInTree: Electron_full55SiEtaiEta
full name: HEEPProducer:sce25bye55(Electron_sce25bye55) -> tag: HEEPProducer:sce25bye55 nameInTree: Electron_sce25bye55
full name: HEEPProducer:e15bye55(Electron_e15bye55) -> tag: HEEPProducer:e15bye55 nameInTree: Electron_e15bye55
full name: HEEPProducer:Phi(Electron_Phi) -> tag: HEEPProducer:Phi nameInTree: Electron_Phi
full name: HEEPProducer:eEnergy(Electron_Energy) -> tag: HEEPProducer:eEnergy nameInTree: Electron_Energy
full name: HEEPProducer:dxy(dxy) -> tag: HEEPProducer:dxy nameInTree: dxy
full name: HEEPProducer:ePz(Electron_Pz) -> tag: HEEPProducer:ePz nameInTree: Electron_Pz
full name: HEEPProducer:ePx(Electron_Px) -> tag: HEEPProducer:ePx nameInTree: Electron_Px
full name: HEEPProducer:ePy(Electron_Py) -> tag: HEEPProducer:ePy nameInTree: Electron_Py
full name: HEEPProducer:genPt(genPt) -> tag: HEEPProducer:genPt nameInTree: genPt
full name: HEEPProducer:genEta(genEta) -> tag: HEEPProducer:genEta nameInTree: genEta
full name: HEEPProducer:genPhi(genPhi) -> tag: HEEPProducer:genPhi nameInTree: genPhi
full name: HEEPProducer:genEnergy(genEnergy) -> tag: HEEPProducer:genEnergy nameInTree: genEnergy
full name: HEEPProducer:PtHEEP(Electron_PtHEEP) -> tag: HEEPProducer:PtHEEP nameInTree: Electron_PtHEEP
full name: HEEPProducer:scEta(Electron_scEta) -> tag: HEEPProducer:scEta nameInTree: Electron_scEta
full name: HEEPProducer:heep70TrkIso(Electron_heep70TrkIso) -> tag: HEEPProducer:heep70TrkIso nameInTree: Electron_heep70TrkIso
full name: MuonProducer:MuonEta(MuonEta) -> tag: MuonProducer:MuonEta nameInTree: MuonEta
full name: MuonProducer:MuonPhi(MuonPhi) -> tag: MuonProducer:MuonPhi nameInTree: MuonPhi
full name: MuonProducer:MuonPt(MuonPt) -> tag: MuonProducer:MuonPt nameInTree: MuonPt
full name: MuonProducer:MuonEnergy(MuonEnergy) -> tag: MuonProducer:MuonEnergy nameInTree: MuonEnergy
full name: TauProducer:tEta(TauEta) -> tag: TauProducer:tEta nameInTree: TauEta
full name: TauProducer:tPhi(TauPhi) -> tag: TauProducer:tPhi nameInTree: TauPhi
full name: TauProducer:tPt(TauPt) -> tag: TauProducer:tPt nameInTree: TauPt
full name: TriggerProducer:objectPt -> tag: TriggerProducer:objectPt nameInTree: objectPt
full name: TriggerProducer:objecteta -> tag: TriggerProducer:objecteta nameInTree: objecteta
full name: TriggerProducer:objectphi -> tag: TriggerProducer:objectphi nameInTree: objectphi
full name: TriggerProducer:objectE -> tag: TriggerProducer:objectE nameInTree: objectE
full name: TriggerProducer:ColumnNum -> tag: TriggerProducer:ColumnNum nameInTree: ColumnNum
VectorString:
full name: TriggerProducer:TriggerNames -> tag: TriggerProducer:TriggerNames nameInTree: TriggerNames
VectorTLorentzVector:
VectorRecoCand:
full name: GoodJets(Jets) -> tag: GoodJets nameInTree: Jets
List of stored triggers:
0: HLT_CaloJet500_NoJetID_v
1: HLT_DoubleEle8_CaloIdM_TrackIdM_Mass8_PFHT300_v
2: HLT_DoubleMu8_Mass8_PFHT300_v
3: HLT_Ele105_CaloIdVT_GsfTrkIdT_v
4: HLT_Ele115_CaloIdVT_GsfTrkIdT_v
5: HLT_Ele15_IsoVVVL_PFHT350_PFMET50_v
6: HLT_Ele15_IsoVVVL_PFHT350_v
7: HLT_Ele15_IsoVVVL_PFHT400_v
8: HLT_Ele15_IsoVVVL_PFHT600_v
9: HLT_Ele23_Ele12_CaloIdL_TrackIdL_IsoVL_DZ_v
10: HLT_Ele25_eta2p1_WPTight_Gsf_v 
11: HLT_Ele27_WPTight_Gsf_v
12: HLT_Ele27_eta2p1_WPLoose_Gsf_v 
13: HLT_Ele45_WPLoose_Gsf_v
14: HLT_Ele50_IsoVVVL_PFHT400_v
15: HLT_IsoMu16_eta2p1_MET30_v
16: HLT_IsoMu22_eta2p1_v
17: HLT_IsoMu22_v
18: HLT_IsoMu24_v 
19: HLT_IsoTkMu22_v
20: HLT_Mu15_IsoVVVL_PFHT350_PFMET50_v
21: HLT_Mu15_IsoVVVL_PFHT350_v
22: HLT_Mu15_IsoVVVL_PFHT400_v
23: HLT_Mu15_IsoVVVL_PFHT600_v
24: HLT_Mu17_TrkIsoVVL_Mu8_TrkIsoVVL_v
25: HLT_Mu17_TrkIsoVVL_TkMu8_TrkIsoVVL_v
26: HLT_Mu45_eta2p1_v
27: HLT_Mu50_IsoVVVL_PFHT400_v
28: HLT_Mu50_v
29: HLT_PFHT200_v
30: HLT_PFHT250_v
31: HLT_PFHT300_PFMET100_v
32: HLT_PFHT300_PFMET110_v
33: HLT_PFHT300_v
34: HLT_PFHT350_v
35: HLT_PFHT400_v
36: HLT_PFHT475_v
37: HLT_PFHT600_v
38: HLT_PFHT650_v
39: HLT_PFHT800_v
40: HLT_PFHT900_v
41: HLT_PFMET100_PFMHT100_IDTight_v
42: HLT_PFMET110_PFMHT110_IDTight_v
43: HLT_PFMET120_PFMHT120_IDTight_v
44: HLT_PFMET90_PFMHT90_IDTight_v
45: HLT_PFMETNoMu100_PFMHTNoMu100_IDTight_v
46: HLT_PFMETNoMu110_PFMHTNoMu110_IDTight_v
47: HLT_PFMETNoMu120_PFMHTNoMu120_IDTight_v
48: HLT_PFMETNoMu90_PFMHTNoMu90_IDTight_v
49: HLT_Photon120_v
50: HLT_Photon165_HE10_v
51: HLT_Photon175_v
52: HLT_Photon22_v
53: HLT_Photon30_v
54: HLT_Photon36_v
55: HLT_Photon50_v
56: HLT_Photon75_v
57: HLT_Photon90_CaloIdL_PFHT500_v
58: HLT_Photon90_v
59: HLT_TkMu50_v
[STATUS] Reading energy scale correction  values from file: EgammaAnalysis/ElectronTools/data/ScalesSmearings/Winter_2016_reReco_v1_ele_scales.dat
[STATUS] Reading energy scale correction  values from file: EgammaAnalysis/ElectronTools/data/ScalesSmearings/Winter_2016_reReco_v1_ele_scales.dat
Begin processing the 1st record. Run 276525, Event 1396495951, LumiSection 833 at 01-Feb-2017 20:44:57.852 CST
Begin processing the 1001st record. Run 276525, Event 1397820393, LumiSection 834 at 01-Feb-2017 20:45:53.689 CST
Begin processing the 2001st record. Run 276525, Event 1400035960, LumiSection 835 at 01-Feb-2017 20:46:38.966 CST
Begin processing the 3001st record. Run 276525, Event 1401142147, LumiSection 836 at 01-Feb-2017 20:47:21.408 CST
Begin processing the 4001st record. Run 276525, Event 1402791090, LumiSection 837 at 01-Feb-2017 20:48:04.775 CST
Begin processing the 5001st record. Run 276525, Event 1406429059, LumiSection 838 at 01-Feb-2017 20:48:50.675 CST
Begin processing the 6001st record. Run 276582, Event 609690986, LumiSection 347 at 01-Feb-2017 20:49:40.604 CST
Begin processing the 7001st record. Run 276582, Event 610110255, LumiSection 348 at 01-Feb-2017 20:50:24.660 CST
Begin processing the 8001st record. Run 276582, Event 612758542, LumiSection 349 at 01-Feb-2017 20:51:10.983 CST
Begin processing the 9001st record. Run 276582, Event 615546058, LumiSection 351 at 01-Feb-2017 20:51:54.751 CST
Begin processing the 10001st record. Run 276582, Event 617636704, LumiSection 352 at 01-Feb-2017 20:52:41.288 CST
Begin processing the 11001st record. Run 276582, Event 1043968163, LumiSection 585 at 01-Feb-2017 20:53:28.332 CST
[ERROR] Scale offset category not found: 
276582 276582	3.29605 3.29605	0.618704 0.618704	54.021 54.021
Returning uncorrected value.
[WARNING] Smearing category not found: 
276582 276582	3.29605 3.29605	0.618704 0.618704	54.021 54.021
Begin processing the 12001st record. Run 276582, Event 1045357631, LumiSection 586 at 01-Feb-2017 20:54:17.345 CST
Begin processing the 13001st record. Run 276582, Event 1048000230, LumiSection 587 at 01-Feb-2017 20:55:01.164 CST
Begin processing the 14001st record. Run 276582, Event 1049260140, LumiSection 588 at 01-Feb-2017 20:55:43.100 CST
Begin processing the 15001st record. Run 276582, Event 1052854292, LumiSection 589 at 01-Feb-2017 20:56:27.559 CST
Begin processing the 16001st record. Run 276582, Event 1054561349, LumiSection 590 at 01-Feb-2017 20:57:15.302 CST
Begin processing the 17001st record. Run 276655, Event 12112144, LumiSection 7 at 01-Feb-2017 20:58:04.200 CST
Begin processing the 18001st record. Run 276655, Event 17837761, LumiSection 9 at 01-Feb-2017 20:58:50.611 CST
Begin processing the 19001st record. Run 276655, Event 19061175, LumiSection 10 at 01-Feb-2017 20:59:33.622 CST
Begin processing the 20001st record. Run 276655, Event 20601357, LumiSection 11 at 01-Feb-2017 21:00:17.255 CST
Begin processing the 21001st record. Run 276655, Event 23224451, LumiSection 12 at 01-Feb-2017 21:01:05.786 CST
Begin processing the 22001st record. Run 276655, Event 119915043, LumiSection 61 at 01-Feb-2017 21:01:56.071 CST
Begin processing the 23001st record. Run 276655, Event 121758979, LumiSection 62 at 01-Feb-2017 21:02:43.271 CST
Begin processing the 24001st record. Run 276655, Event 122508224, LumiSection 63 at 01-Feb-2017 21:03:29.139 CST
Begin processing the 25001st record. Run 276655, Event 128009088, LumiSection 65 at 01-Feb-2017 21:04:11.204 CST
Begin processing the 26001st record. Run 276655, Event 129857645, LumiSection 66 at 01-Feb-2017 21:04:53.674 CST
[2017-02-01 21:04:56.341702 -0600][Error  ][AsyncSock         ] [transfer-2.ultralight.org:1095 #0.0] Socket error encountered: [ERROR] Socket error: Resource temporarily unavailable
Begin processing the 27001st record. Run 276808, Event 686506590, LumiSection 357 at 01-Feb-2017 21:05:42.851 CST
Begin processing the 28001st record. Run 276808, Event 687164295, LumiSection 358 at 01-Feb-2017 21:06:31.098 CST
Begin processing the 29001st record. Run 276808, Event 688775780, LumiSection 359 at 01-Feb-2017 21:07:15.620 CST
[2017-02-01 21:07:43.964183 -0600][Error  ][AsyncSock         ] [transfer-4.ultralight.org:1094 #0.0] Socket error encountered: [ERROR] Socket error: Resource temporarily unavailable
Begin processing the 30001st record. Run 276808, Event 690903957, LumiSection 360 at 01-Feb-2017 21:07:59.532 CST
[2017-02-01 21:07:59.695313 -0600][Error  ][XRootD            ] [transfer-4.ultralight.org:1094] Unable to send the message kXR_readv (handle: 0x00000000, chunks: 64, total size: 15289992): [ERROR] Invalid session
Begin processing the 31001st record. Run 276808, Event 692347543, LumiSection 361 at 01-Feb-2017 21:08:47.126 CST
Begin processing the 32001st record. Run 276808, Event 695239572, LumiSection 362 at 01-Feb-2017 21:09:35.215 CST
Begin processing the 33001st record. Run 276808, Event 718320738, LumiSection 375 at 01-Feb-2017 21:10:19.525 CST
Begin processing the 34001st record. Run 276808, Event 719831973, LumiSection 376 at 01-Feb-2017 21:11:09.595 CST
Begin processing the 35001st record. Run 276808, Event 722190853, LumiSection 377 at 01-Feb-2017 21:11:56.953 CST
Begin processing the 36001st record. Run 276808, Event 723095845, LumiSection 378 at 01-Feb-2017 21:12:39.806 CST
Begin processing the 37001st record. Run 276808, Event 725206715, LumiSection 379 at 01-Feb-2017 21:13:26.155 CST
Begin processing the 38001st record. Run 276808, Event 727548228, LumiSection 380 at 01-Feb-2017 21:14:12.972 CST
Begin processing the 39001st record. Run 276808, Event 728116064, LumiSection 381 at 01-Feb-2017 21:15:00.239 CST
Begin processing the 40001st record. Run 276808, Event 730314117, LumiSection 382 at 01-Feb-2017 21:15:48.600 CST
Begin processing the 41001st record. Run 276808, Event 733162999, LumiSection 383 at 01-Feb-2017 21:16:31.927 CST
Begin processing the 42001st record. Run 276808, Event 734646677, LumiSection 384 at 01-Feb-2017 21:17:19.033 CST
Begin processing the 43001st record. Run 276808, Event 736611709, LumiSection 385 at 01-Feb-2017 21:18:05.544 CST
Begin processing the 44001st record. Run 276808, Event 737572380, LumiSection 386 at 01-Feb-2017 21:18:47.656 CST
Begin processing the 45001st record. Run 276808, Event 1310470987, LumiSection 681 at 01-Feb-2017 21:19:39.653 CST
Begin processing the 46001st record. Run 276808, Event 1313886280, LumiSection 682 at 01-Feb-2017 21:20:24.692 CST
Begin processing the 47001st record. Run 276808, Event 1315871164, LumiSection 683 at 01-Feb-2017 21:21:04.784 CST
Begin processing the 48001st record. Run 276808, Event 1317292158, LumiSection 684 at 01-Feb-2017 21:21:50.703 CST
Begin processing the 49001st record. Run 276808, Event 1321854501, LumiSection 686 at 01-Feb-2017 21:22:35.942 CST
Begin processing the 50001st record. Run 276808, Event 1396487928, LumiSection 723 at 01-Feb-2017 21:23:17.321 CST
Begin processing the 51001st record. Run 276808, Event 1398970590, LumiSection 724 at 01-Feb-2017 21:24:08.906 CST
Begin processing the 52001st record. Run 276808, Event 1401217904, LumiSection 725 at 01-Feb-2017 21:24:51.913 CST
Begin processing the 53001st record. Run 276808, Event 1402018488, LumiSection 726 at 01-Feb-2017 21:25:37.648 CST
Begin processing the 54001st record. Run 276808, Event 1403345441, LumiSection 727 at 01-Feb-2017 21:26:23.888 CST
Begin processing the 55001st record. Run 276808, Event 1406050800, LumiSection 728 at 01-Feb-2017 21:27:04.020 CST
Begin processing the 56001st record. Run 276808, Event 1419784499, LumiSection 735 at 01-Feb-2017 21:27:53.482 CST
Begin processing the 57001st record. Run 276808, Event 1422145926, LumiSection 736 at 01-Feb-2017 21:28:41.507 CST
Begin processing the 58001st record. Run 276808, Event 1424452386, LumiSection 737 at 01-Feb-2017 21:29:24.047 CST
Begin processing the 59001st record. Run 276808, Event 1425614770, LumiSection 738 at 01-Feb-2017 21:30:07.822 CST
Begin processing the 60001st record. Run 276808, Event 1427534195, LumiSection 739 at 01-Feb-2017 21:30:53.662 CST
Begin processing the 61001st record. Run 276808, Event 1430071184, LumiSection 740 at 01-Feb-2017 21:31:36.231 CST
Begin processing the 62001st record. Run 276808, Event 1681103988, LumiSection 869 at 01-Feb-2017 21:32:30.573 CST
Begin processing the 63001st record. Run 276808, Event 1682978193, LumiSection 870 at 01-Feb-2017 21:33:10.814 CST
Begin processing the 64001st record. Run 276808, Event 1685531473, LumiSection 871 at 01-Feb-2017 21:33:59.013 CST
Begin processing the 65001st record. Run 276808, Event 1686878572, LumiSection 872 at 01-Feb-2017 21:34:47.497 CST
Begin processing the 66001st record. Run 276808, Event 1691471414, LumiSection 874 at 01-Feb-2017 21:35:30.866 CST
Begin processing the 67001st record. Run 276808, Event 1692028520, LumiSection 875 at 01-Feb-2017 21:36:15.204 CST
Begin processing the 68001st record. Run 276810, Event 92755625, LumiSection 50 at 01-Feb-2017 21:37:09.516 CST
Begin processing the 69001st record. Run 276810, Event 95939657, LumiSection 52 at 01-Feb-2017 21:37:52.519 CST
Begin processing the 70001st record. Run 276810, Event 98098811, LumiSection 53 at 01-Feb-2017 21:38:35.521 CST
Begin processing the 71001st record. Run 276810, Event 100030988, LumiSection 54 at 01-Feb-2017 21:39:24.463 CST
Begin processing the 72001st record. Run 276810, Event 101884394, LumiSection 55 at 01-Feb-2017 21:40:11.380 CST
Begin processing the 73001st record. Run 276810, Event 103938205, LumiSection 56 at 01-Feb-2017 21:40:56.436 CST
Begin processing the 74001st record. Run 276810, Event 142860368, LumiSection 78 at 01-Feb-2017 21:41:45.876 CST
Begin processing the 75001st record. Run 276810, Event 145444713, LumiSection 79 at 01-Feb-2017 21:42:30.159 CST
Begin processing the 76001st record. Run 276810, Event 147744816, LumiSection 80 at 01-Feb-2017 21:43:16.112 CST
Begin processing the 77001st record. Run 276810, Event 151300560, LumiSection 82 at 01-Feb-2017 21:43:59.468 CST
Begin processing the 78001st record. Run 276810, Event 153610406, LumiSection 83 at 01-Feb-2017 21:44:44.081 CST
Begin processing the 79001st record. Run 276810, Event 154905479, LumiSection 84 at 01-Feb-2017 21:45:30.090 CST
Begin processing the 80001st record. Run 276810, Event 346602758, LumiSection 190 at 01-Feb-2017 21:46:19.150 CST
Begin processing the 81001st record. Run 276810, Event 348046000, LumiSection 191 at 01-Feb-2017 21:47:08.342 CST
Begin processing the 82001st record. Run 276810, Event 349141584, LumiSection 192 at 01-Feb-2017 21:47:49.088 CST
Begin processing the 83001st record. Run 276810, Event 352101811, LumiSection 193 at 01-Feb-2017 21:48:36.966 CST
Begin processing the 84001st record. Run 276810, Event 355311985, LumiSection 195 at 01-Feb-2017 21:49:22.274 CST
Begin processing the 85001st record. Run 276810, Event 355887816, LumiSection 196 at 01-Feb-2017 21:50:02.554 CST
Begin processing the 86001st record. Run 276810, Event 383884177, LumiSection 211 at 01-Feb-2017 21:50:54.432 CST
Begin processing the 87001st record. Run 276810, Event 384992029, LumiSection 212 at 01-Feb-2017 21:51:46.472 CST
Begin processing the 88001st record. Run 276810, Event 386886528, LumiSection 213 at 01-Feb-2017 21:52:26.941 CST
Begin processing the 89001st record. Run 276810, Event 389068196, LumiSection 214 at 01-Feb-2017 21:53:13.393 CST
Begin processing the 90001st record. Run 276810, Event 389676854, LumiSection 215 at 01-Feb-2017 21:54:00.038 CST
Begin processing the 91001st record. Run 276810, Event 394691770, LumiSection 217 at 01-Feb-2017 21:54:40.658 CST
Begin processing the 92001st record. Run 276811, Event 25553164, LumiSection 15 at 01-Feb-2017 21:55:33.153 CST
Begin processing the 93001st record. Run 276811, Event 25754197, LumiSection 16 at 01-Feb-2017 21:56:19.525 CST
Begin processing the 94001st record. Run 276811, Event 28136879, LumiSection 17 at 01-Feb-2017 21:57:05.229 CST
[2017-02-01 21:58:55.127430 -0600][Error  ][File              ] [0x862e5ec0@root://cmsxrootd.fnal.gov:1094//store/data/Run2016D/SinglePhoton/MINIAOD/23Sep2016-v1/100000/84643C34-C085-E611-A20A-008CFAF75356.root?tried=transfer-2.ultralight.org] Fatal file state error. Message kXR_readv (handle: 0x00000000, chunks: 4, total size: 643379) returned with [ERROR] Server responded with an error: [3005] Unable to readv /store/data/Run2016D/SinglePhoton/MINIAOD/23Sep2016-v1/100000/84643C34-C085-E611-A20A-008CFAF75356.root; unknown error 255
%MSG-w XrdAdaptorInternal:  (NoModuleName) 01-Feb-2017 21:58:55 CST pre-events
XrdRequestManager::handle(name='root://cmsxrootd.fnal.gov//store/data/Run2016D/SinglePhoton/MINIAOD/23Sep2016-v1/100000/84643C34-C085-E611-A20A-008CFAF75356.root) failure when reading from transfer-4.ultralight.org:1094 (site T2_US_Caltech); failed with error '[ERROR] Server responded with an error: [3005] Unable to readv /store/data/Run2016D/SinglePhoton/MINIAOD/23Sep2016-v1/100000/84643C34-C085-E611-A20A-008CFAF75356.root; unknown error 255
' (errno=3005, code=400).
%MSG
%MSG-w XrdAdaptorInternal:  (NoModuleName) 01-Feb-2017 21:58:55 CST pre-events
Request failure when reading from transfer-4.ultralight.org:1094 (site T2_US_Caltech)
%MSG
%MSG-w XrdAdaptor:  (NoModuleName) 01-Feb-2017 21:58:55 CST pre-events
Data is now served from  instead of previous T2_US_Caltech
%MSG
%MSG-w XrdAdaptorInternal:  (NoModuleName) 01-Feb-2017 21:58:55 CST pre-events
Caught a CMSSW exception when running connection recovery.
%MSG
----- Begin Fatal Exception 01-Feb-2017 21:58:55 CST-----------------------
An exception of category 'FileReadError' occurred while
   [0] Processing run: 276811 lumi: 18 event: 29124620
   [1] Running path 'WriteTree'
   [2] Calling event method for module TreeMaker/'LQTreeMaker2'
   [3] Calling produce method for unscheduled module TriggerProducer/'TriggerProducer'
   [4] Reading branch patTriggerObjectStandAlones_selectedPatTrigger__RECO.
   [5] Calling XrdFile::readv()
   [6] XrdAdaptor::ClientRequest::HandleResponse() failure while running connection recovery
   [7] In XrdAdaptor::RequestManager::requestFailure()
Exception Message:
XrdAdaptor::RequestManager::requestFailure Open(name='root://cmsxrootd.fnal.gov//store/data/Run2016D/SinglePhoton/MINIAOD/23Sep2016-v1/100000/84643C34-C085-E611-A20A-008CFAF75356.root', flags=0x10, permissions=0660, old source=transfer-4.ultralight.org:1094 (site T2_US_Caltech), new source=transfer-4.ultralight.org:1094 (site T2_US_Caltech)) => Xrootd server returned an excluded source
   Additional Info:
      [a] Original error: '[ERROR] Server responded with an error: [3005] Unable to readv /store/data/Run2016D/SinglePhoton/MINIAOD/23Sep2016-v1/100000/84643C34-C085-E611-A20A-008CFAF75356.root; unknown error 255
' (errno=3005, code=400, source=transfer-4.ultralight.org:1094 (site T2_US_Caltech)).
      [b] Disabled source: transfer-4.ultralight.org:1094
----- End Fatal Exception -------------------------------------------------
[2017-02-01 21:58:55.168627 -0600][Error  ][XRootD            ] [transfer-2.ultralight.org:1095] Unable to send the message kXR_close (handle: 0x00000000): [ERROR] Invalid session
01-Feb-2017 21:58:55 CST  Closed file root://cmsxrootd.fnal.gov//store/data/Run2016D/SinglePhoton/MINIAOD/23Sep2016-v1/100000/84643C34-C085-E611-A20A-008CFAF75356.root

=============================================

MessageLogger Summary

 type     category        sev    module        subroutine        count    total
 ---- -------------------- -- ---------------- ----------------  -----    -----
    1 XrdAdaptor           -w (NoModuleName)                         1        1
    2 XrdAdaptor           -w file_open                              1        1
    3 XrdAdaptorInternal   -w (NoModuleName)                         3        3
    4 Fatal Exception      -s PostProcessPath                        1        1
    5 fileAction           -s file_close                             1        1
    6 fileAction           -s file_open                              2        2

 type    category    Examples: run/evt        run/evt          run/evt
 ---- -------------------- ---------------- ---------------- ----------------
    1 XrdAdaptor           pre-events                        
    2 XrdAdaptor           pre-events                        
    3 XrdAdaptorInternal   pre-events       pre-events       pre-events
    4 Fatal Exception      276811/29124620                   
    5 fileAction           PostEndRun                        
    6 fileAction           pre-events       pre-events       

Severity    # Occurrences   Total Occurrences
--------    -------------   -----------------
Warning                 5                   5
System                  4                   4
exit code 85, skipping xrdcp
