Starting job on  Sat Jan 28 07:36:09 CST 2017
Running on  Linux cmswn1602.fnal.gov 2.6.32-642.6.2.el6.x86_64 #1 SMP Tue Oct 25 15:06:33 CDT 2016 x86_64 x86_64 x86_64 GNU/Linux
System release  Scientific Linux Fermi release 6.8 (Ramsey)
CMSSW on Condor

parameter set:
CMSSWVER:   CMSSW_8_0_25
OUTDIR:     root://cmseos.fnal.gov//store/user/mbhat/Data2016_11_01_2017
SAMPLE:     Run2016H-PromptReco-v2.SinglePhoton
NPART:      463
NSTART:     463
NFILES:     1
SCENARIO:   2016H
REDIR:      
Done: ProjectRename
/storage/local/data1/condor/execute/dir_3353029
***** SETUP ************************************
 dataset: cms.untracked.vstring('root://cmsxrootd.fnal.gov//store/data/Run2016H/SinglePhoton/MINIAOD/PromptReco-v2/000/283/884/00000/FA38163F-889D-E611-A7AC-02163E0146F6.root')
 outfile: Run2016H-PromptReco-v2.SinglePhoton_463_RA2AnalysisTree
 
 
 storing PDF weights: True
 
 
 scenario: 2016H
 global tag: 80X_dataRun2_Prompt_v14
 Instance name of tag information: RECO
 Including gen-level information: False
 Including pMSSM-related information: False
 Using fastsim settings: False
 Running signal uncertainties: False
 JSON file applied: data/Cert_271036-284044_13TeV_23Sep2016ReReco_Collisions16_JSON.txt
 JECs applied: data/jec/Spring16_25nsV6_DATA
 era of this dataset: Run2_25ns
************************************************
# Conditions read from  CMS_CONDITIONS  via FrontierProd 
 ################################################################### 
 # WARNING: this module is deprecated.                             # 
 # Please use CondCore.CondDB.CondDB_cfi.py                        # 
 ################################################################### 
 ################################################################### 
 # WARNING: this module is deprecated.                             # 
 # Please use CondCore.CondDB.CondDB_cfi.py                        # 
 ################################################################### 
28-Jan-2017 07:36:38 CST  Initiating request to open file root://cmsxrootd.fnal.gov//store/data/Run2016H/SinglePhoton/MINIAOD/PromptReco-v2/000/283/884/00000/FA38163F-889D-E611-A7AC-02163E0146F6.root
[2017-01-28 07:36:39.763895 -0600][Error  ][XRootDTransport   ] [cabinet-11-11-0.t2.ucsd.edu:1094 #0.0] No protocols left to try
[2017-01-28 07:36:39.770109 -0600][Error  ][AsyncSock         ] [cabinet-11-11-0.t2.ucsd.edu:1094 #0.0] Socket error while handshaking: [FATAL] Auth failed
[2017-01-28 07:36:39.770398 -0600][Error  ][PostMaster        ] [cabinet-11-11-0.t2.ucsd.edu:1094 #0] Unable to recover: [FATAL] Auth failed.
[2017-01-28 07:36:39.770450 -0600][Error  ][XRootD            ] [cabinet-11-11-0.t2.ucsd.edu:1094] Impossible to send message kXR_open (file: /store/data/Run2016H/SinglePhoton/MINIAOD/PromptReco-v2/000/283/884/00000/FA38163F-889D-E611-A7AC-02163E0146F6.root, mode: 0660, flags: kXR_open_read kXR_async kXR_retstat ). Trying to recover.
[2017-01-28 07:36:40.151446 -0600][Error  ][XRootDTransport   ] [cabinet-8-8-2.t2.ucsd.edu:1094 #0.0] No protocols left to try
[2017-01-28 07:36:40.151503 -0600][Error  ][AsyncSock         ] [cabinet-8-8-2.t2.ucsd.edu:1094 #0.0] Socket error while handshaking: [FATAL] Auth failed
[2017-01-28 07:36:40.151550 -0600][Error  ][PostMaster        ] [cabinet-8-8-2.t2.ucsd.edu:1094 #0] Unable to recover: [FATAL] Auth failed.
[2017-01-28 07:36:40.151560 -0600][Error  ][XRootD            ] [cabinet-8-8-2.t2.ucsd.edu:1094] Impossible to send message kXR_open (file: /store/data/Run2016H/SinglePhoton/MINIAOD/PromptReco-v2/000/283/884/00000/FA38163F-889D-E611-A7AC-02163E0146F6.root?tried=cabinet-11-11-0.t2.ucsd.edu, mode: 0660, flags: kXR_open_read kXR_async kXR_retstat ). Trying to recover.
[2017-01-28 07:36:40.399805 -0600][Error  ][XRootDTransport   ] [s17n02.hep.wisc.edu:1094 #0.0] No protocols left to try
[2017-01-28 07:36:40.399856 -0600][Error  ][AsyncSock         ] [s17n02.hep.wisc.edu:1094 #0.0] Socket error while handshaking: [FATAL] Auth failed
[2017-01-28 07:36:40.399897 -0600][Error  ][PostMaster        ] [s17n02.hep.wisc.edu:1094 #0] Unable to recover: [FATAL] Auth failed.
[2017-01-28 07:36:40.399926 -0600][Error  ][XRootD            ] [s17n02.hep.wisc.edu:1094] Impossible to send message kXR_open (file: /store/data/Run2016H/SinglePhoton/MINIAOD/PromptReco-v2/000/283/884/00000/FA38163F-889D-E611-A7AC-02163E0146F6.root?tried=cabinet-11-11-0.t2.ucsd.edu,cabinet-8-8-2.t2.ucsd.edu,xrootd.t2.ucsd.edu&triedrc=enoent, mode: 0660, flags: kXR_open_read kXR_async kXR_retstat ). Trying to recover.
%MSG-w XrdAdaptorInternal:  file_open 28-Jan-2017 07:39:38 CST pre-events
Failed to open file at URL root://cmsxrootd.fnal.gov:1094//store/data/Run2016H/SinglePhoton/MINIAOD/PromptReco-v2/000/283/884/00000/FA38163F-889D-E611-A7AC-02163E0146F6.root.
%MSG
[2017-01-28 07:39:38.484632 -0600][Error  ][XRootDTransport   ] [cabinet-0-0-34.t2.ucsd.edu:1094 #0.0] No protocols left to try
[2017-01-28 07:39:38.484689 -0600][Error  ][AsyncSock         ] [cabinet-0-0-34.t2.ucsd.edu:1094 #0.0] Socket error while handshaking: [FATAL] Auth failed
[2017-01-28 07:39:38.484743 -0600][Error  ][PostMaster        ] [cabinet-0-0-34.t2.ucsd.edu:1094 #0] Unable to recover: [FATAL] Auth failed.
[2017-01-28 07:39:38.484754 -0600][Error  ][XRootD            ] [cabinet-0-0-34.t2.ucsd.edu:1094] Impossible to send message kXR_open (file: /store/data/Run2016H/SinglePhoton/MINIAOD/PromptReco-v2/000/283/884/00000/FA38163F-889D-E611-A7AC-02163E0146F6.root?tried=, mode: 0660, flags: kXR_open_read kXR_async kXR_retstat ). Trying to recover.
[2017-01-28 07:39:38.849659 -0600][Error  ][XRootDTransport   ] [cabinet-5-5-11.t2.ucsd.edu:1094 #0.0] No protocols left to try
[2017-01-28 07:39:38.849715 -0600][Error  ][AsyncSock         ] [cabinet-5-5-11.t2.ucsd.edu:1094 #0.0] Socket error while handshaking: [FATAL] Auth failed
[2017-01-28 07:39:38.849758 -0600][Error  ][PostMaster        ] [cabinet-5-5-11.t2.ucsd.edu:1094 #0] Unable to recover: [FATAL] Auth failed.
[2017-01-28 07:39:38.849768 -0600][Error  ][XRootD            ] [cabinet-5-5-11.t2.ucsd.edu:1094] Impossible to send message kXR_open (file: /store/data/Run2016H/SinglePhoton/MINIAOD/PromptReco-v2/000/283/884/00000/FA38163F-889D-E611-A7AC-02163E0146F6.root?tried=cabinet-0-0-34.t2.ucsd.edu, mode: 0660, flags: kXR_open_read kXR_async kXR_retstat ). Trying to recover.
%MSG-w XrdAdaptorInternal:  file_open 28-Jan-2017 07:40:52 CST pre-events
Failed to open file at URL root://eoscms.cern.ch:1094//store/data/Run2016H/SinglePhoton/MINIAOD/PromptReco-v2/000/283/884/00000/FA38163F-889D-E611-A7AC-02163E0146F6.root?tried=+1213cmsxrootd1.fnal.gov1213xrootd.unl.edu,cabinet-0-0-34.t2.ucsd.edu,cabinet-5-5-11.t2.ucsd.edu,xrootd.t2.ucsd.edu,s17n02.hep.wisc.edu.
%MSG
[2017-01-28 07:40:53.213862 -0600][Error  ][XRootDTransport   ] [cabinet-7-7-26.t2.ucsd.edu:1094 #0.0] No protocols left to try
[2017-01-28 07:40:53.213919 -0600][Error  ][AsyncSock         ] [cabinet-7-7-26.t2.ucsd.edu:1094 #0.0] Socket error while handshaking: [FATAL] Auth failed
[2017-01-28 07:40:53.213967 -0600][Error  ][PostMaster        ] [cabinet-7-7-26.t2.ucsd.edu:1094 #0] Unable to recover: [FATAL] Auth failed.
[2017-01-28 07:40:53.213977 -0600][Error  ][XRootD            ] [cabinet-7-7-26.t2.ucsd.edu:1094] Impossible to send message kXR_open (file: /store/data/Run2016H/SinglePhoton/MINIAOD/PromptReco-v2/000/283/884/00000/FA38163F-889D-E611-A7AC-02163E0146F6.root?tried=, mode: 0660, flags: kXR_open_read kXR_async kXR_retstat ). Trying to recover.
[2017-01-28 07:40:53.579938 -0600][Error  ][XRootDTransport   ] [cabinet-7-7-11.t2.ucsd.edu:1094 #0.0] No protocols left to try
[2017-01-28 07:40:53.579993 -0600][Error  ][AsyncSock         ] [cabinet-7-7-11.t2.ucsd.edu:1094 #0.0] Socket error while handshaking: [FATAL] Auth failed
[2017-01-28 07:40:53.580035 -0600][Error  ][PostMaster        ] [cabinet-7-7-11.t2.ucsd.edu:1094 #0] Unable to recover: [FATAL] Auth failed.
[2017-01-28 07:40:53.580044 -0600][Error  ][XRootD            ] [cabinet-7-7-11.t2.ucsd.edu:1094] Impossible to send message kXR_open (file: /store/data/Run2016H/SinglePhoton/MINIAOD/PromptReco-v2/000/283/884/00000/FA38163F-889D-E611-A7AC-02163E0146F6.root?tried=cabinet-7-7-26.t2.ucsd.edu, mode: 0660, flags: kXR_open_read kXR_async kXR_retstat ). Trying to recover.
[2017-01-28 07:40:53.771893 -0600][Error  ][XRootDTransport   ] [s17n02.hep.wisc.edu:1094 #0.0] No protocols left to try
[2017-01-28 07:40:53.771947 -0600][Error  ][AsyncSock         ] [s17n02.hep.wisc.edu:1094 #0.0] Socket error while handshaking: [FATAL] Auth failed
[2017-01-28 07:40:53.771985 -0600][Error  ][PostMaster        ] [s17n02.hep.wisc.edu:1094 #0] Unable to recover: [FATAL] Auth failed.
[2017-01-28 07:40:53.771994 -0600][Error  ][XRootD            ] [s17n02.hep.wisc.edu:1094] Impossible to send message kXR_open (file: /store/data/Run2016H/SinglePhoton/MINIAOD/PromptReco-v2/000/283/884/00000/FA38163F-889D-E611-A7AC-02163E0146F6.root?tried=cabinet-7-7-26.t2.ucsd.edu,cabinet-7-7-11.t2.ucsd.edu,xrootd.t2.ucsd.edu&triedrc=enoent, mode: 0660, flags: kXR_open_read kXR_async kXR_retstat ). Trying to recover.
%MSG-w XrdAdaptorInternal:  file_open 28-Jan-2017 07:43:51 CST pre-events
Failed to open file at URL root://cmsxrootd.fnal.gov:1094//store/data/Run2016H/SinglePhoton/MINIAOD/PromptReco-v2/000/283/884/00000/FA38163F-889D-E611-A7AC-02163E0146F6.root?tried=.
%MSG
----- Begin Fatal Exception 28-Jan-2017 07:43:51 CST-----------------------
An exception of category 'FileOpenError' occurred while
   [0] Constructing the EventProcessor
   [1] Constructing input source of type PoolSource
   [2] Calling RootFileSequenceBase::initTheFile()
   [3] Calling StorageFactory::open()
   [4] Calling XrdFile::open()
Exception Message:
Failed to open the file 'root://cmsxrootd.fnal.gov//store/data/Run2016H/SinglePhoton/MINIAOD/PromptReco-v2/000/283/884/00000/FA38163F-889D-E611-A7AC-02163E0146F6.root'
   Additional Info:
      [a] Input file root://cmsxrootd.fnal.gov//store/data/Run2016H/SinglePhoton/MINIAOD/PromptReco-v2/000/283/884/00000/FA38163F-889D-E611-A7AC-02163E0146F6.root could not be opened.
      [b] XrdCl::File::Open(name='root://cmsxrootd.fnal.gov//store/data/Run2016H/SinglePhoton/MINIAOD/PromptReco-v2/000/283/884/00000/FA38163F-889D-E611-A7AC-02163E0146F6.root', flags=0x10, permissions=0660) => error '[ERROR] Operation expired' (errno=0, code=206). No additional data servers were found.
      [c] Last URL tried: root://cmsxrootd.fnal.gov:1094//store/data/Run2016H/SinglePhoton/MINIAOD/PromptReco-v2/000/283/884/00000/FA38163F-889D-E611-A7AC-02163E0146F6.root?tried=
      [d] Problematic data server: cmsxrootd.fnal.gov:1094
      [e] Disabled source: eoscms.cern.ch:1094
      [f] Disabled source: cmsxrootd.fnal.gov:1094
----- End Fatal Exception -------------------------------------------------
exit code 84, skipping xrdcp
