Starting job on  Wed Feb 1 21:40:34 CST 2017
Running on  Linux cmswn1557.fnal.gov 2.6.32-642.6.2.el6.x86_64 #1 SMP Tue Oct 25 15:06:33 CDT 2016 x86_64 x86_64 x86_64 GNU/Linux
System release  Scientific Linux Fermi release 6.8 (Ramsey)
CMSSW on Condor

parameter set:
CMSSWVER:   CMSSW_8_0_25
OUTDIR:     root://cmseos.fnal.gov//store/user/mbhat/MC2016_30_01_2017
SAMPLE:     Run2016D-23Sep2016-v1.SinglePhoton
NPART:      303
NSTART:     303
NFILES:     1
SCENARIO:   2016ReReco23Sep
REDIR:      
Done: ProjectRename
/storage/local/data1/condor/execute/dir_1445415
***** SETUP ************************************
 dataset: cms.untracked.vstring('root://cmsxrootd.fnal.gov//store/data/Run2016D/SinglePhoton/MINIAOD/23Sep2016-v1/90000/D60F1D8F-3186-E611-8F96-001D09FDD7D4.root')
 outfile: Run2016D-23Sep2016-v1.SinglePhoton_303_RA2AnalysisTree
 
 
 storing PDF weights: True
 
 
 scenario: 2016ReReco23Sep
 global tag: 80X_dataRun2_2016SeptRepro_v3
 Instance name of tag information: RECO
 Including gen-level information: False
 Including pMSSM-related information: False
 Using fastsim settings: False
 Running signal uncertainties: False
 JSON file applied: data/Cert_271036-284044_13TeV_23Sep2016ReReco_Collisions16_JSON.txt
 JECs applied: data/jec/Summer16_23Sep2016AllV3_DATA (residuals)
 era of this dataset: Run2_25ns
************************************************
# Conditions read from  CMS_CONDITIONS  via FrontierProd 
 ################################################################### 
 # WARNING: this module is deprecated.                             # 
 # Please use CondCore.CondDB.CondDB_cfi.py                        # 
 ################################################################### 
 ################################################################### 
 # WARNING: this module is deprecated.                             # 
 # Please use CondCore.CondDB.CondDB_cfi.py                        # 
 ################################################################### 
01-Feb-2017 21:41:11 CST  Initiating request to open file root://cmsxrootd.fnal.gov//store/data/Run2016D/SinglePhoton/MINIAOD/23Sep2016-v1/90000/D60F1D8F-3186-E611-8F96-001D09FDD7D4.root
%MSG-w XrdAdaptor:  file_open 01-Feb-2017 21:41:13 CST pre-events
Data is served from T2_US_Caltech instead of original site T1_US_FNAL
%MSG
01-Feb-2017 21:41:16 CST  Successfully opened file root://cmsxrootd.fnal.gov//store/data/Run2016D/SinglePhoton/MINIAOD/23Sep2016-v1/90000/D60F1D8F-3186-E611-8F96-001D09FDD7D4.root
VarsBool:
full name: BadChargedCandidateFilter -> tag: BadChargedCandidateFilter nameInTree: BadChargedCandidateFilter
full name: BadPFMuonFilter -> tag: BadPFMuonFilter nameInTree: BadPFMuonFilter
full name: GoodJets:JetID(JetID) -> tag: GoodJets:JetID nameInTree: JetID
VarsInt:
full name: NVtx -> tag: NVtx nameInTree: NVtx
full name: nAllVertices -> tag: nAllVertices nameInTree: nAllVertices
full name: CSCTightHaloFilter -> tag: CSCTightHaloFilter nameInTree: CSCTightHaloFilter
full name: globalTightHalo2016Filter -> tag: globalTightHalo2016Filter nameInTree: globalTightHalo2016Filter
full name: HBHENoiseFilter -> tag: HBHENoiseFilter nameInTree: HBHENoiseFilter
full name: HBHEIsoNoiseFilter -> tag: HBHEIsoNoiseFilter nameInTree: HBHEIsoNoiseFilter
full name: EcalDeadCellTriggerPrimitiveFilter -> tag: EcalDeadCellTriggerPrimitiveFilter nameInTree: EcalDeadCellTriggerPrimitiveFilter
full name: eeBadScFilter -> tag: eeBadScFilter nameInTree: eeBadScFilter
VarsDouble:
full name: MET:Pt(MET) -> tag: MET:Pt nameInTree: MET
full name: MET:Phi(METPhi) -> tag: MET:Phi nameInTree: METPhi
full name: MET:CaloPt(CaloMET) -> tag: MET:CaloPt nameInTree: CaloMET
full name: MET:CaloPhi(CaloMETPhi) -> tag: MET:CaloPhi nameInTree: CaloMETPhi
full name: MET:PFCaloPtRatio(PFCaloMETRatio) -> tag: MET:PFCaloPtRatio nameInTree: PFCaloMETRatio
VarsString:
VarsTLorentzVector:
VectorBool:
full name: HEEPProducer:ecalDriven(Electron_ecalDriven) -> tag: HEEPProducer:ecalDriven nameInTree: Electron_ecalDriven
full name: GoodJets:JetIDMask(Jets_ID) -> tag: GoodJets:JetIDMask nameInTree: Jets_ID
VectorInt:
full name: HEEPProducer:Charge(Electron_Charge) -> tag: HEEPProducer:Charge nameInTree: Electron_Charge
full name: HEEPProducer:losthits(Electron_losthits) -> tag: HEEPProducer:losthits nameInTree: Electron_losthits
full name: HEEPProducer:PDGID(PDGID) -> tag: HEEPProducer:PDGID nameInTree: PDGID
full name: HEEPProducer:gencharge(gencharge) -> tag: HEEPProducer:gencharge nameInTree: gencharge
full name: HEEPProducer:motherPDGID(motherPDGID) -> tag: HEEPProducer:motherPDGID nameInTree: motherPDGID
full name: HEEPProducer:elstatus(elstatus) -> tag: HEEPProducer:elstatus nameInTree: elstatus
full name: MuonProducer:MuonPassID(MuonPassID) -> tag: MuonProducer:MuonPassID nameInTree: MuonPassID
full name: MuonProducer:MuonIsGlobal(MuonIsGlobal) -> tag: MuonProducer:MuonIsGlobal nameInTree: MuonIsGlobal
full name: TriggerProducer:TriggerPass -> tag: TriggerProducer:TriggerPass nameInTree: TriggerPass
full name: TriggerProducer:TriggerPrescales -> tag: TriggerProducer:TriggerPrescales nameInTree: TriggerPrescales
VectorDouble:
full name: HEEPProducer:trackiso(Electron_trackiso) -> tag: HEEPProducer:trackiso nameInTree: Electron_trackiso
full name: HEEPProducer:Et(Electron_Et) -> tag: HEEPProducer:Et nameInTree: Electron_Et
full name: HEEPProducer:DeltaEtain(Electron_DeltaEtain) -> tag: HEEPProducer:DeltaEtain nameInTree: Electron_DeltaEtain
full name: HEEPProducer:DeltaPhiin(Electron_DeltaPhiin) -> tag: HEEPProducer:DeltaPhiin nameInTree: Electron_DeltaPhiin
full name: HEEPProducer:HbE(Electron_HOverE) -> tag: HEEPProducer:HbE nameInTree: Electron_HOverE
full name: HEEPProducer:Ecaliso(Electron_Ecaliso) -> tag: HEEPProducer:Ecaliso nameInTree: Electron_Ecaliso
full name: HEEPProducer:HD1iso(Electron_HD1iso) -> tag: HEEPProducer:HD1iso nameInTree: Electron_HD1iso
full name: HEEPProducer:e25bye55(Electron_e25bye55) -> tag: HEEPProducer:e25bye55 nameInTree: Electron_e25bye55
full name: HEEPProducer:Fullsce25bye55(Electron_Fullsce25bye55) -> tag: HEEPProducer:Fullsce25bye55 nameInTree: Electron_Fullsce25bye55
full name: HEEPProducer:Fulle15bye55(Electron_Fulle15bye55) -> tag: HEEPProducer:Fulle15bye55 nameInTree: Electron_Fulle15bye55
full name: HEEPProducer:scEnergy(Electron_scEnergy) -> tag: HEEPProducer:scEnergy nameInTree: Electron_scEnergy
full name: HEEPProducer:DeltaEtaSeed(Electron_DeltaEtaSeed) -> tag: HEEPProducer:DeltaEtaSeed nameInTree: Electron_DeltaEtaSeed
full name: HEEPProducer:rho(rho) -> tag: HEEPProducer:rho nameInTree: rho
full name: HEEPProducer:ecalEnergy(Electron_ecalEnergy) -> tag: HEEPProducer:ecalEnergy nameInTree: Electron_ecalEnergy
full name: HEEPProducer:full55SiEtaiEta(Electron_full55SiEtaiEta) -> tag: HEEPProducer:full55SiEtaiEta nameInTree: Electron_full55SiEtaiEta
full name: HEEPProducer:sce25bye55(Electron_sce25bye55) -> tag: HEEPProducer:sce25bye55 nameInTree: Electron_sce25bye55
full name: HEEPProducer:e15bye55(Electron_e15bye55) -> tag: HEEPProducer:e15bye55 nameInTree: Electron_e15bye55
full name: HEEPProducer:Phi(Electron_Phi) -> tag: HEEPProducer:Phi nameInTree: Electron_Phi
full name: HEEPProducer:eEnergy(Electron_Energy) -> tag: HEEPProducer:eEnergy nameInTree: Electron_Energy
full name: HEEPProducer:dxy(dxy) -> tag: HEEPProducer:dxy nameInTree: dxy
full name: HEEPProducer:ePz(Electron_Pz) -> tag: HEEPProducer:ePz nameInTree: Electron_Pz
full name: HEEPProducer:ePx(Electron_Px) -> tag: HEEPProducer:ePx nameInTree: Electron_Px
full name: HEEPProducer:ePy(Electron_Py) -> tag: HEEPProducer:ePy nameInTree: Electron_Py
full name: HEEPProducer:genPt(genPt) -> tag: HEEPProducer:genPt nameInTree: genPt
full name: HEEPProducer:genEta(genEta) -> tag: HEEPProducer:genEta nameInTree: genEta
full name: HEEPProducer:genPhi(genPhi) -> tag: HEEPProducer:genPhi nameInTree: genPhi
full name: HEEPProducer:genEnergy(genEnergy) -> tag: HEEPProducer:genEnergy nameInTree: genEnergy
full name: HEEPProducer:PtHEEP(Electron_PtHEEP) -> tag: HEEPProducer:PtHEEP nameInTree: Electron_PtHEEP
full name: HEEPProducer:scEta(Electron_scEta) -> tag: HEEPProducer:scEta nameInTree: Electron_scEta
full name: HEEPProducer:heep70TrkIso(Electron_heep70TrkIso) -> tag: HEEPProducer:heep70TrkIso nameInTree: Electron_heep70TrkIso
full name: MuonProducer:MuonEta(MuonEta) -> tag: MuonProducer:MuonEta nameInTree: MuonEta
full name: MuonProducer:MuonPhi(MuonPhi) -> tag: MuonProducer:MuonPhi nameInTree: MuonPhi
full name: MuonProducer:MuonPt(MuonPt) -> tag: MuonProducer:MuonPt nameInTree: MuonPt
full name: MuonProducer:MuonEnergy(MuonEnergy) -> tag: MuonProducer:MuonEnergy nameInTree: MuonEnergy
full name: TauProducer:tEta(TauEta) -> tag: TauProducer:tEta nameInTree: TauEta
full name: TauProducer:tPhi(TauPhi) -> tag: TauProducer:tPhi nameInTree: TauPhi
full name: TauProducer:tPt(TauPt) -> tag: TauProducer:tPt nameInTree: TauPt
full name: TriggerProducer:objectPt -> tag: TriggerProducer:objectPt nameInTree: objectPt
full name: TriggerProducer:objecteta -> tag: TriggerProducer:objecteta nameInTree: objecteta
full name: TriggerProducer:objectphi -> tag: TriggerProducer:objectphi nameInTree: objectphi
full name: TriggerProducer:objectE -> tag: TriggerProducer:objectE nameInTree: objectE
full name: TriggerProducer:ColumnNum -> tag: TriggerProducer:ColumnNum nameInTree: ColumnNum
VectorString:
full name: TriggerProducer:TriggerNames -> tag: TriggerProducer:TriggerNames nameInTree: TriggerNames
VectorTLorentzVector:
VectorRecoCand:
full name: GoodJets(Jets) -> tag: GoodJets nameInTree: Jets
List of stored triggers:
0: HLT_CaloJet500_NoJetID_v
1: HLT_DoubleEle8_CaloIdM_TrackIdM_Mass8_PFHT300_v
2: HLT_DoubleMu8_Mass8_PFHT300_v
3: HLT_Ele105_CaloIdVT_GsfTrkIdT_v
4: HLT_Ele115_CaloIdVT_GsfTrkIdT_v
5: HLT_Ele15_IsoVVVL_PFHT350_PFMET50_v
6: HLT_Ele15_IsoVVVL_PFHT350_v
7: HLT_Ele15_IsoVVVL_PFHT400_v
8: HLT_Ele15_IsoVVVL_PFHT600_v
9: HLT_Ele23_Ele12_CaloIdL_TrackIdL_IsoVL_DZ_v
10: HLT_Ele25_eta2p1_WPTight_Gsf_v 
11: HLT_Ele27_WPTight_Gsf_v
12: HLT_Ele27_eta2p1_WPLoose_Gsf_v 
13: HLT_Ele45_WPLoose_Gsf_v
14: HLT_Ele50_IsoVVVL_PFHT400_v
15: HLT_IsoMu16_eta2p1_MET30_v
16: HLT_IsoMu22_eta2p1_v
17: HLT_IsoMu22_v
18: HLT_IsoMu24_v 
19: HLT_IsoTkMu22_v
20: HLT_Mu15_IsoVVVL_PFHT350_PFMET50_v
21: HLT_Mu15_IsoVVVL_PFHT350_v
22: HLT_Mu15_IsoVVVL_PFHT400_v
23: HLT_Mu15_IsoVVVL_PFHT600_v
24: HLT_Mu17_TrkIsoVVL_Mu8_TrkIsoVVL_v
25: HLT_Mu17_TrkIsoVVL_TkMu8_TrkIsoVVL_v
26: HLT_Mu45_eta2p1_v
27: HLT_Mu50_IsoVVVL_PFHT400_v
28: HLT_Mu50_v
29: HLT_PFHT200_v
30: HLT_PFHT250_v
31: HLT_PFHT300_PFMET100_v
32: HLT_PFHT300_PFMET110_v
33: HLT_PFHT300_v
34: HLT_PFHT350_v
35: HLT_PFHT400_v
36: HLT_PFHT475_v
37: HLT_PFHT600_v
38: HLT_PFHT650_v
39: HLT_PFHT800_v
40: HLT_PFHT900_v
41: HLT_PFMET100_PFMHT100_IDTight_v
42: HLT_PFMET110_PFMHT110_IDTight_v
43: HLT_PFMET120_PFMHT120_IDTight_v
44: HLT_PFMET90_PFMHT90_IDTight_v
45: HLT_PFMETNoMu100_PFMHTNoMu100_IDTight_v
46: HLT_PFMETNoMu110_PFMHTNoMu110_IDTight_v
47: HLT_PFMETNoMu120_PFMHTNoMu120_IDTight_v
48: HLT_PFMETNoMu90_PFMHTNoMu90_IDTight_v
49: HLT_Photon120_v
50: HLT_Photon165_HE10_v
51: HLT_Photon175_v
52: HLT_Photon22_v
53: HLT_Photon30_v
54: HLT_Photon36_v
55: HLT_Photon50_v
56: HLT_Photon75_v
57: HLT_Photon90_CaloIdL_PFHT500_v
58: HLT_Photon90_v
59: HLT_TkMu50_v
[STATUS] Reading energy scale correction  values from file: EgammaAnalysis/ElectronTools/data/ScalesSmearings/Winter_2016_reReco_v1_ele_scales.dat
[STATUS] Reading energy scale correction  values from file: EgammaAnalysis/ElectronTools/data/ScalesSmearings/Winter_2016_reReco_v1_ele_scales.dat
Begin processing the 1st record. Run 276318, Event 564372368, LumiSection 336 at 01-Feb-2017 21:41:44.339 CST
Begin processing the 1001st record. Run 276318, Event 563593226, LumiSection 336 at 01-Feb-2017 21:42:25.439 CST
Begin processing the 2001st record. Run 276318, Event 564917424, LumiSection 337 at 01-Feb-2017 21:43:00.284 CST
Begin processing the 3001st record. Run 276318, Event 565836519, LumiSection 337 at 01-Feb-2017 21:43:28.645 CST
Begin processing the 4001st record. Run 276318, Event 567023917, LumiSection 338 at 01-Feb-2017 21:44:00.951 CST
Begin processing the 5001st record. Run 276318, Event 567338135, LumiSection 338 at 01-Feb-2017 21:44:31.699 CST
Begin processing the 6001st record. Run 276318, Event 617674964, LumiSection 366 at 01-Feb-2017 21:45:06.601 CST
Begin processing the 7001st record. Run 276318, Event 617965091, LumiSection 366 at 01-Feb-2017 21:45:41.839 CST
Begin processing the 8001st record. Run 276318, Event 620921178, LumiSection 367 at 01-Feb-2017 21:46:12.371 CST
Begin processing the 9001st record. Run 276318, Event 620729092, LumiSection 367 at 01-Feb-2017 21:46:42.530 CST
Begin processing the 10001st record. Run 276318, Event 622778634, LumiSection 368 at 01-Feb-2017 21:47:12.915 CST
Begin processing the 11001st record. Run 276318, Event 622885800, LumiSection 368 at 01-Feb-2017 21:47:53.362 CST
Begin processing the 12001st record. Run 276318, Event 802175174, LumiSection 459 at 01-Feb-2017 21:48:30.467 CST
Begin processing the 13001st record. Run 276318, Event 801765097, LumiSection 459 at 01-Feb-2017 21:49:05.457 CST
Begin processing the 14001st record. Run 276318, Event 802634426, LumiSection 460 at 01-Feb-2017 21:49:40.595 CST
Begin processing the 15001st record. Run 276318, Event 804479336, LumiSection 461 at 01-Feb-2017 21:50:08.850 CST
Begin processing the 16001st record. Run 276318, Event 804866801, LumiSection 461 at 01-Feb-2017 21:50:41.555 CST
Begin processing the 17001st record. Run 276318, Event 806765974, LumiSection 462 at 01-Feb-2017 21:51:19.728 CST
Begin processing the 18001st record. Run 276318, Event 807673305, LumiSection 462 at 01-Feb-2017 21:51:52.282 CST
Begin processing the 19001st record. Run 276318, Event 808612981, LumiSection 463 at 01-Feb-2017 21:52:23.212 CST
Begin processing the 20001st record. Run 276318, Event 807921124, LumiSection 463 at 01-Feb-2017 21:52:55.378 CST
Begin processing the 21001st record. Run 276318, Event 811443407, LumiSection 464 at 01-Feb-2017 21:53:25.139 CST
Begin processing the 22001st record. Run 276318, Event 810932200, LumiSection 464 at 01-Feb-2017 21:53:57.466 CST
Begin processing the 23001st record. Run 276318, Event 812516919, LumiSection 465 at 01-Feb-2017 21:54:35.820 CST
Begin processing the 24001st record. Run 276318, Event 813979007, LumiSection 466 at 01-Feb-2017 21:55:06.249 CST
Begin processing the 25001st record. Run 276318, Event 815073483, LumiSection 466 at 01-Feb-2017 21:55:35.674 CST
Begin processing the 26001st record. Run 276318, Event 816880996, LumiSection 467 at 01-Feb-2017 21:56:04.838 CST
Begin processing the 27001st record. Run 276318, Event 816592474, LumiSection 467 at 01-Feb-2017 21:56:35.323 CST
Begin processing the 28001st record. Run 276318, Event 840717583, LumiSection 480 at 01-Feb-2017 21:57:10.401 CST
Begin processing the 29001st record. Run 276318, Event 842497983, LumiSection 480 at 01-Feb-2017 21:57:41.299 CST
Begin processing the 30001st record. Run 276318, Event 843793387, LumiSection 481 at 01-Feb-2017 21:58:10.397 CST
Begin processing the 31001st record. Run 276318, Event 842600619, LumiSection 481 at 01-Feb-2017 21:58:41.592 CST
Begin processing the 32001st record. Run 276318, Event 845891701, LumiSection 482 at 01-Feb-2017 21:59:11.198 CST
[2017-02-01 21:59:27.090052 -0600][Error  ][File              ] [0x99a67c80@root://cmsxrootd.fnal.gov:1094//store/data/Run2016D/SinglePhoton/MINIAOD/23Sep2016-v1/90000/D60F1D8F-3186-E611-8F96-001D09FDD7D4.root] Fatal file state error. Message kXR_readv (handle: 0x00000000, chunks: 8, total size: 1528421) returned with [ERROR] Server responded with an error: [3010] Unable to readv /store/data/Run2016D/SinglePhoton/MINIAOD/23Sep2016-v1/90000/D60F1D8F-3186-E611-8F96-001D09FDD7D4.root; operation not permitted
%MSG-w XrdAdaptorInternal:  (NoModuleName) 01-Feb-2017 21:59:27 CST pre-events
XrdRequestManager::handle(name='root://cmsxrootd.fnal.gov//store/data/Run2016D/SinglePhoton/MINIAOD/23Sep2016-v1/90000/D60F1D8F-3186-E611-8F96-001D09FDD7D4.root) failure when reading from transfer-4.ultralight.org:1097 (site T2_US_Caltech); failed with error '[ERROR] Server responded with an error: [3010] Unable to readv /store/data/Run2016D/SinglePhoton/MINIAOD/23Sep2016-v1/90000/D60F1D8F-3186-E611-8F96-001D09FDD7D4.root; operation not permitted
' (errno=3010, code=400).
%MSG
%MSG-w XrdAdaptorInternal:  (NoModuleName) 01-Feb-2017 21:59:27 CST pre-events
Request failure when reading from transfer-4.ultralight.org:1097 (site T2_US_Caltech)
%MSG
Begin processing the 33001st record. Run 276318, Event 870228329, LumiSection 495 at 01-Feb-2017 21:59:48.773 CST
Begin processing the 34001st record. Run 276318, Event 869915907, LumiSection 495 at 01-Feb-2017 22:00:26.251 CST
Begin processing the 35001st record. Run 276318, Event 872423083, LumiSection 496 at 01-Feb-2017 22:00:55.761 CST
Begin processing the 36001st record. Run 276318, Event 871713050, LumiSection 496 at 01-Feb-2017 22:01:23.133 CST
Begin processing the 37001st record. Run 276318, Event 873883237, LumiSection 497 at 01-Feb-2017 22:01:55.717 CST
Begin processing the 38001st record. Run 276318, Event 874017800, LumiSection 497 at 01-Feb-2017 22:02:24.065 CST
Begin processing the 39001st record. Run 276318, Event 905422540, LumiSection 513 at 01-Feb-2017 22:03:02.828 CST
[2017-02-01 22:03:22.400232 -0600][Error  ][AsyncSock         ] [transfer-4.ultralight.org:1097 #0.0] Socket error encountered: [ERROR] Socket error: Resource temporarily unavailable
Begin processing the 40001st record. Run 276318, Event 905326916, LumiSection 513 at 01-Feb-2017 22:03:32.976 CST
Begin processing the 41001st record. Run 276318, Event 907117672, LumiSection 514 at 01-Feb-2017 22:04:02.893 CST
Begin processing the 42001st record. Run 276318, Event 906394655, LumiSection 514 at 01-Feb-2017 22:04:32.315 CST
Begin processing the 43001st record. Run 276318, Event 908264496, LumiSection 515 at 01-Feb-2017 22:05:02.446 CST
[2017-02-01 22:05:11.583255 -0600][Error  ][File              ] [0xa4910000@root://cmsxrootd.fnal.gov:1094//store/data/Run2016D/SinglePhoton/MINIAOD/23Sep2016-v1/90000/D60F1D8F-3186-E611-8F96-001D09FDD7D4.root?tried=transfer-4.ultralight.org] Fatal file state error. Message kXR_readv (handle: 0x00000000, chunks: 115, total size: 16369644) returned with [ERROR] Server responded with an error: [3010] Unable to readv /store/data/Run2016D/SinglePhoton/MINIAOD/23Sep2016-v1/90000/D60F1D8F-3186-E611-8F96-001D09FDD7D4.root; operation not permitted
%MSG-w XrdAdaptorInternal:  (NoModuleName) 01-Feb-2017 22:05:11 CST pre-events
XrdRequestManager::handle(name='root://cmsxrootd.fnal.gov//store/data/Run2016D/SinglePhoton/MINIAOD/23Sep2016-v1/90000/D60F1D8F-3186-E611-8F96-001D09FDD7D4.root) failure when reading from transfer-5.ultralight.org:1096 (site T2_US_Caltech); failed with error '[ERROR] Server responded with an error: [3010] Unable to readv /store/data/Run2016D/SinglePhoton/MINIAOD/23Sep2016-v1/90000/D60F1D8F-3186-E611-8F96-001D09FDD7D4.root; operation not permitted
' (errno=3010, code=400).
%MSG
%MSG-w XrdAdaptorInternal:  (NoModuleName) 01-Feb-2017 22:05:11 CST pre-events
Request failure when reading from transfer-5.ultralight.org:1096 (site T2_US_Caltech)
%MSG
%MSG-w XrdAdaptor:  (NoModuleName) 01-Feb-2017 22:05:11 CST pre-events
Data is now served from  instead of previous T2_US_Caltech
%MSG
%MSG-w XrdAdaptorInternal:  (NoModuleName) 01-Feb-2017 22:05:11 CST pre-events
Caught a CMSSW exception when running connection recovery.
%MSG
----- Begin Fatal Exception 01-Feb-2017 22:05:11 CST-----------------------
An exception of category 'FileReadError' occurred while
   [0] Processing run: 276318 lumi: 515 event: 907664108
   [1] Running path 'WriteTree'
   [2] Calling event method for module TreeMaker/'LQTreeMaker2'
   [3] Calling produce method for unscheduled module BadChargedCandidateFilter/'BadChargedCandidateFilter'
   [4] Reading branch patPackedCandidates_packedPFCandidates__RECO.
   [5] Calling XrdFile::readv()
   [6] XrdAdaptor::ClientRequest::HandleResponse() failure while running connection recovery
   [7] In XrdAdaptor::RequestManager::requestFailure()
Exception Message:
XrdAdaptor::RequestManager::requestFailure Open(name='root://cmsxrootd.fnal.gov//store/data/Run2016D/SinglePhoton/MINIAOD/23Sep2016-v1/90000/D60F1D8F-3186-E611-8F96-001D09FDD7D4.root', flags=0x10, permissions=0660, old source=transfer-5.ultralight.org:1096 (site T2_US_Caltech), new source=transfer-5.ultralight.org:1096 (site T2_US_Caltech)) => Xrootd server returned an excluded source
   Additional Info:
      [a] Original error: '[ERROR] Server responded with an error: [3010] Unable to readv /store/data/Run2016D/SinglePhoton/MINIAOD/23Sep2016-v1/90000/D60F1D8F-3186-E611-8F96-001D09FDD7D4.root; operation not permitted
' (errno=3010, code=400, source=transfer-5.ultralight.org:1096 (site T2_US_Caltech)).
      [b] Disabled source: transfer-5.ultralight.org:1096
      [c] Disabled source: transfer-4.ultralight.org:1097
----- End Fatal Exception -------------------------------------------------
[2017-02-01 22:05:11.644784 -0600][Error  ][XRootD            ] [transfer-4.ultralight.org:1097] Unable to send the message kXR_close (handle: 0x00000000): [ERROR] Invalid session
01-Feb-2017 22:05:11 CST  Closed file root://cmsxrootd.fnal.gov//store/data/Run2016D/SinglePhoton/MINIAOD/23Sep2016-v1/90000/D60F1D8F-3186-E611-8F96-001D09FDD7D4.root

=============================================

MessageLogger Summary

 type     category        sev    module        subroutine        count    total
 ---- -------------------- -- ---------------- ----------------  -----    -----
    1 XrdAdaptor           -w (NoModuleName)                         1        1
    2 XrdAdaptor           -w file_open                              1        1
    3 XrdAdaptorInternal   -w (NoModuleName)                         5        5
    4 Fatal Exception      -s PostProcessPath                        1        1
    5 fileAction           -s file_close                             1        1
    6 fileAction           -s file_open                              2        2

 type    category    Examples: run/evt        run/evt          run/evt
 ---- -------------------- ---------------- ---------------- ----------------
    1 XrdAdaptor           pre-events                        
    2 XrdAdaptor           pre-events                        
    3 XrdAdaptorInternal   pre-events       pre-events       pre-events
    4 Fatal Exception      276318/907664108                  
    5 fileAction           PostEndRun                        
    6 fileAction           pre-events       pre-events       

Severity    # Occurrences   Total Occurrences
--------    -------------   -----------------
Warning                 7                   7
System                  4                   4
exit code 85, skipping xrdcp
