Starting job on  Wed Feb 1 21:23:27 CST 2017
Running on  Linux cmswn1542.fnal.gov 2.6.32-642.6.2.el6.x86_64 #1 SMP Tue Oct 25 15:06:33 CDT 2016 x86_64 x86_64 x86_64 GNU/Linux
System release  Scientific Linux Fermi release 6.8 (Ramsey)
CMSSW on Condor

parameter set:
CMSSWVER:   CMSSW_8_0_25
OUTDIR:     root://cmseos.fnal.gov//store/user/mbhat/MC2016_30_01_2017
SAMPLE:     Run2016D-23Sep2016-v1.SinglePhoton
NPART:      246
NSTART:     246
NFILES:     1
SCENARIO:   2016ReReco23Sep
REDIR:      
Done: ProjectRename
/storage/local/data1/condor/execute/dir_1074558
***** SETUP ************************************
 dataset: cms.untracked.vstring('root://cmsxrootd.fnal.gov//store/data/Run2016D/SinglePhoton/MINIAOD/23Sep2016-v1/90000/6C480483-4285-E611-965F-848F69FD24D2.root')
 outfile: Run2016D-23Sep2016-v1.SinglePhoton_246_RA2AnalysisTree
 
 
 storing PDF weights: True
 
 
 scenario: 2016ReReco23Sep
 global tag: 80X_dataRun2_2016SeptRepro_v3
 Instance name of tag information: RECO
 Including gen-level information: False
 Including pMSSM-related information: False
 Using fastsim settings: False
 Running signal uncertainties: False
 JSON file applied: data/Cert_271036-284044_13TeV_23Sep2016ReReco_Collisions16_JSON.txt
 JECs applied: data/jec/Summer16_23Sep2016AllV3_DATA (residuals)
 era of this dataset: Run2_25ns
************************************************
# Conditions read from  CMS_CONDITIONS  via FrontierProd 
 ################################################################### 
 # WARNING: this module is deprecated.                             # 
 # Please use CondCore.CondDB.CondDB_cfi.py                        # 
 ################################################################### 
 ################################################################### 
 # WARNING: this module is deprecated.                             # 
 # Please use CondCore.CondDB.CondDB_cfi.py                        # 
 ################################################################### 
01-Feb-2017 21:23:58 CST  Initiating request to open file root://cmsxrootd.fnal.gov//store/data/Run2016D/SinglePhoton/MINIAOD/23Sep2016-v1/90000/6C480483-4285-E611-965F-848F69FD24D2.root
%MSG-w XrdAdaptor:  file_open 01-Feb-2017 21:24:01 CST pre-events
Data is served from T2_US_Caltech instead of original site T1_US_FNAL
%MSG
01-Feb-2017 21:25:03 CST  Successfully opened file root://cmsxrootd.fnal.gov//store/data/Run2016D/SinglePhoton/MINIAOD/23Sep2016-v1/90000/6C480483-4285-E611-965F-848F69FD24D2.root
VarsBool:
full name: BadChargedCandidateFilter -> tag: BadChargedCandidateFilter nameInTree: BadChargedCandidateFilter
full name: BadPFMuonFilter -> tag: BadPFMuonFilter nameInTree: BadPFMuonFilter
full name: GoodJets:JetID(JetID) -> tag: GoodJets:JetID nameInTree: JetID
VarsInt:
full name: NVtx -> tag: NVtx nameInTree: NVtx
full name: nAllVertices -> tag: nAllVertices nameInTree: nAllVertices
full name: CSCTightHaloFilter -> tag: CSCTightHaloFilter nameInTree: CSCTightHaloFilter
full name: globalTightHalo2016Filter -> tag: globalTightHalo2016Filter nameInTree: globalTightHalo2016Filter
full name: HBHENoiseFilter -> tag: HBHENoiseFilter nameInTree: HBHENoiseFilter
full name: HBHEIsoNoiseFilter -> tag: HBHEIsoNoiseFilter nameInTree: HBHEIsoNoiseFilter
full name: EcalDeadCellTriggerPrimitiveFilter -> tag: EcalDeadCellTriggerPrimitiveFilter nameInTree: EcalDeadCellTriggerPrimitiveFilter
full name: eeBadScFilter -> tag: eeBadScFilter nameInTree: eeBadScFilter
VarsDouble:
full name: MET:Pt(MET) -> tag: MET:Pt nameInTree: MET
full name: MET:Phi(METPhi) -> tag: MET:Phi nameInTree: METPhi
full name: MET:CaloPt(CaloMET) -> tag: MET:CaloPt nameInTree: CaloMET
full name: MET:CaloPhi(CaloMETPhi) -> tag: MET:CaloPhi nameInTree: CaloMETPhi
full name: MET:PFCaloPtRatio(PFCaloMETRatio) -> tag: MET:PFCaloPtRatio nameInTree: PFCaloMETRatio
VarsString:
VarsTLorentzVector:
VectorBool:
full name: HEEPProducer:ecalDriven(Electron_ecalDriven) -> tag: HEEPProducer:ecalDriven nameInTree: Electron_ecalDriven
full name: GoodJets:JetIDMask(Jets_ID) -> tag: GoodJets:JetIDMask nameInTree: Jets_ID
VectorInt:
full name: HEEPProducer:Charge(Electron_Charge) -> tag: HEEPProducer:Charge nameInTree: Electron_Charge
full name: HEEPProducer:losthits(Electron_losthits) -> tag: HEEPProducer:losthits nameInTree: Electron_losthits
full name: HEEPProducer:PDGID(PDGID) -> tag: HEEPProducer:PDGID nameInTree: PDGID
full name: HEEPProducer:gencharge(gencharge) -> tag: HEEPProducer:gencharge nameInTree: gencharge
full name: HEEPProducer:motherPDGID(motherPDGID) -> tag: HEEPProducer:motherPDGID nameInTree: motherPDGID
full name: HEEPProducer:elstatus(elstatus) -> tag: HEEPProducer:elstatus nameInTree: elstatus
full name: MuonProducer:MuonPassID(MuonPassID) -> tag: MuonProducer:MuonPassID nameInTree: MuonPassID
full name: MuonProducer:MuonIsGlobal(MuonIsGlobal) -> tag: MuonProducer:MuonIsGlobal nameInTree: MuonIsGlobal
full name: TriggerProducer:TriggerPass -> tag: TriggerProducer:TriggerPass nameInTree: TriggerPass
full name: TriggerProducer:TriggerPrescales -> tag: TriggerProducer:TriggerPrescales nameInTree: TriggerPrescales
VectorDouble:
full name: HEEPProducer:trackiso(Electron_trackiso) -> tag: HEEPProducer:trackiso nameInTree: Electron_trackiso
full name: HEEPProducer:Et(Electron_Et) -> tag: HEEPProducer:Et nameInTree: Electron_Et
full name: HEEPProducer:DeltaEtain(Electron_DeltaEtain) -> tag: HEEPProducer:DeltaEtain nameInTree: Electron_DeltaEtain
full name: HEEPProducer:DeltaPhiin(Electron_DeltaPhiin) -> tag: HEEPProducer:DeltaPhiin nameInTree: Electron_DeltaPhiin
full name: HEEPProducer:HbE(Electron_HOverE) -> tag: HEEPProducer:HbE nameInTree: Electron_HOverE
full name: HEEPProducer:Ecaliso(Electron_Ecaliso) -> tag: HEEPProducer:Ecaliso nameInTree: Electron_Ecaliso
full name: HEEPProducer:HD1iso(Electron_HD1iso) -> tag: HEEPProducer:HD1iso nameInTree: Electron_HD1iso
full name: HEEPProducer:e25bye55(Electron_e25bye55) -> tag: HEEPProducer:e25bye55 nameInTree: Electron_e25bye55
full name: HEEPProducer:Fullsce25bye55(Electron_Fullsce25bye55) -> tag: HEEPProducer:Fullsce25bye55 nameInTree: Electron_Fullsce25bye55
full name: HEEPProducer:Fulle15bye55(Electron_Fulle15bye55) -> tag: HEEPProducer:Fulle15bye55 nameInTree: Electron_Fulle15bye55
full name: HEEPProducer:scEnergy(Electron_scEnergy) -> tag: HEEPProducer:scEnergy nameInTree: Electron_scEnergy
full name: HEEPProducer:DeltaEtaSeed(Electron_DeltaEtaSeed) -> tag: HEEPProducer:DeltaEtaSeed nameInTree: Electron_DeltaEtaSeed
full name: HEEPProducer:rho(rho) -> tag: HEEPProducer:rho nameInTree: rho
full name: HEEPProducer:ecalEnergy(Electron_ecalEnergy) -> tag: HEEPProducer:ecalEnergy nameInTree: Electron_ecalEnergy
full name: HEEPProducer:full55SiEtaiEta(Electron_full55SiEtaiEta) -> tag: HEEPProducer:full55SiEtaiEta nameInTree: Electron_full55SiEtaiEta
full name: HEEPProducer:sce25bye55(Electron_sce25bye55) -> tag: HEEPProducer:sce25bye55 nameInTree: Electron_sce25bye55
full name: HEEPProducer:e15bye55(Electron_e15bye55) -> tag: HEEPProducer:e15bye55 nameInTree: Electron_e15bye55
full name: HEEPProducer:Phi(Electron_Phi) -> tag: HEEPProducer:Phi nameInTree: Electron_Phi
full name: HEEPProducer:eEnergy(Electron_Energy) -> tag: HEEPProducer:eEnergy nameInTree: Electron_Energy
full name: HEEPProducer:dxy(dxy) -> tag: HEEPProducer:dxy nameInTree: dxy
full name: HEEPProducer:ePz(Electron_Pz) -> tag: HEEPProducer:ePz nameInTree: Electron_Pz
full name: HEEPProducer:ePx(Electron_Px) -> tag: HEEPProducer:ePx nameInTree: Electron_Px
full name: HEEPProducer:ePy(Electron_Py) -> tag: HEEPProducer:ePy nameInTree: Electron_Py
full name: HEEPProducer:genPt(genPt) -> tag: HEEPProducer:genPt nameInTree: genPt
full name: HEEPProducer:genEta(genEta) -> tag: HEEPProducer:genEta nameInTree: genEta
full name: HEEPProducer:genPhi(genPhi) -> tag: HEEPProducer:genPhi nameInTree: genPhi
full name: HEEPProducer:genEnergy(genEnergy) -> tag: HEEPProducer:genEnergy nameInTree: genEnergy
full name: HEEPProducer:PtHEEP(Electron_PtHEEP) -> tag: HEEPProducer:PtHEEP nameInTree: Electron_PtHEEP
full name: HEEPProducer:scEta(Electron_scEta) -> tag: HEEPProducer:scEta nameInTree: Electron_scEta
full name: HEEPProducer:heep70TrkIso(Electron_heep70TrkIso) -> tag: HEEPProducer:heep70TrkIso nameInTree: Electron_heep70TrkIso
full name: MuonProducer:MuonEta(MuonEta) -> tag: MuonProducer:MuonEta nameInTree: MuonEta
full name: MuonProducer:MuonPhi(MuonPhi) -> tag: MuonProducer:MuonPhi nameInTree: MuonPhi
full name: MuonProducer:MuonPt(MuonPt) -> tag: MuonProducer:MuonPt nameInTree: MuonPt
full name: MuonProducer:MuonEnergy(MuonEnergy) -> tag: MuonProducer:MuonEnergy nameInTree: MuonEnergy
full name: TauProducer:tEta(TauEta) -> tag: TauProducer:tEta nameInTree: TauEta
full name: TauProducer:tPhi(TauPhi) -> tag: TauProducer:tPhi nameInTree: TauPhi
full name: TauProducer:tPt(TauPt) -> tag: TauProducer:tPt nameInTree: TauPt
full name: TriggerProducer:objectPt -> tag: TriggerProducer:objectPt nameInTree: objectPt
full name: TriggerProducer:objecteta -> tag: TriggerProducer:objecteta nameInTree: objecteta
full name: TriggerProducer:objectphi -> tag: TriggerProducer:objectphi nameInTree: objectphi
full name: TriggerProducer:objectE -> tag: TriggerProducer:objectE nameInTree: objectE
full name: TriggerProducer:ColumnNum -> tag: TriggerProducer:ColumnNum nameInTree: ColumnNum
VectorString:
full name: TriggerProducer:TriggerNames -> tag: TriggerProducer:TriggerNames nameInTree: TriggerNames
VectorTLorentzVector:
VectorRecoCand:
full name: GoodJets(Jets) -> tag: GoodJets nameInTree: Jets
List of stored triggers:
0: HLT_CaloJet500_NoJetID_v
1: HLT_DoubleEle8_CaloIdM_TrackIdM_Mass8_PFHT300_v
2: HLT_DoubleMu8_Mass8_PFHT300_v
3: HLT_Ele105_CaloIdVT_GsfTrkIdT_v
4: HLT_Ele115_CaloIdVT_GsfTrkIdT_v
5: HLT_Ele15_IsoVVVL_PFHT350_PFMET50_v
6: HLT_Ele15_IsoVVVL_PFHT350_v
7: HLT_Ele15_IsoVVVL_PFHT400_v
8: HLT_Ele15_IsoVVVL_PFHT600_v
9: HLT_Ele23_Ele12_CaloIdL_TrackIdL_IsoVL_DZ_v
10: HLT_Ele25_eta2p1_WPTight_Gsf_v 
11: HLT_Ele27_WPTight_Gsf_v
12: HLT_Ele27_eta2p1_WPLoose_Gsf_v 
13: HLT_Ele45_WPLoose_Gsf_v
14: HLT_Ele50_IsoVVVL_PFHT400_v
15: HLT_IsoMu16_eta2p1_MET30_v
16: HLT_IsoMu22_eta2p1_v
17: HLT_IsoMu22_v
18: HLT_IsoMu24_v 
19: HLT_IsoTkMu22_v
20: HLT_Mu15_IsoVVVL_PFHT350_PFMET50_v
21: HLT_Mu15_IsoVVVL_PFHT350_v
22: HLT_Mu15_IsoVVVL_PFHT400_v
23: HLT_Mu15_IsoVVVL_PFHT600_v
24: HLT_Mu17_TrkIsoVVL_Mu8_TrkIsoVVL_v
25: HLT_Mu17_TrkIsoVVL_TkMu8_TrkIsoVVL_v
26: HLT_Mu45_eta2p1_v
27: HLT_Mu50_IsoVVVL_PFHT400_v
28: HLT_Mu50_v
29: HLT_PFHT200_v
30: HLT_PFHT250_v
31: HLT_PFHT300_PFMET100_v
32: HLT_PFHT300_PFMET110_v
33: HLT_PFHT300_v
34: HLT_PFHT350_v
35: HLT_PFHT400_v
36: HLT_PFHT475_v
37: HLT_PFHT600_v
38: HLT_PFHT650_v
39: HLT_PFHT800_v
40: HLT_PFHT900_v
41: HLT_PFMET100_PFMHT100_IDTight_v
42: HLT_PFMET110_PFMHT110_IDTight_v
43: HLT_PFMET120_PFMHT120_IDTight_v
44: HLT_PFMET90_PFMHT90_IDTight_v
45: HLT_PFMETNoMu100_PFMHTNoMu100_IDTight_v
46: HLT_PFMETNoMu110_PFMHTNoMu110_IDTight_v
47: HLT_PFMETNoMu120_PFMHTNoMu120_IDTight_v
48: HLT_PFMETNoMu90_PFMHTNoMu90_IDTight_v
49: HLT_Photon120_v
50: HLT_Photon165_HE10_v
51: HLT_Photon175_v
52: HLT_Photon22_v
53: HLT_Photon30_v
54: HLT_Photon36_v
55: HLT_Photon50_v
56: HLT_Photon75_v
57: HLT_Photon90_CaloIdL_PFHT500_v
58: HLT_Photon90_v
59: HLT_TkMu50_v
[STATUS] Reading energy scale correction  values from file: EgammaAnalysis/ElectronTools/data/ScalesSmearings/Winter_2016_reReco_v1_ele_scales.dat
[STATUS] Reading energy scale correction  values from file: EgammaAnalysis/ElectronTools/data/ScalesSmearings/Winter_2016_reReco_v1_ele_scales.dat
Begin processing the 1st record. Run 276315, Event 244923717, LumiSection 163 at 01-Feb-2017 21:25:38.047 CST
Begin processing the 1001st record. Run 276315, Event 245986778, LumiSection 163 at 01-Feb-2017 21:26:29.533 CST
Begin processing the 2001st record. Run 276315, Event 246271275, LumiSection 163 at 01-Feb-2017 21:27:07.335 CST
Begin processing the 3001st record. Run 276315, Event 247156936, LumiSection 164 at 01-Feb-2017 21:27:41.849 CST
Begin processing the 4001st record. Run 276315, Event 246348583, LumiSection 164 at 01-Feb-2017 21:28:16.137 CST
Begin processing the 5001st record. Run 276315, Event 253874895, LumiSection 167 at 01-Feb-2017 21:28:58.842 CST
Begin processing the 6001st record. Run 276315, Event 253638851, LumiSection 167 at 01-Feb-2017 21:29:49.185 CST
Begin processing the 7001st record. Run 276315, Event 252933884, LumiSection 167 at 01-Feb-2017 21:30:26.006 CST
Begin processing the 8001st record. Run 276315, Event 255066812, LumiSection 168 at 01-Feb-2017 21:31:04.106 CST
Begin processing the 9001st record. Run 276315, Event 254645013, LumiSection 168 at 01-Feb-2017 21:31:37.293 CST
Begin processing the 10001st record. Run 276315, Event 278710442, LumiSection 179 at 01-Feb-2017 21:32:23.260 CST
Begin processing the 11001st record. Run 276315, Event 277780367, LumiSection 179 at 01-Feb-2017 21:32:58.082 CST
Begin processing the 12001st record. Run 276315, Event 279983513, LumiSection 180 at 01-Feb-2017 21:33:41.085 CST
Begin processing the 13001st record. Run 276315, Event 279538022, LumiSection 180 at 01-Feb-2017 21:34:14.440 CST
Begin processing the 14001st record. Run 276315, Event 279463607, LumiSection 180 at 01-Feb-2017 21:34:51.392 CST
Begin processing the 15001st record. Run 276315, Event 306494979, LumiSection 193 at 01-Feb-2017 21:35:32.476 CST
Begin processing the 16001st record. Run 276315, Event 306414978, LumiSection 193 at 01-Feb-2017 21:36:06.442 CST
Begin processing the 17001st record. Run 276315, Event 307709674, LumiSection 194 at 01-Feb-2017 21:36:43.862 CST
Begin processing the 18001st record. Run 276315, Event 308020151, LumiSection 194 at 01-Feb-2017 21:37:22.432 CST
Begin processing the 19001st record. Run 276315, Event 330584116, LumiSection 205 at 01-Feb-2017 21:38:04.676 CST
Begin processing the 20001st record. Run 276315, Event 329532497, LumiSection 205 at 01-Feb-2017 21:38:45.492 CST
Begin processing the 21001st record. Run 276315, Event 329582025, LumiSection 205 at 01-Feb-2017 21:39:21.879 CST
Begin processing the 22001st record. Run 276315, Event 331543701, LumiSection 206 at 01-Feb-2017 21:39:56.822 CST
Begin processing the 23001st record. Run 276315, Event 332121763, LumiSection 206 at 01-Feb-2017 21:40:31.106 CST
Begin processing the 24001st record. Run 276315, Event 342505501, LumiSection 211 at 01-Feb-2017 21:41:14.058 CST
Begin processing the 25001st record. Run 276315, Event 342564257, LumiSection 211 at 01-Feb-2017 21:42:00.546 CST
Begin processing the 26001st record. Run 276315, Event 344662281, LumiSection 212 at 01-Feb-2017 21:42:40.100 CST
Begin processing the 27001st record. Run 276315, Event 344359763, LumiSection 212 at 01-Feb-2017 21:43:13.912 CST
Begin processing the 28001st record. Run 276315, Event 344182778, LumiSection 212 at 01-Feb-2017 21:43:49.714 CST
Begin processing the 29001st record. Run 276315, Event 350271326, LumiSection 215 at 01-Feb-2017 21:44:33.505 CST
Begin processing the 30001st record. Run 276315, Event 349899367, LumiSection 215 at 01-Feb-2017 21:45:07.316 CST
Begin processing the 31001st record. Run 276315, Event 351537655, LumiSection 216 at 01-Feb-2017 21:45:47.922 CST
Begin processing the 32001st record. Run 276315, Event 352246536, LumiSection 216 at 01-Feb-2017 21:46:25.267 CST
Begin processing the 33001st record. Run 276317, Event 4654139, LumiSection 5 at 01-Feb-2017 21:47:02.265 CST
Begin processing the 34001st record. Run 276317, Event 5392033, LumiSection 5 at 01-Feb-2017 21:47:41.811 CST
Begin processing the 35001st record. Run 276317, Event 5454656, LumiSection 5 at 01-Feb-2017 21:48:18.940 CST
Begin processing the 36001st record. Run 276317, Event 6484950, LumiSection 6 at 01-Feb-2017 21:48:55.858 CST
Begin processing the 37001st record. Run 276317, Event 7516064, LumiSection 6 at 01-Feb-2017 21:49:31.548 CST
Begin processing the 38001st record. Run 276317, Event 23811395, LumiSection 15 at 01-Feb-2017 21:50:23.435 CST
Begin processing the 39001st record. Run 276317, Event 23288455, LumiSection 15 at 01-Feb-2017 21:50:58.640 CST
Begin processing the 40001st record. Run 276317, Event 25200755, LumiSection 16 at 01-Feb-2017 21:51:33.620 CST
Begin processing the 41001st record. Run 276317, Event 25591627, LumiSection 16 at 01-Feb-2017 21:52:11.314 CST
Begin processing the 42001st record. Run 276317, Event 26227372, LumiSection 16 at 01-Feb-2017 21:52:50.776 CST
Begin processing the 43001st record. Run 276317, Event 28583367, LumiSection 17 at 01-Feb-2017 21:53:38.125 CST
Begin processing the 44001st record. Run 276317, Event 28316404, LumiSection 17 at 01-Feb-2017 21:54:17.903 CST
Begin processing the 45001st record. Run 276317, Event 29476364, LumiSection 18 at 01-Feb-2017 21:55:00.940 CST
Begin processing the 46001st record. Run 276317, Event 30515344, LumiSection 18 at 01-Feb-2017 21:55:36.431 CST
Begin processing the 47001st record. Run 276317, Event 40579240, LumiSection 23 at 01-Feb-2017 21:56:14.424 CST
Begin processing the 48001st record. Run 276317, Event 39899249, LumiSection 23 at 01-Feb-2017 21:56:51.045 CST
Begin processing the 49001st record. Run 276317, Event 41951053, LumiSection 24 at 01-Feb-2017 21:57:26.215 CST
Begin processing the 50001st record. Run 276317, Event 42634518, LumiSection 24 at 01-Feb-2017 21:58:00.116 CST
[2017-02-01 21:58:55.358490 -0600][Error  ][File              ] [0xec527b40@root://cmsxrootd.fnal.gov:1094//store/data/Run2016D/SinglePhoton/MINIAOD/23Sep2016-v1/90000/6C480483-4285-E611-965F-848F69FD24D2.root?tried=transfer-4.ultralight.org] Fatal file state error. Message kXR_readv (handle: 0x00000000, chunks: 81, total size: 31800220) returned with [ERROR] Server responded with an error: [3010] Unable to readv /store/data/Run2016D/SinglePhoton/MINIAOD/23Sep2016-v1/90000/6C480483-4285-E611-965F-848F69FD24D2.root; operation not permitted
%MSG-w XrdAdaptorInternal:  (NoModuleName) 01-Feb-2017 21:58:55 CST pre-events
XrdRequestManager::handle(name='root://cmsxrootd.fnal.gov//store/data/Run2016D/SinglePhoton/MINIAOD/23Sep2016-v1/90000/6C480483-4285-E611-965F-848F69FD24D2.root) failure when reading from transfer-5.ultralight.org:1096 (site T2_US_Caltech); failed with error '[ERROR] Server responded with an error: [3010] Unable to readv /store/data/Run2016D/SinglePhoton/MINIAOD/23Sep2016-v1/90000/6C480483-4285-E611-965F-848F69FD24D2.root; operation not permitted
' (errno=3010, code=400).
%MSG
%MSG-w XrdAdaptorInternal:  (NoModuleName) 01-Feb-2017 21:58:55 CST pre-events
Request failure when reading from transfer-5.ultralight.org:1096 (site T2_US_Caltech)
%MSG
%MSG-w XrdAdaptor:  (NoModuleName) 01-Feb-2017 21:58:55 CST pre-events
Data is now served from  instead of previous T2_US_Caltech
%MSG
%MSG-w XrdAdaptorInternal:  (NoModuleName) 01-Feb-2017 21:58:55 CST pre-events
Caught a CMSSW exception when running connection recovery.
%MSG
----- Begin Fatal Exception 01-Feb-2017 21:58:55 CST-----------------------
An exception of category 'FileReadError' occurred while
   [0] Processing run: 276317 lumi: 24 event: 42126019
   [1] Running path 'WriteTree'
   [2] Calling event method for module TreeMaker/'LQTreeMaker2'
   [3] Calling produce method for unscheduled module METDouble/'MET'
   [4] Calling produce method for unscheduled module PATMETSlimmer/'slimmedMETs'
   [5] Calling produce method for unscheduled module CorrectedPATMETProducer/'patPFMetT1'
   [6] Calling produce method for unscheduled module PATMETProducer/'patPFMet'
   [7] Calling produce method for unscheduled module RecoMETExtractor/'pfMet'
   [8] Reading branch patMETs_slimmedMETs__RECO.
   [9] Calling XrdFile::readv()
   [10] XrdAdaptor::ClientRequest::HandleResponse() failure while running connection recovery
   [11] In XrdAdaptor::RequestManager::requestFailure()
Exception Message:
XrdAdaptor::RequestManager::requestFailure Open(name='root://cmsxrootd.fnal.gov//store/data/Run2016D/SinglePhoton/MINIAOD/23Sep2016-v1/90000/6C480483-4285-E611-965F-848F69FD24D2.root', flags=0x10, permissions=0660, old source=transfer-5.ultralight.org:1096 (site T2_US_Caltech), new source=transfer-5.ultralight.org:1096 (site T2_US_Caltech)) => Xrootd server returned an excluded source
   Additional Info:
      [a] Original error: '[ERROR] Server responded with an error: [3010] Unable to readv /store/data/Run2016D/SinglePhoton/MINIAOD/23Sep2016-v1/90000/6C480483-4285-E611-965F-848F69FD24D2.root; operation not permitted
' (errno=3010, code=400, source=transfer-5.ultralight.org:1096 (site T2_US_Caltech)).
      [b] Disabled source: transfer-5.ultralight.org:1096
----- End Fatal Exception -------------------------------------------------
01-Feb-2017 21:58:56 CST  Closed file root://cmsxrootd.fnal.gov//store/data/Run2016D/SinglePhoton/MINIAOD/23Sep2016-v1/90000/6C480483-4285-E611-965F-848F69FD24D2.root

=============================================

MessageLogger Summary

 type     category        sev    module        subroutine        count    total
 ---- -------------------- -- ---------------- ----------------  -----    -----
    1 XrdAdaptor           -w (NoModuleName)                         1        1
    2 XrdAdaptor           -w file_open                              1        1
    3 XrdAdaptorInternal   -w (NoModuleName)                         3        3
    4 Fatal Exception      -s PostProcessPath                        1        1
    5 fileAction           -s file_close                             1        1
    6 fileAction           -s file_open                              2        2

 type    category    Examples: run/evt        run/evt          run/evt
 ---- -------------------- ---------------- ---------------- ----------------
    1 XrdAdaptor           pre-events                        
    2 XrdAdaptor           pre-events                        
    3 XrdAdaptorInternal   pre-events       pre-events       pre-events
    4 Fatal Exception      276317/42126019                   
    5 fileAction           PostEndRun                        
    6 fileAction           pre-events       pre-events       

Severity    # Occurrences   Total Occurrences
--------    -------------   -----------------
Warning                 5                   5
System                  4                   4
exit code 85, skipping xrdcp
