Starting job on  Fri Feb 3 16:23:44 CST 2017
Running on  Linux cmswn1520.fnal.gov 2.6.32-642.6.2.el6.x86_64 #1 SMP Tue Oct 25 15:06:33 CDT 2016 x86_64 x86_64 x86_64 GNU/Linux
System release  Scientific Linux Fermi release 6.8 (Ramsey)
CMSSW on Condor

parameter set:
CMSSWVER:   CMSSW_8_0_25
OUTDIR:     root://cmseos.fnal.gov//store/user/mbhat/MC2016_30_01_2017
SAMPLE:     Summer16.WJetsToLNu_HT-800To1200_TuneCUETP8M1_13TeV-madgraphMLM-pythia8_ext1
NPART:      79
NSTART:     79
NFILES:     1
SCENARIO:   Summer16
REDIR:      
Done: ProjectRename
/storage/local/data1/condor/execute/dir_3055141
***** SETUP ************************************
 dataset: cms.untracked.vstring('root://cmsxrootd.fnal.gov//store/mc/RunIISummer16MiniAODv2/WJetsToLNu_HT-800To1200_TuneCUETP8M1_13TeV-madgraphMLM-pythia8/MINIAODSIM/PUMoriond17_80X_mcRun2_asymptotic_2016_TrancheIV_v6_ext1-v1/120000/B66C9034-80BE-E611-B4BA-00259073E3B2.root')
 outfile: Summer16.WJetsToLNu_HT-800To1200_TuneCUETP8M1_13TeV-madgraphMLM-pythia8_ext1_79_RA2AnalysisTree
 
 
 storing PDF weights: True
 
 
 scenario: Summer16
 global tag: 80X_mcRun2_asymptotic_2016_TrancheIV_v6
 Instance name of tag information: PAT
 Including gen-level information: True
 Including pMSSM-related information: False
 Using fastsim settings: False
 Running signal uncertainties: False
 JECs applied: data/jec/Summer16_23Sep2016V3_MC
 JERs applied: data/jer/Spring16_25nsV6_MC
 PU weights stored: LeptoQuarkTreeMaker/Production/test/data/PileupHistograms_0721_63mb_pm5.root
 era of this dataset: Run2_25ns
************************************************
# Conditions read from  CMS_CONDITIONS  via FrontierProd 
WJetsToLNu_HT-800To1200_TuneCUETP8M1_13TeV-madgraphMLM-pythia8, PUMoriond17_80X_mcRun2_asymptotic_2016_TrancheIV_v6_ext1-v1 : 'root://cmsxrootd.fnal.gov//store/mc/RunIISummer16MiniAODv2/WJetsToLNu_HT-800To1200_TuneCUETP8M1_13TeV-madgraphMLM-pythia8/MINIAODSIM/PUMoriond17_80X_mcRun2_asymptotic_2016_TrancheIV_v6_ext1-v1/120000/B66C9034-80BE-E611-B4BA-00259073E3B2.root'
Setup WeightProducer for 'root://cmsxrootd.fnal.gov//store/mc/RunIISummer16MiniAODv2/WJetsToLNu_HT-800To1200_TuneCUETP8M1_13TeV-madgraphMLM-pythia8/MINIAODSIM/PUMoriond17_80X_mcRun2_asymptotic_2016_TrancheIV_v6_ext1-v1/120000/B66C9034-80BE-E611-B4BA-00259073E3B2.root'
 ################################################################### 
 # WARNING: this module is deprecated.                             # 
 # Please use CondCore.CondDB.CondDB_cfi.py                        # 
 ################################################################### 
 ################################################################### 
 # WARNING: this module is deprecated.                             # 
 # Please use CondCore.CondDB.CondDB_cfi.py                        # 
 ################################################################### 
03-Feb-2017 16:24:20 CST  Initiating request to open file root://cmsxrootd.fnal.gov//store/mc/RunIISummer16MiniAODv2/WJetsToLNu_HT-800To1200_TuneCUETP8M1_13TeV-madgraphMLM-pythia8/MINIAODSIM/PUMoriond17_80X_mcRun2_asymptotic_2016_TrancheIV_v6_ext1-v1/120000/B66C9034-80BE-E611-B4BA-00259073E3B2.root
%MSG-w XrdAdaptor:  file_open 03-Feb-2017 16:24:23 CST pre-events
Data is served from T2_US_Nebraska instead of original site T1_US_FNAL
%MSG
03-Feb-2017 16:24:25 CST  Successfully opened file root://cmsxrootd.fnal.gov//store/mc/RunIISummer16MiniAODv2/WJetsToLNu_HT-800To1200_TuneCUETP8M1_13TeV-madgraphMLM-pythia8/MINIAODSIM/PUMoriond17_80X_mcRun2_asymptotic_2016_TrancheIV_v6_ext1-v1/120000/B66C9034-80BE-E611-B4BA-00259073E3B2.root
VarsBool:
full name: BadChargedCandidateFilter -> tag: BadChargedCandidateFilter nameInTree: BadChargedCandidateFilter
full name: BadPFMuonFilter -> tag: BadPFMuonFilter nameInTree: BadPFMuonFilter
full name: GoodJets:JetID(JetID) -> tag: GoodJets:JetID nameInTree: JetID
full name: GoodJetsJECup:JetID(JetIDJECup) -> tag: GoodJetsJECup:JetID nameInTree: JetIDJECup
full name: GoodJetsJECdown:JetID(JetIDJECdown) -> tag: GoodJetsJECdown:JetID nameInTree: JetIDJECdown
full name: GoodJetsJERup:JetID(JetIDJERup) -> tag: GoodJetsJERup:JetID nameInTree: JetIDJERup
full name: GoodJetsJERdown:JetID(JetIDJERdown) -> tag: GoodJetsJERdown:JetID nameInTree: JetIDJERdown
VarsInt:
full name: WeightProducer:NumInteractions -> tag: WeightProducer:NumInteractions nameInTree: NumInteractions
full name: NVtx -> tag: NVtx nameInTree: NVtx
full name: nAllVertices -> tag: nAllVertices nameInTree: nAllVertices
full name: CSCTightHaloFilter -> tag: CSCTightHaloFilter nameInTree: CSCTightHaloFilter
full name: globalTightHalo2016Filter -> tag: globalTightHalo2016Filter nameInTree: globalTightHalo2016Filter
full name: HBHENoiseFilter -> tag: HBHENoiseFilter nameInTree: HBHENoiseFilter
full name: HBHEIsoNoiseFilter -> tag: HBHEIsoNoiseFilter nameInTree: HBHEIsoNoiseFilter
full name: EcalDeadCellTriggerPrimitiveFilter -> tag: EcalDeadCellTriggerPrimitiveFilter nameInTree: EcalDeadCellTriggerPrimitiveFilter
full name: eeBadScFilter -> tag: eeBadScFilter nameInTree: eeBadScFilter
VarsDouble:
full name: WeightProducer:weight(Weight) -> tag: WeightProducer:weight nameInTree: Weight
full name: WeightProducer:xsec(CrossSection) -> tag: WeightProducer:xsec nameInTree: CrossSection
full name: WeightProducer:nevents(NumEvents) -> tag: WeightProducer:nevents nameInTree: NumEvents
full name: WeightProducer:TrueNumInteractions -> tag: WeightProducer:TrueNumInteractions nameInTree: TrueNumInteractions
full name: WeightProducer:PUweight(puWeight) -> tag: WeightProducer:PUweight nameInTree: puWeight
full name: WeightProducer:PUSysUp(puSysUp) -> tag: WeightProducer:PUSysUp nameInTree: puSysUp
full name: WeightProducer:PUSysDown(puSysDown) -> tag: WeightProducer:PUSysDown nameInTree: puSysDown
full name: MadHT:genHT(madHT) -> tag: MadHT:genHT nameInTree: madHT
full name: GenHT -> tag: GenHT nameInTree: GenHT
full name: MET:Pt(MET) -> tag: MET:Pt nameInTree: MET
full name: MET:Phi(METPhi) -> tag: MET:Phi nameInTree: METPhi
full name: MET:CaloPt(CaloMET) -> tag: MET:CaloPt nameInTree: CaloMET
full name: MET:CaloPhi(CaloMETPhi) -> tag: MET:CaloPhi nameInTree: CaloMETPhi
full name: MET:PFCaloPtRatio(PFCaloMETRatio) -> tag: MET:PFCaloPtRatio nameInTree: PFCaloMETRatio
full name: MET:GenPt(GenMET) -> tag: MET:GenPt nameInTree: GenMET
full name: MET:GenPhi(GenMETPhi) -> tag: MET:GenPhi nameInTree: GenMETPhi
VarsString:
VarsTLorentzVector:
VectorBool:
full name: HEEPProducer:ecalDriven(Electron_ecalDriven) -> tag: HEEPProducer:ecalDriven nameInTree: Electron_ecalDriven
full name: GoodJets:JetIDMask(Jets_ID) -> tag: GoodJets:JetIDMask nameInTree: Jets_ID
full name: GoodJetsJECup:JetIDMask(JetsJECup_ID) -> tag: GoodJetsJECup:JetIDMask nameInTree: JetsJECup_ID
full name: GoodJetsJECdown:JetIDMask(JetsJECdown_ID) -> tag: GoodJetsJECdown:JetIDMask nameInTree: JetsJECdown_ID
full name: GoodJetsJERup:JetIDMask(JetsJERup_ID) -> tag: GoodJetsJERup:JetIDMask nameInTree: JetsJERup_ID
full name: GoodJetsJERdown:JetIDMask(JetsJERdown_ID) -> tag: GoodJetsJERdown:JetIDMask nameInTree: JetsJERdown_ID
full name: GenHTJets:SubJetMask(GenJets_HTMask) -> tag: GenHTJets:SubJetMask nameInTree: GenJets_HTMask
full name: GenMHTJets:SubJetMask(GenJets_MHTMask) -> tag: GenMHTJets:SubJetMask nameInTree: GenJets_MHTMask
VectorInt:
full name: PDFWeights:PDFids -> tag: PDFWeights:PDFids nameInTree: PDFids
full name: HEEPProducer:Charge(Electron_Charge) -> tag: HEEPProducer:Charge nameInTree: Electron_Charge
full name: HEEPProducer:losthits(Electron_losthits) -> tag: HEEPProducer:losthits nameInTree: Electron_losthits
full name: HEEPProducer:PDGID(PDGID) -> tag: HEEPProducer:PDGID nameInTree: PDGID
full name: HEEPProducer:gencharge(gencharge) -> tag: HEEPProducer:gencharge nameInTree: gencharge
full name: HEEPProducer:motherPDGID(motherPDGID) -> tag: HEEPProducer:motherPDGID nameInTree: motherPDGID
full name: HEEPProducer:elstatus(elstatus) -> tag: HEEPProducer:elstatus nameInTree: elstatus
full name: MuonProducer:MuonPassID(MuonPassID) -> tag: MuonProducer:MuonPassID nameInTree: MuonPassID
full name: MuonProducer:MuonIsGlobal(MuonIsGlobal) -> tag: MuonProducer:MuonIsGlobal nameInTree: MuonIsGlobal
full name: TriggerProducer:TriggerPass -> tag: TriggerProducer:TriggerPass nameInTree: TriggerPass
full name: TriggerProducer:TriggerPrescales -> tag: TriggerProducer:TriggerPrescales nameInTree: TriggerPrescales
VectorDouble:
full name: PDFWeights:PDFweights -> tag: PDFWeights:PDFweights nameInTree: PDFweights
full name: PDFWeights:ScaleWeights -> tag: PDFWeights:ScaleWeights nameInTree: ScaleWeights
full name: HEEPProducer:trackiso(Electron_trackiso) -> tag: HEEPProducer:trackiso nameInTree: Electron_trackiso
full name: HEEPProducer:Et(Electron_Et) -> tag: HEEPProducer:Et nameInTree: Electron_Et
full name: HEEPProducer:DeltaEtain(Electron_DeltaEtain) -> tag: HEEPProducer:DeltaEtain nameInTree: Electron_DeltaEtain
full name: HEEPProducer:DeltaPhiin(Electron_DeltaPhiin) -> tag: HEEPProducer:DeltaPhiin nameInTree: Electron_DeltaPhiin
full name: HEEPProducer:HbE(Electron_HOverE) -> tag: HEEPProducer:HbE nameInTree: Electron_HOverE
full name: HEEPProducer:Ecaliso(Electron_Ecaliso) -> tag: HEEPProducer:Ecaliso nameInTree: Electron_Ecaliso
full name: HEEPProducer:HD1iso(Electron_HD1iso) -> tag: HEEPProducer:HD1iso nameInTree: Electron_HD1iso
full name: HEEPProducer:e25bye55(Electron_e25bye55) -> tag: HEEPProducer:e25bye55 nameInTree: Electron_e25bye55
full name: HEEPProducer:Fullsce25bye55(Electron_Fullsce25bye55) -> tag: HEEPProducer:Fullsce25bye55 nameInTree: Electron_Fullsce25bye55
full name: HEEPProducer:Fulle15bye55(Electron_Fulle15bye55) -> tag: HEEPProducer:Fulle15bye55 nameInTree: Electron_Fulle15bye55
full name: HEEPProducer:scEnergy(Electron_scEnergy) -> tag: HEEPProducer:scEnergy nameInTree: Electron_scEnergy
full name: HEEPProducer:DeltaEtaSeed(Electron_DeltaEtaSeed) -> tag: HEEPProducer:DeltaEtaSeed nameInTree: Electron_DeltaEtaSeed
full name: HEEPProducer:rho(rho) -> tag: HEEPProducer:rho nameInTree: rho
full name: HEEPProducer:ecalEnergy(Electron_ecalEnergy) -> tag: HEEPProducer:ecalEnergy nameInTree: Electron_ecalEnergy
full name: HEEPProducer:full55SiEtaiEta(Electron_full55SiEtaiEta) -> tag: HEEPProducer:full55SiEtaiEta nameInTree: Electron_full55SiEtaiEta
full name: HEEPProducer:sce25bye55(Electron_sce25bye55) -> tag: HEEPProducer:sce25bye55 nameInTree: Electron_sce25bye55
full name: HEEPProducer:e15bye55(Electron_e15bye55) -> tag: HEEPProducer:e15bye55 nameInTree: Electron_e15bye55
full name: HEEPProducer:Phi(Electron_Phi) -> tag: HEEPProducer:Phi nameInTree: Electron_Phi
full name: HEEPProducer:eEnergy(Electron_Energy) -> tag: HEEPProducer:eEnergy nameInTree: Electron_Energy
full name: HEEPProducer:dxy(dxy) -> tag: HEEPProducer:dxy nameInTree: dxy
full name: HEEPProducer:ePz(Electron_Pz) -> tag: HEEPProducer:ePz nameInTree: Electron_Pz
full name: HEEPProducer:ePx(Electron_Px) -> tag: HEEPProducer:ePx nameInTree: Electron_Px
full name: HEEPProducer:ePy(Electron_Py) -> tag: HEEPProducer:ePy nameInTree: Electron_Py
full name: HEEPProducer:genPt(genPt) -> tag: HEEPProducer:genPt nameInTree: genPt
full name: HEEPProducer:genEta(genEta) -> tag: HEEPProducer:genEta nameInTree: genEta
full name: HEEPProducer:genPhi(genPhi) -> tag: HEEPProducer:genPhi nameInTree: genPhi
full name: HEEPProducer:genEnergy(genEnergy) -> tag: HEEPProducer:genEnergy nameInTree: genEnergy
full name: HEEPProducer:PtHEEP(Electron_PtHEEP) -> tag: HEEPProducer:PtHEEP nameInTree: Electron_PtHEEP
full name: HEEPProducer:scEta(Electron_scEta) -> tag: HEEPProducer:scEta nameInTree: Electron_scEta
full name: HEEPProducer:heep70TrkIso(Electron_heep70TrkIso) -> tag: HEEPProducer:heep70TrkIso nameInTree: Electron_heep70TrkIso
full name: MuonProducer:MuonEta(MuonEta) -> tag: MuonProducer:MuonEta nameInTree: MuonEta
full name: MuonProducer:MuonPhi(MuonPhi) -> tag: MuonProducer:MuonPhi nameInTree: MuonPhi
full name: MuonProducer:MuonPt(MuonPt) -> tag: MuonProducer:MuonPt nameInTree: MuonPt
full name: MuonProducer:MuonEnergy(MuonEnergy) -> tag: MuonProducer:MuonEnergy nameInTree: MuonEnergy
full name: TauProducer:tEta(TauEta) -> tag: TauProducer:tEta nameInTree: TauEta
full name: TauProducer:tPhi(TauPhi) -> tag: TauProducer:tPhi nameInTree: TauPhi
full name: TauProducer:tPt(TauPt) -> tag: TauProducer:tPt nameInTree: TauPt
full name: TriggerProducer:objectPt -> tag: TriggerProducer:objectPt nameInTree: objectPt
full name: TriggerProducer:objecteta -> tag: TriggerProducer:objecteta nameInTree: objecteta
full name: TriggerProducer:objectphi -> tag: TriggerProducer:objectphi nameInTree: objectphi
full name: TriggerProducer:objectE -> tag: TriggerProducer:objectE nameInTree: objectE
full name: TriggerProducer:ColumnNum -> tag: TriggerProducer:ColumnNum nameInTree: ColumnNum
full name: MET:PtUp(METUp) -> tag: MET:PtUp nameInTree: METUp
full name: MET:PtDown(METDown) -> tag: MET:PtDown nameInTree: METDown
full name: MET:PhiUp(METPhiUp) -> tag: MET:PhiUp nameInTree: METPhiUp
full name: MET:PhiDown(METPhiDown) -> tag: MET:PhiDown nameInTree: METPhiDown
VectorString:
full name: TriggerProducer:TriggerNames -> tag: TriggerProducer:TriggerNames nameInTree: TriggerNames
VectorTLorentzVector:
VectorRecoCand:
full name: GoodJets(Jets) -> tag: GoodJets nameInTree: Jets
full name: GoodJetsJECup(JetsJECup) -> tag: GoodJetsJECup nameInTree: JetsJECup
full name: GoodJetsJECdown(JetsJECdown) -> tag: GoodJetsJECdown nameInTree: JetsJECdown
full name: GoodJetsJERup(JetsJERup) -> tag: GoodJetsJERup nameInTree: JetsJERup
full name: GoodJetsJERdown(JetsJERdown) -> tag: GoodJetsJERdown nameInTree: JetsJERdown
full name: slimmedGenJets(GenJets) -> tag: slimmedGenJets nameInTree: GenJets
List of stored triggers:
0: HLT_CaloJet500_NoJetID_v
1: HLT_DoubleEle8_CaloIdM_TrackIdM_Mass8_PFHT300_v
2: HLT_DoubleMu8_Mass8_PFHT300_v
3: HLT_Ele105_CaloIdVT_GsfTrkIdT_v
4: HLT_Ele115_CaloIdVT_GsfTrkIdT_v
5: HLT_Ele15_IsoVVVL_PFHT350_PFMET50_v
6: HLT_Ele15_IsoVVVL_PFHT350_v
7: HLT_Ele15_IsoVVVL_PFHT400_v
8: HLT_Ele15_IsoVVVL_PFHT600_v
9: HLT_Ele23_Ele12_CaloIdL_TrackIdL_IsoVL_DZ_v
10: HLT_Ele25_eta2p1_WPTight_Gsf_v 
11: HLT_Ele27_WPTight_Gsf_v
12: HLT_Ele27_eta2p1_WPLoose_Gsf_v 
13: HLT_Ele45_WPLoose_Gsf_v
14: HLT_Ele50_IsoVVVL_PFHT400_v
15: HLT_IsoMu16_eta2p1_MET30_v
16: HLT_IsoMu22_eta2p1_v
17: HLT_IsoMu22_v
18: HLT_IsoMu24_v 
19: HLT_IsoTkMu22_v
20: HLT_Mu15_IsoVVVL_PFHT350_PFMET50_v
21: HLT_Mu15_IsoVVVL_PFHT350_v
22: HLT_Mu15_IsoVVVL_PFHT400_v
23: HLT_Mu15_IsoVVVL_PFHT600_v
24: HLT_Mu17_TrkIsoVVL_Mu8_TrkIsoVVL_v
25: HLT_Mu17_TrkIsoVVL_TkMu8_TrkIsoVVL_v
26: HLT_Mu45_eta2p1_v
27: HLT_Mu50_IsoVVVL_PFHT400_v
28: HLT_Mu50_v
29: HLT_PFHT200_v
30: HLT_PFHT250_v
31: HLT_PFHT300_PFMET100_v
32: HLT_PFHT300_PFMET110_v
33: HLT_PFHT300_v
34: HLT_PFHT350_v
35: HLT_PFHT400_v
36: HLT_PFHT475_v
37: HLT_PFHT600_v
38: HLT_PFHT650_v
39: HLT_PFHT800_v
40: HLT_PFHT900_v
41: HLT_PFMET100_PFMHT100_IDTight_v
42: HLT_PFMET110_PFMHT110_IDTight_v
43: HLT_PFMET120_PFMHT120_IDTight_v
44: HLT_PFMET90_PFMHT90_IDTight_v
45: HLT_PFMETNoMu100_PFMHTNoMu100_IDTight_v
46: HLT_PFMETNoMu110_PFMHTNoMu110_IDTight_v
47: HLT_PFMETNoMu120_PFMHTNoMu120_IDTight_v
48: HLT_PFMETNoMu90_PFMHTNoMu90_IDTight_v
49: HLT_Photon120_v
50: HLT_Photon165_HE10_v
51: HLT_Photon175_v
52: HLT_Photon22_v
53: HLT_Photon30_v
54: HLT_Photon36_v
55: HLT_Photon50_v
56: HLT_Photon75_v
57: HLT_Photon90_CaloIdL_PFHT500_v
58: HLT_Photon90_v
59: HLT_TkMu50_v
WeightProducer: Using constant event weight of 8.59858e-07
  Target luminosity (1/pb) : 1
        Cross section (pb) : 6.66
          Number of events : 7.74547e+06
WeightProducer: Applying multiplicative PU weights
  Reading PU scenario from '/storage/local/data1/condor/execute/dir_3055141/CMSSW_8_0_25/src/LeptoQuarkTreeMaker/Production/test/data/PileupHistograms_0721_63mb_pm5.root'
[STATUS] Reading energy scale correction  values from file: EgammaAnalysis/ElectronTools/data/ScalesSmearings/Winter_2016_reReco_v1_ele_scales.dat
[STATUS] Reading energy scale correction  values from file: EgammaAnalysis/ElectronTools/data/ScalesSmearings/Winter_2016_reReco_v1_ele_scales.dat
Begin processing the 1st record. Run 1, Event 1185106, LumiSection 689 at 03-Feb-2017 16:24:50.837 CST
Begin processing the 1001st record. Run 1, Event 2952090, LumiSection 1714 at 03-Feb-2017 16:25:45.727 CST
Begin processing the 2001st record. Run 1, Event 18545188, LumiSection 10767 at 03-Feb-2017 16:26:32.535 CST
Begin processing the 3001st record. Run 1, Event 9702150, LumiSection 5633 at 03-Feb-2017 16:27:21.742 CST
Begin processing the 4001st record. Run 1, Event 9895918, LumiSection 5745 at 03-Feb-2017 16:28:07.214 CST
Begin processing the 5001st record. Run 1, Event 20814935, LumiSection 12085 at 03-Feb-2017 16:28:54.206 CST
Begin processing the 6001st record. Run 1, Event 28577623, LumiSection 16591 at 03-Feb-2017 16:29:39.352 CST
Begin processing the 7001st record. Run 1, Event 37118905, LumiSection 21549 at 03-Feb-2017 16:30:26.781 CST
Begin processing the 8001st record. Run 1, Event 78415822, LumiSection 45525 at 03-Feb-2017 16:31:12.555 CST
Begin processing the 9001st record. Run 1, Event 62702414, LumiSection 36402 at 03-Feb-2017 16:32:00.177 CST
Begin processing the 10001st record. Run 1, Event 65414329, LumiSection 37977 at 03-Feb-2017 16:32:47.445 CST
Begin processing the 11001st record. Run 1, Event 4584733, LumiSection 2662 at 03-Feb-2017 16:33:39.610 CST
Begin processing the 12001st record. Run 1, Event 26197674, LumiSection 15209 at 03-Feb-2017 16:34:26.923 CST
Begin processing the 13001st record. Run 1, Event 41673340, LumiSection 24193 at 03-Feb-2017 16:35:13.594 CST
Begin processing the 14001st record. Run 1, Event 42084526, LumiSection 24433 at 03-Feb-2017 16:36:01.281 CST
Begin processing the 15001st record. Run 1, Event 61562881, LumiSection 35741 at 03-Feb-2017 16:36:47.784 CST
Begin processing the 16001st record. Run 1, Event 67967643, LumiSection 39459 at 03-Feb-2017 16:37:35.522 CST
Begin processing the 17001st record. Run 1, Event 85054585, LumiSection 49379 at 03-Feb-2017 16:38:23.224 CST
Begin processing the 18001st record. Run 1, Event 86549949, LumiSection 50247 at 03-Feb-2017 16:39:10.731 CST
Begin processing the 19001st record. Run 1, Event 5849007, LumiSection 3396 at 03-Feb-2017 16:40:03.667 CST
Begin processing the 20001st record. Run 1, Event 12727592, LumiSection 7389 at 03-Feb-2017 16:40:52.061 CST
Begin processing the 21001st record. Run 1, Event 33333067, LumiSection 19351 at 03-Feb-2017 16:41:37.705 CST
Begin processing the 22001st record. Run 1, Event 39344664, LumiSection 22841 at 03-Feb-2017 16:42:26.953 CST
Begin processing the 23001st record. Run 1, Event 65824193, LumiSection 38215 at 03-Feb-2017 16:43:15.639 CST
Begin processing the 24001st record. Run 1, Event 88001984, LumiSection 51090 at 03-Feb-2017 16:44:04.601 CST
Begin processing the 25001st record. Run 1, Event 92283537, LumiSection 53575 at 03-Feb-2017 16:44:50.913 CST
Begin processing the 26001st record. Run 1, Event 23577650, LumiSection 13689 at 03-Feb-2017 16:45:43.290 CST
Begin processing the 27001st record. Run 1, Event 33042824, LumiSection 19183 at 03-Feb-2017 16:46:29.790 CST
Begin processing the 28001st record. Run 1, Event 43042896, LumiSection 24989 at 03-Feb-2017 16:47:17.853 CST
Begin processing the 29001st record. Run 1, Event 47915931, LumiSection 27818 at 03-Feb-2017 16:48:05.170 CST
Begin processing the 30001st record. Run 1, Event 49897157, LumiSection 28968 at 03-Feb-2017 16:48:51.490 CST
Begin processing the 31001st record. Run 1, Event 51446483, LumiSection 29867 at 03-Feb-2017 16:49:40.453 CST
Begin processing the 32001st record. Run 1, Event 52733795, LumiSection 30615 at 03-Feb-2017 16:50:26.744 CST
Begin processing the 33001st record. Run 1, Event 57003430, LumiSection 33093 at 03-Feb-2017 16:51:14.992 CST
Begin processing the 34001st record. Run 1, Event 55492705, LumiSection 32217 at 03-Feb-2017 16:52:03.134 CST
Begin processing the 35001st record. Run 1, Event 65544860, LumiSection 38053 at 03-Feb-2017 16:52:50.729 CST
Begin processing the 36001st record. Run 1, Event 16343812, LumiSection 9489 at 03-Feb-2017 16:53:43.601 CST
Begin processing the 37001st record. Run 1, Event 13502861, LumiSection 7839 at 03-Feb-2017 16:54:29.246 CST
Begin processing the 38001st record. Run 1, Event 13648929, LumiSection 7924 at 03-Feb-2017 16:55:18.153 CST
Begin processing the 39001st record. Run 1, Event 41660918, LumiSection 24187 at 03-Feb-2017 16:56:04.528 CST
Begin processing the 40001st record. Run 1, Event 48250478, LumiSection 28012 at 03-Feb-2017 16:56:52.276 CST
Begin processing the 41001st record. Run 1, Event 45454936, LumiSection 26389 at 03-Feb-2017 16:57:40.311 CST
Begin processing the 42001st record. Run 1, Event 46735906, LumiSection 27133 at 03-Feb-2017 16:58:27.008 CST
Begin processing the 43001st record. Run 1, Event 50352683, LumiSection 29233 at 03-Feb-2017 16:59:16.416 CST
Begin processing the 44001st record. Run 1, Event 50310785, LumiSection 29209 at 03-Feb-2017 17:00:02.584 CST
Begin processing the 45001st record. Run 1, Event 52541637, LumiSection 30503 at 03-Feb-2017 17:00:50.518 CST
Begin processing the 46001st record. Run 1, Event 53009744, LumiSection 30775 at 03-Feb-2017 17:01:37.962 CST
Begin processing the 47001st record. Run 1, Event 17833226, LumiSection 10353 at 03-Feb-2017 17:02:33.623 CST
Begin processing the 48001st record. Run 1, Event 5969367, LumiSection 3465 at 03-Feb-2017 17:03:20.662 CST
Begin processing the 49001st record. Run 1, Event 54336124, LumiSection 31545 at 03-Feb-2017 17:04:08.907 CST
Begin processing the 50001st record. Run 1, Event 70271421, LumiSection 40797 at 03-Feb-2017 17:04:54.606 CST
Begin processing the 51001st record. Run 1, Event 68613111, LumiSection 39833 at 03-Feb-2017 17:05:42.997 CST
Begin processing the 52001st record. Run 1, Event 74855651, LumiSection 43457 at 03-Feb-2017 17:06:29.215 CST
Begin processing the 53001st record. Run 1, Event 76498795, LumiSection 44411 at 03-Feb-2017 17:07:15.731 CST
Begin processing the 54001st record. Run 1, Event 83014613, LumiSection 48195 at 03-Feb-2017 17:08:03.679 CST
Begin processing the 55001st record. Run 1, Event 88789975, LumiSection 51547 at 03-Feb-2017 17:08:50.093 CST
Begin processing the 56001st record. Run 1, Event 14478144, LumiSection 8405 at 03-Feb-2017 17:09:42.585 CST
Begin processing the 57001st record. Run 1, Event 16531014, LumiSection 9597 at 03-Feb-2017 17:10:28.742 CST
Begin processing the 58001st record. Run 1, Event 23533449, LumiSection 13663 at 03-Feb-2017 17:11:16.101 CST
Begin processing the 59001st record. Run 1, Event 53588460, LumiSection 31111 at 03-Feb-2017 17:12:01.833 CST
Begin processing the 60001st record. Run 1, Event 55941241, LumiSection 32477 at 03-Feb-2017 17:12:49.676 CST
Begin processing the 61001st record. Run 1, Event 65748412, LumiSection 38171 at 03-Feb-2017 17:13:36.035 CST
Begin processing the 62001st record. Run 1, Event 73889068, LumiSection 42897 at 03-Feb-2017 17:14:23.908 CST
03-Feb-2017 17:14:30 CST  Closed file root://cmsxrootd.fnal.gov//store/mc/RunIISummer16MiniAODv2/WJetsToLNu_HT-800To1200_TuneCUETP8M1_13TeV-madgraphMLM-pythia8/MINIAODSIM/PUMoriond17_80X_mcRun2_asymptotic_2016_TrancheIV_v6_ext1-v1/120000/B66C9034-80BE-E611-B4BA-00259073E3B2.root

=============================================

MessageLogger Summary

 type     category        sev    module        subroutine        count    total
 ---- -------------------- -- ---------------- ----------------  -----    -----
    1 XrdAdaptor           -w file_open                              1        1
    2 fileAction           -s file_close                             1        1
    3 fileAction           -s file_open                              2        2

 type    category    Examples: run/evt        run/evt          run/evt
 ---- -------------------- ---------------- ---------------- ----------------
    1 XrdAdaptor           pre-events                        
    2 fileAction           PostEndRun                        
    3 fileAction           pre-events       pre-events       

Severity    # Occurrences   Total Occurrences
--------    -------------   -----------------
Warning                 1                   1
System                  3                   3
xrdcp output for condor
xrdcp -f Summer16.WJetsToLNu_HT-800To1200_TuneCUETP8M1_13TeV-madgraphMLM-pythia8_ext1_79.root root://cmseos.fnal.gov//store/user/mbhat/MC2016_30_01_2017/Summer16.WJetsToLNu_HT-800To1200_TuneCUETP8M1_13TeV-madgraphMLM-pythia8_ext1_79.root
[16MB/172.9MB][  9%][====>                                             ][16MB/s]  [128MB/172.9MB][ 74%][=====================================>            ][128MB/s]  [172.9MB/172.9MB][100%][==================================================][172.9MB/s]  [172.9MB/172.9MB][100%][==================================================][86.43MB/s]  
