Starting job on  Fri Feb 3 14:09:35 CST 2017
Running on  Linux cmswn1947.fnal.gov 2.6.32-642.6.2.el6.x86_64 #1 SMP Tue Oct 25 15:06:33 CDT 2016 x86_64 x86_64 x86_64 GNU/Linux
System release  Scientific Linux Fermi release 6.8 (Ramsey)
CMSSW on Condor

parameter set:
CMSSWVER:   CMSSW_8_0_25
OUTDIR:     root://cmseos.fnal.gov//store/user/mbhat/MC2016_30_01_2017
SAMPLE:     Summer16.WJetsToLNu_HT-200To400_TuneCUETP8M1_13TeV-madgraphMLM-pythia8_ext1
NPART:      143
NSTART:     143
NFILES:     1
SCENARIO:   Summer16
REDIR:      
Done: ProjectRename
/storage/local/data1/condor/execute/dir_29129
***** SETUP ************************************
 dataset: cms.untracked.vstring('root://cmsxrootd.fnal.gov//store/mc/RunIISummer16MiniAODv2/WJetsToLNu_HT-200To400_TuneCUETP8M1_13TeV-madgraphMLM-pythia8/MINIAODSIM/PUMoriond17_80X_mcRun2_asymptotic_2016_TrancheIV_v6_ext1-v1/50000/C46EEABA-87C1-E611-88D5-1866DAEA6CF0.root')
 outfile: Summer16.WJetsToLNu_HT-200To400_TuneCUETP8M1_13TeV-madgraphMLM-pythia8_ext1_143_RA2AnalysisTree
 
 
 storing PDF weights: True
 
 
 scenario: Summer16
 global tag: 80X_mcRun2_asymptotic_2016_TrancheIV_v6
 Instance name of tag information: PAT
 Including gen-level information: True
 Including pMSSM-related information: False
 Using fastsim settings: False
 Running signal uncertainties: False
 JECs applied: data/jec/Summer16_23Sep2016V3_MC
 JERs applied: data/jer/Spring16_25nsV6_MC
 PU weights stored: LeptoQuarkTreeMaker/Production/test/data/PileupHistograms_0721_63mb_pm5.root
 era of this dataset: Run2_25ns
************************************************
# Conditions read from  CMS_CONDITIONS  via FrontierProd 
WJetsToLNu_HT-200To400_TuneCUETP8M1_13TeV-madgraphMLM-pythia8, PUMoriond17_80X_mcRun2_asymptotic_2016_TrancheIV_v6_ext1-v1 : 'root://cmsxrootd.fnal.gov//store/mc/RunIISummer16MiniAODv2/WJetsToLNu_HT-200To400_TuneCUETP8M1_13TeV-madgraphMLM-pythia8/MINIAODSIM/PUMoriond17_80X_mcRun2_asymptotic_2016_TrancheIV_v6_ext1-v1/50000/C46EEABA-87C1-E611-88D5-1866DAEA6CF0.root'
Setup WeightProducer for 'root://cmsxrootd.fnal.gov//store/mc/RunIISummer16MiniAODv2/WJetsToLNu_HT-200To400_TuneCUETP8M1_13TeV-madgraphMLM-pythia8/MINIAODSIM/PUMoriond17_80X_mcRun2_asymptotic_2016_TrancheIV_v6_ext1-v1/50000/C46EEABA-87C1-E611-88D5-1866DAEA6CF0.root'
 ################################################################### 
 # WARNING: this module is deprecated.                             # 
 # Please use CondCore.CondDB.CondDB_cfi.py                        # 
 ################################################################### 
 ################################################################### 
 # WARNING: this module is deprecated.                             # 
 # Please use CondCore.CondDB.CondDB_cfi.py                        # 
 ################################################################### 
03-Feb-2017 14:10:19 CST  Initiating request to open file root://cmsxrootd.fnal.gov//store/mc/RunIISummer16MiniAODv2/WJetsToLNu_HT-200To400_TuneCUETP8M1_13TeV-madgraphMLM-pythia8/MINIAODSIM/PUMoriond17_80X_mcRun2_asymptotic_2016_TrancheIV_v6_ext1-v1/50000/C46EEABA-87C1-E611-88D5-1866DAEA6CF0.root
%MSG-w XrdAdaptor:  file_open 03-Feb-2017 14:10:56 CST pre-events
Data is served from T1_FR_CCIN2P3 instead of original site T2_US_Nebraska
%MSG
03-Feb-2017 14:11:00 CST  Successfully opened file root://cmsxrootd.fnal.gov//store/mc/RunIISummer16MiniAODv2/WJetsToLNu_HT-200To400_TuneCUETP8M1_13TeV-madgraphMLM-pythia8/MINIAODSIM/PUMoriond17_80X_mcRun2_asymptotic_2016_TrancheIV_v6_ext1-v1/50000/C46EEABA-87C1-E611-88D5-1866DAEA6CF0.root
%MSG-w XrdAdaptor:  (NoModuleName) 03-Feb-2017 14:11:06 CST pre-events
Data is now served from T1_FR_CCIN2P3, acrc.bris.ac.uk instead of previous T1_FR_CCIN2P3
%MSG
VarsBool:
full name: BadChargedCandidateFilter -> tag: BadChargedCandidateFilter nameInTree: BadChargedCandidateFilter
full name: BadPFMuonFilter -> tag: BadPFMuonFilter nameInTree: BadPFMuonFilter
full name: GoodJets:JetID(JetID) -> tag: GoodJets:JetID nameInTree: JetID
full name: GoodJetsJECup:JetID(JetIDJECup) -> tag: GoodJetsJECup:JetID nameInTree: JetIDJECup
full name: GoodJetsJECdown:JetID(JetIDJECdown) -> tag: GoodJetsJECdown:JetID nameInTree: JetIDJECdown
full name: GoodJetsJERup:JetID(JetIDJERup) -> tag: GoodJetsJERup:JetID nameInTree: JetIDJERup
full name: GoodJetsJERdown:JetID(JetIDJERdown) -> tag: GoodJetsJERdown:JetID nameInTree: JetIDJERdown
VarsInt:
full name: WeightProducer:NumInteractions -> tag: WeightProducer:NumInteractions nameInTree: NumInteractions
full name: NVtx -> tag: NVtx nameInTree: NVtx
full name: nAllVertices -> tag: nAllVertices nameInTree: nAllVertices
full name: CSCTightHaloFilter -> tag: CSCTightHaloFilter nameInTree: CSCTightHaloFilter
full name: globalTightHalo2016Filter -> tag: globalTightHalo2016Filter nameInTree: globalTightHalo2016Filter
full name: HBHENoiseFilter -> tag: HBHENoiseFilter nameInTree: HBHENoiseFilter
full name: HBHEIsoNoiseFilter -> tag: HBHEIsoNoiseFilter nameInTree: HBHEIsoNoiseFilter
full name: EcalDeadCellTriggerPrimitiveFilter -> tag: EcalDeadCellTriggerPrimitiveFilter nameInTree: EcalDeadCellTriggerPrimitiveFilter
full name: eeBadScFilter -> tag: eeBadScFilter nameInTree: eeBadScFilter
VarsDouble:
full name: WeightProducer:weight(Weight) -> tag: WeightProducer:weight nameInTree: Weight
full name: WeightProducer:xsec(CrossSection) -> tag: WeightProducer:xsec nameInTree: CrossSection
full name: WeightProducer:nevents(NumEvents) -> tag: WeightProducer:nevents nameInTree: NumEvents
full name: WeightProducer:TrueNumInteractions -> tag: WeightProducer:TrueNumInteractions nameInTree: TrueNumInteractions
full name: WeightProducer:PUweight(puWeight) -> tag: WeightProducer:PUweight nameInTree: puWeight
full name: WeightProducer:PUSysUp(puSysUp) -> tag: WeightProducer:PUSysUp nameInTree: puSysUp
full name: WeightProducer:PUSysDown(puSysDown) -> tag: WeightProducer:PUSysDown nameInTree: puSysDown
full name: MadHT:genHT(madHT) -> tag: MadHT:genHT nameInTree: madHT
full name: GenHT -> tag: GenHT nameInTree: GenHT
full name: MET:Pt(MET) -> tag: MET:Pt nameInTree: MET
full name: MET:Phi(METPhi) -> tag: MET:Phi nameInTree: METPhi
full name: MET:CaloPt(CaloMET) -> tag: MET:CaloPt nameInTree: CaloMET
full name: MET:CaloPhi(CaloMETPhi) -> tag: MET:CaloPhi nameInTree: CaloMETPhi
full name: MET:PFCaloPtRatio(PFCaloMETRatio) -> tag: MET:PFCaloPtRatio nameInTree: PFCaloMETRatio
full name: MET:GenPt(GenMET) -> tag: MET:GenPt nameInTree: GenMET
full name: MET:GenPhi(GenMETPhi) -> tag: MET:GenPhi nameInTree: GenMETPhi
VarsString:
VarsTLorentzVector:
VectorBool:
full name: HEEPProducer:ecalDriven(Electron_ecalDriven) -> tag: HEEPProducer:ecalDriven nameInTree: Electron_ecalDriven
full name: GoodJets:JetIDMask(Jets_ID) -> tag: GoodJets:JetIDMask nameInTree: Jets_ID
full name: GoodJetsJECup:JetIDMask(JetsJECup_ID) -> tag: GoodJetsJECup:JetIDMask nameInTree: JetsJECup_ID
full name: GoodJetsJECdown:JetIDMask(JetsJECdown_ID) -> tag: GoodJetsJECdown:JetIDMask nameInTree: JetsJECdown_ID
full name: GoodJetsJERup:JetIDMask(JetsJERup_ID) -> tag: GoodJetsJERup:JetIDMask nameInTree: JetsJERup_ID
full name: GoodJetsJERdown:JetIDMask(JetsJERdown_ID) -> tag: GoodJetsJERdown:JetIDMask nameInTree: JetsJERdown_ID
full name: GenHTJets:SubJetMask(GenJets_HTMask) -> tag: GenHTJets:SubJetMask nameInTree: GenJets_HTMask
full name: GenMHTJets:SubJetMask(GenJets_MHTMask) -> tag: GenMHTJets:SubJetMask nameInTree: GenJets_MHTMask
VectorInt:
full name: PDFWeights:PDFids -> tag: PDFWeights:PDFids nameInTree: PDFids
full name: HEEPProducer:Charge(Electron_Charge) -> tag: HEEPProducer:Charge nameInTree: Electron_Charge
full name: HEEPProducer:losthits(Electron_losthits) -> tag: HEEPProducer:losthits nameInTree: Electron_losthits
full name: HEEPProducer:PDGID(PDGID) -> tag: HEEPProducer:PDGID nameInTree: PDGID
full name: HEEPProducer:gencharge(gencharge) -> tag: HEEPProducer:gencharge nameInTree: gencharge
full name: HEEPProducer:motherPDGID(motherPDGID) -> tag: HEEPProducer:motherPDGID nameInTree: motherPDGID
full name: HEEPProducer:elstatus(elstatus) -> tag: HEEPProducer:elstatus nameInTree: elstatus
full name: MuonProducer:MuonPassID(MuonPassID) -> tag: MuonProducer:MuonPassID nameInTree: MuonPassID
full name: MuonProducer:MuonIsGlobal(MuonIsGlobal) -> tag: MuonProducer:MuonIsGlobal nameInTree: MuonIsGlobal
full name: TriggerProducer:TriggerPass -> tag: TriggerProducer:TriggerPass nameInTree: TriggerPass
full name: TriggerProducer:TriggerPrescales -> tag: TriggerProducer:TriggerPrescales nameInTree: TriggerPrescales
VectorDouble:
full name: PDFWeights:PDFweights -> tag: PDFWeights:PDFweights nameInTree: PDFweights
full name: PDFWeights:ScaleWeights -> tag: PDFWeights:ScaleWeights nameInTree: ScaleWeights
full name: HEEPProducer:trackiso(Electron_trackiso) -> tag: HEEPProducer:trackiso nameInTree: Electron_trackiso
full name: HEEPProducer:Et(Electron_Et) -> tag: HEEPProducer:Et nameInTree: Electron_Et
full name: HEEPProducer:DeltaEtain(Electron_DeltaEtain) -> tag: HEEPProducer:DeltaEtain nameInTree: Electron_DeltaEtain
full name: HEEPProducer:DeltaPhiin(Electron_DeltaPhiin) -> tag: HEEPProducer:DeltaPhiin nameInTree: Electron_DeltaPhiin
full name: HEEPProducer:HbE(Electron_HOverE) -> tag: HEEPProducer:HbE nameInTree: Electron_HOverE
full name: HEEPProducer:Ecaliso(Electron_Ecaliso) -> tag: HEEPProducer:Ecaliso nameInTree: Electron_Ecaliso
full name: HEEPProducer:HD1iso(Electron_HD1iso) -> tag: HEEPProducer:HD1iso nameInTree: Electron_HD1iso
full name: HEEPProducer:e25bye55(Electron_e25bye55) -> tag: HEEPProducer:e25bye55 nameInTree: Electron_e25bye55
full name: HEEPProducer:Fullsce25bye55(Electron_Fullsce25bye55) -> tag: HEEPProducer:Fullsce25bye55 nameInTree: Electron_Fullsce25bye55
full name: HEEPProducer:Fulle15bye55(Electron_Fulle15bye55) -> tag: HEEPProducer:Fulle15bye55 nameInTree: Electron_Fulle15bye55
full name: HEEPProducer:scEnergy(Electron_scEnergy) -> tag: HEEPProducer:scEnergy nameInTree: Electron_scEnergy
full name: HEEPProducer:DeltaEtaSeed(Electron_DeltaEtaSeed) -> tag: HEEPProducer:DeltaEtaSeed nameInTree: Electron_DeltaEtaSeed
full name: HEEPProducer:rho(rho) -> tag: HEEPProducer:rho nameInTree: rho
full name: HEEPProducer:ecalEnergy(Electron_ecalEnergy) -> tag: HEEPProducer:ecalEnergy nameInTree: Electron_ecalEnergy
full name: HEEPProducer:full55SiEtaiEta(Electron_full55SiEtaiEta) -> tag: HEEPProducer:full55SiEtaiEta nameInTree: Electron_full55SiEtaiEta
full name: HEEPProducer:sce25bye55(Electron_sce25bye55) -> tag: HEEPProducer:sce25bye55 nameInTree: Electron_sce25bye55
full name: HEEPProducer:e15bye55(Electron_e15bye55) -> tag: HEEPProducer:e15bye55 nameInTree: Electron_e15bye55
full name: HEEPProducer:Phi(Electron_Phi) -> tag: HEEPProducer:Phi nameInTree: Electron_Phi
full name: HEEPProducer:eEnergy(Electron_Energy) -> tag: HEEPProducer:eEnergy nameInTree: Electron_Energy
full name: HEEPProducer:dxy(dxy) -> tag: HEEPProducer:dxy nameInTree: dxy
full name: HEEPProducer:ePz(Electron_Pz) -> tag: HEEPProducer:ePz nameInTree: Electron_Pz
full name: HEEPProducer:ePx(Electron_Px) -> tag: HEEPProducer:ePx nameInTree: Electron_Px
full name: HEEPProducer:ePy(Electron_Py) -> tag: HEEPProducer:ePy nameInTree: Electron_Py
full name: HEEPProducer:genPt(genPt) -> tag: HEEPProducer:genPt nameInTree: genPt
full name: HEEPProducer:genEta(genEta) -> tag: HEEPProducer:genEta nameInTree: genEta
full name: HEEPProducer:genPhi(genPhi) -> tag: HEEPProducer:genPhi nameInTree: genPhi
full name: HEEPProducer:genEnergy(genEnergy) -> tag: HEEPProducer:genEnergy nameInTree: genEnergy
full name: HEEPProducer:PtHEEP(Electron_PtHEEP) -> tag: HEEPProducer:PtHEEP nameInTree: Electron_PtHEEP
full name: HEEPProducer:scEta(Electron_scEta) -> tag: HEEPProducer:scEta nameInTree: Electron_scEta
full name: HEEPProducer:heep70TrkIso(Electron_heep70TrkIso) -> tag: HEEPProducer:heep70TrkIso nameInTree: Electron_heep70TrkIso
full name: MuonProducer:MuonEta(MuonEta) -> tag: MuonProducer:MuonEta nameInTree: MuonEta
full name: MuonProducer:MuonPhi(MuonPhi) -> tag: MuonProducer:MuonPhi nameInTree: MuonPhi
full name: MuonProducer:MuonPt(MuonPt) -> tag: MuonProducer:MuonPt nameInTree: MuonPt
full name: MuonProducer:MuonEnergy(MuonEnergy) -> tag: MuonProducer:MuonEnergy nameInTree: MuonEnergy
full name: TauProducer:tEta(TauEta) -> tag: TauProducer:tEta nameInTree: TauEta
full name: TauProducer:tPhi(TauPhi) -> tag: TauProducer:tPhi nameInTree: TauPhi
full name: TauProducer:tPt(TauPt) -> tag: TauProducer:tPt nameInTree: TauPt
full name: TriggerProducer:objectPt -> tag: TriggerProducer:objectPt nameInTree: objectPt
full name: TriggerProducer:objecteta -> tag: TriggerProducer:objecteta nameInTree: objecteta
full name: TriggerProducer:objectphi -> tag: TriggerProducer:objectphi nameInTree: objectphi
full name: TriggerProducer:objectE -> tag: TriggerProducer:objectE nameInTree: objectE
full name: TriggerProducer:ColumnNum -> tag: TriggerProducer:ColumnNum nameInTree: ColumnNum
full name: MET:PtUp(METUp) -> tag: MET:PtUp nameInTree: METUp
full name: MET:PtDown(METDown) -> tag: MET:PtDown nameInTree: METDown
full name: MET:PhiUp(METPhiUp) -> tag: MET:PhiUp nameInTree: METPhiUp
full name: MET:PhiDown(METPhiDown) -> tag: MET:PhiDown nameInTree: METPhiDown
VectorString:
full name: TriggerProducer:TriggerNames -> tag: TriggerProducer:TriggerNames nameInTree: TriggerNames
VectorTLorentzVector:
VectorRecoCand:
full name: GoodJets(Jets) -> tag: GoodJets nameInTree: Jets
full name: GoodJetsJECup(JetsJECup) -> tag: GoodJetsJECup nameInTree: JetsJECup
full name: GoodJetsJECdown(JetsJECdown) -> tag: GoodJetsJECdown nameInTree: JetsJECdown
full name: GoodJetsJERup(JetsJERup) -> tag: GoodJetsJERup nameInTree: JetsJERup
full name: GoodJetsJERdown(JetsJERdown) -> tag: GoodJetsJERdown nameInTree: JetsJERdown
full name: slimmedGenJets(GenJets) -> tag: slimmedGenJets nameInTree: GenJets
List of stored triggers:
0: HLT_CaloJet500_NoJetID_v
1: HLT_DoubleEle8_CaloIdM_TrackIdM_Mass8_PFHT300_v
2: HLT_DoubleMu8_Mass8_PFHT300_v
3: HLT_Ele105_CaloIdVT_GsfTrkIdT_v
4: HLT_Ele115_CaloIdVT_GsfTrkIdT_v
5: HLT_Ele15_IsoVVVL_PFHT350_PFMET50_v
6: HLT_Ele15_IsoVVVL_PFHT350_v
7: HLT_Ele15_IsoVVVL_PFHT400_v
8: HLT_Ele15_IsoVVVL_PFHT600_v
9: HLT_Ele23_Ele12_CaloIdL_TrackIdL_IsoVL_DZ_v
10: HLT_Ele25_eta2p1_WPTight_Gsf_v 
11: HLT_Ele27_WPTight_Gsf_v
12: HLT_Ele27_eta2p1_WPLoose_Gsf_v 
13: HLT_Ele45_WPLoose_Gsf_v
14: HLT_Ele50_IsoVVVL_PFHT400_v
15: HLT_IsoMu16_eta2p1_MET30_v
16: HLT_IsoMu22_eta2p1_v
17: HLT_IsoMu22_v
18: HLT_IsoMu24_v 
19: HLT_IsoTkMu22_v
20: HLT_Mu15_IsoVVVL_PFHT350_PFMET50_v
21: HLT_Mu15_IsoVVVL_PFHT350_v
22: HLT_Mu15_IsoVVVL_PFHT400_v
23: HLT_Mu15_IsoVVVL_PFHT600_v
24: HLT_Mu17_TrkIsoVVL_Mu8_TrkIsoVVL_v
25: HLT_Mu17_TrkIsoVVL_TkMu8_TrkIsoVVL_v
26: HLT_Mu45_eta2p1_v
27: HLT_Mu50_IsoVVVL_PFHT400_v
28: HLT_Mu50_v
29: HLT_PFHT200_v
30: HLT_PFHT250_v
31: HLT_PFHT300_PFMET100_v
32: HLT_PFHT300_PFMET110_v
33: HLT_PFHT300_v
34: HLT_PFHT350_v
35: HLT_PFHT400_v
36: HLT_PFHT475_v
37: HLT_PFHT600_v
38: HLT_PFHT650_v
39: HLT_PFHT800_v
40: HLT_PFHT900_v
41: HLT_PFMET100_PFMHT100_IDTight_v
42: HLT_PFMET110_PFMHT110_IDTight_v
43: HLT_PFMET120_PFMHT120_IDTight_v
44: HLT_PFMET90_PFMHT90_IDTight_v
45: HLT_PFMETNoMu100_PFMHTNoMu100_IDTight_v
46: HLT_PFMETNoMu110_PFMHTNoMu110_IDTight_v
47: HLT_PFMETNoMu120_PFMHTNoMu120_IDTight_v
48: HLT_PFMETNoMu90_PFMHTNoMu90_IDTight_v
49: HLT_Photon120_v
50: HLT_Photon165_HE10_v
51: HLT_Photon175_v
52: HLT_Photon22_v
53: HLT_Photon30_v
54: HLT_Photon36_v
55: HLT_Photon50_v
56: HLT_Photon75_v
57: HLT_Photon90_CaloIdL_PFHT500_v
58: HLT_Photon90_v
59: HLT_TkMu50_v
WeightProducer: Using constant event weight of 2.20193e-05
  Target luminosity (1/pb) : 1
        Cross section (pb) : 435.24
          Number of events : 1.97663e+07
WeightProducer: Applying multiplicative PU weights
  Reading PU scenario from '/storage/local/data1/condor/execute/dir_29129/CMSSW_8_0_25/src/LeptoQuarkTreeMaker/Production/test/data/PileupHistograms_0721_63mb_pm5.root'
[STATUS] Reading energy scale correction  values from file: EgammaAnalysis/ElectronTools/data/ScalesSmearings/Winter_2016_reReco_v1_ele_scales.dat
[STATUS] Reading energy scale correction  values from file: EgammaAnalysis/ElectronTools/data/ScalesSmearings/Winter_2016_reReco_v1_ele_scales.dat
Begin processing the 1st record. Run 1, Event 459146, LumiSection 287 at 03-Feb-2017 14:11:46.077 CST
%MSG-w XrdAdaptor:  PreProcPath WriteTree 03-Feb-2017 14:11:58 CST  Run: 1 Event: 459290
Data is now served from acrc.bris.ac.uk instead of previous T1_FR_CCIN2P3, acrc.bris.ac.uk
%MSG
Begin processing the 1001st record. Run 1, Event 1310489, LumiSection 818 at 03-Feb-2017 14:13:11.193 CST
Begin processing the 2001st record. Run 1, Event 33374734, LumiSection 20825 at 03-Feb-2017 14:14:20.550 CST
Begin processing the 3001st record. Run 1, Event 7983336, LumiSection 4981 at 03-Feb-2017 14:15:24.134 CST
Begin processing the 4001st record. Run 1, Event 9882077, LumiSection 6166 at 03-Feb-2017 14:16:32.118 CST
Begin processing the 5001st record. Run 1, Event 10451650, LumiSection 6521 at 03-Feb-2017 14:17:34.808 CST
Begin processing the 6001st record. Run 1, Event 35924362, LumiSection 22415 at 03-Feb-2017 14:18:44.168 CST
Begin processing the 7001st record. Run 1, Event 52410438, LumiSection 32702 at 03-Feb-2017 14:19:49.497 CST
Begin processing the 8001st record. Run 1, Event 59713767, LumiSection 37259 at 03-Feb-2017 14:20:56.793 CST
Begin processing the 9001st record. Run 1, Event 79381569, LumiSection 49531 at 03-Feb-2017 14:22:04.803 CST
Begin processing the 10001st record. Run 1, Event 134683190, LumiSection 84037 at 03-Feb-2017 14:23:10.752 CST
Begin processing the 11001st record. Run 1, Event 107441364, LumiSection 67039 at 03-Feb-2017 14:24:23.272 CST
Begin processing the 12001st record. Run 1, Event 93351095, LumiSection 58247 at 03-Feb-2017 14:25:30.273 CST
Begin processing the 13001st record. Run 1, Event 2458809, LumiSection 1534 at 03-Feb-2017 14:26:41.985 CST
Begin processing the 14001st record. Run 1, Event 50670030, LumiSection 31616 at 03-Feb-2017 14:27:49.411 CST
Begin processing the 15001st record. Run 1, Event 44907832, LumiSection 28021 at 03-Feb-2017 14:28:54.235 CST
Begin processing the 16001st record. Run 1, Event 46752007, LumiSection 29171 at 03-Feb-2017 14:30:04.964 CST
Begin processing the 17001st record. Run 1, Event 64004774, LumiSection 39937 at 03-Feb-2017 14:31:12.048 CST
Begin processing the 18001st record. Run 1, Event 64285157, LumiSection 40111 at 03-Feb-2017 14:32:16.806 CST
Begin processing the 19001st record. Run 1, Event 130723454, LumiSection 81566 at 03-Feb-2017 14:33:24.540 CST
Begin processing the 20001st record. Run 1, Event 91003825, LumiSection 56783 at 03-Feb-2017 14:34:29.204 CST
Begin processing the 21001st record. Run 1, Event 96251329, LumiSection 60057 at 03-Feb-2017 14:35:35.658 CST
Begin processing the 22001st record. Run 1, Event 113574512, LumiSection 70866 at 03-Feb-2017 14:36:45.035 CST
Begin processing the 23001st record. Run 1, Event 130609219, LumiSection 81495 at 03-Feb-2017 14:37:53.675 CST
Begin processing the 24001st record. Run 1, Event 147146725, LumiSection 91814 at 03-Feb-2017 14:39:24.413 CST
Begin processing the 25001st record. Run 1, Event 147021637, LumiSection 91736 at 03-Feb-2017 14:40:30.113 CST
Begin processing the 26001st record. Run 1, Event 74750863, LumiSection 46642 at 03-Feb-2017 14:41:53.428 CST
Begin processing the 27001st record. Run 1, Event 27950986, LumiSection 17440 at 03-Feb-2017 14:43:03.761 CST
Begin processing the 28001st record. Run 1, Event 44170273, LumiSection 27560 at 03-Feb-2017 14:44:03.648 CST
Begin processing the 29001st record. Run 1, Event 92178248, LumiSection 57515 at 03-Feb-2017 14:45:12.916 CST
Begin processing the 30001st record. Run 1, Event 135303795, LumiSection 84424 at 03-Feb-2017 14:46:14.407 CST
Begin processing the 31001st record. Run 1, Event 96906752, LumiSection 60466 at 03-Feb-2017 14:47:22.567 CST
Begin processing the 32001st record. Run 1, Event 135187718, LumiSection 84352 at 03-Feb-2017 14:48:42.718 CST
Begin processing the 33001st record. Run 1, Event 172312465, LumiSection 107516 at 03-Feb-2017 14:49:50.516 CST
Begin processing the 34001st record. Run 1, Event 110671205, LumiSection 69055 at 03-Feb-2017 14:50:59.612 CST
Begin processing the 35001st record. Run 1, Event 132412375, LumiSection 82621 at 03-Feb-2017 14:52:05.272 CST
Begin processing the 36001st record. Run 1, Event 122265046, LumiSection 76289 at 03-Feb-2017 14:53:11.516 CST
Begin processing the 37001st record. Run 1, Event 129151346, LumiSection 80585 at 03-Feb-2017 14:54:29.355 CST
Begin processing the 38001st record. Run 1, Event 163786234, LumiSection 102196 at 03-Feb-2017 14:55:46.401 CST
Begin processing the 39001st record. Run 1, Event 24672628, LumiSection 15395 at 03-Feb-2017 14:57:04.911 CST
Begin processing the 40001st record. Run 1, Event 25522985, LumiSection 15925 at 03-Feb-2017 14:58:09.207 CST
Begin processing the 41001st record. Run 1, Event 40987477, LumiSection 25574 at 03-Feb-2017 14:59:16.282 CST
Begin processing the 42001st record. Run 1, Event 43002084, LumiSection 26831 at 03-Feb-2017 15:00:50.300 CST
Begin processing the 43001st record. Run 1, Event 55552313, LumiSection 34663 at 03-Feb-2017 15:01:54.537 CST
Begin processing the 44001st record. Run 1, Event 61977888, LumiSection 38672 at 03-Feb-2017 15:03:10.456 CST
Begin processing the 45001st record. Run 1, Event 65389325, LumiSection 40801 at 03-Feb-2017 15:04:14.157 CST
Begin processing the 46001st record. Run 1, Event 93077834, LumiSection 58076 at 03-Feb-2017 15:05:22.121 CST
Begin processing the 47001st record. Run 1, Event 91910088, LumiSection 57349 at 03-Feb-2017 15:06:29.393 CST
Begin processing the 48001st record. Run 1, Event 92181459, LumiSection 57518 at 03-Feb-2017 15:07:33.437 CST
Begin processing the 49001st record. Run 1, Event 94669546, LumiSection 59071 at 03-Feb-2017 15:08:41.734 CST
Begin processing the 50001st record. Run 1, Event 107753516, LumiSection 67234 at 03-Feb-2017 15:09:43.499 CST
Begin processing the 51001st record. Run 1, Event 160300194, LumiSection 100021 at 03-Feb-2017 15:10:49.169 CST
Begin processing the 52001st record. Run 1, Event 60110689, LumiSection 37507 at 03-Feb-2017 15:12:04.813 CST
Begin processing the 53001st record. Run 1, Event 60903718, LumiSection 38002 at 03-Feb-2017 15:13:09.586 CST
Begin processing the 54001st record. Run 1, Event 61726108, LumiSection 38515 at 03-Feb-2017 15:14:16.201 CST
Begin processing the 55001st record. Run 1, Event 72372988, LumiSection 45158 at 03-Feb-2017 15:15:20.983 CST
Begin processing the 56001st record. Run 1, Event 73188086, LumiSection 45667 at 03-Feb-2017 15:16:26.381 CST
Begin processing the 57001st record. Run 1, Event 73606245, LumiSection 45928 at 03-Feb-2017 15:17:43.430 CST
Begin processing the 58001st record. Run 1, Event 95597013, LumiSection 59648 at 03-Feb-2017 15:18:51.688 CST
Begin processing the 59001st record. Run 1, Event 96695740, LumiSection 60334 at 03-Feb-2017 15:20:01.963 CST
Begin processing the 60001st record. Run 1, Event 109741805, LumiSection 68474 at 03-Feb-2017 15:21:16.389 CST
[2017-02-03 15:27:19.928587 -0600][Error  ][XRootD            ] [io-37-02.acrc.bris.ac.uk:1095] Unable to get the response to request kXR_readv (handle: 0x00000000, chunks: 68, total size: 11308870)
[2017-02-03 15:27:19.929132 -0600][Error  ][File              ] [0xceaf9380@root://cmsxrootd.fnal.gov:1094//store/mc/RunIISummer16MiniAODv2/WJetsToLNu_HT-200To400_TuneCUETP8M1_13TeV-madgraphMLM-pythia8/MINIAODSIM/PUMoriond17_80X_mcRun2_asymptotic_2016_TrancheIV_v6_ext1-v1/50000/C46EEABA-87C1-E611-88D5-1866DAEA6CF0.root?tried=ccxrpli003.in2p3.fr] Fatal file state error. Message kXR_readv (handle: 0x00000000, chunks: 68, total size: 11308870) returned with [ERROR] Operation expired
%MSG-w XrdAdaptorInternal:  (NoModuleName) 03-Feb-2017 15:27:19 CST pre-events
XrdRequestManager::handle(name='root://cmsxrootd.fnal.gov//store/mc/RunIISummer16MiniAODv2/WJetsToLNu_HT-200To400_TuneCUETP8M1_13TeV-madgraphMLM-pythia8/MINIAODSIM/PUMoriond17_80X_mcRun2_asymptotic_2016_TrancheIV_v6_ext1-v1/50000/C46EEABA-87C1-E611-88D5-1866DAEA6CF0.root) failure when reading from io-37-02.acrc.bris.ac.uk:1095 (unknown site); failed with error '[ERROR] Operation expired' (errno=0, code=206).
%MSG
%MSG-w XrdAdaptorInternal:  (NoModuleName) 03-Feb-2017 15:27:19 CST pre-events
Request failure when reading from io-37-02.acrc.bris.ac.uk:1095 (unknown site)
%MSG
%MSG-w XrdAdaptor:  (NoModuleName) 03-Feb-2017 15:27:19 CST pre-events
Data is now served from  instead of previous acrc.bris.ac.uk
%MSG
%MSG-w XrdAdaptorInternal:  (NoModuleName) 03-Feb-2017 15:27:19 CST pre-events
Caught a CMSSW exception when running connection recovery.
%MSG
----- Begin Fatal Exception 03-Feb-2017 15:27:19 CST-----------------------
An exception of category 'FileReadError' occurred while
   [0] Calling InputSource::readEvent_
   [1] Reading branch EventSelections
   [2] Calling XrdFile::readv()
   [3] XrdAdaptor::ClientRequest::HandleResponse() failure while running connection recovery
   [4] In XrdAdaptor::RequestManager::requestFailure()
Exception Message:
XrdAdaptor::RequestManager::requestFailure Open(name='root://cmsxrootd.fnal.gov//store/mc/RunIISummer16MiniAODv2/WJetsToLNu_HT-200To400_TuneCUETP8M1_13TeV-madgraphMLM-pythia8/MINIAODSIM/PUMoriond17_80X_mcRun2_asymptotic_2016_TrancheIV_v6_ext1-v1/50000/C46EEABA-87C1-E611-88D5-1866DAEA6CF0.root', flags=0x10, permissions=0660, old source=io-37-02.acrc.bris.ac.uk:1095 (unknown site), new source=io-37-02.acrc.bris.ac.uk:1095 (unknown site)) => Xrootd server returned an excluded source
   Additional Info:
      [a] Original error: '[ERROR] Operation expired' (errno=0, code=206, source=io-37-02.acrc.bris.ac.uk:1095 (unknown site)).
      [b] Disabled source: io-37-02.acrc.bris.ac.uk:1095
----- End Fatal Exception -------------------------------------------------
03-Feb-2017 15:32:19 CST  Closed file root://cmsxrootd.fnal.gov//store/mc/RunIISummer16MiniAODv2/WJetsToLNu_HT-200To400_TuneCUETP8M1_13TeV-madgraphMLM-pythia8/MINIAODSIM/PUMoriond17_80X_mcRun2_asymptotic_2016_TrancheIV_v6_ext1-v1/50000/C46EEABA-87C1-E611-88D5-1866DAEA6CF0.root

=============================================

MessageLogger Summary

 type     category        sev    module        subroutine        count    total
 ---- -------------------- -- ---------------- ----------------  -----    -----
    1 XrdAdaptor           -w (NoModuleName)                         2        2
    2 XrdAdaptor           -w PreProcPath Writ                       1        1
    3 XrdAdaptor           -w file_open                              1        1
    4 XrdAdaptorInternal   -w (NoModuleName)                         3        3
    5 Fatal Exception      -s source                                 1        1
    6 fileAction           -s file_close                             1        1
    7 fileAction           -s file_open                              2        2

 type    category    Examples: run/evt        run/evt          run/evt
 ---- -------------------- ---------------- ---------------- ----------------
    1 XrdAdaptor           pre-events       pre-events       
    2 XrdAdaptor           1/459290                          
    3 XrdAdaptor           pre-events                        
    4 XrdAdaptorInternal   pre-events       pre-events       pre-events
    5 Fatal Exception      PostProcessEvent                  
    6 fileAction           PostEndRun                        
    7 fileAction           pre-events       pre-events       

Severity    # Occurrences   Total Occurrences
--------    -------------   -----------------
Warning                 7                   7
System                  4                   4
exit code 85, skipping xrdcp
