Starting job on  Wed Feb 1 08:51:49 CST 2017
Running on  Linux cmswn1955.fnal.gov 2.6.32-642.6.2.el6.x86_64 #1 SMP Tue Oct 25 15:06:33 CDT 2016 x86_64 x86_64 x86_64 GNU/Linux
System release  Scientific Linux Fermi release 6.8 (Ramsey)
CMSSW on Condor

parameter set:
CMSSWVER:   CMSSW_8_0_25
OUTDIR:     root://cmseos.fnal.gov//store/user/mbhat/MC2016_30_01_2017
SAMPLE:     Summer16.DYJetsToLL_M-50_TuneCUETP8M1_13TeV-madgraphMLM-pythia8_ext1
NPART:      52
NSTART:     52
NFILES:     1
SCENARIO:   Summer16
REDIR:      
Done: ProjectRename
/storage/local/data1/condor/execute/dir_3875930
***** SETUP ************************************
 dataset: cms.untracked.vstring('root://cmsxrootd.fnal.gov//store/mc/RunIISummer16MiniAODv2/DYJetsToLL_M-50_TuneCUETP8M1_13TeV-madgraphMLM-pythia8/MINIAODSIM/PUMoriond17_80X_mcRun2_asymptotic_2016_TrancheIV_v6_ext1-v2/120000/7E16E7F9-2DC4-E611-9117-001E67F3332A.root')
 outfile: Summer16.DYJetsToLL_M-50_TuneCUETP8M1_13TeV-madgraphMLM-pythia8_ext1_52_RA2AnalysisTree
 
 
 storing PDF weights: True
 
 
 scenario: Summer16
 global tag: 80X_mcRun2_asymptotic_2016_TrancheIV_v6
 Instance name of tag information: PAT
 Including gen-level information: True
 Including pMSSM-related information: False
 Using fastsim settings: False
 Running signal uncertainties: False
 JECs applied: data/jec/Summer16_23Sep2016V3_MC
 JERs applied: data/jer/Spring16_25nsV6_MC
 PU weights stored: LeptoQuarkTreeMaker/Production/test/data/PileupHistograms_0721_63mb_pm5.root
 era of this dataset: Run2_25ns
************************************************
# Conditions read from  CMS_CONDITIONS  via FrontierProd 
DYJetsToLL_M-50_TuneCUETP8M1_13TeV-madgraphMLM-pythia8, PUMoriond17_80X_mcRun2_asymptotic_2016_TrancheIV_v6_ext1-v2 : 'root://cmsxrootd.fnal.gov//store/mc/RunIISummer16MiniAODv2/DYJetsToLL_M-50_TuneCUETP8M1_13TeV-madgraphMLM-pythia8/MINIAODSIM/PUMoriond17_80X_mcRun2_asymptotic_2016_TrancheIV_v6_ext1-v2/120000/7E16E7F9-2DC4-E611-9117-001E67F3332A.root'
Setup WeightProducer for 'root://cmsxrootd.fnal.gov//store/mc/RunIISummer16MiniAODv2/DYJetsToLL_M-50_TuneCUETP8M1_13TeV-madgraphMLM-pythia8/MINIAODSIM/PUMoriond17_80X_mcRun2_asymptotic_2016_TrancheIV_v6_ext1-v2/120000/7E16E7F9-2DC4-E611-9117-001E67F3332A.root'
 ################################################################### 
 # WARNING: this module is deprecated.                             # 
 # Please use CondCore.CondDB.CondDB_cfi.py                        # 
 ################################################################### 
 ################################################################### 
 # WARNING: this module is deprecated.                             # 
 # Please use CondCore.CondDB.CondDB_cfi.py                        # 
 ################################################################### 
01-Feb-2017 08:52:31 CST  Initiating request to open file root://cmsxrootd.fnal.gov//store/mc/RunIISummer16MiniAODv2/DYJetsToLL_M-50_TuneCUETP8M1_13TeV-madgraphMLM-pythia8/MINIAODSIM/PUMoriond17_80X_mcRun2_asymptotic_2016_TrancheIV_v6_ext1-v2/120000/7E16E7F9-2DC4-E611-9117-001E67F3332A.root
%MSG-w XrdAdaptor:  file_open 01-Feb-2017 08:52:33 CST pre-events
Data is served from T2_US_Caltech instead of original site T1_US_FNAL
%MSG
01-Feb-2017 08:52:39 CST  Successfully opened file root://cmsxrootd.fnal.gov//store/mc/RunIISummer16MiniAODv2/DYJetsToLL_M-50_TuneCUETP8M1_13TeV-madgraphMLM-pythia8/MINIAODSIM/PUMoriond17_80X_mcRun2_asymptotic_2016_TrancheIV_v6_ext1-v2/120000/7E16E7F9-2DC4-E611-9117-001E67F3332A.root
VarsBool:
full name: BadChargedCandidateFilter -> tag: BadChargedCandidateFilter nameInTree: BadChargedCandidateFilter
full name: BadPFMuonFilter -> tag: BadPFMuonFilter nameInTree: BadPFMuonFilter
full name: GoodJets:JetID(JetID) -> tag: GoodJets:JetID nameInTree: JetID
full name: GoodJetsJECup:JetID(JetIDJECup) -> tag: GoodJetsJECup:JetID nameInTree: JetIDJECup
full name: GoodJetsJECdown:JetID(JetIDJECdown) -> tag: GoodJetsJECdown:JetID nameInTree: JetIDJECdown
full name: GoodJetsJERup:JetID(JetIDJERup) -> tag: GoodJetsJERup:JetID nameInTree: JetIDJERup
full name: GoodJetsJERdown:JetID(JetIDJERdown) -> tag: GoodJetsJERdown:JetID nameInTree: JetIDJERdown
VarsInt:
full name: WeightProducer:NumInteractions -> tag: WeightProducer:NumInteractions nameInTree: NumInteractions
full name: NVtx -> tag: NVtx nameInTree: NVtx
full name: nAllVertices -> tag: nAllVertices nameInTree: nAllVertices
full name: CSCTightHaloFilter -> tag: CSCTightHaloFilter nameInTree: CSCTightHaloFilter
full name: globalTightHalo2016Filter -> tag: globalTightHalo2016Filter nameInTree: globalTightHalo2016Filter
full name: HBHENoiseFilter -> tag: HBHENoiseFilter nameInTree: HBHENoiseFilter
full name: HBHEIsoNoiseFilter -> tag: HBHEIsoNoiseFilter nameInTree: HBHEIsoNoiseFilter
full name: EcalDeadCellTriggerPrimitiveFilter -> tag: EcalDeadCellTriggerPrimitiveFilter nameInTree: EcalDeadCellTriggerPrimitiveFilter
full name: eeBadScFilter -> tag: eeBadScFilter nameInTree: eeBadScFilter
VarsDouble:
full name: WeightProducer:weight(Weight) -> tag: WeightProducer:weight nameInTree: Weight
full name: WeightProducer:xsec(CrossSection) -> tag: WeightProducer:xsec nameInTree: CrossSection
full name: WeightProducer:nevents(NumEvents) -> tag: WeightProducer:nevents nameInTree: NumEvents
full name: WeightProducer:TrueNumInteractions -> tag: WeightProducer:TrueNumInteractions nameInTree: TrueNumInteractions
full name: WeightProducer:PUweight(puWeight) -> tag: WeightProducer:PUweight nameInTree: puWeight
full name: WeightProducer:PUSysUp(puSysUp) -> tag: WeightProducer:PUSysUp nameInTree: puSysUp
full name: WeightProducer:PUSysDown(puSysDown) -> tag: WeightProducer:PUSysDown nameInTree: puSysDown
full name: MadHT:genHT(madHT) -> tag: MadHT:genHT nameInTree: madHT
full name: GenHT -> tag: GenHT nameInTree: GenHT
full name: MET:Pt(MET) -> tag: MET:Pt nameInTree: MET
full name: MET:Phi(METPhi) -> tag: MET:Phi nameInTree: METPhi
full name: MET:CaloPt(CaloMET) -> tag: MET:CaloPt nameInTree: CaloMET
full name: MET:CaloPhi(CaloMETPhi) -> tag: MET:CaloPhi nameInTree: CaloMETPhi
full name: MET:PFCaloPtRatio(PFCaloMETRatio) -> tag: MET:PFCaloPtRatio nameInTree: PFCaloMETRatio
full name: MET:GenPt(GenMET) -> tag: MET:GenPt nameInTree: GenMET
full name: MET:GenPhi(GenMETPhi) -> tag: MET:GenPhi nameInTree: GenMETPhi
VarsString:
VarsTLorentzVector:
VectorBool:
full name: HEEPProducer:ecalDriven(Electron_ecalDriven) -> tag: HEEPProducer:ecalDriven nameInTree: Electron_ecalDriven
full name: GoodJets:JetIDMask(Jets_ID) -> tag: GoodJets:JetIDMask nameInTree: Jets_ID
full name: GoodJetsJECup:JetIDMask(JetsJECup_ID) -> tag: GoodJetsJECup:JetIDMask nameInTree: JetsJECup_ID
full name: GoodJetsJECdown:JetIDMask(JetsJECdown_ID) -> tag: GoodJetsJECdown:JetIDMask nameInTree: JetsJECdown_ID
full name: GoodJetsJERup:JetIDMask(JetsJERup_ID) -> tag: GoodJetsJERup:JetIDMask nameInTree: JetsJERup_ID
full name: GoodJetsJERdown:JetIDMask(JetsJERdown_ID) -> tag: GoodJetsJERdown:JetIDMask nameInTree: JetsJERdown_ID
full name: GenHTJets:SubJetMask(GenJets_HTMask) -> tag: GenHTJets:SubJetMask nameInTree: GenJets_HTMask
full name: GenMHTJets:SubJetMask(GenJets_MHTMask) -> tag: GenMHTJets:SubJetMask nameInTree: GenJets_MHTMask
VectorInt:
full name: PDFWeights:PDFids -> tag: PDFWeights:PDFids nameInTree: PDFids
full name: HEEPProducer:Charge(Electron_Charge) -> tag: HEEPProducer:Charge nameInTree: Electron_Charge
full name: HEEPProducer:losthits(Electron_losthits) -> tag: HEEPProducer:losthits nameInTree: Electron_losthits
full name: HEEPProducer:PDGID(PDGID) -> tag: HEEPProducer:PDGID nameInTree: PDGID
full name: HEEPProducer:gencharge(gencharge) -> tag: HEEPProducer:gencharge nameInTree: gencharge
full name: HEEPProducer:motherPDGID(motherPDGID) -> tag: HEEPProducer:motherPDGID nameInTree: motherPDGID
full name: HEEPProducer:elstatus(elstatus) -> tag: HEEPProducer:elstatus nameInTree: elstatus
full name: MuonProducer:MuonPassID(MuonPassID) -> tag: MuonProducer:MuonPassID nameInTree: MuonPassID
full name: MuonProducer:MuonIsGlobal(MuonIsGlobal) -> tag: MuonProducer:MuonIsGlobal nameInTree: MuonIsGlobal
full name: TriggerProducer:TriggerPass -> tag: TriggerProducer:TriggerPass nameInTree: TriggerPass
full name: TriggerProducer:TriggerPrescales -> tag: TriggerProducer:TriggerPrescales nameInTree: TriggerPrescales
VectorDouble:
full name: PDFWeights:PDFweights -> tag: PDFWeights:PDFweights nameInTree: PDFweights
full name: PDFWeights:ScaleWeights -> tag: PDFWeights:ScaleWeights nameInTree: ScaleWeights
full name: HEEPProducer:trackiso(Electron_trackiso) -> tag: HEEPProducer:trackiso nameInTree: Electron_trackiso
full name: HEEPProducer:Et(Electron_Et) -> tag: HEEPProducer:Et nameInTree: Electron_Et
full name: HEEPProducer:DeltaEtain(Electron_DeltaEtain) -> tag: HEEPProducer:DeltaEtain nameInTree: Electron_DeltaEtain
full name: HEEPProducer:DeltaPhiin(Electron_DeltaPhiin) -> tag: HEEPProducer:DeltaPhiin nameInTree: Electron_DeltaPhiin
full name: HEEPProducer:HbE(Electron_HOverE) -> tag: HEEPProducer:HbE nameInTree: Electron_HOverE
full name: HEEPProducer:Ecaliso(Electron_Ecaliso) -> tag: HEEPProducer:Ecaliso nameInTree: Electron_Ecaliso
full name: HEEPProducer:HD1iso(Electron_HD1iso) -> tag: HEEPProducer:HD1iso nameInTree: Electron_HD1iso
full name: HEEPProducer:e25bye55(Electron_e25bye55) -> tag: HEEPProducer:e25bye55 nameInTree: Electron_e25bye55
full name: HEEPProducer:Fullsce25bye55(Electron_Fullsce25bye55) -> tag: HEEPProducer:Fullsce25bye55 nameInTree: Electron_Fullsce25bye55
full name: HEEPProducer:Fulle15bye55(Electron_Fulle15bye55) -> tag: HEEPProducer:Fulle15bye55 nameInTree: Electron_Fulle15bye55
full name: HEEPProducer:scEnergy(Electron_scEnergy) -> tag: HEEPProducer:scEnergy nameInTree: Electron_scEnergy
full name: HEEPProducer:DeltaEtaSeed(Electron_DeltaEtaSeed) -> tag: HEEPProducer:DeltaEtaSeed nameInTree: Electron_DeltaEtaSeed
full name: HEEPProducer:rho(rho) -> tag: HEEPProducer:rho nameInTree: rho
full name: HEEPProducer:ecalEnergy(Electron_ecalEnergy) -> tag: HEEPProducer:ecalEnergy nameInTree: Electron_ecalEnergy
full name: HEEPProducer:full55SiEtaiEta(Electron_full55SiEtaiEta) -> tag: HEEPProducer:full55SiEtaiEta nameInTree: Electron_full55SiEtaiEta
full name: HEEPProducer:sce25bye55(Electron_sce25bye55) -> tag: HEEPProducer:sce25bye55 nameInTree: Electron_sce25bye55
full name: HEEPProducer:e15bye55(Electron_e15bye55) -> tag: HEEPProducer:e15bye55 nameInTree: Electron_e15bye55
full name: HEEPProducer:Phi(Electron_Phi) -> tag: HEEPProducer:Phi nameInTree: Electron_Phi
full name: HEEPProducer:eEnergy(Electron_Energy) -> tag: HEEPProducer:eEnergy nameInTree: Electron_Energy
full name: HEEPProducer:dxy(dxy) -> tag: HEEPProducer:dxy nameInTree: dxy
full name: HEEPProducer:ePz(Electron_Pz) -> tag: HEEPProducer:ePz nameInTree: Electron_Pz
full name: HEEPProducer:ePx(Electron_Px) -> tag: HEEPProducer:ePx nameInTree: Electron_Px
full name: HEEPProducer:ePy(Electron_Py) -> tag: HEEPProducer:ePy nameInTree: Electron_Py
full name: HEEPProducer:genPt(genPt) -> tag: HEEPProducer:genPt nameInTree: genPt
full name: HEEPProducer:genEta(genEta) -> tag: HEEPProducer:genEta nameInTree: genEta
full name: HEEPProducer:genPhi(genPhi) -> tag: HEEPProducer:genPhi nameInTree: genPhi
full name: HEEPProducer:genEnergy(genEnergy) -> tag: HEEPProducer:genEnergy nameInTree: genEnergy
full name: HEEPProducer:PtHEEP(Electron_PtHEEP) -> tag: HEEPProducer:PtHEEP nameInTree: Electron_PtHEEP
full name: HEEPProducer:scEta(Electron_scEta) -> tag: HEEPProducer:scEta nameInTree: Electron_scEta
full name: HEEPProducer:heep70TrkIso(Electron_heep70TrkIso) -> tag: HEEPProducer:heep70TrkIso nameInTree: Electron_heep70TrkIso
full name: MuonProducer:MuonEta(MuonEta) -> tag: MuonProducer:MuonEta nameInTree: MuonEta
full name: MuonProducer:MuonPhi(MuonPhi) -> tag: MuonProducer:MuonPhi nameInTree: MuonPhi
full name: MuonProducer:MuonPt(MuonPt) -> tag: MuonProducer:MuonPt nameInTree: MuonPt
full name: MuonProducer:MuonEnergy(MuonEnergy) -> tag: MuonProducer:MuonEnergy nameInTree: MuonEnergy
full name: TauProducer:tEta(TauEta) -> tag: TauProducer:tEta nameInTree: TauEta
full name: TauProducer:tPhi(TauPhi) -> tag: TauProducer:tPhi nameInTree: TauPhi
full name: TauProducer:tPt(TauPt) -> tag: TauProducer:tPt nameInTree: TauPt
full name: TriggerProducer:objectPt -> tag: TriggerProducer:objectPt nameInTree: objectPt
full name: TriggerProducer:objecteta -> tag: TriggerProducer:objecteta nameInTree: objecteta
full name: TriggerProducer:objectphi -> tag: TriggerProducer:objectphi nameInTree: objectphi
full name: TriggerProducer:objectE -> tag: TriggerProducer:objectE nameInTree: objectE
full name: TriggerProducer:ColumnNum -> tag: TriggerProducer:ColumnNum nameInTree: ColumnNum
full name: MET:PtUp(METUp) -> tag: MET:PtUp nameInTree: METUp
full name: MET:PtDown(METDown) -> tag: MET:PtDown nameInTree: METDown
full name: MET:PhiUp(METPhiUp) -> tag: MET:PhiUp nameInTree: METPhiUp
full name: MET:PhiDown(METPhiDown) -> tag: MET:PhiDown nameInTree: METPhiDown
VectorString:
full name: TriggerProducer:TriggerNames -> tag: TriggerProducer:TriggerNames nameInTree: TriggerNames
VectorTLorentzVector:
VectorRecoCand:
full name: GoodJets(Jets) -> tag: GoodJets nameInTree: Jets
full name: GoodJetsJECup(JetsJECup) -> tag: GoodJetsJECup nameInTree: JetsJECup
full name: GoodJetsJECdown(JetsJECdown) -> tag: GoodJetsJECdown nameInTree: JetsJECdown
full name: GoodJetsJERup(JetsJERup) -> tag: GoodJetsJERup nameInTree: JetsJERup
full name: GoodJetsJERdown(JetsJERdown) -> tag: GoodJetsJERdown nameInTree: JetsJERdown
full name: slimmedGenJets(GenJets) -> tag: slimmedGenJets nameInTree: GenJets
List of stored triggers:
0: HLT_CaloJet500_NoJetID_v
1: HLT_DoubleEle8_CaloIdM_TrackIdM_Mass8_PFHT300_v
2: HLT_DoubleMu8_Mass8_PFHT300_v
3: HLT_Ele105_CaloIdVT_GsfTrkIdT_v
4: HLT_Ele115_CaloIdVT_GsfTrkIdT_v
5: HLT_Ele15_IsoVVVL_PFHT350_PFMET50_v
6: HLT_Ele15_IsoVVVL_PFHT350_v
7: HLT_Ele15_IsoVVVL_PFHT400_v
8: HLT_Ele15_IsoVVVL_PFHT600_v
9: HLT_Ele23_Ele12_CaloIdL_TrackIdL_IsoVL_DZ_v
10: HLT_Ele25_eta2p1_WPTight_Gsf_v 
11: HLT_Ele27_WPTight_Gsf_v
12: HLT_Ele27_eta2p1_WPLoose_Gsf_v 
13: HLT_Ele45_WPLoose_Gsf_v
14: HLT_Ele50_IsoVVVL_PFHT400_v
15: HLT_IsoMu16_eta2p1_MET30_v
16: HLT_IsoMu22_eta2p1_v
17: HLT_IsoMu22_v
18: HLT_IsoMu24_v 
19: HLT_IsoTkMu22_v
20: HLT_Mu15_IsoVVVL_PFHT350_PFMET50_v
21: HLT_Mu15_IsoVVVL_PFHT350_v
22: HLT_Mu15_IsoVVVL_PFHT400_v
23: HLT_Mu15_IsoVVVL_PFHT600_v
24: HLT_Mu17_TrkIsoVVL_Mu8_TrkIsoVVL_v
25: HLT_Mu17_TrkIsoVVL_TkMu8_TrkIsoVVL_v
26: HLT_Mu45_eta2p1_v
27: HLT_Mu50_IsoVVVL_PFHT400_v
28: HLT_Mu50_v
29: HLT_PFHT200_v
30: HLT_PFHT250_v
31: HLT_PFHT300_PFMET100_v
32: HLT_PFHT300_PFMET110_v
33: HLT_PFHT300_v
34: HLT_PFHT350_v
35: HLT_PFHT400_v
36: HLT_PFHT475_v
37: HLT_PFHT600_v
38: HLT_PFHT650_v
39: HLT_PFHT800_v
40: HLT_PFHT900_v
41: HLT_PFMET100_PFMHT100_IDTight_v
42: HLT_PFMET110_PFMHT110_IDTight_v
43: HLT_PFMET120_PFMHT120_IDTight_v
44: HLT_PFMET90_PFMHT90_IDTight_v
45: HLT_PFMETNoMu100_PFMHTNoMu100_IDTight_v
46: HLT_PFMETNoMu110_PFMHTNoMu110_IDTight_v
47: HLT_PFMETNoMu120_PFMHTNoMu120_IDTight_v
48: HLT_PFMETNoMu90_PFMHTNoMu90_IDTight_v
49: HLT_Photon120_v
50: HLT_Photon165_HE10_v
51: HLT_Photon175_v
52: HLT_Photon22_v
53: HLT_Photon30_v
54: HLT_Photon36_v
55: HLT_Photon50_v
56: HLT_Photon75_v
57: HLT_Photon90_CaloIdL_PFHT500_v
58: HLT_Photon90_v
59: HLT_TkMu50_v
WeightProducer: Using constant event weight of 0.000122602
  Target luminosity (1/pb) : 1
        Cross section (pb) : 6025.2
          Number of events : 4.91443e+07
WeightProducer: Applying multiplicative PU weights
  Reading PU scenario from '/storage/local/data1/condor/execute/dir_3875930/CMSSW_8_0_25/src/LeptoQuarkTreeMaker/Production/test/data/PileupHistograms_0721_63mb_pm5.root'
[STATUS] Reading energy scale correction  values from file: EgammaAnalysis/ElectronTools/data/ScalesSmearings/Winter_2016_reReco_v1_ele_scales.dat
[STATUS] Reading energy scale correction  values from file: EgammaAnalysis/ElectronTools/data/ScalesSmearings/Winter_2016_reReco_v1_ele_scales.dat
Begin processing the 1st record. Run 1, Event 3711807, LumiSection 18560 at 01-Feb-2017 08:53:18.029 CST
Begin processing the 1001st record. Run 1, Event 4840120, LumiSection 24201 at 01-Feb-2017 08:54:31.380 CST
Begin processing the 2001st record. Run 1, Event 9617933, LumiSection 48090 at 01-Feb-2017 08:55:30.798 CST
Begin processing the 3001st record. Run 1, Event 142812865, LumiSection 714065 at 01-Feb-2017 08:56:27.712 CST
Begin processing the 4001st record. Run 1, Event 144226749, LumiSection 721134 at 01-Feb-2017 08:57:21.020 CST
Begin processing the 5001st record. Run 1, Event 194476883, LumiSection 972385 at 01-Feb-2017 08:58:14.248 CST
Begin processing the 6001st record. Run 1, Event 233952486, LumiSection 1169763 at 01-Feb-2017 08:59:09.143 CST
Begin processing the 7001st record. Run 1, Event 209047111, LumiSection 1045236 at 01-Feb-2017 09:00:04.105 CST
Begin processing the 8001st record. Run 1, Event 271163623, LumiSection 1355819 at 01-Feb-2017 09:01:02.138 CST
Begin processing the 9001st record. Run 1, Event 280940010, LumiSection 1404701 at 01-Feb-2017 09:01:55.798 CST
Begin processing the 10001st record. Run 1, Event 282714946, LumiSection 1413575 at 01-Feb-2017 09:02:50.510 CST
Begin processing the 11001st record. Run 1, Event 283517868, LumiSection 1417590 at 01-Feb-2017 09:03:43.859 CST
Begin processing the 12001st record. Run 1, Event 449292483, LumiSection 2246463 at 01-Feb-2017 09:04:39.524 CST
Begin processing the 13001st record. Run 1, Event 465419427, LumiSection 2327098 at 01-Feb-2017 09:05:36.997 CST
Begin processing the 14001st record. Run 1, Event 114560829, LumiSection 572805 at 01-Feb-2017 09:06:37.851 CST
[2017-02-01 09:06:50.403063 -0600][Error  ][File              ] [0xfc5f2d40@root://cmsxrootd.fnal.gov:1094//store/mc/RunIISummer16MiniAODv2/DYJetsToLL_M-50_TuneCUETP8M1_13TeV-madgraphMLM-pythia8/MINIAODSIM/PUMoriond17_80X_mcRun2_asymptotic_2016_TrancheIV_v6_ext1-v2/120000/7E16E7F9-2DC4-E611-9117-001E67F3332A.root] Fatal file state error. Message kXR_readv (handle: 0x00000000, chunks: 62, total size: 6116390) returned with [ERROR] Server responded with an error: [3005] Unable to readv /store/mc/RunIISummer16MiniAODv2/DYJetsToLL_M-50_TuneCUETP8M1_13TeV-madgraphMLM-pythia8/MINIAODSIM/PUMoriond17_80X_mcRun2_asymptotic_2016_TrancheIV_v6_ext1-v2/120000/7E16E7F9-2DC4-E611-9117-001E67F3332A.root; unknown error 255
%MSG-w XrdAdaptorInternal:  (NoModuleName) 01-Feb-2017 09:06:50 CST pre-events
XrdRequestManager::handle(name='root://cmsxrootd.fnal.gov//store/mc/RunIISummer16MiniAODv2/DYJetsToLL_M-50_TuneCUETP8M1_13TeV-madgraphMLM-pythia8/MINIAODSIM/PUMoriond17_80X_mcRun2_asymptotic_2016_TrancheIV_v6_ext1-v2/120000/7E16E7F9-2DC4-E611-9117-001E67F3332A.root) failure when reading from transfer-4.ultralight.org:1097 (site T2_US_Caltech); failed with error '[ERROR] Server responded with an error: [3005] Unable to readv /store/mc/RunIISummer16MiniAODv2/DYJetsToLL_M-50_TuneCUETP8M1_13TeV-madgraphMLM-pythia8/MINIAODSIM/PUMoriond17_80X_mcRun2_asymptotic_2016_TrancheIV_v6_ext1-v2/120000/7E16E7F9-2DC4-E611-9117-001E67F3332A.root; unknown error 255
' (errno=3005, code=400).
%MSG
%MSG-w XrdAdaptorInternal:  (NoModuleName) 01-Feb-2017 09:06:50 CST pre-events
Request failure when reading from transfer-4.ultralight.org:1097 (site T2_US_Caltech)
%MSG
[2017-02-01 09:06:50.433004 -0600][Error  ][AsyncSock         ] [transfer-4.ultralight.org:1097 #0.0] Socket error encountered: [ERROR] Socket error: Resource temporarily unavailable
Begin processing the 15001st record. Run 1, Event 114990288, LumiSection 574952 at 01-Feb-2017 09:07:34.660 CST
Begin processing the 16001st record. Run 1, Event 228292406, LumiSection 1141463 at 01-Feb-2017 09:08:31.517 CST
Begin processing the 17001st record. Run 1, Event 253705772, LumiSection 1268529 at 01-Feb-2017 09:09:27.695 CST
[2017-02-01 09:10:11.348740 -0600][Error  ][AsyncSock         ] [transfer-5.ultralight.org:1097 #0.0] Socket error encountered: [ERROR] Socket error: Resource temporarily unavailable
Begin processing the 18001st record. Run 1, Event 272814813, LumiSection 1364075 at 01-Feb-2017 09:10:24.697 CST
[2017-02-01 09:10:34.873467 -0600][Error  ][XRootD            ] [transfer-5.ultralight.org:1097] Unable to send the message kXR_readv (handle: 0x00000000, chunks: 67, total size: 11712171): [ERROR] Invalid session
Begin processing the 19001st record. Run 1, Event 282841000, LumiSection 1414205 at 01-Feb-2017 09:11:23.643 CST
Begin processing the 20001st record. Run 1, Event 292510394, LumiSection 1462552 at 01-Feb-2017 09:12:28.850 CST
Begin processing the 21001st record. Run 1, Event 294385149, LumiSection 1471926 at 01-Feb-2017 09:13:24.324 CST
Begin processing the 22001st record. Run 1, Event 294372234, LumiSection 1471862 at 01-Feb-2017 09:14:20.678 CST
Begin processing the 23001st record. Run 1, Event 303289886, LumiSection 1516450 at 01-Feb-2017 09:15:16.033 CST
Begin processing the 24001st record. Run 1, Event 311875889, LumiSection 1559380 at 01-Feb-2017 09:16:12.926 CST
Begin processing the 25001st record. Run 1, Event 312831762, LumiSection 1564159 at 01-Feb-2017 09:17:10.182 CST
Begin processing the 26001st record. Run 1, Event 565069864, LumiSection 2825350 at 01-Feb-2017 09:18:08.601 CST
Begin processing the 27001st record. Run 1, Event 18890641, LumiSection 94454 at 01-Feb-2017 09:19:09.578 CST
Begin processing the 28001st record. Run 1, Event 26029494, LumiSection 130148 at 01-Feb-2017 09:20:11.954 CST
Begin processing the 29001st record. Run 1, Event 136319716, LumiSection 681599 at 01-Feb-2017 09:21:08.050 CST
Begin processing the 30001st record. Run 1, Event 136345452, LumiSection 681728 at 01-Feb-2017 09:22:01.979 CST
Begin processing the 31001st record. Run 1, Event 144996077, LumiSection 724981 at 01-Feb-2017 09:22:57.253 CST
Begin processing the 32001st record. Run 1, Event 146191739, LumiSection 730959 at 01-Feb-2017 09:23:56.917 CST
Begin processing the 33001st record. Run 1, Event 217288487, LumiSection 1086443 at 01-Feb-2017 09:24:52.899 CST
Begin processing the 34001st record. Run 1, Event 387507482, LumiSection 1937538 at 01-Feb-2017 09:25:49.302 CST
Begin processing the 35001st record. Run 1, Event 292540216, LumiSection 1462702 at 01-Feb-2017 09:26:48.114 CST
Begin processing the 36001st record. Run 1, Event 387677185, LumiSection 1938386 at 01-Feb-2017 09:27:43.669 CST
Begin processing the 37001st record. Run 1, Event 400353301, LumiSection 2001767 at 01-Feb-2017 09:28:43.599 CST
Begin processing the 38001st record. Run 1, Event 400602105, LumiSection 2003011 at 01-Feb-2017 09:29:41.204 CST
Begin processing the 39001st record. Run 1, Event 401221080, LumiSection 2006106 at 01-Feb-2017 09:30:36.551 CST
Begin processing the 40001st record. Run 1, Event 557834785, LumiSection 2789174 at 01-Feb-2017 09:31:35.992 CST
Begin processing the 41001st record. Run 1, Event 494923251, LumiSection 2474617 at 01-Feb-2017 09:32:33.018 CST
Begin processing the 42001st record. Run 1, Event 507530746, LumiSection 2537654 at 01-Feb-2017 09:33:29.896 CST
Begin processing the 43001st record. Run 1, Event 57892844, LumiSection 289465 at 01-Feb-2017 09:34:36.826 CST
Begin processing the 44001st record. Run 1, Event 58082706, LumiSection 290414 at 01-Feb-2017 09:35:35.324 CST
Begin processing the 45001st record. Run 1, Event 376889204, LumiSection 1884447 at 01-Feb-2017 09:36:32.073 CST
Begin processing the 46001st record. Run 1, Event 328247699, LumiSection 1641239 at 01-Feb-2017 09:37:28.153 CST
Begin processing the 47001st record. Run 1, Event 377430677, LumiSection 1887154 at 01-Feb-2017 09:38:25.924 CST
Begin processing the 48001st record. Run 1, Event 497233170, LumiSection 2486166 at 01-Feb-2017 09:39:23.552 CST
Begin processing the 49001st record. Run 1, Event 522787417, LumiSection 2613938 at 01-Feb-2017 09:40:19.656 CST
Begin processing the 50001st record. Run 1, Event 522913860, LumiSection 2614570 at 01-Feb-2017 09:41:16.605 CST
Begin processing the 51001st record. Run 1, Event 523253031, LumiSection 2616266 at 01-Feb-2017 09:42:13.576 CST
Begin processing the 52001st record. Run 1, Event 572399847, LumiSection 2862000 at 01-Feb-2017 09:43:10.565 CST
Begin processing the 53001st record. Run 1, Event 572399307, LumiSection 2861997 at 01-Feb-2017 09:44:06.316 CST
Begin processing the 54001st record. Run 1, Event 575810961, LumiSection 2879055 at 01-Feb-2017 09:45:04.199 CST
Begin processing the 55001st record. Run 1, Event 633131637, LumiSection 3165659 at 01-Feb-2017 09:46:00.182 CST
Begin processing the 56001st record. Run 1, Event 679620179, LumiSection 3398101 at 01-Feb-2017 09:46:56.860 CST
Begin processing the 57001st record. Run 1, Event 32884129, LumiSection 164421 at 01-Feb-2017 09:48:04.033 CST
Begin processing the 58001st record. Run 1, Event 141339861, LumiSection 706700 at 01-Feb-2017 09:49:03.865 CST
Begin processing the 59001st record. Run 1, Event 44759997, LumiSection 223800 at 01-Feb-2017 09:50:01.565 CST
Begin processing the 60001st record. Run 1, Event 163671438, LumiSection 818358 at 01-Feb-2017 09:51:01.754 CST
Begin processing the 61001st record. Run 1, Event 309253833, LumiSection 1546270 at 01-Feb-2017 09:51:54.698 CST
Begin processing the 62001st record. Run 1, Event 271631868, LumiSection 1358160 at 01-Feb-2017 09:52:51.561 CST
Begin processing the 63001st record. Run 1, Event 280380433, LumiSection 1401903 at 01-Feb-2017 09:53:49.038 CST
Begin processing the 64001st record. Run 1, Event 309227561, LumiSection 1546138 at 01-Feb-2017 09:54:45.490 CST
Begin processing the 65001st record. Run 1, Event 355630525, LumiSection 1778153 at 01-Feb-2017 09:55:41.973 CST
Begin processing the 66001st record. Run 1, Event 424392699, LumiSection 2121964 at 01-Feb-2017 09:56:40.336 CST
Begin processing the 67001st record. Run 1, Event 437000000, LumiSection 2185000 at 01-Feb-2017 09:57:36.865 CST
Begin processing the 68001st record. Run 1, Event 522987322, LumiSection 2614937 at 01-Feb-2017 09:58:33.026 CST
Begin processing the 69001st record. Run 1, Event 525797411, LumiSection 2628988 at 01-Feb-2017 09:59:29.946 CST
Begin processing the 70001st record. Run 1, Event 650486763, LumiSection 3252434 at 01-Feb-2017 10:00:32.638 CST
Begin processing the 71001st record. Run 1, Event 129775122, LumiSection 648876 at 01-Feb-2017 10:01:32.166 CST
[2017-02-01 10:01:46.466448 -0600][Error  ][AsyncSock         ] [transfer-2.ultralight.org:1097 #0.0] Socket error encountered: [ERROR] Socket error: Resource temporarily unavailable
[2017-02-01 10:02:14.969693 -0600][Error  ][XRootD            ] [transfer-2.ultralight.org:1097] Unable to send the message kXR_readv (handle: 0x00000000, chunks: 67, total size: 11837191): [ERROR] Invalid session
Begin processing the 72001st record. Run 1, Event 129933558, LumiSection 649668 at 01-Feb-2017 10:02:42.730 CST
Begin processing the 73001st record. Run 1, Event 361535789, LumiSection 1807679 at 01-Feb-2017 10:03:38.923 CST
Begin processing the 74001st record. Run 1, Event 361536649, LumiSection 1807684 at 01-Feb-2017 10:04:35.381 CST
Begin processing the 75001st record. Run 1, Event 361627083, LumiSection 1808136 at 01-Feb-2017 10:05:31.210 CST
Begin processing the 76001st record. Run 1, Event 382375729, LumiSection 1911879 at 01-Feb-2017 10:06:30.296 CST
Begin processing the 77001st record. Run 1, Event 373820140, LumiSection 1869101 at 01-Feb-2017 10:07:30.063 CST
Begin processing the 78001st record. Run 1, Event 413912461, LumiSection 2069563 at 01-Feb-2017 10:08:27.838 CST
Begin processing the 79001st record. Run 1, Event 465557003, LumiSection 2327786 at 01-Feb-2017 10:09:27.497 CST
Begin processing the 80001st record. Run 1, Event 480066729, LumiSection 2400334 at 01-Feb-2017 10:10:24.069 CST
Begin processing the 81001st record. Run 1, Event 480642258, LumiSection 2403212 at 01-Feb-2017 10:11:21.190 CST
Begin processing the 82001st record. Run 1, Event 482733145, LumiSection 2413666 at 01-Feb-2017 10:12:20.807 CST
Begin processing the 83001st record. Run 1, Event 482922675, LumiSection 2414614 at 01-Feb-2017 10:13:18.956 CST
Begin processing the 84001st record. Run 1, Event 487154962, LumiSection 2435775 at 01-Feb-2017 10:14:16.876 CST
Begin processing the 85001st record. Run 1, Event 515980970, LumiSection 2579905 at 01-Feb-2017 10:15:16.334 CST
Begin processing the 86001st record. Run 1, Event 516160055, LumiSection 2580801 at 01-Feb-2017 10:16:13.575 CST
Begin processing the 87001st record. Run 1, Event 152381505, LumiSection 761908 at 01-Feb-2017 10:17:19.125 CST
Begin processing the 88001st record. Run 1, Event 153350361, LumiSection 766752 at 01-Feb-2017 10:18:17.287 CST
Begin processing the 89001st record. Run 1, Event 153774918, LumiSection 768875 at 01-Feb-2017 10:19:15.452 CST
Begin processing the 90001st record. Run 1, Event 170901856, LumiSection 854510 at 01-Feb-2017 10:20:10.374 CST
Begin processing the 91001st record. Run 1, Event 186562621, LumiSection 932814 at 01-Feb-2017 10:21:09.519 CST
Begin processing the 92001st record. Run 1, Event 231257478, LumiSection 1156288 at 01-Feb-2017 10:22:05.395 CST
[2017-02-01 10:22:32.822343 -0600][Error  ][File              ] [0xfd9e0240@root://cmsxrootd.fnal.gov:1094//store/mc/RunIISummer16MiniAODv2/DYJetsToLL_M-50_TuneCUETP8M1_13TeV-madgraphMLM-pythia8/MINIAODSIM/PUMoriond17_80X_mcRun2_asymptotic_2016_TrancheIV_v6_ext1-v2/120000/7E16E7F9-2DC4-E611-9117-001E67F3332A.root?tried=transfer-4.ultralight.org] Fatal file state error. Message kXR_readv (handle: 0x00000000, chunks: 51, total size: 11910377) returned with [ERROR] Server responded with an error: [3010] Unable to readv /store/mc/RunIISummer16MiniAODv2/DYJetsToLL_M-50_TuneCUETP8M1_13TeV-madgraphMLM-pythia8/MINIAODSIM/PUMoriond17_80X_mcRun2_asymptotic_2016_TrancheIV_v6_ext1-v2/120000/7E16E7F9-2DC4-E611-9117-001E67F3332A.root; operation not permitted
%MSG-w XrdAdaptorInternal:  (NoModuleName) 01-Feb-2017 10:22:32 CST pre-events
XrdRequestManager::handle(name='root://cmsxrootd.fnal.gov//store/mc/RunIISummer16MiniAODv2/DYJetsToLL_M-50_TuneCUETP8M1_13TeV-madgraphMLM-pythia8/MINIAODSIM/PUMoriond17_80X_mcRun2_asymptotic_2016_TrancheIV_v6_ext1-v2/120000/7E16E7F9-2DC4-E611-9117-001E67F3332A.root) failure when reading from transfer-5.ultralight.org:1097 (site T2_US_Caltech); failed with error '[ERROR] Server responded with an error: [3010] Unable to readv /store/mc/RunIISummer16MiniAODv2/DYJetsToLL_M-50_TuneCUETP8M1_13TeV-madgraphMLM-pythia8/MINIAODSIM/PUMoriond17_80X_mcRun2_asymptotic_2016_TrancheIV_v6_ext1-v2/120000/7E16E7F9-2DC4-E611-9117-001E67F3332A.root; operation not permitted
' (errno=3010, code=400).
%MSG
%MSG-w XrdAdaptorInternal:  (NoModuleName) 01-Feb-2017 10:22:32 CST pre-events
Request failure when reading from transfer-5.ultralight.org:1097 (site T2_US_Caltech)
%MSG
%MSG-w XrdAdaptor:  (NoModuleName) 01-Feb-2017 10:22:32 CST pre-events
Data is now served from  instead of previous T2_US_Caltech
%MSG
%MSG-w XrdAdaptorInternal:  (NoModuleName) 01-Feb-2017 10:22:32 CST pre-events
Caught a CMSSW exception when running connection recovery.
%MSG
----- Begin Fatal Exception 01-Feb-2017 10:22:32 CST-----------------------
An exception of category 'FileReadError' occurred while
   [0] Processing run: 1 lumi: 1156291 event: 231258132
   [1] Running path 'WriteTree'
   [2] Calling event method for module TreeMaker/'LQTreeMaker2'
   [3] Calling produce method for unscheduled module METDouble/'MET'
   [4] Calling produce method for unscheduled module PATMETSlimmer/'slimmedMETs'
   [5] Calling produce method for unscheduled module CorrectedPATMETProducer/'patPFMetT1'
   [6] Calling produce method for unscheduled module PATMETProducer/'patPFMet'
   [7] Calling produce method for unscheduled module PATJetCleaner/'cleanedPatJets'
   [8] Reading branch patElectrons_slimmedElectrons__PAT.
   [9] Calling XrdFile::readv()
   [10] XrdAdaptor::ClientRequest::HandleResponse() failure while running connection recovery
   [11] In XrdAdaptor::RequestManager::requestFailure()
Exception Message:
XrdAdaptor::RequestManager::requestFailure Open(name='root://cmsxrootd.fnal.gov//store/mc/RunIISummer16MiniAODv2/DYJetsToLL_M-50_TuneCUETP8M1_13TeV-madgraphMLM-pythia8/MINIAODSIM/PUMoriond17_80X_mcRun2_asymptotic_2016_TrancheIV_v6_ext1-v2/120000/7E16E7F9-2DC4-E611-9117-001E67F3332A.root', flags=0x10, permissions=0660, old source=transfer-5.ultralight.org:1097 (site T2_US_Caltech), new source=transfer-5.ultralight.org:1097 (site T2_US_Caltech)) => Xrootd server returned an excluded source
   Additional Info:
      [a] Original error: '[ERROR] Server responded with an error: [3010] Unable to readv /store/mc/RunIISummer16MiniAODv2/DYJetsToLL_M-50_TuneCUETP8M1_13TeV-madgraphMLM-pythia8/MINIAODSIM/PUMoriond17_80X_mcRun2_asymptotic_2016_TrancheIV_v6_ext1-v2/120000/7E16E7F9-2DC4-E611-9117-001E67F3332A.root; operation not permitted
' (errno=3010, code=400, source=transfer-5.ultralight.org:1097 (site T2_US_Caltech)).
      [b] Disabled source: transfer-4.ultralight.org:1097
      [c] Disabled source: transfer-5.ultralight.org:1097
----- End Fatal Exception -------------------------------------------------
[2017-02-01 10:22:32.882041 -0600][Error  ][XRootD            ] [transfer-4.ultralight.org:1097] Unable to send the message kXR_close (handle: 0x00000000): [ERROR] Invalid session
01-Feb-2017 10:22:32 CST  Closed file root://cmsxrootd.fnal.gov//store/mc/RunIISummer16MiniAODv2/DYJetsToLL_M-50_TuneCUETP8M1_13TeV-madgraphMLM-pythia8/MINIAODSIM/PUMoriond17_80X_mcRun2_asymptotic_2016_TrancheIV_v6_ext1-v2/120000/7E16E7F9-2DC4-E611-9117-001E67F3332A.root

=============================================

MessageLogger Summary

 type     category        sev    module        subroutine        count    total
 ---- -------------------- -- ---------------- ----------------  -----    -----
    1 XrdAdaptor           -w (NoModuleName)                         1        1
    2 XrdAdaptor           -w file_open                              1        1
    3 XrdAdaptorInternal   -w (NoModuleName)                         5        5
    4 Fatal Exception      -s PostProcessPath                        1        1
    5 fileAction           -s file_close                             1        1
    6 fileAction           -s file_open                              2        2

 type    category    Examples: run/evt        run/evt          run/evt
 ---- -------------------- ---------------- ---------------- ----------------
    1 XrdAdaptor           pre-events                        
    2 XrdAdaptor           pre-events                        
    3 XrdAdaptorInternal   pre-events       pre-events       pre-events
    4 Fatal Exception      1/231258132                       
    5 fileAction           PostEndRun                        
    6 fileAction           pre-events       pre-events       

Severity    # Occurrences   Total Occurrences
--------    -------------   -----------------
Warning                 7                   7
System                  4                   4
exit code 85, skipping xrdcp
