Starting job on  Wed Feb 1 05:59:36 CST 2017
Running on  Linux cmswn1962.fnal.gov 2.6.32-642.6.2.el6.x86_64 #1 SMP Tue Oct 25 15:06:33 CDT 2016 x86_64 x86_64 x86_64 GNU/Linux
System release  Scientific Linux Fermi release 6.8 (Ramsey)
CMSSW on Condor

parameter set:
CMSSWVER:   CMSSW_8_0_25
OUTDIR:     root://cmseos.fnal.gov//store/user/mbhat/MC2016_30_01_2017
SAMPLE:     Summer16.DYJetsToLL_M-50_TuneCUETP8M1_13TeV-madgraphMLM-pythia8_ext1
NPART:      396
NSTART:     396
NFILES:     1
SCENARIO:   Summer16
REDIR:      
Done: ProjectRename
/storage/local/data1/condor/execute/dir_316119
***** SETUP ************************************
 dataset: cms.untracked.vstring('root://cmsxrootd.fnal.gov//store/mc/RunIISummer16MiniAODv2/DYJetsToLL_M-50_TuneCUETP8M1_13TeV-madgraphMLM-pythia8/MINIAODSIM/PUMoriond17_80X_mcRun2_asymptotic_2016_TrancheIV_v6_ext1-v2/70000/ACD930D9-FEC4-E611-ACB4-C4346BBCD528.root')
 outfile: Summer16.DYJetsToLL_M-50_TuneCUETP8M1_13TeV-madgraphMLM-pythia8_ext1_396_RA2AnalysisTree
 
 
 storing PDF weights: True
 
 
 scenario: Summer16
 global tag: 80X_mcRun2_asymptotic_2016_TrancheIV_v6
 Instance name of tag information: PAT
 Including gen-level information: True
 Including pMSSM-related information: False
 Using fastsim settings: False
 Running signal uncertainties: False
 JECs applied: data/jec/Summer16_23Sep2016V3_MC
 JERs applied: data/jer/Spring16_25nsV6_MC
 PU weights stored: LeptoQuarkTreeMaker/Production/test/data/PileupHistograms_0721_63mb_pm5.root
 era of this dataset: Run2_25ns
************************************************
# Conditions read from  CMS_CONDITIONS  via FrontierProd 
DYJetsToLL_M-50_TuneCUETP8M1_13TeV-madgraphMLM-pythia8, PUMoriond17_80X_mcRun2_asymptotic_2016_TrancheIV_v6_ext1-v2 : 'root://cmsxrootd.fnal.gov//store/mc/RunIISummer16MiniAODv2/DYJetsToLL_M-50_TuneCUETP8M1_13TeV-madgraphMLM-pythia8/MINIAODSIM/PUMoriond17_80X_mcRun2_asymptotic_2016_TrancheIV_v6_ext1-v2/70000/ACD930D9-FEC4-E611-ACB4-C4346BBCD528.root'
Setup WeightProducer for 'root://cmsxrootd.fnal.gov//store/mc/RunIISummer16MiniAODv2/DYJetsToLL_M-50_TuneCUETP8M1_13TeV-madgraphMLM-pythia8/MINIAODSIM/PUMoriond17_80X_mcRun2_asymptotic_2016_TrancheIV_v6_ext1-v2/70000/ACD930D9-FEC4-E611-ACB4-C4346BBCD528.root'
 ################################################################### 
 # WARNING: this module is deprecated.                             # 
 # Please use CondCore.CondDB.CondDB_cfi.py                        # 
 ################################################################### 
 ################################################################### 
 # WARNING: this module is deprecated.                             # 
 # Please use CondCore.CondDB.CondDB_cfi.py                        # 
 ################################################################### 
01-Feb-2017 06:00:23 CST  Initiating request to open file root://cmsxrootd.fnal.gov//store/mc/RunIISummer16MiniAODv2/DYJetsToLL_M-50_TuneCUETP8M1_13TeV-madgraphMLM-pythia8/MINIAODSIM/PUMoriond17_80X_mcRun2_asymptotic_2016_TrancheIV_v6_ext1-v2/70000/ACD930D9-FEC4-E611-ACB4-C4346BBCD528.root
%MSG-w XrdAdaptor:  file_open 01-Feb-2017 06:00:25 CST pre-events
Data is served from T2_US_Caltech instead of original site T1_US_FNAL
%MSG
01-Feb-2017 06:00:31 CST  Successfully opened file root://cmsxrootd.fnal.gov//store/mc/RunIISummer16MiniAODv2/DYJetsToLL_M-50_TuneCUETP8M1_13TeV-madgraphMLM-pythia8/MINIAODSIM/PUMoriond17_80X_mcRun2_asymptotic_2016_TrancheIV_v6_ext1-v2/70000/ACD930D9-FEC4-E611-ACB4-C4346BBCD528.root
VarsBool:
full name: BadChargedCandidateFilter -> tag: BadChargedCandidateFilter nameInTree: BadChargedCandidateFilter
full name: BadPFMuonFilter -> tag: BadPFMuonFilter nameInTree: BadPFMuonFilter
full name: GoodJets:JetID(JetID) -> tag: GoodJets:JetID nameInTree: JetID
full name: GoodJetsJECup:JetID(JetIDJECup) -> tag: GoodJetsJECup:JetID nameInTree: JetIDJECup
full name: GoodJetsJECdown:JetID(JetIDJECdown) -> tag: GoodJetsJECdown:JetID nameInTree: JetIDJECdown
full name: GoodJetsJERup:JetID(JetIDJERup) -> tag: GoodJetsJERup:JetID nameInTree: JetIDJERup
full name: GoodJetsJERdown:JetID(JetIDJERdown) -> tag: GoodJetsJERdown:JetID nameInTree: JetIDJERdown
VarsInt:
full name: WeightProducer:NumInteractions -> tag: WeightProducer:NumInteractions nameInTree: NumInteractions
full name: NVtx -> tag: NVtx nameInTree: NVtx
full name: nAllVertices -> tag: nAllVertices nameInTree: nAllVertices
full name: CSCTightHaloFilter -> tag: CSCTightHaloFilter nameInTree: CSCTightHaloFilter
full name: globalTightHalo2016Filter -> tag: globalTightHalo2016Filter nameInTree: globalTightHalo2016Filter
full name: HBHENoiseFilter -> tag: HBHENoiseFilter nameInTree: HBHENoiseFilter
full name: HBHEIsoNoiseFilter -> tag: HBHEIsoNoiseFilter nameInTree: HBHEIsoNoiseFilter
full name: EcalDeadCellTriggerPrimitiveFilter -> tag: EcalDeadCellTriggerPrimitiveFilter nameInTree: EcalDeadCellTriggerPrimitiveFilter
full name: eeBadScFilter -> tag: eeBadScFilter nameInTree: eeBadScFilter
VarsDouble:
full name: WeightProducer:weight(Weight) -> tag: WeightProducer:weight nameInTree: Weight
full name: WeightProducer:xsec(CrossSection) -> tag: WeightProducer:xsec nameInTree: CrossSection
full name: WeightProducer:nevents(NumEvents) -> tag: WeightProducer:nevents nameInTree: NumEvents
full name: WeightProducer:TrueNumInteractions -> tag: WeightProducer:TrueNumInteractions nameInTree: TrueNumInteractions
full name: WeightProducer:PUweight(puWeight) -> tag: WeightProducer:PUweight nameInTree: puWeight
full name: WeightProducer:PUSysUp(puSysUp) -> tag: WeightProducer:PUSysUp nameInTree: puSysUp
full name: WeightProducer:PUSysDown(puSysDown) -> tag: WeightProducer:PUSysDown nameInTree: puSysDown
full name: MadHT:genHT(madHT) -> tag: MadHT:genHT nameInTree: madHT
full name: GenHT -> tag: GenHT nameInTree: GenHT
full name: MET:Pt(MET) -> tag: MET:Pt nameInTree: MET
full name: MET:Phi(METPhi) -> tag: MET:Phi nameInTree: METPhi
full name: MET:CaloPt(CaloMET) -> tag: MET:CaloPt nameInTree: CaloMET
full name: MET:CaloPhi(CaloMETPhi) -> tag: MET:CaloPhi nameInTree: CaloMETPhi
full name: MET:PFCaloPtRatio(PFCaloMETRatio) -> tag: MET:PFCaloPtRatio nameInTree: PFCaloMETRatio
full name: MET:GenPt(GenMET) -> tag: MET:GenPt nameInTree: GenMET
full name: MET:GenPhi(GenMETPhi) -> tag: MET:GenPhi nameInTree: GenMETPhi
VarsString:
VarsTLorentzVector:
VectorBool:
full name: HEEPProducer:ecalDriven(Electron_ecalDriven) -> tag: HEEPProducer:ecalDriven nameInTree: Electron_ecalDriven
full name: GoodJets:JetIDMask(Jets_ID) -> tag: GoodJets:JetIDMask nameInTree: Jets_ID
full name: GoodJetsJECup:JetIDMask(JetsJECup_ID) -> tag: GoodJetsJECup:JetIDMask nameInTree: JetsJECup_ID
full name: GoodJetsJECdown:JetIDMask(JetsJECdown_ID) -> tag: GoodJetsJECdown:JetIDMask nameInTree: JetsJECdown_ID
full name: GoodJetsJERup:JetIDMask(JetsJERup_ID) -> tag: GoodJetsJERup:JetIDMask nameInTree: JetsJERup_ID
full name: GoodJetsJERdown:JetIDMask(JetsJERdown_ID) -> tag: GoodJetsJERdown:JetIDMask nameInTree: JetsJERdown_ID
full name: GenHTJets:SubJetMask(GenJets_HTMask) -> tag: GenHTJets:SubJetMask nameInTree: GenJets_HTMask
full name: GenMHTJets:SubJetMask(GenJets_MHTMask) -> tag: GenMHTJets:SubJetMask nameInTree: GenJets_MHTMask
VectorInt:
full name: PDFWeights:PDFids -> tag: PDFWeights:PDFids nameInTree: PDFids
full name: HEEPProducer:Charge(Electron_Charge) -> tag: HEEPProducer:Charge nameInTree: Electron_Charge
full name: HEEPProducer:losthits(Electron_losthits) -> tag: HEEPProducer:losthits nameInTree: Electron_losthits
full name: HEEPProducer:PDGID(PDGID) -> tag: HEEPProducer:PDGID nameInTree: PDGID
full name: HEEPProducer:gencharge(gencharge) -> tag: HEEPProducer:gencharge nameInTree: gencharge
full name: HEEPProducer:motherPDGID(motherPDGID) -> tag: HEEPProducer:motherPDGID nameInTree: motherPDGID
full name: HEEPProducer:elstatus(elstatus) -> tag: HEEPProducer:elstatus nameInTree: elstatus
full name: MuonProducer:MuonPassID(MuonPassID) -> tag: MuonProducer:MuonPassID nameInTree: MuonPassID
full name: MuonProducer:MuonIsGlobal(MuonIsGlobal) -> tag: MuonProducer:MuonIsGlobal nameInTree: MuonIsGlobal
full name: TriggerProducer:TriggerPass -> tag: TriggerProducer:TriggerPass nameInTree: TriggerPass
full name: TriggerProducer:TriggerPrescales -> tag: TriggerProducer:TriggerPrescales nameInTree: TriggerPrescales
VectorDouble:
full name: PDFWeights:PDFweights -> tag: PDFWeights:PDFweights nameInTree: PDFweights
full name: PDFWeights:ScaleWeights -> tag: PDFWeights:ScaleWeights nameInTree: ScaleWeights
full name: HEEPProducer:trackiso(Electron_trackiso) -> tag: HEEPProducer:trackiso nameInTree: Electron_trackiso
full name: HEEPProducer:Et(Electron_Et) -> tag: HEEPProducer:Et nameInTree: Electron_Et
full name: HEEPProducer:DeltaEtain(Electron_DeltaEtain) -> tag: HEEPProducer:DeltaEtain nameInTree: Electron_DeltaEtain
full name: HEEPProducer:DeltaPhiin(Electron_DeltaPhiin) -> tag: HEEPProducer:DeltaPhiin nameInTree: Electron_DeltaPhiin
full name: HEEPProducer:HbE(Electron_HOverE) -> tag: HEEPProducer:HbE nameInTree: Electron_HOverE
full name: HEEPProducer:Ecaliso(Electron_Ecaliso) -> tag: HEEPProducer:Ecaliso nameInTree: Electron_Ecaliso
full name: HEEPProducer:HD1iso(Electron_HD1iso) -> tag: HEEPProducer:HD1iso nameInTree: Electron_HD1iso
full name: HEEPProducer:e25bye55(Electron_e25bye55) -> tag: HEEPProducer:e25bye55 nameInTree: Electron_e25bye55
full name: HEEPProducer:Fullsce25bye55(Electron_Fullsce25bye55) -> tag: HEEPProducer:Fullsce25bye55 nameInTree: Electron_Fullsce25bye55
full name: HEEPProducer:Fulle15bye55(Electron_Fulle15bye55) -> tag: HEEPProducer:Fulle15bye55 nameInTree: Electron_Fulle15bye55
full name: HEEPProducer:scEnergy(Electron_scEnergy) -> tag: HEEPProducer:scEnergy nameInTree: Electron_scEnergy
full name: HEEPProducer:DeltaEtaSeed(Electron_DeltaEtaSeed) -> tag: HEEPProducer:DeltaEtaSeed nameInTree: Electron_DeltaEtaSeed
full name: HEEPProducer:rho(rho) -> tag: HEEPProducer:rho nameInTree: rho
full name: HEEPProducer:ecalEnergy(Electron_ecalEnergy) -> tag: HEEPProducer:ecalEnergy nameInTree: Electron_ecalEnergy
full name: HEEPProducer:full55SiEtaiEta(Electron_full55SiEtaiEta) -> tag: HEEPProducer:full55SiEtaiEta nameInTree: Electron_full55SiEtaiEta
full name: HEEPProducer:sce25bye55(Electron_sce25bye55) -> tag: HEEPProducer:sce25bye55 nameInTree: Electron_sce25bye55
full name: HEEPProducer:e15bye55(Electron_e15bye55) -> tag: HEEPProducer:e15bye55 nameInTree: Electron_e15bye55
full name: HEEPProducer:Phi(Electron_Phi) -> tag: HEEPProducer:Phi nameInTree: Electron_Phi
full name: HEEPProducer:eEnergy(Electron_Energy) -> tag: HEEPProducer:eEnergy nameInTree: Electron_Energy
full name: HEEPProducer:dxy(dxy) -> tag: HEEPProducer:dxy nameInTree: dxy
full name: HEEPProducer:ePz(Electron_Pz) -> tag: HEEPProducer:ePz nameInTree: Electron_Pz
full name: HEEPProducer:ePx(Electron_Px) -> tag: HEEPProducer:ePx nameInTree: Electron_Px
full name: HEEPProducer:ePy(Electron_Py) -> tag: HEEPProducer:ePy nameInTree: Electron_Py
full name: HEEPProducer:genPt(genPt) -> tag: HEEPProducer:genPt nameInTree: genPt
full name: HEEPProducer:genEta(genEta) -> tag: HEEPProducer:genEta nameInTree: genEta
full name: HEEPProducer:genPhi(genPhi) -> tag: HEEPProducer:genPhi nameInTree: genPhi
full name: HEEPProducer:genEnergy(genEnergy) -> tag: HEEPProducer:genEnergy nameInTree: genEnergy
full name: HEEPProducer:PtHEEP(Electron_PtHEEP) -> tag: HEEPProducer:PtHEEP nameInTree: Electron_PtHEEP
full name: HEEPProducer:scEta(Electron_scEta) -> tag: HEEPProducer:scEta nameInTree: Electron_scEta
full name: HEEPProducer:heep70TrkIso(Electron_heep70TrkIso) -> tag: HEEPProducer:heep70TrkIso nameInTree: Electron_heep70TrkIso
full name: MuonProducer:MuonEta(MuonEta) -> tag: MuonProducer:MuonEta nameInTree: MuonEta
full name: MuonProducer:MuonPhi(MuonPhi) -> tag: MuonProducer:MuonPhi nameInTree: MuonPhi
full name: MuonProducer:MuonPt(MuonPt) -> tag: MuonProducer:MuonPt nameInTree: MuonPt
full name: MuonProducer:MuonEnergy(MuonEnergy) -> tag: MuonProducer:MuonEnergy nameInTree: MuonEnergy
full name: TauProducer:tEta(TauEta) -> tag: TauProducer:tEta nameInTree: TauEta
full name: TauProducer:tPhi(TauPhi) -> tag: TauProducer:tPhi nameInTree: TauPhi
full name: TauProducer:tPt(TauPt) -> tag: TauProducer:tPt nameInTree: TauPt
full name: TriggerProducer:objectPt -> tag: TriggerProducer:objectPt nameInTree: objectPt
full name: TriggerProducer:objecteta -> tag: TriggerProducer:objecteta nameInTree: objecteta
full name: TriggerProducer:objectphi -> tag: TriggerProducer:objectphi nameInTree: objectphi
full name: TriggerProducer:objectE -> tag: TriggerProducer:objectE nameInTree: objectE
full name: TriggerProducer:ColumnNum -> tag: TriggerProducer:ColumnNum nameInTree: ColumnNum
full name: MET:PtUp(METUp) -> tag: MET:PtUp nameInTree: METUp
full name: MET:PtDown(METDown) -> tag: MET:PtDown nameInTree: METDown
full name: MET:PhiUp(METPhiUp) -> tag: MET:PhiUp nameInTree: METPhiUp
full name: MET:PhiDown(METPhiDown) -> tag: MET:PhiDown nameInTree: METPhiDown
VectorString:
full name: TriggerProducer:TriggerNames -> tag: TriggerProducer:TriggerNames nameInTree: TriggerNames
VectorTLorentzVector:
VectorRecoCand:
full name: GoodJets(Jets) -> tag: GoodJets nameInTree: Jets
full name: GoodJetsJECup(JetsJECup) -> tag: GoodJetsJECup nameInTree: JetsJECup
full name: GoodJetsJECdown(JetsJECdown) -> tag: GoodJetsJECdown nameInTree: JetsJECdown
full name: GoodJetsJERup(JetsJERup) -> tag: GoodJetsJERup nameInTree: JetsJERup
full name: GoodJetsJERdown(JetsJERdown) -> tag: GoodJetsJERdown nameInTree: JetsJERdown
full name: slimmedGenJets(GenJets) -> tag: slimmedGenJets nameInTree: GenJets
List of stored triggers:
0: HLT_CaloJet500_NoJetID_v
1: HLT_DoubleEle8_CaloIdM_TrackIdM_Mass8_PFHT300_v
2: HLT_DoubleMu8_Mass8_PFHT300_v
3: HLT_Ele105_CaloIdVT_GsfTrkIdT_v
4: HLT_Ele115_CaloIdVT_GsfTrkIdT_v
5: HLT_Ele15_IsoVVVL_PFHT350_PFMET50_v
6: HLT_Ele15_IsoVVVL_PFHT350_v
7: HLT_Ele15_IsoVVVL_PFHT400_v
8: HLT_Ele15_IsoVVVL_PFHT600_v
9: HLT_Ele23_Ele12_CaloIdL_TrackIdL_IsoVL_DZ_v
10: HLT_Ele25_eta2p1_WPTight_Gsf_v 
11: HLT_Ele27_WPTight_Gsf_v
12: HLT_Ele27_eta2p1_WPLoose_Gsf_v 
13: HLT_Ele45_WPLoose_Gsf_v
14: HLT_Ele50_IsoVVVL_PFHT400_v
15: HLT_IsoMu16_eta2p1_MET30_v
16: HLT_IsoMu22_eta2p1_v
17: HLT_IsoMu22_v
18: HLT_IsoMu24_v 
19: HLT_IsoTkMu22_v
20: HLT_Mu15_IsoVVVL_PFHT350_PFMET50_v
21: HLT_Mu15_IsoVVVL_PFHT350_v
22: HLT_Mu15_IsoVVVL_PFHT400_v
23: HLT_Mu15_IsoVVVL_PFHT600_v
24: HLT_Mu17_TrkIsoVVL_Mu8_TrkIsoVVL_v
25: HLT_Mu17_TrkIsoVVL_TkMu8_TrkIsoVVL_v
26: HLT_Mu45_eta2p1_v
27: HLT_Mu50_IsoVVVL_PFHT400_v
28: HLT_Mu50_v
29: HLT_PFHT200_v
30: HLT_PFHT250_v
31: HLT_PFHT300_PFMET100_v
32: HLT_PFHT300_PFMET110_v
33: HLT_PFHT300_v
34: HLT_PFHT350_v
35: HLT_PFHT400_v
36: HLT_PFHT475_v
37: HLT_PFHT600_v
38: HLT_PFHT650_v
39: HLT_PFHT800_v
40: HLT_PFHT900_v
41: HLT_PFMET100_PFMHT100_IDTight_v
42: HLT_PFMET110_PFMHT110_IDTight_v
43: HLT_PFMET120_PFMHT120_IDTight_v
44: HLT_PFMET90_PFMHT90_IDTight_v
45: HLT_PFMETNoMu100_PFMHTNoMu100_IDTight_v
46: HLT_PFMETNoMu110_PFMHTNoMu110_IDTight_v
47: HLT_PFMETNoMu120_PFMHTNoMu120_IDTight_v
48: HLT_PFMETNoMu90_PFMHTNoMu90_IDTight_v
49: HLT_Photon120_v
50: HLT_Photon165_HE10_v
51: HLT_Photon175_v
52: HLT_Photon22_v
53: HLT_Photon30_v
54: HLT_Photon36_v
55: HLT_Photon50_v
56: HLT_Photon75_v
57: HLT_Photon90_CaloIdL_PFHT500_v
58: HLT_Photon90_v
59: HLT_TkMu50_v
WeightProducer: Using constant event weight of 0.000122602
  Target luminosity (1/pb) : 1
        Cross section (pb) : 6025.2
          Number of events : 4.91443e+07
WeightProducer: Applying multiplicative PU weights
  Reading PU scenario from '/storage/local/data1/condor/execute/dir_316119/CMSSW_8_0_25/src/LeptoQuarkTreeMaker/Production/test/data/PileupHistograms_0721_63mb_pm5.root'
[STATUS] Reading energy scale correction  values from file: EgammaAnalysis/ElectronTools/data/ScalesSmearings/Winter_2016_reReco_v1_ele_scales.dat
[STATUS] Reading energy scale correction  values from file: EgammaAnalysis/ElectronTools/data/ScalesSmearings/Winter_2016_reReco_v1_ele_scales.dat
Begin processing the 1st record. Run 1, Event 360890401, LumiSection 1804453 at 01-Feb-2017 06:01:09.736 CST
Begin processing the 1001st record. Run 1, Event 361735315, LumiSection 1808677 at 01-Feb-2017 06:02:13.856 CST
Begin processing the 2001st record. Run 1, Event 414016240, LumiSection 2070082 at 01-Feb-2017 06:03:03.003 CST
Begin processing the 3001st record. Run 1, Event 386429776, LumiSection 1932149 at 01-Feb-2017 06:03:53.597 CST
Begin processing the 4001st record. Run 1, Event 369436964, LumiSection 1847185 at 01-Feb-2017 06:04:46.747 CST
Begin processing the 5001st record. Run 1, Event 399758087, LumiSection 1998791 at 01-Feb-2017 06:05:39.021 CST
[2017-02-01 06:06:05.192877 -0600][Error  ][AsyncSock         ] [transfer-4.ultralight.org:1095 #0.0] Socket error encountered: [ERROR] Socket error: Resource temporarily unavailable
[2017-02-01 06:06:05.193566 -0600][Error  ][XRootD            ] [transfer-4.ultralight.org:1095] Unable to get the response to request kXR_readv (handle: 0x00000000, chunks: 2, total size: 36217)
[2017-02-01 06:06:21.386778 -0600][Error  ][AsyncSock         ] [transfer-2.ultralight.org:1097 #0.0] Socket error encountered: [ERROR] Socket error: Resource temporarily unavailable
[2017-02-01 06:06:27.842239 -0600][Error  ][XRootD            ] [transfer-2.ultralight.org:1097] Unable to send the message kXR_readv (handle: 0x00000000, chunks: 57, total size: 7291992): [ERROR] Invalid session
[2017-02-01 06:06:27.842542 -0600][Error  ][XRootD            ] [transfer-2.ultralight.org:1097] Unable to send the message kXR_readv (handle: 0x01000000, chunks: 28, total size: 5157672): [ERROR] Invalid session
Begin processing the 6001st record. Run 1, Event 393651412, LumiSection 1968258 at 01-Feb-2017 06:06:32.200 CST
Begin processing the 7001st record. Run 1, Event 393801545, LumiSection 1969008 at 01-Feb-2017 06:07:22.081 CST
Begin processing the 8001st record. Run 1, Event 399802134, LumiSection 1999011 at 01-Feb-2017 06:08:10.719 CST
Begin processing the 9001st record. Run 1, Event 399808136, LumiSection 1999041 at 01-Feb-2017 06:09:01.751 CST
Begin processing the 10001st record. Run 1, Event 399933588, LumiSection 1999668 at 01-Feb-2017 06:09:53.531 CST
Begin processing the 11001st record. Run 1, Event 399947113, LumiSection 1999736 at 01-Feb-2017 06:10:43.748 CST
Begin processing the 12001st record. Run 1, Event 399982005, LumiSection 1999911 at 01-Feb-2017 06:11:37.715 CST
Begin processing the 13001st record. Run 1, Event 405154170, LumiSection 2025771 at 01-Feb-2017 06:12:27.422 CST
Begin processing the 14001st record. Run 1, Event 413563900, LumiSection 2067820 at 01-Feb-2017 06:13:19.959 CST
Begin processing the 15001st record. Run 1, Event 409509478, LumiSection 2047548 at 01-Feb-2017 06:14:16.070 CST
Begin processing the 16001st record. Run 1, Event 369635811, LumiSection 1848180 at 01-Feb-2017 06:15:08.695 CST
Begin processing the 17001st record. Run 1, Event 369636539, LumiSection 1848183 at 01-Feb-2017 06:15:59.286 CST
Begin processing the 18001st record. Run 1, Event 399765605, LumiSection 1998829 at 01-Feb-2017 06:16:51.197 CST
Begin processing the 19001st record. Run 1, Event 399872492, LumiSection 1999363 at 01-Feb-2017 06:17:41.875 CST
Begin processing the 20001st record. Run 1, Event 399852079, LumiSection 1999261 at 01-Feb-2017 06:18:31.905 CST
Begin processing the 21001st record. Run 1, Event 399873237, LumiSection 1999367 at 01-Feb-2017 06:19:22.318 CST
Begin processing the 22001st record. Run 1, Event 399934975, LumiSection 1999675 at 01-Feb-2017 06:20:14.993 CST
Begin processing the 23001st record. Run 1, Event 413563579, LumiSection 2067818 at 01-Feb-2017 06:21:07.751 CST
Begin processing the 24001st record. Run 1, Event 399994039, LumiSection 1999971 at 01-Feb-2017 06:22:00.468 CST
Begin processing the 25001st record. Run 1, Event 399999193, LumiSection 1999996 at 01-Feb-2017 06:22:57.974 CST
Begin processing the 26001st record. Run 1, Event 469753616, LumiSection 2348769 at 01-Feb-2017 06:23:47.692 CST
Begin processing the 27001st record. Run 1, Event 413553016, LumiSection 2067766 at 01-Feb-2017 06:24:35.474 CST
Begin processing the 28001st record. Run 1, Event 418487564, LumiSection 2092438 at 01-Feb-2017 06:25:25.141 CST
Begin processing the 29001st record. Run 1, Event 468654680, LumiSection 2343274 at 01-Feb-2017 06:26:15.600 CST
Begin processing the 30001st record. Run 1, Event 445508404, LumiSection 2227543 at 01-Feb-2017 06:27:11.606 CST
Begin processing the 31001st record. Run 1, Event 452638192, LumiSection 2263191 at 01-Feb-2017 06:27:59.981 CST
Begin processing the 32001st record. Run 1, Event 462077919, LumiSection 2310390 at 01-Feb-2017 06:28:50.110 CST
Begin processing the 33001st record. Run 1, Event 510054442, LumiSection 2550273 at 01-Feb-2017 06:29:39.383 CST
Begin processing the 34001st record. Run 1, Event 497226410, LumiSection 2486133 at 01-Feb-2017 06:30:29.806 CST
Begin processing the 35001st record. Run 1, Event 515641683, LumiSection 2578209 at 01-Feb-2017 06:31:21.697 CST
Begin processing the 36001st record. Run 1, Event 515644471, LumiSection 2578223 at 01-Feb-2017 06:32:12.880 CST
Begin processing the 37001st record. Run 1, Event 580161365, LumiSection 2900807 at 01-Feb-2017 06:33:02.232 CST
Begin processing the 38001st record. Run 1, Event 647434812, LumiSection 3237175 at 01-Feb-2017 06:33:52.088 CST
Begin processing the 39001st record. Run 1, Event 649098919, LumiSection 3245495 at 01-Feb-2017 06:34:50.318 CST
Begin processing the 40001st record. Run 1, Event 664307257, LumiSection 3321537 at 01-Feb-2017 06:35:56.164 CST
Begin processing the 41001st record. Run 1, Event 708048944, LumiSection 3540245 at 01-Feb-2017 06:36:48.233 CST
Begin processing the 42001st record. Run 1, Event 719096699, LumiSection 3595484 at 01-Feb-2017 06:37:40.047 CST
Begin processing the 43001st record. Run 1, Event 708076815, LumiSection 3540385 at 01-Feb-2017 06:38:32.339 CST
Begin processing the 44001st record. Run 1, Event 422038787, LumiSection 2110194 at 01-Feb-2017 06:39:32.716 CST
Begin processing the 45001st record. Run 1, Event 427880037, LumiSection 2139401 at 01-Feb-2017 06:40:25.872 CST
Begin processing the 46001st record. Run 1, Event 452573111, LumiSection 2262866 at 01-Feb-2017 06:41:15.432 CST
Begin processing the 47001st record. Run 1, Event 442111686, LumiSection 2210559 at 01-Feb-2017 06:42:07.003 CST
Begin processing the 48001st record. Run 1, Event 442154277, LumiSection 2210772 at 01-Feb-2017 06:42:57.344 CST
Begin processing the 49001st record. Run 1, Event 456625445, LumiSection 2283128 at 01-Feb-2017 06:43:48.159 CST
Begin processing the 50001st record. Run 1, Event 452527181, LumiSection 2262636 at 01-Feb-2017 06:44:39.204 CST
Begin processing the 51001st record. Run 1, Event 452581869, LumiSection 2262910 at 01-Feb-2017 06:45:30.929 CST
Begin processing the 52001st record. Run 1, Event 452664099, LumiSection 2263321 at 01-Feb-2017 06:46:22.059 CST
Begin processing the 53001st record. Run 1, Event 452672458, LumiSection 2263363 at 01-Feb-2017 06:47:13.577 CST
Begin processing the 54001st record. Run 1, Event 452695637, LumiSection 2263479 at 01-Feb-2017 06:48:05.329 CST
Begin processing the 55001st record. Run 1, Event 456942954, LumiSection 2284715 at 01-Feb-2017 06:48:57.100 CST
Begin processing the 56001st record. Run 1, Event 457013945, LumiSection 2285070 at 01-Feb-2017 06:49:48.322 CST
Begin processing the 57001st record. Run 1, Event 457098857, LumiSection 2285495 at 01-Feb-2017 06:50:37.113 CST
Begin processing the 58001st record. Run 1, Event 457331577, LumiSection 2286658 at 01-Feb-2017 06:51:28.813 CST
Begin processing the 59001st record. Run 1, Event 648697995, LumiSection 3243490 at 01-Feb-2017 06:52:27.809 CST
Begin processing the 60001st record. Run 1, Event 491958861, LumiSection 2459795 at 01-Feb-2017 06:53:18.465 CST
Begin processing the 61001st record. Run 1, Event 569284631, LumiSection 2846424 at 01-Feb-2017 06:54:07.408 CST
Begin processing the 62001st record. Run 1, Event 500551758, LumiSection 2502759 at 01-Feb-2017 06:54:56.159 CST
Begin processing the 63001st record. Run 1, Event 514787461, LumiSection 2573938 at 01-Feb-2017 06:55:47.119 CST
Begin processing the 64001st record. Run 1, Event 537544956, LumiSection 2687725 at 01-Feb-2017 06:56:37.398 CST
Begin processing the 65001st record. Run 1, Event 537741648, LumiSection 2688709 at 01-Feb-2017 06:57:26.913 CST
Begin processing the 66001st record. Run 1, Event 551341904, LumiSection 2756710 at 01-Feb-2017 06:58:17.517 CST
Begin processing the 67001st record. Run 1, Event 551286061, LumiSection 2756431 at 01-Feb-2017 06:59:07.523 CST
Begin processing the 68001st record. Run 1, Event 580146107, LumiSection 2900731 at 01-Feb-2017 06:59:57.583 CST
Begin processing the 69001st record. Run 1, Event 570014000, LumiSection 2850070 at 01-Feb-2017 07:00:47.349 CST
Begin processing the 70001st record. Run 1, Event 570632396, LumiSection 2853162 at 01-Feb-2017 07:01:37.645 CST
Begin processing the 71001st record. Run 1, Event 580183229, LumiSection 2900917 at 01-Feb-2017 07:02:28.817 CST
[2017-02-01 07:02:38.954686 -0600][Error  ][File              ] [0x24629240@root://cmsxrootd.fnal.gov:1094//store/mc/RunIISummer16MiniAODv2/DYJetsToLL_M-50_TuneCUETP8M1_13TeV-madgraphMLM-pythia8/MINIAODSIM/PUMoriond17_80X_mcRun2_asymptotic_2016_TrancheIV_v6_ext1-v2/70000/ACD930D9-FEC4-E611-ACB4-C4346BBCD528.root?tried=transfer-2.ultralight.org] Fatal file state error. Message kXR_readv (handle: 0x00000000, chunks: 52, total size: 13103931) returned with [ERROR] Server responded with an error: [3010] Unable to readv /store/mc/RunIISummer16MiniAODv2/DYJetsToLL_M-50_TuneCUETP8M1_13TeV-madgraphMLM-pythia8/MINIAODSIM/PUMoriond17_80X_mcRun2_asymptotic_2016_TrancheIV_v6_ext1-v2/70000/ACD930D9-FEC4-E611-ACB4-C4346BBCD528.root; operation not permitted
%MSG-w XrdAdaptorInternal:  (NoModuleName) 01-Feb-2017 07:02:38 CST pre-events
XrdRequestManager::handle(name='root://cmsxrootd.fnal.gov//store/mc/RunIISummer16MiniAODv2/DYJetsToLL_M-50_TuneCUETP8M1_13TeV-madgraphMLM-pythia8/MINIAODSIM/PUMoriond17_80X_mcRun2_asymptotic_2016_TrancheIV_v6_ext1-v2/70000/ACD930D9-FEC4-E611-ACB4-C4346BBCD528.root) failure when reading from transfer-4.ultralight.org:1095 (site T2_US_Caltech); failed with error '[ERROR] Server responded with an error: [3010] Unable to readv /store/mc/RunIISummer16MiniAODv2/DYJetsToLL_M-50_TuneCUETP8M1_13TeV-madgraphMLM-pythia8/MINIAODSIM/PUMoriond17_80X_mcRun2_asymptotic_2016_TrancheIV_v6_ext1-v2/70000/ACD930D9-FEC4-E611-ACB4-C4346BBCD528.root; operation not permitted
' (errno=3010, code=400).
%MSG
%MSG-w XrdAdaptorInternal:  (NoModuleName) 01-Feb-2017 07:02:38 CST pre-events
Request failure when reading from transfer-4.ultralight.org:1095 (site T2_US_Caltech)
%MSG
%MSG-w XrdAdaptor:  (NoModuleName) 01-Feb-2017 07:02:38 CST pre-events
Data is now served from  instead of previous T2_US_Caltech
%MSG
%MSG-w XrdAdaptorInternal:  (NoModuleName) 01-Feb-2017 07:02:38 CST pre-events
Caught a CMSSW exception when running connection recovery.
%MSG
----- Begin Fatal Exception 01-Feb-2017 07:02:38 CST-----------------------
An exception of category 'FileReadError' occurred while
   [0] Processing run: 1 lumi: 2900920 event: 580183849
   [1] Running path 'WriteTree'
   [2] Calling event method for module TreeMaker/'LQTreeMaker2'
   [3] Calling produce method for unscheduled module BadChargedCandidateFilter/'BadChargedCandidateFilter'
   [4] Reading branch patPackedCandidates_packedPFCandidates__PAT.
   [5] Calling XrdFile::readv()
   [6] XrdAdaptor::ClientRequest::HandleResponse() failure while running connection recovery
   [7] In XrdAdaptor::RequestManager::requestFailure()
Exception Message:
XrdAdaptor::RequestManager::requestFailure Open(name='root://cmsxrootd.fnal.gov//store/mc/RunIISummer16MiniAODv2/DYJetsToLL_M-50_TuneCUETP8M1_13TeV-madgraphMLM-pythia8/MINIAODSIM/PUMoriond17_80X_mcRun2_asymptotic_2016_TrancheIV_v6_ext1-v2/70000/ACD930D9-FEC4-E611-ACB4-C4346BBCD528.root', flags=0x10, permissions=0660, old source=transfer-4.ultralight.org:1095 (site T2_US_Caltech), new source=transfer-4.ultralight.org:1095 (site T2_US_Caltech)) => Xrootd server returned an excluded source
   Additional Info:
      [a] Original error: '[ERROR] Server responded with an error: [3010] Unable to readv /store/mc/RunIISummer16MiniAODv2/DYJetsToLL_M-50_TuneCUETP8M1_13TeV-madgraphMLM-pythia8/MINIAODSIM/PUMoriond17_80X_mcRun2_asymptotic_2016_TrancheIV_v6_ext1-v2/70000/ACD930D9-FEC4-E611-ACB4-C4346BBCD528.root; operation not permitted
' (errno=3010, code=400, source=transfer-4.ultralight.org:1095 (site T2_US_Caltech)).
      [b] Disabled source: transfer-4.ultralight.org:1095
----- End Fatal Exception -------------------------------------------------
01-Feb-2017 07:02:39 CST  Closed file root://cmsxrootd.fnal.gov//store/mc/RunIISummer16MiniAODv2/DYJetsToLL_M-50_TuneCUETP8M1_13TeV-madgraphMLM-pythia8/MINIAODSIM/PUMoriond17_80X_mcRun2_asymptotic_2016_TrancheIV_v6_ext1-v2/70000/ACD930D9-FEC4-E611-ACB4-C4346BBCD528.root

=============================================

MessageLogger Summary

 type     category        sev    module        subroutine        count    total
 ---- -------------------- -- ---------------- ----------------  -----    -----
    1 XrdAdaptor           -w (NoModuleName)                         1        1
    2 XrdAdaptor           -w file_open                              1        1
    3 XrdAdaptorInternal   -w (NoModuleName)                         3        3
    4 Fatal Exception      -s PostProcessPath                        1        1
    5 fileAction           -s file_close                             1        1
    6 fileAction           -s file_open                              2        2

 type    category    Examples: run/evt        run/evt          run/evt
 ---- -------------------- ---------------- ---------------- ----------------
    1 XrdAdaptor           pre-events                        
    2 XrdAdaptor           pre-events                        
    3 XrdAdaptorInternal   pre-events       pre-events       pre-events
    4 Fatal Exception      1/580183849                       
    5 fileAction           PostEndRun                        
    6 fileAction           pre-events       pre-events       

Severity    # Occurrences   Total Occurrences
--------    -------------   -----------------
Warning                 5                   5
System                  4                   4
[2017-02-01 07:02:39.194934 -0600][Error  ][AsyncSock         ] [transfer-5.ultralight.org:1095 #0.0] Socket error encountered: [ERROR] Socket error: Resource temporarily unavailable
[2017-02-01 07:02:39.195168 -0600][Error  ][XRootD            ] [transfer-5.ultralight.org:1095] Unable to get the response to request kXR_close (handle: 0x00000000)
%MSG-w XrdFileWarning:  (NoModuleName) 01-Feb-2017 07:02:39 CST pre-events
Source delayed close failed with error '[ERROR] Socket error: Resource temporarily unavailable' (errno=11, code=102, server=transfer-4.ultralight.org:1095, site=T2_US_Caltech)
%MSG
[2017-02-01 07:02:40.394173 -0600][Error  ][AsyncSock         ] [transfer-5.ultralight.org:1097 #0.0] Socket error encountered: [ERROR] Socket error: Resource temporarily unavailable
exit code 85, skipping xrdcp
