Starting job on  Wed Feb 1 09:49:19 CST 2017
Running on  Linux cmswn1609.fnal.gov 2.6.32-642.6.2.el6.x86_64 #1 SMP Tue Oct 25 15:06:33 CDT 2016 x86_64 x86_64 x86_64 GNU/Linux
System release  Scientific Linux Fermi release 6.8 (Ramsey)
CMSSW on Condor

parameter set:
CMSSWVER:   CMSSW_8_0_25
OUTDIR:     root://cmseos.fnal.gov//store/user/mbhat/MC2016_30_01_2017
SAMPLE:     Summer16.DYJetsToLL_M-50_TuneCUETP8M1_13TeV-madgraphMLM-pythia8_ext1
NPART:      229
NSTART:     229
NFILES:     1
SCENARIO:   Summer16
REDIR:      
Done: ProjectRename
/storage/local/data1/condor/execute/dir_1717555
***** SETUP ************************************
 dataset: cms.untracked.vstring('root://cmsxrootd.fnal.gov//store/mc/RunIISummer16MiniAODv2/DYJetsToLL_M-50_TuneCUETP8M1_13TeV-madgraphMLM-pythia8/MINIAODSIM/PUMoriond17_80X_mcRun2_asymptotic_2016_TrancheIV_v6_ext1-v2/60000/360532E5-2DC4-E611-840C-002481ACEC90.root')
 outfile: Summer16.DYJetsToLL_M-50_TuneCUETP8M1_13TeV-madgraphMLM-pythia8_ext1_229_RA2AnalysisTree
 
 
 storing PDF weights: True
 
 
 scenario: Summer16
 global tag: 80X_mcRun2_asymptotic_2016_TrancheIV_v6
 Instance name of tag information: PAT
 Including gen-level information: True
 Including pMSSM-related information: False
 Using fastsim settings: False
 Running signal uncertainties: False
 JECs applied: data/jec/Summer16_23Sep2016V3_MC
 JERs applied: data/jer/Spring16_25nsV6_MC
 PU weights stored: LeptoQuarkTreeMaker/Production/test/data/PileupHistograms_0721_63mb_pm5.root
 era of this dataset: Run2_25ns
************************************************
# Conditions read from  CMS_CONDITIONS  via FrontierProd 
DYJetsToLL_M-50_TuneCUETP8M1_13TeV-madgraphMLM-pythia8, PUMoriond17_80X_mcRun2_asymptotic_2016_TrancheIV_v6_ext1-v2 : 'root://cmsxrootd.fnal.gov//store/mc/RunIISummer16MiniAODv2/DYJetsToLL_M-50_TuneCUETP8M1_13TeV-madgraphMLM-pythia8/MINIAODSIM/PUMoriond17_80X_mcRun2_asymptotic_2016_TrancheIV_v6_ext1-v2/60000/360532E5-2DC4-E611-840C-002481ACEC90.root'
Setup WeightProducer for 'root://cmsxrootd.fnal.gov//store/mc/RunIISummer16MiniAODv2/DYJetsToLL_M-50_TuneCUETP8M1_13TeV-madgraphMLM-pythia8/MINIAODSIM/PUMoriond17_80X_mcRun2_asymptotic_2016_TrancheIV_v6_ext1-v2/60000/360532E5-2DC4-E611-840C-002481ACEC90.root'
 ################################################################### 
 # WARNING: this module is deprecated.                             # 
 # Please use CondCore.CondDB.CondDB_cfi.py                        # 
 ################################################################### 
 ################################################################### 
 # WARNING: this module is deprecated.                             # 
 # Please use CondCore.CondDB.CondDB_cfi.py                        # 
 ################################################################### 
01-Feb-2017 09:49:50 CST  Initiating request to open file root://cmsxrootd.fnal.gov//store/mc/RunIISummer16MiniAODv2/DYJetsToLL_M-50_TuneCUETP8M1_13TeV-madgraphMLM-pythia8/MINIAODSIM/PUMoriond17_80X_mcRun2_asymptotic_2016_TrancheIV_v6_ext1-v2/60000/360532E5-2DC4-E611-840C-002481ACEC90.root
%MSG-w XrdAdaptor:  file_open 01-Feb-2017 09:49:53 CST pre-events
Data is served from T2_US_Caltech instead of original site T1_US_FNAL
%MSG
01-Feb-2017 09:49:55 CST  Successfully opened file root://cmsxrootd.fnal.gov//store/mc/RunIISummer16MiniAODv2/DYJetsToLL_M-50_TuneCUETP8M1_13TeV-madgraphMLM-pythia8/MINIAODSIM/PUMoriond17_80X_mcRun2_asymptotic_2016_TrancheIV_v6_ext1-v2/60000/360532E5-2DC4-E611-840C-002481ACEC90.root
VarsBool:
full name: BadChargedCandidateFilter -> tag: BadChargedCandidateFilter nameInTree: BadChargedCandidateFilter
full name: BadPFMuonFilter -> tag: BadPFMuonFilter nameInTree: BadPFMuonFilter
full name: GoodJets:JetID(JetID) -> tag: GoodJets:JetID nameInTree: JetID
full name: GoodJetsJECup:JetID(JetIDJECup) -> tag: GoodJetsJECup:JetID nameInTree: JetIDJECup
full name: GoodJetsJECdown:JetID(JetIDJECdown) -> tag: GoodJetsJECdown:JetID nameInTree: JetIDJECdown
full name: GoodJetsJERup:JetID(JetIDJERup) -> tag: GoodJetsJERup:JetID nameInTree: JetIDJERup
full name: GoodJetsJERdown:JetID(JetIDJERdown) -> tag: GoodJetsJERdown:JetID nameInTree: JetIDJERdown
VarsInt:
full name: WeightProducer:NumInteractions -> tag: WeightProducer:NumInteractions nameInTree: NumInteractions
full name: NVtx -> tag: NVtx nameInTree: NVtx
full name: nAllVertices -> tag: nAllVertices nameInTree: nAllVertices
full name: CSCTightHaloFilter -> tag: CSCTightHaloFilter nameInTree: CSCTightHaloFilter
full name: globalTightHalo2016Filter -> tag: globalTightHalo2016Filter nameInTree: globalTightHalo2016Filter
full name: HBHENoiseFilter -> tag: HBHENoiseFilter nameInTree: HBHENoiseFilter
full name: HBHEIsoNoiseFilter -> tag: HBHEIsoNoiseFilter nameInTree: HBHEIsoNoiseFilter
full name: EcalDeadCellTriggerPrimitiveFilter -> tag: EcalDeadCellTriggerPrimitiveFilter nameInTree: EcalDeadCellTriggerPrimitiveFilter
full name: eeBadScFilter -> tag: eeBadScFilter nameInTree: eeBadScFilter
VarsDouble:
full name: WeightProducer:weight(Weight) -> tag: WeightProducer:weight nameInTree: Weight
full name: WeightProducer:xsec(CrossSection) -> tag: WeightProducer:xsec nameInTree: CrossSection
full name: WeightProducer:nevents(NumEvents) -> tag: WeightProducer:nevents nameInTree: NumEvents
full name: WeightProducer:TrueNumInteractions -> tag: WeightProducer:TrueNumInteractions nameInTree: TrueNumInteractions
full name: WeightProducer:PUweight(puWeight) -> tag: WeightProducer:PUweight nameInTree: puWeight
full name: WeightProducer:PUSysUp(puSysUp) -> tag: WeightProducer:PUSysUp nameInTree: puSysUp
full name: WeightProducer:PUSysDown(puSysDown) -> tag: WeightProducer:PUSysDown nameInTree: puSysDown
full name: MadHT:genHT(madHT) -> tag: MadHT:genHT nameInTree: madHT
full name: GenHT -> tag: GenHT nameInTree: GenHT
full name: MET:Pt(MET) -> tag: MET:Pt nameInTree: MET
full name: MET:Phi(METPhi) -> tag: MET:Phi nameInTree: METPhi
full name: MET:CaloPt(CaloMET) -> tag: MET:CaloPt nameInTree: CaloMET
full name: MET:CaloPhi(CaloMETPhi) -> tag: MET:CaloPhi nameInTree: CaloMETPhi
full name: MET:PFCaloPtRatio(PFCaloMETRatio) -> tag: MET:PFCaloPtRatio nameInTree: PFCaloMETRatio
full name: MET:GenPt(GenMET) -> tag: MET:GenPt nameInTree: GenMET
full name: MET:GenPhi(GenMETPhi) -> tag: MET:GenPhi nameInTree: GenMETPhi
VarsString:
VarsTLorentzVector:
VectorBool:
full name: HEEPProducer:ecalDriven(Electron_ecalDriven) -> tag: HEEPProducer:ecalDriven nameInTree: Electron_ecalDriven
full name: GoodJets:JetIDMask(Jets_ID) -> tag: GoodJets:JetIDMask nameInTree: Jets_ID
full name: GoodJetsJECup:JetIDMask(JetsJECup_ID) -> tag: GoodJetsJECup:JetIDMask nameInTree: JetsJECup_ID
full name: GoodJetsJECdown:JetIDMask(JetsJECdown_ID) -> tag: GoodJetsJECdown:JetIDMask nameInTree: JetsJECdown_ID
full name: GoodJetsJERup:JetIDMask(JetsJERup_ID) -> tag: GoodJetsJERup:JetIDMask nameInTree: JetsJERup_ID
full name: GoodJetsJERdown:JetIDMask(JetsJERdown_ID) -> tag: GoodJetsJERdown:JetIDMask nameInTree: JetsJERdown_ID
full name: GenHTJets:SubJetMask(GenJets_HTMask) -> tag: GenHTJets:SubJetMask nameInTree: GenJets_HTMask
full name: GenMHTJets:SubJetMask(GenJets_MHTMask) -> tag: GenMHTJets:SubJetMask nameInTree: GenJets_MHTMask
VectorInt:
full name: PDFWeights:PDFids -> tag: PDFWeights:PDFids nameInTree: PDFids
full name: HEEPProducer:Charge(Electron_Charge) -> tag: HEEPProducer:Charge nameInTree: Electron_Charge
full name: HEEPProducer:losthits(Electron_losthits) -> tag: HEEPProducer:losthits nameInTree: Electron_losthits
full name: HEEPProducer:PDGID(PDGID) -> tag: HEEPProducer:PDGID nameInTree: PDGID
full name: HEEPProducer:gencharge(gencharge) -> tag: HEEPProducer:gencharge nameInTree: gencharge
full name: HEEPProducer:motherPDGID(motherPDGID) -> tag: HEEPProducer:motherPDGID nameInTree: motherPDGID
full name: HEEPProducer:elstatus(elstatus) -> tag: HEEPProducer:elstatus nameInTree: elstatus
full name: MuonProducer:MuonPassID(MuonPassID) -> tag: MuonProducer:MuonPassID nameInTree: MuonPassID
full name: MuonProducer:MuonIsGlobal(MuonIsGlobal) -> tag: MuonProducer:MuonIsGlobal nameInTree: MuonIsGlobal
full name: TriggerProducer:TriggerPass -> tag: TriggerProducer:TriggerPass nameInTree: TriggerPass
full name: TriggerProducer:TriggerPrescales -> tag: TriggerProducer:TriggerPrescales nameInTree: TriggerPrescales
VectorDouble:
full name: PDFWeights:PDFweights -> tag: PDFWeights:PDFweights nameInTree: PDFweights
full name: PDFWeights:ScaleWeights -> tag: PDFWeights:ScaleWeights nameInTree: ScaleWeights
full name: HEEPProducer:trackiso(Electron_trackiso) -> tag: HEEPProducer:trackiso nameInTree: Electron_trackiso
full name: HEEPProducer:Et(Electron_Et) -> tag: HEEPProducer:Et nameInTree: Electron_Et
full name: HEEPProducer:DeltaEtain(Electron_DeltaEtain) -> tag: HEEPProducer:DeltaEtain nameInTree: Electron_DeltaEtain
full name: HEEPProducer:DeltaPhiin(Electron_DeltaPhiin) -> tag: HEEPProducer:DeltaPhiin nameInTree: Electron_DeltaPhiin
full name: HEEPProducer:HbE(Electron_HOverE) -> tag: HEEPProducer:HbE nameInTree: Electron_HOverE
full name: HEEPProducer:Ecaliso(Electron_Ecaliso) -> tag: HEEPProducer:Ecaliso nameInTree: Electron_Ecaliso
full name: HEEPProducer:HD1iso(Electron_HD1iso) -> tag: HEEPProducer:HD1iso nameInTree: Electron_HD1iso
full name: HEEPProducer:e25bye55(Electron_e25bye55) -> tag: HEEPProducer:e25bye55 nameInTree: Electron_e25bye55
full name: HEEPProducer:Fullsce25bye55(Electron_Fullsce25bye55) -> tag: HEEPProducer:Fullsce25bye55 nameInTree: Electron_Fullsce25bye55
full name: HEEPProducer:Fulle15bye55(Electron_Fulle15bye55) -> tag: HEEPProducer:Fulle15bye55 nameInTree: Electron_Fulle15bye55
full name: HEEPProducer:scEnergy(Electron_scEnergy) -> tag: HEEPProducer:scEnergy nameInTree: Electron_scEnergy
full name: HEEPProducer:DeltaEtaSeed(Electron_DeltaEtaSeed) -> tag: HEEPProducer:DeltaEtaSeed nameInTree: Electron_DeltaEtaSeed
full name: HEEPProducer:rho(rho) -> tag: HEEPProducer:rho nameInTree: rho
full name: HEEPProducer:ecalEnergy(Electron_ecalEnergy) -> tag: HEEPProducer:ecalEnergy nameInTree: Electron_ecalEnergy
full name: HEEPProducer:full55SiEtaiEta(Electron_full55SiEtaiEta) -> tag: HEEPProducer:full55SiEtaiEta nameInTree: Electron_full55SiEtaiEta
full name: HEEPProducer:sce25bye55(Electron_sce25bye55) -> tag: HEEPProducer:sce25bye55 nameInTree: Electron_sce25bye55
full name: HEEPProducer:e15bye55(Electron_e15bye55) -> tag: HEEPProducer:e15bye55 nameInTree: Electron_e15bye55
full name: HEEPProducer:Phi(Electron_Phi) -> tag: HEEPProducer:Phi nameInTree: Electron_Phi
full name: HEEPProducer:eEnergy(Electron_Energy) -> tag: HEEPProducer:eEnergy nameInTree: Electron_Energy
full name: HEEPProducer:dxy(dxy) -> tag: HEEPProducer:dxy nameInTree: dxy
full name: HEEPProducer:ePz(Electron_Pz) -> tag: HEEPProducer:ePz nameInTree: Electron_Pz
full name: HEEPProducer:ePx(Electron_Px) -> tag: HEEPProducer:ePx nameInTree: Electron_Px
full name: HEEPProducer:ePy(Electron_Py) -> tag: HEEPProducer:ePy nameInTree: Electron_Py
full name: HEEPProducer:genPt(genPt) -> tag: HEEPProducer:genPt nameInTree: genPt
full name: HEEPProducer:genEta(genEta) -> tag: HEEPProducer:genEta nameInTree: genEta
full name: HEEPProducer:genPhi(genPhi) -> tag: HEEPProducer:genPhi nameInTree: genPhi
full name: HEEPProducer:genEnergy(genEnergy) -> tag: HEEPProducer:genEnergy nameInTree: genEnergy
full name: HEEPProducer:PtHEEP(Electron_PtHEEP) -> tag: HEEPProducer:PtHEEP nameInTree: Electron_PtHEEP
full name: HEEPProducer:scEta(Electron_scEta) -> tag: HEEPProducer:scEta nameInTree: Electron_scEta
full name: HEEPProducer:heep70TrkIso(Electron_heep70TrkIso) -> tag: HEEPProducer:heep70TrkIso nameInTree: Electron_heep70TrkIso
full name: MuonProducer:MuonEta(MuonEta) -> tag: MuonProducer:MuonEta nameInTree: MuonEta
full name: MuonProducer:MuonPhi(MuonPhi) -> tag: MuonProducer:MuonPhi nameInTree: MuonPhi
full name: MuonProducer:MuonPt(MuonPt) -> tag: MuonProducer:MuonPt nameInTree: MuonPt
full name: MuonProducer:MuonEnergy(MuonEnergy) -> tag: MuonProducer:MuonEnergy nameInTree: MuonEnergy
full name: TauProducer:tEta(TauEta) -> tag: TauProducer:tEta nameInTree: TauEta
full name: TauProducer:tPhi(TauPhi) -> tag: TauProducer:tPhi nameInTree: TauPhi
full name: TauProducer:tPt(TauPt) -> tag: TauProducer:tPt nameInTree: TauPt
full name: TriggerProducer:objectPt -> tag: TriggerProducer:objectPt nameInTree: objectPt
full name: TriggerProducer:objecteta -> tag: TriggerProducer:objecteta nameInTree: objecteta
full name: TriggerProducer:objectphi -> tag: TriggerProducer:objectphi nameInTree: objectphi
full name: TriggerProducer:objectE -> tag: TriggerProducer:objectE nameInTree: objectE
full name: TriggerProducer:ColumnNum -> tag: TriggerProducer:ColumnNum nameInTree: ColumnNum
full name: MET:PtUp(METUp) -> tag: MET:PtUp nameInTree: METUp
full name: MET:PtDown(METDown) -> tag: MET:PtDown nameInTree: METDown
full name: MET:PhiUp(METPhiUp) -> tag: MET:PhiUp nameInTree: METPhiUp
full name: MET:PhiDown(METPhiDown) -> tag: MET:PhiDown nameInTree: METPhiDown
VectorString:
full name: TriggerProducer:TriggerNames -> tag: TriggerProducer:TriggerNames nameInTree: TriggerNames
VectorTLorentzVector:
VectorRecoCand:
full name: GoodJets(Jets) -> tag: GoodJets nameInTree: Jets
full name: GoodJetsJECup(JetsJECup) -> tag: GoodJetsJECup nameInTree: JetsJECup
full name: GoodJetsJECdown(JetsJECdown) -> tag: GoodJetsJECdown nameInTree: JetsJECdown
full name: GoodJetsJERup(JetsJERup) -> tag: GoodJetsJERup nameInTree: JetsJERup
full name: GoodJetsJERdown(JetsJERdown) -> tag: GoodJetsJERdown nameInTree: JetsJERdown
full name: slimmedGenJets(GenJets) -> tag: slimmedGenJets nameInTree: GenJets
List of stored triggers:
0: HLT_CaloJet500_NoJetID_v
1: HLT_DoubleEle8_CaloIdM_TrackIdM_Mass8_PFHT300_v
2: HLT_DoubleMu8_Mass8_PFHT300_v
3: HLT_Ele105_CaloIdVT_GsfTrkIdT_v
4: HLT_Ele115_CaloIdVT_GsfTrkIdT_v
5: HLT_Ele15_IsoVVVL_PFHT350_PFMET50_v
6: HLT_Ele15_IsoVVVL_PFHT350_v
7: HLT_Ele15_IsoVVVL_PFHT400_v
8: HLT_Ele15_IsoVVVL_PFHT600_v
9: HLT_Ele23_Ele12_CaloIdL_TrackIdL_IsoVL_DZ_v
10: HLT_Ele25_eta2p1_WPTight_Gsf_v 
11: HLT_Ele27_WPTight_Gsf_v
12: HLT_Ele27_eta2p1_WPLoose_Gsf_v 
13: HLT_Ele45_WPLoose_Gsf_v
14: HLT_Ele50_IsoVVVL_PFHT400_v
15: HLT_IsoMu16_eta2p1_MET30_v
16: HLT_IsoMu22_eta2p1_v
17: HLT_IsoMu22_v
18: HLT_IsoMu24_v 
19: HLT_IsoTkMu22_v
20: HLT_Mu15_IsoVVVL_PFHT350_PFMET50_v
21: HLT_Mu15_IsoVVVL_PFHT350_v
22: HLT_Mu15_IsoVVVL_PFHT400_v
23: HLT_Mu15_IsoVVVL_PFHT600_v
24: HLT_Mu17_TrkIsoVVL_Mu8_TrkIsoVVL_v
25: HLT_Mu17_TrkIsoVVL_TkMu8_TrkIsoVVL_v
26: HLT_Mu45_eta2p1_v
27: HLT_Mu50_IsoVVVL_PFHT400_v
28: HLT_Mu50_v
29: HLT_PFHT200_v
30: HLT_PFHT250_v
31: HLT_PFHT300_PFMET100_v
32: HLT_PFHT300_PFMET110_v
33: HLT_PFHT300_v
34: HLT_PFHT350_v
35: HLT_PFHT400_v
36: HLT_PFHT475_v
37: HLT_PFHT600_v
38: HLT_PFHT650_v
39: HLT_PFHT800_v
40: HLT_PFHT900_v
41: HLT_PFMET100_PFMHT100_IDTight_v
42: HLT_PFMET110_PFMHT110_IDTight_v
43: HLT_PFMET120_PFMHT120_IDTight_v
44: HLT_PFMET90_PFMHT90_IDTight_v
45: HLT_PFMETNoMu100_PFMHTNoMu100_IDTight_v
46: HLT_PFMETNoMu110_PFMHTNoMu110_IDTight_v
47: HLT_PFMETNoMu120_PFMHTNoMu120_IDTight_v
48: HLT_PFMETNoMu90_PFMHTNoMu90_IDTight_v
49: HLT_Photon120_v
50: HLT_Photon165_HE10_v
51: HLT_Photon175_v
52: HLT_Photon22_v
53: HLT_Photon30_v
54: HLT_Photon36_v
55: HLT_Photon50_v
56: HLT_Photon75_v
57: HLT_Photon90_CaloIdL_PFHT500_v
58: HLT_Photon90_v
59: HLT_TkMu50_v
WeightProducer: Using constant event weight of 0.000122602
  Target luminosity (1/pb) : 1
        Cross section (pb) : 6025.2
          Number of events : 4.91443e+07
WeightProducer: Applying multiplicative PU weights
  Reading PU scenario from '/storage/local/data1/condor/execute/dir_1717555/CMSSW_8_0_25/src/LeptoQuarkTreeMaker/Production/test/data/PileupHistograms_0721_63mb_pm5.root'
[STATUS] Reading energy scale correction  values from file: EgammaAnalysis/ElectronTools/data/ScalesSmearings/Winter_2016_reReco_v1_ele_scales.dat
[STATUS] Reading energy scale correction  values from file: EgammaAnalysis/ElectronTools/data/ScalesSmearings/Winter_2016_reReco_v1_ele_scales.dat
Begin processing the 1st record. Run 1, Event 72097016, LumiSection 360486 at 01-Feb-2017 09:50:28.327 CST
Begin processing the 1001st record. Run 1, Event 466537738, LumiSection 2332689 at 01-Feb-2017 09:51:22.819 CST
Begin processing the 2001st record. Run 1, Event 479432284, LumiSection 2397162 at 01-Feb-2017 09:52:04.122 CST
Begin processing the 3001st record. Run 1, Event 496066806, LumiSection 2480335 at 01-Feb-2017 09:52:43.245 CST
Begin processing the 4001st record. Run 1, Event 496279467, LumiSection 2481398 at 01-Feb-2017 09:53:23.039 CST
Begin processing the 5001st record. Run 1, Event 524015211, LumiSection 2620077 at 01-Feb-2017 09:54:02.517 CST
Begin processing the 6001st record. Run 1, Event 537786567, LumiSection 2688933 at 01-Feb-2017 09:54:42.911 CST
Begin processing the 7001st record. Run 1, Event 609666842, LumiSection 3048335 at 01-Feb-2017 09:55:21.124 CST
Begin processing the 8001st record. Run 1, Event 623579823, LumiSection 3117900 at 01-Feb-2017 09:55:59.650 CST
Begin processing the 9001st record. Run 1, Event 611173990, LumiSection 3055870 at 01-Feb-2017 09:56:39.580 CST
Begin processing the 10001st record. Run 1, Event 620603491, LumiSection 3103018 at 01-Feb-2017 09:57:18.429 CST
Begin processing the 11001st record. Run 1, Event 623414074, LumiSection 3117071 at 01-Feb-2017 09:57:57.867 CST
Begin processing the 12001st record. Run 1, Event 706960088, LumiSection 3534801 at 01-Feb-2017 09:58:38.100 CST
Begin processing the 13001st record. Run 1, Event 86111623, LumiSection 430559 at 01-Feb-2017 09:59:18.709 CST
Begin processing the 14001st record. Run 1, Event 109119332, LumiSection 545597 at 01-Feb-2017 10:00:11.740 CST
Begin processing the 15001st record. Run 1, Event 164031765, LumiSection 820159 at 01-Feb-2017 10:01:02.626 CST
[2017-02-01 10:01:46.489525 -0600][Error  ][AsyncSock         ] [transfer-2.ultralight.org:1097 #0.0] Socket error encountered: [ERROR] Socket error: Resource temporarily unavailable
Begin processing the 16001st record. Run 1, Event 146238244, LumiSection 731192 at 01-Feb-2017 10:01:50.269 CST
[2017-02-01 10:02:03.080259 -0600][Error  ][XRootD            ] [transfer-2.ultralight.org:1097] Unable to send the message kXR_readv (handle: 0x00000000, chunks: 36, total size: 5266170): [ERROR] Invalid session
Begin processing the 17001st record. Run 1, Event 183757139, LumiSection 918786 at 01-Feb-2017 10:02:32.247 CST
Begin processing the 18001st record. Run 1, Event 416983099, LumiSection 2084916 at 01-Feb-2017 10:03:11.843 CST
Begin processing the 19001st record. Run 1, Event 438588634, LumiSection 2192944 at 01-Feb-2017 10:03:54.335 CST
Begin processing the 20001st record. Run 1, Event 522453020, LumiSection 2612266 at 01-Feb-2017 10:04:34.186 CST
Begin processing the 21001st record. Run 1, Event 613978788, LumiSection 3069894 at 01-Feb-2017 10:05:15.980 CST
[2017-02-01 10:05:26.826618 -0600][Error  ][AsyncSock         ] [transfer-4.ultralight.org:1096 #0.0] Socket error encountered: [ERROR] Socket error: Resource temporarily unavailable
[2017-02-01 10:05:27.648495 -0600][Error  ][XRootD            ] [transfer-4.ultralight.org:1096] Unable to send the message kXR_readv (handle: 0x01000000, chunks: 18, total size: 5797127): [ERROR] Invalid session
[2017-02-01 10:05:27.648697 -0600][Error  ][XRootD            ] [transfer-4.ultralight.org:1096] Unable to send the message kXR_readv (handle: 0x00000000, chunks: 29, total size: 6062091): [ERROR] Invalid session
Begin processing the 22001st record. Run 1, Event 657755557, LumiSection 3288778 at 01-Feb-2017 10:05:57.790 CST
Begin processing the 23001st record. Run 1, Event 392797318, LumiSection 1963987 at 01-Feb-2017 10:06:35.940 CST
Begin processing the 24001st record. Run 1, Event 402869845, LumiSection 2014350 at 01-Feb-2017 10:07:18.196 CST
Begin processing the 25001st record. Run 1, Event 405893750, LumiSection 2029469 at 01-Feb-2017 10:07:56.737 CST
Begin processing the 26001st record. Run 1, Event 406007072, LumiSection 2030036 at 01-Feb-2017 10:08:35.338 CST
Begin processing the 27001st record. Run 1, Event 425009582, LumiSection 2125048 at 01-Feb-2017 10:09:12.836 CST
Begin processing the 28001st record. Run 1, Event 426140980, LumiSection 2130705 at 01-Feb-2017 10:09:50.145 CST
Begin processing the 29001st record. Run 1, Event 415173895, LumiSection 2075870 at 01-Feb-2017 10:10:27.180 CST
Begin processing the 30001st record. Run 1, Event 427420611, LumiSection 2137104 at 01-Feb-2017 10:11:07.327 CST
Begin processing the 31001st record. Run 1, Event 427398855, LumiSection 2136995 at 01-Feb-2017 10:11:46.171 CST
Begin processing the 32001st record. Run 1, Event 427500313, LumiSection 2137502 at 01-Feb-2017 10:12:24.574 CST
Begin processing the 33001st record. Run 1, Event 428320797, LumiSection 2141604 at 01-Feb-2017 10:13:02.753 CST
Begin processing the 34001st record. Run 1, Event 429128073, LumiSection 2145641 at 01-Feb-2017 10:13:41.355 CST
Begin processing the 35001st record. Run 1, Event 434140737, LumiSection 2170704 at 01-Feb-2017 10:14:20.258 CST
Begin processing the 36001st record. Run 1, Event 432006044, LumiSection 2160031 at 01-Feb-2017 10:15:00.110 CST
Begin processing the 37001st record. Run 1, Event 443261837, LumiSection 2216310 at 01-Feb-2017 10:15:38.258 CST
Begin processing the 38001st record. Run 1, Event 432636447, LumiSection 2163183 at 01-Feb-2017 10:16:23.231 CST
Begin processing the 39001st record. Run 1, Event 434143924, LumiSection 2170720 at 01-Feb-2017 10:17:02.080 CST
Begin processing the 40001st record. Run 1, Event 439003878, LumiSection 2195020 at 01-Feb-2017 10:17:41.029 CST
Begin processing the 41001st record. Run 1, Event 440422199, LumiSection 2202111 at 01-Feb-2017 10:18:19.255 CST
Begin processing the 42001st record. Run 1, Event 440847362, LumiSection 2204237 at 01-Feb-2017 10:18:57.942 CST
Begin processing the 43001st record. Run 1, Event 441056845, LumiSection 2205285 at 01-Feb-2017 10:19:37.195 CST
Begin processing the 44001st record. Run 1, Event 457748866, LumiSection 2288745 at 01-Feb-2017 10:20:17.039 CST
Begin processing the 45001st record. Run 1, Event 457745629, LumiSection 2288729 at 01-Feb-2017 10:20:57.379 CST
Begin processing the 46001st record. Run 1, Event 458199085, LumiSection 2290996 at 01-Feb-2017 10:21:35.458 CST
Begin processing the 47001st record. Run 1, Event 469967498, LumiSection 2349838 at 01-Feb-2017 10:22:51.463 CST
Begin processing the 48001st record. Run 1, Event 470395324, LumiSection 2351977 at 01-Feb-2017 10:23:30.530 CST
Begin processing the 49001st record. Run 1, Event 471363108, LumiSection 2356816 at 01-Feb-2017 10:24:10.423 CST
Begin processing the 50001st record. Run 1, Event 471631209, LumiSection 2358157 at 01-Feb-2017 10:24:50.879 CST
Begin processing the 51001st record. Run 1, Event 474337542, LumiSection 2371688 at 01-Feb-2017 10:25:30.783 CST
Begin processing the 52001st record. Run 1, Event 510342642, LumiSection 2551714 at 01-Feb-2017 10:26:12.639 CST
Begin processing the 53001st record. Run 1, Event 566082961, LumiSection 2830415 at 01-Feb-2017 10:26:56.410 CST
Begin processing the 54001st record. Run 1, Event 566775727, LumiSection 2833879 at 01-Feb-2017 10:27:39.951 CST
Begin processing the 55001st record. Run 1, Event 581623070, LumiSection 2908116 at 01-Feb-2017 10:28:17.465 CST
Begin processing the 56001st record. Run 1, Event 602838616, LumiSection 3014194 at 01-Feb-2017 10:28:56.892 CST
Begin processing the 57001st record. Run 1, Event 608241328, LumiSection 3041207 at 01-Feb-2017 10:29:38.174 CST
Begin processing the 58001st record. Run 1, Event 608712988, LumiSection 3043565 at 01-Feb-2017 10:30:17.442 CST
Begin processing the 59001st record. Run 1, Event 608715113, LumiSection 3043576 at 01-Feb-2017 10:30:58.500 CST
Begin processing the 60001st record. Run 1, Event 608720812, LumiSection 3043605 at 01-Feb-2017 10:31:40.694 CST
[2017-02-01 10:32:20.376772 -0600][Error  ][File              ] [0xda4a9300@root://cmsxrootd.fnal.gov:1094//store/mc/RunIISummer16MiniAODv2/DYJetsToLL_M-50_TuneCUETP8M1_13TeV-madgraphMLM-pythia8/MINIAODSIM/PUMoriond17_80X_mcRun2_asymptotic_2016_TrancheIV_v6_ext1-v2/60000/360532E5-2DC4-E611-840C-002481ACEC90.root?tried=transfer-2.ultralight.org] Fatal file state error. Message kXR_readv (handle: 0x00000000, chunks: 55, total size: 12540726) returned with [ERROR] Server responded with an error: [3010] Unable to readv /store/mc/RunIISummer16MiniAODv2/DYJetsToLL_M-50_TuneCUETP8M1_13TeV-madgraphMLM-pythia8/MINIAODSIM/PUMoriond17_80X_mcRun2_asymptotic_2016_TrancheIV_v6_ext1-v2/60000/360532E5-2DC4-E611-840C-002481ACEC90.root; operation not permitted
%MSG-w XrdAdaptorInternal:  (NoModuleName) 01-Feb-2017 10:32:20 CST pre-events
XrdRequestManager::handle(name='root://cmsxrootd.fnal.gov//store/mc/RunIISummer16MiniAODv2/DYJetsToLL_M-50_TuneCUETP8M1_13TeV-madgraphMLM-pythia8/MINIAODSIM/PUMoriond17_80X_mcRun2_asymptotic_2016_TrancheIV_v6_ext1-v2/60000/360532E5-2DC4-E611-840C-002481ACEC90.root) failure when reading from transfer-4.ultralight.org:1096 (site T2_US_Caltech); failed with error '[ERROR] Server responded with an error: [3010] Unable to readv /store/mc/RunIISummer16MiniAODv2/DYJetsToLL_M-50_TuneCUETP8M1_13TeV-madgraphMLM-pythia8/MINIAODSIM/PUMoriond17_80X_mcRun2_asymptotic_2016_TrancheIV_v6_ext1-v2/60000/360532E5-2DC4-E611-840C-002481ACEC90.root; operation not permitted
' (errno=3010, code=400).
%MSG
%MSG-w XrdAdaptorInternal:  (NoModuleName) 01-Feb-2017 10:32:20 CST pre-events
Request failure when reading from transfer-4.ultralight.org:1096 (site T2_US_Caltech)
%MSG
%MSG-w XrdAdaptor:  (NoModuleName) 01-Feb-2017 10:32:20 CST pre-events
Data is now served from  instead of previous T2_US_Caltech
%MSG
%MSG-w XrdAdaptorInternal:  (NoModuleName) 01-Feb-2017 10:32:20 CST pre-events
Caught a CMSSW exception when running connection recovery.
%MSG
----- Begin Fatal Exception 01-Feb-2017 10:32:20 CST-----------------------
An exception of category 'FileReadError' occurred while
   [0] Processing run: 1 lumi: 3107168 event: 621433567
   [1] Running path 'WriteTree'
   [2] Calling event method for module TreeMaker/'LQTreeMaker2'
   [3] Calling produce method for unscheduled module TriggerProducer/'TriggerProducer'
   [4] Reading branch patTriggerObjectStandAlones_selectedPatTrigger__PAT.
   [5] Calling XrdFile::readv()
   [6] XrdAdaptor::ClientRequest::HandleResponse() failure while running connection recovery
   [7] In XrdAdaptor::RequestManager::requestFailure()
Exception Message:
XrdAdaptor::RequestManager::requestFailure Open(name='root://cmsxrootd.fnal.gov//store/mc/RunIISummer16MiniAODv2/DYJetsToLL_M-50_TuneCUETP8M1_13TeV-madgraphMLM-pythia8/MINIAODSIM/PUMoriond17_80X_mcRun2_asymptotic_2016_TrancheIV_v6_ext1-v2/60000/360532E5-2DC4-E611-840C-002481ACEC90.root', flags=0x10, permissions=0660, old source=transfer-4.ultralight.org:1096 (site T2_US_Caltech), new source=transfer-4.ultralight.org:1096 (site T2_US_Caltech)) => Xrootd server returned an excluded source
   Additional Info:
      [a] Original error: '[ERROR] Server responded with an error: [3010] Unable to readv /store/mc/RunIISummer16MiniAODv2/DYJetsToLL_M-50_TuneCUETP8M1_13TeV-madgraphMLM-pythia8/MINIAODSIM/PUMoriond17_80X_mcRun2_asymptotic_2016_TrancheIV_v6_ext1-v2/60000/360532E5-2DC4-E611-840C-002481ACEC90.root; operation not permitted
' (errno=3010, code=400, source=transfer-4.ultralight.org:1096 (site T2_US_Caltech)).
      [b] Disabled source: transfer-4.ultralight.org:1096
----- End Fatal Exception -------------------------------------------------
01-Feb-2017 10:32:20 CST  Closed file root://cmsxrootd.fnal.gov//store/mc/RunIISummer16MiniAODv2/DYJetsToLL_M-50_TuneCUETP8M1_13TeV-madgraphMLM-pythia8/MINIAODSIM/PUMoriond17_80X_mcRun2_asymptotic_2016_TrancheIV_v6_ext1-v2/60000/360532E5-2DC4-E611-840C-002481ACEC90.root

=============================================

MessageLogger Summary

 type     category        sev    module        subroutine        count    total
 ---- -------------------- -- ---------------- ----------------  -----    -----
    1 XrdAdaptor           -w (NoModuleName)                         1        1
    2 XrdAdaptor           -w file_open                              1        1
    3 XrdAdaptorInternal   -w (NoModuleName)                         3        3
    4 Fatal Exception      -s PostProcessPath                        1        1
    5 fileAction           -s file_close                             1        1
    6 fileAction           -s file_open                              2        2

 type    category    Examples: run/evt        run/evt          run/evt
 ---- -------------------- ---------------- ---------------- ----------------
    1 XrdAdaptor           pre-events                        
    2 XrdAdaptor           pre-events                        
    3 XrdAdaptorInternal   pre-events       pre-events       pre-events
    4 Fatal Exception      1/621433567                       
    5 fileAction           PostEndRun                        
    6 fileAction           pre-events       pre-events       

Severity    # Occurrences   Total Occurrences
--------    -------------   -----------------
Warning                 5                   5
System                  4                   4
exit code 85, skipping xrdcp
