Starting job on  Fri Feb 3 14:04:35 CST 2017
Running on  Linux cmswn1953.fnal.gov 2.6.32-642.6.2.el6.x86_64 #1 SMP Tue Oct 25 15:06:33 CDT 2016 x86_64 x86_64 x86_64 GNU/Linux
System release  Scientific Linux Fermi release 6.8 (Ramsey)
CMSSW on Condor

parameter set:
CMSSWVER:   CMSSW_8_0_25
OUTDIR:     root://cmseos.fnal.gov//store/user/mbhat/MC2016_30_01_2017
SAMPLE:     Summer16.WJetsToLNu_HT-200To400_TuneCUETP8M1_13TeV-madgraphMLM-pythia8_ext1
NPART:      46
NSTART:     46
NFILES:     1
SCENARIO:   Summer16
REDIR:      
Done: ProjectRename
/storage/local/data1/condor/execute/dir_1296537
***** SETUP ************************************
 dataset: cms.untracked.vstring('root://cmsxrootd.fnal.gov//store/mc/RunIISummer16MiniAODv2/WJetsToLNu_HT-200To400_TuneCUETP8M1_13TeV-madgraphMLM-pythia8/MINIAODSIM/PUMoriond17_80X_mcRun2_asymptotic_2016_TrancheIV_v6_ext1-v1/50000/3C2FF051-80C1-E611-8583-782BCB1D28F8.root')
 outfile: Summer16.WJetsToLNu_HT-200To400_TuneCUETP8M1_13TeV-madgraphMLM-pythia8_ext1_46_RA2AnalysisTree
 
 
 storing PDF weights: True
 
 
 scenario: Summer16
 global tag: 80X_mcRun2_asymptotic_2016_TrancheIV_v6
 Instance name of tag information: PAT
 Including gen-level information: True
 Including pMSSM-related information: False
 Using fastsim settings: False
 Running signal uncertainties: False
 JECs applied: data/jec/Summer16_23Sep2016V3_MC
 JERs applied: data/jer/Spring16_25nsV6_MC
 PU weights stored: LeptoQuarkTreeMaker/Production/test/data/PileupHistograms_0721_63mb_pm5.root
 era of this dataset: Run2_25ns
************************************************
# Conditions read from  CMS_CONDITIONS  via FrontierProd 
WJetsToLNu_HT-200To400_TuneCUETP8M1_13TeV-madgraphMLM-pythia8, PUMoriond17_80X_mcRun2_asymptotic_2016_TrancheIV_v6_ext1-v1 : 'root://cmsxrootd.fnal.gov//store/mc/RunIISummer16MiniAODv2/WJetsToLNu_HT-200To400_TuneCUETP8M1_13TeV-madgraphMLM-pythia8/MINIAODSIM/PUMoriond17_80X_mcRun2_asymptotic_2016_TrancheIV_v6_ext1-v1/50000/3C2FF051-80C1-E611-8583-782BCB1D28F8.root'
Setup WeightProducer for 'root://cmsxrootd.fnal.gov//store/mc/RunIISummer16MiniAODv2/WJetsToLNu_HT-200To400_TuneCUETP8M1_13TeV-madgraphMLM-pythia8/MINIAODSIM/PUMoriond17_80X_mcRun2_asymptotic_2016_TrancheIV_v6_ext1-v1/50000/3C2FF051-80C1-E611-8583-782BCB1D28F8.root'
 ################################################################### 
 # WARNING: this module is deprecated.                             # 
 # Please use CondCore.CondDB.CondDB_cfi.py                        # 
 ################################################################### 
 ################################################################### 
 # WARNING: this module is deprecated.                             # 
 # Please use CondCore.CondDB.CondDB_cfi.py                        # 
 ################################################################### 
03-Feb-2017 14:05:21 CST  Initiating request to open file root://cmsxrootd.fnal.gov//store/mc/RunIISummer16MiniAODv2/WJetsToLNu_HT-200To400_TuneCUETP8M1_13TeV-madgraphMLM-pythia8/MINIAODSIM/PUMoriond17_80X_mcRun2_asymptotic_2016_TrancheIV_v6_ext1-v1/50000/3C2FF051-80C1-E611-8583-782BCB1D28F8.root
%MSG-w XrdAdaptor:  file_open 03-Feb-2017 14:05:55 CST pre-events
Data is served from T1_FR_CCIN2P3 instead of original site T1_US_FNAL
%MSG
03-Feb-2017 14:06:00 CST  Successfully opened file root://cmsxrootd.fnal.gov//store/mc/RunIISummer16MiniAODv2/WJetsToLNu_HT-200To400_TuneCUETP8M1_13TeV-madgraphMLM-pythia8/MINIAODSIM/PUMoriond17_80X_mcRun2_asymptotic_2016_TrancheIV_v6_ext1-v1/50000/3C2FF051-80C1-E611-8583-782BCB1D28F8.root
%MSG-w XrdAdaptor:  (NoModuleName) 03-Feb-2017 14:06:03 CST pre-events
Data is now served from T1_FR_CCIN2P3, acrc.bris.ac.uk instead of previous T1_FR_CCIN2P3
%MSG
%MSG-w XrdAdaptor:  AfterFile 03-Feb-2017 14:06:07 CST pre-events
Data is now served from acrc.bris.ac.uk instead of previous T1_FR_CCIN2P3, acrc.bris.ac.uk
%MSG
VarsBool:
full name: BadChargedCandidateFilter -> tag: BadChargedCandidateFilter nameInTree: BadChargedCandidateFilter
full name: BadPFMuonFilter -> tag: BadPFMuonFilter nameInTree: BadPFMuonFilter
full name: GoodJets:JetID(JetID) -> tag: GoodJets:JetID nameInTree: JetID
full name: GoodJetsJECup:JetID(JetIDJECup) -> tag: GoodJetsJECup:JetID nameInTree: JetIDJECup
full name: GoodJetsJECdown:JetID(JetIDJECdown) -> tag: GoodJetsJECdown:JetID nameInTree: JetIDJECdown
full name: GoodJetsJERup:JetID(JetIDJERup) -> tag: GoodJetsJERup:JetID nameInTree: JetIDJERup
full name: GoodJetsJERdown:JetID(JetIDJERdown) -> tag: GoodJetsJERdown:JetID nameInTree: JetIDJERdown
VarsInt:
full name: WeightProducer:NumInteractions -> tag: WeightProducer:NumInteractions nameInTree: NumInteractions
full name: NVtx -> tag: NVtx nameInTree: NVtx
full name: nAllVertices -> tag: nAllVertices nameInTree: nAllVertices
full name: CSCTightHaloFilter -> tag: CSCTightHaloFilter nameInTree: CSCTightHaloFilter
full name: globalTightHalo2016Filter -> tag: globalTightHalo2016Filter nameInTree: globalTightHalo2016Filter
full name: HBHENoiseFilter -> tag: HBHENoiseFilter nameInTree: HBHENoiseFilter
full name: HBHEIsoNoiseFilter -> tag: HBHEIsoNoiseFilter nameInTree: HBHEIsoNoiseFilter
full name: EcalDeadCellTriggerPrimitiveFilter -> tag: EcalDeadCellTriggerPrimitiveFilter nameInTree: EcalDeadCellTriggerPrimitiveFilter
full name: eeBadScFilter -> tag: eeBadScFilter nameInTree: eeBadScFilter
VarsDouble:
full name: WeightProducer:weight(Weight) -> tag: WeightProducer:weight nameInTree: Weight
full name: WeightProducer:xsec(CrossSection) -> tag: WeightProducer:xsec nameInTree: CrossSection
full name: WeightProducer:nevents(NumEvents) -> tag: WeightProducer:nevents nameInTree: NumEvents
full name: WeightProducer:TrueNumInteractions -> tag: WeightProducer:TrueNumInteractions nameInTree: TrueNumInteractions
full name: WeightProducer:PUweight(puWeight) -> tag: WeightProducer:PUweight nameInTree: puWeight
full name: WeightProducer:PUSysUp(puSysUp) -> tag: WeightProducer:PUSysUp nameInTree: puSysUp
full name: WeightProducer:PUSysDown(puSysDown) -> tag: WeightProducer:PUSysDown nameInTree: puSysDown
full name: MadHT:genHT(madHT) -> tag: MadHT:genHT nameInTree: madHT
full name: GenHT -> tag: GenHT nameInTree: GenHT
full name: MET:Pt(MET) -> tag: MET:Pt nameInTree: MET
full name: MET:Phi(METPhi) -> tag: MET:Phi nameInTree: METPhi
full name: MET:CaloPt(CaloMET) -> tag: MET:CaloPt nameInTree: CaloMET
full name: MET:CaloPhi(CaloMETPhi) -> tag: MET:CaloPhi nameInTree: CaloMETPhi
full name: MET:PFCaloPtRatio(PFCaloMETRatio) -> tag: MET:PFCaloPtRatio nameInTree: PFCaloMETRatio
full name: MET:GenPt(GenMET) -> tag: MET:GenPt nameInTree: GenMET
full name: MET:GenPhi(GenMETPhi) -> tag: MET:GenPhi nameInTree: GenMETPhi
VarsString:
VarsTLorentzVector:
VectorBool:
full name: HEEPProducer:ecalDriven(Electron_ecalDriven) -> tag: HEEPProducer:ecalDriven nameInTree: Electron_ecalDriven
full name: GoodJets:JetIDMask(Jets_ID) -> tag: GoodJets:JetIDMask nameInTree: Jets_ID
full name: GoodJetsJECup:JetIDMask(JetsJECup_ID) -> tag: GoodJetsJECup:JetIDMask nameInTree: JetsJECup_ID
full name: GoodJetsJECdown:JetIDMask(JetsJECdown_ID) -> tag: GoodJetsJECdown:JetIDMask nameInTree: JetsJECdown_ID
full name: GoodJetsJERup:JetIDMask(JetsJERup_ID) -> tag: GoodJetsJERup:JetIDMask nameInTree: JetsJERup_ID
full name: GoodJetsJERdown:JetIDMask(JetsJERdown_ID) -> tag: GoodJetsJERdown:JetIDMask nameInTree: JetsJERdown_ID
full name: GenHTJets:SubJetMask(GenJets_HTMask) -> tag: GenHTJets:SubJetMask nameInTree: GenJets_HTMask
full name: GenMHTJets:SubJetMask(GenJets_MHTMask) -> tag: GenMHTJets:SubJetMask nameInTree: GenJets_MHTMask
VectorInt:
full name: PDFWeights:PDFids -> tag: PDFWeights:PDFids nameInTree: PDFids
full name: HEEPProducer:Charge(Electron_Charge) -> tag: HEEPProducer:Charge nameInTree: Electron_Charge
full name: HEEPProducer:losthits(Electron_losthits) -> tag: HEEPProducer:losthits nameInTree: Electron_losthits
full name: HEEPProducer:PDGID(PDGID) -> tag: HEEPProducer:PDGID nameInTree: PDGID
full name: HEEPProducer:gencharge(gencharge) -> tag: HEEPProducer:gencharge nameInTree: gencharge
full name: HEEPProducer:motherPDGID(motherPDGID) -> tag: HEEPProducer:motherPDGID nameInTree: motherPDGID
full name: HEEPProducer:elstatus(elstatus) -> tag: HEEPProducer:elstatus nameInTree: elstatus
full name: MuonProducer:MuonPassID(MuonPassID) -> tag: MuonProducer:MuonPassID nameInTree: MuonPassID
full name: MuonProducer:MuonIsGlobal(MuonIsGlobal) -> tag: MuonProducer:MuonIsGlobal nameInTree: MuonIsGlobal
full name: TriggerProducer:TriggerPass -> tag: TriggerProducer:TriggerPass nameInTree: TriggerPass
full name: TriggerProducer:TriggerPrescales -> tag: TriggerProducer:TriggerPrescales nameInTree: TriggerPrescales
VectorDouble:
full name: PDFWeights:PDFweights -> tag: PDFWeights:PDFweights nameInTree: PDFweights
full name: PDFWeights:ScaleWeights -> tag: PDFWeights:ScaleWeights nameInTree: ScaleWeights
full name: HEEPProducer:trackiso(Electron_trackiso) -> tag: HEEPProducer:trackiso nameInTree: Electron_trackiso
full name: HEEPProducer:Et(Electron_Et) -> tag: HEEPProducer:Et nameInTree: Electron_Et
full name: HEEPProducer:DeltaEtain(Electron_DeltaEtain) -> tag: HEEPProducer:DeltaEtain nameInTree: Electron_DeltaEtain
full name: HEEPProducer:DeltaPhiin(Electron_DeltaPhiin) -> tag: HEEPProducer:DeltaPhiin nameInTree: Electron_DeltaPhiin
full name: HEEPProducer:HbE(Electron_HOverE) -> tag: HEEPProducer:HbE nameInTree: Electron_HOverE
full name: HEEPProducer:Ecaliso(Electron_Ecaliso) -> tag: HEEPProducer:Ecaliso nameInTree: Electron_Ecaliso
full name: HEEPProducer:HD1iso(Electron_HD1iso) -> tag: HEEPProducer:HD1iso nameInTree: Electron_HD1iso
full name: HEEPProducer:e25bye55(Electron_e25bye55) -> tag: HEEPProducer:e25bye55 nameInTree: Electron_e25bye55
full name: HEEPProducer:Fullsce25bye55(Electron_Fullsce25bye55) -> tag: HEEPProducer:Fullsce25bye55 nameInTree: Electron_Fullsce25bye55
full name: HEEPProducer:Fulle15bye55(Electron_Fulle15bye55) -> tag: HEEPProducer:Fulle15bye55 nameInTree: Electron_Fulle15bye55
full name: HEEPProducer:scEnergy(Electron_scEnergy) -> tag: HEEPProducer:scEnergy nameInTree: Electron_scEnergy
full name: HEEPProducer:DeltaEtaSeed(Electron_DeltaEtaSeed) -> tag: HEEPProducer:DeltaEtaSeed nameInTree: Electron_DeltaEtaSeed
full name: HEEPProducer:rho(rho) -> tag: HEEPProducer:rho nameInTree: rho
full name: HEEPProducer:ecalEnergy(Electron_ecalEnergy) -> tag: HEEPProducer:ecalEnergy nameInTree: Electron_ecalEnergy
full name: HEEPProducer:full55SiEtaiEta(Electron_full55SiEtaiEta) -> tag: HEEPProducer:full55SiEtaiEta nameInTree: Electron_full55SiEtaiEta
full name: HEEPProducer:sce25bye55(Electron_sce25bye55) -> tag: HEEPProducer:sce25bye55 nameInTree: Electron_sce25bye55
full name: HEEPProducer:e15bye55(Electron_e15bye55) -> tag: HEEPProducer:e15bye55 nameInTree: Electron_e15bye55
full name: HEEPProducer:Phi(Electron_Phi) -> tag: HEEPProducer:Phi nameInTree: Electron_Phi
full name: HEEPProducer:eEnergy(Electron_Energy) -> tag: HEEPProducer:eEnergy nameInTree: Electron_Energy
full name: HEEPProducer:dxy(dxy) -> tag: HEEPProducer:dxy nameInTree: dxy
full name: HEEPProducer:ePz(Electron_Pz) -> tag: HEEPProducer:ePz nameInTree: Electron_Pz
full name: HEEPProducer:ePx(Electron_Px) -> tag: HEEPProducer:ePx nameInTree: Electron_Px
full name: HEEPProducer:ePy(Electron_Py) -> tag: HEEPProducer:ePy nameInTree: Electron_Py
full name: HEEPProducer:genPt(genPt) -> tag: HEEPProducer:genPt nameInTree: genPt
full name: HEEPProducer:genEta(genEta) -> tag: HEEPProducer:genEta nameInTree: genEta
full name: HEEPProducer:genPhi(genPhi) -> tag: HEEPProducer:genPhi nameInTree: genPhi
full name: HEEPProducer:genEnergy(genEnergy) -> tag: HEEPProducer:genEnergy nameInTree: genEnergy
full name: HEEPProducer:PtHEEP(Electron_PtHEEP) -> tag: HEEPProducer:PtHEEP nameInTree: Electron_PtHEEP
full name: HEEPProducer:scEta(Electron_scEta) -> tag: HEEPProducer:scEta nameInTree: Electron_scEta
full name: HEEPProducer:heep70TrkIso(Electron_heep70TrkIso) -> tag: HEEPProducer:heep70TrkIso nameInTree: Electron_heep70TrkIso
full name: MuonProducer:MuonEta(MuonEta) -> tag: MuonProducer:MuonEta nameInTree: MuonEta
full name: MuonProducer:MuonPhi(MuonPhi) -> tag: MuonProducer:MuonPhi nameInTree: MuonPhi
full name: MuonProducer:MuonPt(MuonPt) -> tag: MuonProducer:MuonPt nameInTree: MuonPt
full name: MuonProducer:MuonEnergy(MuonEnergy) -> tag: MuonProducer:MuonEnergy nameInTree: MuonEnergy
full name: TauProducer:tEta(TauEta) -> tag: TauProducer:tEta nameInTree: TauEta
full name: TauProducer:tPhi(TauPhi) -> tag: TauProducer:tPhi nameInTree: TauPhi
full name: TauProducer:tPt(TauPt) -> tag: TauProducer:tPt nameInTree: TauPt
full name: TriggerProducer:objectPt -> tag: TriggerProducer:objectPt nameInTree: objectPt
full name: TriggerProducer:objecteta -> tag: TriggerProducer:objecteta nameInTree: objecteta
full name: TriggerProducer:objectphi -> tag: TriggerProducer:objectphi nameInTree: objectphi
full name: TriggerProducer:objectE -> tag: TriggerProducer:objectE nameInTree: objectE
full name: TriggerProducer:ColumnNum -> tag: TriggerProducer:ColumnNum nameInTree: ColumnNum
full name: MET:PtUp(METUp) -> tag: MET:PtUp nameInTree: METUp
full name: MET:PtDown(METDown) -> tag: MET:PtDown nameInTree: METDown
full name: MET:PhiUp(METPhiUp) -> tag: MET:PhiUp nameInTree: METPhiUp
full name: MET:PhiDown(METPhiDown) -> tag: MET:PhiDown nameInTree: METPhiDown
VectorString:
full name: TriggerProducer:TriggerNames -> tag: TriggerProducer:TriggerNames nameInTree: TriggerNames
VectorTLorentzVector:
VectorRecoCand:
full name: GoodJets(Jets) -> tag: GoodJets nameInTree: Jets
full name: GoodJetsJECup(JetsJECup) -> tag: GoodJetsJECup nameInTree: JetsJECup
full name: GoodJetsJECdown(JetsJECdown) -> tag: GoodJetsJECdown nameInTree: JetsJECdown
full name: GoodJetsJERup(JetsJERup) -> tag: GoodJetsJERup nameInTree: JetsJERup
full name: GoodJetsJERdown(JetsJERdown) -> tag: GoodJetsJERdown nameInTree: JetsJERdown
full name: slimmedGenJets(GenJets) -> tag: slimmedGenJets nameInTree: GenJets
List of stored triggers:
0: HLT_CaloJet500_NoJetID_v
1: HLT_DoubleEle8_CaloIdM_TrackIdM_Mass8_PFHT300_v
2: HLT_DoubleMu8_Mass8_PFHT300_v
3: HLT_Ele105_CaloIdVT_GsfTrkIdT_v
4: HLT_Ele115_CaloIdVT_GsfTrkIdT_v
5: HLT_Ele15_IsoVVVL_PFHT350_PFMET50_v
6: HLT_Ele15_IsoVVVL_PFHT350_v
7: HLT_Ele15_IsoVVVL_PFHT400_v
8: HLT_Ele15_IsoVVVL_PFHT600_v
9: HLT_Ele23_Ele12_CaloIdL_TrackIdL_IsoVL_DZ_v
10: HLT_Ele25_eta2p1_WPTight_Gsf_v 
11: HLT_Ele27_WPTight_Gsf_v
12: HLT_Ele27_eta2p1_WPLoose_Gsf_v 
13: HLT_Ele45_WPLoose_Gsf_v
14: HLT_Ele50_IsoVVVL_PFHT400_v
15: HLT_IsoMu16_eta2p1_MET30_v
16: HLT_IsoMu22_eta2p1_v
17: HLT_IsoMu22_v
18: HLT_IsoMu24_v 
19: HLT_IsoTkMu22_v
20: HLT_Mu15_IsoVVVL_PFHT350_PFMET50_v
21: HLT_Mu15_IsoVVVL_PFHT350_v
22: HLT_Mu15_IsoVVVL_PFHT400_v
23: HLT_Mu15_IsoVVVL_PFHT600_v
24: HLT_Mu17_TrkIsoVVL_Mu8_TrkIsoVVL_v
25: HLT_Mu17_TrkIsoVVL_TkMu8_TrkIsoVVL_v
26: HLT_Mu45_eta2p1_v
27: HLT_Mu50_IsoVVVL_PFHT400_v
28: HLT_Mu50_v
29: HLT_PFHT200_v
30: HLT_PFHT250_v
31: HLT_PFHT300_PFMET100_v
32: HLT_PFHT300_PFMET110_v
33: HLT_PFHT300_v
34: HLT_PFHT350_v
35: HLT_PFHT400_v
36: HLT_PFHT475_v
37: HLT_PFHT600_v
38: HLT_PFHT650_v
39: HLT_PFHT800_v
40: HLT_PFHT900_v
41: HLT_PFMET100_PFMHT100_IDTight_v
42: HLT_PFMET110_PFMHT110_IDTight_v
43: HLT_PFMET120_PFMHT120_IDTight_v
44: HLT_PFMET90_PFMHT90_IDTight_v
45: HLT_PFMETNoMu100_PFMHTNoMu100_IDTight_v
46: HLT_PFMETNoMu110_PFMHTNoMu110_IDTight_v
47: HLT_PFMETNoMu120_PFMHTNoMu120_IDTight_v
48: HLT_PFMETNoMu90_PFMHTNoMu90_IDTight_v
49: HLT_Photon120_v
50: HLT_Photon165_HE10_v
51: HLT_Photon175_v
52: HLT_Photon22_v
53: HLT_Photon30_v
54: HLT_Photon36_v
55: HLT_Photon50_v
56: HLT_Photon75_v
57: HLT_Photon90_CaloIdL_PFHT500_v
58: HLT_Photon90_v
59: HLT_TkMu50_v
WeightProducer: Using constant event weight of 2.20193e-05
  Target luminosity (1/pb) : 1
        Cross section (pb) : 435.24
          Number of events : 1.97663e+07
WeightProducer: Applying multiplicative PU weights
  Reading PU scenario from '/storage/local/data1/condor/execute/dir_1296537/CMSSW_8_0_25/src/LeptoQuarkTreeMaker/Production/test/data/PileupHistograms_0721_63mb_pm5.root'
[STATUS] Reading energy scale correction  values from file: EgammaAnalysis/ElectronTools/data/ScalesSmearings/Winter_2016_reReco_v1_ele_scales.dat
[STATUS] Reading energy scale correction  values from file: EgammaAnalysis/ElectronTools/data/ScalesSmearings/Winter_2016_reReco_v1_ele_scales.dat
Begin processing the 1st record. Run 1, Event 463940, LumiSection 290 at 03-Feb-2017 14:06:54.239 CST
Begin processing the 1001st record. Run 1, Event 4834573, LumiSection 3017 at 03-Feb-2017 14:08:33.153 CST
Begin processing the 2001st record. Run 1, Event 20298245, LumiSection 12665 at 03-Feb-2017 14:09:41.991 CST
Begin processing the 3001st record. Run 1, Event 16619829, LumiSection 10370 at 03-Feb-2017 14:10:47.467 CST
Begin processing the 4001st record. Run 1, Event 31262915, LumiSection 19507 at 03-Feb-2017 14:11:57.520 CST
Begin processing the 5001st record. Run 1, Event 66432140, LumiSection 41452 at 03-Feb-2017 14:13:07.730 CST
Begin processing the 6001st record. Run 1, Event 50241196, LumiSection 31349 at 03-Feb-2017 14:14:12.986 CST
Begin processing the 7001st record. Run 1, Event 84461940, LumiSection 52700 at 03-Feb-2017 14:15:20.984 CST
Begin processing the 8001st record. Run 1, Event 84380279, LumiSection 52649 at 03-Feb-2017 14:16:25.706 CST
Begin processing the 9001st record. Run 1, Event 113636900, LumiSection 70904 at 03-Feb-2017 14:17:34.798 CST
Begin processing the 10001st record. Run 1, Event 104876705, LumiSection 65438 at 03-Feb-2017 14:18:40.586 CST
Begin processing the 11001st record. Run 1, Event 109879122, LumiSection 68560 at 03-Feb-2017 14:19:48.200 CST
Begin processing the 12001st record. Run 1, Event 121577382, LumiSection 75859 at 03-Feb-2017 14:20:56.046 CST
Begin processing the 13001st record. Run 1, Event 1326281, LumiSection 827 at 03-Feb-2017 14:22:08.844 CST
Begin processing the 14001st record. Run 1, Event 9979802, LumiSection 6227 at 03-Feb-2017 14:23:18.251 CST
Begin processing the 15001st record. Run 1, Event 17196427, LumiSection 10730 at 03-Feb-2017 14:24:27.793 CST
Begin processing the 16001st record. Run 1, Event 62881309, LumiSection 39235 at 03-Feb-2017 14:25:37.142 CST
Begin processing the 17001st record. Run 1, Event 23799242, LumiSection 14849 at 03-Feb-2017 14:26:42.926 CST
Begin processing the 18001st record. Run 1, Event 67886509, LumiSection 42359 at 03-Feb-2017 14:27:52.244 CST
Begin processing the 19001st record. Run 1, Event 93407569, LumiSection 58283 at 03-Feb-2017 14:28:58.480 CST
Begin processing the 20001st record. Run 1, Event 111385873, LumiSection 69500 at 03-Feb-2017 14:30:04.541 CST
Begin processing the 21001st record. Run 1, Event 102461662, LumiSection 63932 at 03-Feb-2017 14:31:10.705 CST
Begin processing the 22001st record. Run 1, Event 150031733, LumiSection 93614 at 03-Feb-2017 14:32:19.728 CST
Begin processing the 23001st record. Run 1, Event 132463321, LumiSection 82652 at 03-Feb-2017 14:33:26.648 CST
Begin processing the 24001st record. Run 1, Event 175542863, LumiSection 109532 at 03-Feb-2017 14:34:36.077 CST
Begin processing the 25001st record. Run 1, Event 36576945, LumiSection 22823 at 03-Feb-2017 14:35:54.584 CST
Begin processing the 26001st record. Run 1, Event 57260555, LumiSection 35728 at 03-Feb-2017 14:37:03.417 CST
Begin processing the 27001st record. Run 1, Event 86300415, LumiSection 53848 at 03-Feb-2017 14:38:09.438 CST
Begin processing the 28001st record. Run 1, Event 32378121, LumiSection 20203 at 03-Feb-2017 14:39:21.013 CST
Begin processing the 29001st record. Run 1, Event 94412631, LumiSection 58910 at 03-Feb-2017 14:40:30.380 CST
Begin processing the 30001st record. Run 1, Event 26482685, LumiSection 16525 at 03-Feb-2017 14:41:45.754 CST
Begin processing the 31001st record. Run 1, Event 79738484, LumiSection 49754 at 03-Feb-2017 14:42:54.602 CST
Begin processing the 32001st record. Run 1, Event 108702024, LumiSection 67826 at 03-Feb-2017 14:44:04.110 CST
Begin processing the 33001st record. Run 1, Event 153404516, LumiSection 95719 at 03-Feb-2017 14:45:26.073 CST
Begin processing the 34001st record. Run 1, Event 96367098, LumiSection 60130 at 03-Feb-2017 14:46:35.295 CST
Begin processing the 35001st record. Run 1, Event 99811954, LumiSection 62279 at 03-Feb-2017 14:47:44.940 CST
Begin processing the 36001st record. Run 1, Event 122469133, LumiSection 76415 at 03-Feb-2017 14:48:53.379 CST
Begin processing the 37001st record. Run 1, Event 141125751, LumiSection 88057 at 03-Feb-2017 14:50:00.528 CST
Begin processing the 38001st record. Run 1, Event 4377063, LumiSection 2731 at 03-Feb-2017 14:51:19.666 CST
Begin processing the 39001st record. Run 1, Event 5298412, LumiSection 3306 at 03-Feb-2017 14:52:30.086 CST
Begin processing the 40001st record. Run 1, Event 9423527, LumiSection 5879 at 03-Feb-2017 14:53:33.235 CST
Begin processing the 41001st record. Run 1, Event 79528770, LumiSection 49622 at 03-Feb-2017 14:54:51.838 CST
Begin processing the 42001st record. Run 1, Event 138606645, LumiSection 86485 at 03-Feb-2017 14:56:04.841 CST
Begin processing the 43001st record. Run 1, Event 165177584, LumiSection 103064 at 03-Feb-2017 14:57:15.117 CST
Begin processing the 44001st record. Run 1, Event 146527458, LumiSection 91427 at 03-Feb-2017 14:58:27.029 CST
Begin processing the 45001st record. Run 1, Event 151861164, LumiSection 94756 at 03-Feb-2017 14:59:30.344 CST
Begin processing the 46001st record. Run 1, Event 166698631, LumiSection 104014 at 03-Feb-2017 15:00:43.089 CST
Begin processing the 47001st record. Run 1, Event 173907747, LumiSection 108512 at 03-Feb-2017 15:01:53.902 CST
Begin processing the 48001st record. Run 1, Event 176392817, LumiSection 110062 at 03-Feb-2017 15:03:02.040 CST
Begin processing the 49001st record. Run 1, Event 162772085, LumiSection 101563 at 03-Feb-2017 15:04:13.122 CST
Begin processing the 50001st record. Run 1, Event 5325445, LumiSection 3323 at 03-Feb-2017 15:05:25.267 CST
Begin processing the 51001st record. Run 1, Event 10197858, LumiSection 6364 at 03-Feb-2017 15:06:40.480 CST
Begin processing the 52001st record. Run 1, Event 6398846, LumiSection 3992 at 03-Feb-2017 15:07:49.468 CST
Begin processing the 53001st record. Run 1, Event 10401599, LumiSection 6490 at 03-Feb-2017 15:08:54.791 CST
Begin processing the 54001st record. Run 1, Event 13416463, LumiSection 8371 at 03-Feb-2017 15:10:06.598 CST
Begin processing the 55001st record. Run 1, Event 103475391, LumiSection 64565 at 03-Feb-2017 15:11:12.334 CST
Begin processing the 56001st record. Run 1, Event 51243485, LumiSection 31973 at 03-Feb-2017 15:12:23.040 CST
Begin processing the 57001st record. Run 1, Event 54231531, LumiSection 33838 at 03-Feb-2017 15:13:36.585 CST
Begin processing the 58001st record. Run 1, Event 61812918, LumiSection 38569 at 03-Feb-2017 15:14:42.543 CST
Begin processing the 59001st record. Run 1, Event 79671171, LumiSection 49712 at 03-Feb-2017 15:15:53.384 CST
Begin processing the 60001st record. Run 1, Event 101513675, LumiSection 63341 at 03-Feb-2017 15:17:02.796 CST
Begin processing the 61001st record. Run 1, Event 131781814, LumiSection 82226 at 03-Feb-2017 15:18:11.004 CST
Begin processing the 62001st record. Run 1, Event 80297366, LumiSection 50102 at 03-Feb-2017 15:19:37.511 CST
Begin processing the 63001st record. Run 1, Event 7600077, LumiSection 4742 at 03-Feb-2017 15:20:54.264 CST
Begin processing the 64001st record. Run 1, Event 7852526, LumiSection 4900 at 03-Feb-2017 15:22:04.435 CST
Begin processing the 65001st record. Run 1, Event 11215569, LumiSection 6998 at 03-Feb-2017 15:23:18.360 CST
Begin processing the 66001st record. Run 1, Event 34159230, LumiSection 21314 at 03-Feb-2017 15:24:27.058 CST
Begin processing the 67001st record. Run 1, Event 75747733, LumiSection 47264 at 03-Feb-2017 15:25:38.055 CST
Begin processing the 68001st record. Run 1, Event 92563258, LumiSection 57755 at 03-Feb-2017 15:26:47.207 CST
Begin processing the 69001st record. Run 1, Event 69722789, LumiSection 43504 at 03-Feb-2017 15:27:55.862 CST
[2017-02-03 15:35:25.587460 -0600][Error  ][XRootD            ] [io-37-02.acrc.bris.ac.uk:1095] Unable to get the response to request kXR_readv (handle: 0x00000000, chunks: 70, total size: 11155763)
%MSG-w XrdAdaptorInternal:  (NoModuleName) 03-Feb-2017 15:35:26 CST pre-events
XrdRequestManager::handle(name='root://cmsxrootd.fnal.gov//store/mc/RunIISummer16MiniAODv2/WJetsToLNu_HT-200To400_TuneCUETP8M1_13TeV-madgraphMLM-pythia8/MINIAODSIM/PUMoriond17_80X_mcRun2_asymptotic_2016_TrancheIV_v6_ext1-v1/50000/3C2FF051-80C1-E611-8583-782BCB1D28F8.root) failure when reading from io-37-02.acrc.bris.ac.uk:1095 (unknown site); failed with error '[ERROR] Server responded with an error: [3010] Opening relative path '?tried=+1213cmsxrootd1.fnal.gov1213xrootd.unl.edu,ccxrpli003.in2p3.fr' is disallowed.
' (errno=3010, code=400).
%MSG
%MSG-w XrdAdaptorInternal:  (NoModuleName) 03-Feb-2017 15:35:26 CST pre-events
Request failure when reading from io-37-02.acrc.bris.ac.uk:1095 (unknown site)
%MSG
%MSG-w XrdAdaptor:  (NoModuleName) 03-Feb-2017 15:35:26 CST pre-events
Data is now served from  instead of previous acrc.bris.ac.uk
%MSG
%MSG-w XrdAdaptorInternal:  (NoModuleName) 03-Feb-2017 15:35:26 CST pre-events
Caught a CMSSW exception when running connection recovery.
%MSG
----- Begin Fatal Exception 03-Feb-2017 15:35:26 CST-----------------------
An exception of category 'FileReadError' occurred while
   [0] Processing run: 1 lumi: 42340 event: 67856521
   [1] Running path 'WriteTree'
   [2] Calling event method for module TreeMaker/'LQTreeMaker2'
   [3] Calling produce method for unscheduled module BadChargedCandidateFilter/'BadChargedCandidateFilter'
   [4] Reading branch patPackedCandidates_packedPFCandidates__PAT.
   [5] Calling XrdFile::readv()
   [6] XrdAdaptor::ClientRequest::HandleResponse() failure while running connection recovery
   [7] In XrdAdaptor::RequestManager::requestFailure()
Exception Message:
XrdAdaptor::RequestManager::requestFailure Open(name='root://cmsxrootd.fnal.gov//store/mc/RunIISummer16MiniAODv2/WJetsToLNu_HT-200To400_TuneCUETP8M1_13TeV-madgraphMLM-pythia8/MINIAODSIM/PUMoriond17_80X_mcRun2_asymptotic_2016_TrancheIV_v6_ext1-v1/50000/3C2FF051-80C1-E611-8583-782BCB1D28F8.root', flags=0x10, permissions=0660, old source=io-37-02.acrc.bris.ac.uk:1095 (unknown site), new source=io-37-02.acrc.bris.ac.uk:1095 (unknown site)) => Xrootd server returned an excluded source
   Additional Info:
      [a] Original error: '[ERROR] Server responded with an error: [3010] Opening relative path '?tried=+1213cmsxrootd1.fnal.gov1213xrootd.unl.edu,ccxrpli003.in2p3.fr' is disallowed.
' (errno=3010, code=400, source=io-37-02.acrc.bris.ac.uk:1095 (unknown site)).
      [b] Disabled source: io-37-02.acrc.bris.ac.uk:1095
----- End Fatal Exception -------------------------------------------------
03-Feb-2017 15:35:28 CST  Closed file root://cmsxrootd.fnal.gov//store/mc/RunIISummer16MiniAODv2/WJetsToLNu_HT-200To400_TuneCUETP8M1_13TeV-madgraphMLM-pythia8/MINIAODSIM/PUMoriond17_80X_mcRun2_asymptotic_2016_TrancheIV_v6_ext1-v1/50000/3C2FF051-80C1-E611-8583-782BCB1D28F8.root

=============================================

MessageLogger Summary

 type     category        sev    module        subroutine        count    total
 ---- -------------------- -- ---------------- ----------------  -----    -----
    1 XrdAdaptor           -w (NoModuleName)                         2        2
    2 XrdAdaptor           -w AfterFile                              1        1
    3 XrdAdaptor           -w file_open                              1        1
    4 XrdAdaptorInternal   -w (NoModuleName)                         3        3
    5 Fatal Exception      -s PostProcessPath                        1        1
    6 fileAction           -s file_close                             1        1
    7 fileAction           -s file_open                              2        2

 type    category    Examples: run/evt        run/evt          run/evt
 ---- -------------------- ---------------- ---------------- ----------------
    1 XrdAdaptor           pre-events       pre-events       
    2 XrdAdaptor           pre-events                        
    3 XrdAdaptor           pre-events                        
    4 XrdAdaptorInternal   pre-events       pre-events       pre-events
    5 Fatal Exception      1/67856521                        
    6 fileAction           PostEndRun                        
    7 fileAction           pre-events       pre-events       

Severity    # Occurrences   Total Occurrences
--------    -------------   -----------------
Warning                 7                   7
System                  4                   4
exit code 85, skipping xrdcp
