Starting job on  Fri Feb 3 13:49:39 CST 2017
Running on  Linux cmswn2006.fnal.gov 2.6.32-642.6.2.el6.x86_64 #1 SMP Tue Oct 25 15:06:33 CDT 2016 x86_64 x86_64 x86_64 GNU/Linux
System release  Scientific Linux Fermi release 6.8 (Ramsey)
CMSSW on Condor

parameter set:
CMSSWVER:   CMSSW_8_0_25
OUTDIR:     root://cmseos.fnal.gov//store/user/mbhat/MC2016_30_01_2017
SAMPLE:     Summer16.WJetsToLNu_HT-200To400_TuneCUETP8M1_13TeV-madgraphMLM-pythia8_ext1
NPART:      61
NSTART:     61
NFILES:     1
SCENARIO:   Summer16
REDIR:      
Done: ProjectRename
/storage/local/data1/condor/execute/dir_3823146
***** SETUP ************************************
 dataset: cms.untracked.vstring('root://cmsxrootd.fnal.gov//store/mc/RunIISummer16MiniAODv2/WJetsToLNu_HT-200To400_TuneCUETP8M1_13TeV-madgraphMLM-pythia8/MINIAODSIM/PUMoriond17_80X_mcRun2_asymptotic_2016_TrancheIV_v6_ext1-v1/50000/5436EE89-80C1-E611-B12B-141877344D39.root')
 outfile: Summer16.WJetsToLNu_HT-200To400_TuneCUETP8M1_13TeV-madgraphMLM-pythia8_ext1_61_RA2AnalysisTree
 
 
 storing PDF weights: True
 
 
 scenario: Summer16
 global tag: 80X_mcRun2_asymptotic_2016_TrancheIV_v6
 Instance name of tag information: PAT
 Including gen-level information: True
 Including pMSSM-related information: False
 Using fastsim settings: False
 Running signal uncertainties: False
 JECs applied: data/jec/Summer16_23Sep2016V3_MC
 JERs applied: data/jer/Spring16_25nsV6_MC
 PU weights stored: LeptoQuarkTreeMaker/Production/test/data/PileupHistograms_0721_63mb_pm5.root
 era of this dataset: Run2_25ns
************************************************
# Conditions read from  CMS_CONDITIONS  via FrontierProd 
WJetsToLNu_HT-200To400_TuneCUETP8M1_13TeV-madgraphMLM-pythia8, PUMoriond17_80X_mcRun2_asymptotic_2016_TrancheIV_v6_ext1-v1 : 'root://cmsxrootd.fnal.gov//store/mc/RunIISummer16MiniAODv2/WJetsToLNu_HT-200To400_TuneCUETP8M1_13TeV-madgraphMLM-pythia8/MINIAODSIM/PUMoriond17_80X_mcRun2_asymptotic_2016_TrancheIV_v6_ext1-v1/50000/5436EE89-80C1-E611-B12B-141877344D39.root'
Setup WeightProducer for 'root://cmsxrootd.fnal.gov//store/mc/RunIISummer16MiniAODv2/WJetsToLNu_HT-200To400_TuneCUETP8M1_13TeV-madgraphMLM-pythia8/MINIAODSIM/PUMoriond17_80X_mcRun2_asymptotic_2016_TrancheIV_v6_ext1-v1/50000/5436EE89-80C1-E611-B12B-141877344D39.root'
 ################################################################### 
 # WARNING: this module is deprecated.                             # 
 # Please use CondCore.CondDB.CondDB_cfi.py                        # 
 ################################################################### 
 ################################################################### 
 # WARNING: this module is deprecated.                             # 
 # Please use CondCore.CondDB.CondDB_cfi.py                        # 
 ################################################################### 
03-Feb-2017 13:50:33 CST  Initiating request to open file root://cmsxrootd.fnal.gov//store/mc/RunIISummer16MiniAODv2/WJetsToLNu_HT-200To400_TuneCUETP8M1_13TeV-madgraphMLM-pythia8/MINIAODSIM/PUMoriond17_80X_mcRun2_asymptotic_2016_TrancheIV_v6_ext1-v1/50000/5436EE89-80C1-E611-B12B-141877344D39.root
%MSG-w XrdAdaptor:  file_open 03-Feb-2017 13:51:13 CST pre-events
Data is served from T1_FR_CCIN2P3 instead of original site T2_US_Nebraska
%MSG
03-Feb-2017 13:51:16 CST  Successfully opened file root://cmsxrootd.fnal.gov//store/mc/RunIISummer16MiniAODv2/WJetsToLNu_HT-200To400_TuneCUETP8M1_13TeV-madgraphMLM-pythia8/MINIAODSIM/PUMoriond17_80X_mcRun2_asymptotic_2016_TrancheIV_v6_ext1-v1/50000/5436EE89-80C1-E611-B12B-141877344D39.root
%MSG-w XrdAdaptor:  (NoModuleName) 03-Feb-2017 13:51:22 CST pre-events
Data is now served from T1_FR_CCIN2P3, acrc.bris.ac.uk instead of previous T1_FR_CCIN2P3
%MSG
VarsBool:
full name: BadChargedCandidateFilter -> tag: BadChargedCandidateFilter nameInTree: BadChargedCandidateFilter
full name: BadPFMuonFilter -> tag: BadPFMuonFilter nameInTree: BadPFMuonFilter
full name: GoodJets:JetID(JetID) -> tag: GoodJets:JetID nameInTree: JetID
full name: GoodJetsJECup:JetID(JetIDJECup) -> tag: GoodJetsJECup:JetID nameInTree: JetIDJECup
full name: GoodJetsJECdown:JetID(JetIDJECdown) -> tag: GoodJetsJECdown:JetID nameInTree: JetIDJECdown
full name: GoodJetsJERup:JetID(JetIDJERup) -> tag: GoodJetsJERup:JetID nameInTree: JetIDJERup
full name: GoodJetsJERdown:JetID(JetIDJERdown) -> tag: GoodJetsJERdown:JetID nameInTree: JetIDJERdown
VarsInt:
full name: WeightProducer:NumInteractions -> tag: WeightProducer:NumInteractions nameInTree: NumInteractions
full name: NVtx -> tag: NVtx nameInTree: NVtx
full name: nAllVertices -> tag: nAllVertices nameInTree: nAllVertices
full name: CSCTightHaloFilter -> tag: CSCTightHaloFilter nameInTree: CSCTightHaloFilter
full name: globalTightHalo2016Filter -> tag: globalTightHalo2016Filter nameInTree: globalTightHalo2016Filter
full name: HBHENoiseFilter -> tag: HBHENoiseFilter nameInTree: HBHENoiseFilter
full name: HBHEIsoNoiseFilter -> tag: HBHEIsoNoiseFilter nameInTree: HBHEIsoNoiseFilter
full name: EcalDeadCellTriggerPrimitiveFilter -> tag: EcalDeadCellTriggerPrimitiveFilter nameInTree: EcalDeadCellTriggerPrimitiveFilter
full name: eeBadScFilter -> tag: eeBadScFilter nameInTree: eeBadScFilter
VarsDouble:
full name: WeightProducer:weight(Weight) -> tag: WeightProducer:weight nameInTree: Weight
full name: WeightProducer:xsec(CrossSection) -> tag: WeightProducer:xsec nameInTree: CrossSection
full name: WeightProducer:nevents(NumEvents) -> tag: WeightProducer:nevents nameInTree: NumEvents
full name: WeightProducer:TrueNumInteractions -> tag: WeightProducer:TrueNumInteractions nameInTree: TrueNumInteractions
full name: WeightProducer:PUweight(puWeight) -> tag: WeightProducer:PUweight nameInTree: puWeight
full name: WeightProducer:PUSysUp(puSysUp) -> tag: WeightProducer:PUSysUp nameInTree: puSysUp
full name: WeightProducer:PUSysDown(puSysDown) -> tag: WeightProducer:PUSysDown nameInTree: puSysDown
full name: MadHT:genHT(madHT) -> tag: MadHT:genHT nameInTree: madHT
full name: GenHT -> tag: GenHT nameInTree: GenHT
full name: MET:Pt(MET) -> tag: MET:Pt nameInTree: MET
full name: MET:Phi(METPhi) -> tag: MET:Phi nameInTree: METPhi
full name: MET:CaloPt(CaloMET) -> tag: MET:CaloPt nameInTree: CaloMET
full name: MET:CaloPhi(CaloMETPhi) -> tag: MET:CaloPhi nameInTree: CaloMETPhi
full name: MET:PFCaloPtRatio(PFCaloMETRatio) -> tag: MET:PFCaloPtRatio nameInTree: PFCaloMETRatio
full name: MET:GenPt(GenMET) -> tag: MET:GenPt nameInTree: GenMET
full name: MET:GenPhi(GenMETPhi) -> tag: MET:GenPhi nameInTree: GenMETPhi
VarsString:
VarsTLorentzVector:
VectorBool:
full name: HEEPProducer:ecalDriven(Electron_ecalDriven) -> tag: HEEPProducer:ecalDriven nameInTree: Electron_ecalDriven
full name: GoodJets:JetIDMask(Jets_ID) -> tag: GoodJets:JetIDMask nameInTree: Jets_ID
full name: GoodJetsJECup:JetIDMask(JetsJECup_ID) -> tag: GoodJetsJECup:JetIDMask nameInTree: JetsJECup_ID
full name: GoodJetsJECdown:JetIDMask(JetsJECdown_ID) -> tag: GoodJetsJECdown:JetIDMask nameInTree: JetsJECdown_ID
full name: GoodJetsJERup:JetIDMask(JetsJERup_ID) -> tag: GoodJetsJERup:JetIDMask nameInTree: JetsJERup_ID
full name: GoodJetsJERdown:JetIDMask(JetsJERdown_ID) -> tag: GoodJetsJERdown:JetIDMask nameInTree: JetsJERdown_ID
full name: GenHTJets:SubJetMask(GenJets_HTMask) -> tag: GenHTJets:SubJetMask nameInTree: GenJets_HTMask
full name: GenMHTJets:SubJetMask(GenJets_MHTMask) -> tag: GenMHTJets:SubJetMask nameInTree: GenJets_MHTMask
VectorInt:
full name: PDFWeights:PDFids -> tag: PDFWeights:PDFids nameInTree: PDFids
full name: HEEPProducer:Charge(Electron_Charge) -> tag: HEEPProducer:Charge nameInTree: Electron_Charge
full name: HEEPProducer:losthits(Electron_losthits) -> tag: HEEPProducer:losthits nameInTree: Electron_losthits
full name: HEEPProducer:PDGID(PDGID) -> tag: HEEPProducer:PDGID nameInTree: PDGID
full name: HEEPProducer:gencharge(gencharge) -> tag: HEEPProducer:gencharge nameInTree: gencharge
full name: HEEPProducer:motherPDGID(motherPDGID) -> tag: HEEPProducer:motherPDGID nameInTree: motherPDGID
full name: HEEPProducer:elstatus(elstatus) -> tag: HEEPProducer:elstatus nameInTree: elstatus
full name: MuonProducer:MuonPassID(MuonPassID) -> tag: MuonProducer:MuonPassID nameInTree: MuonPassID
full name: MuonProducer:MuonIsGlobal(MuonIsGlobal) -> tag: MuonProducer:MuonIsGlobal nameInTree: MuonIsGlobal
full name: TriggerProducer:TriggerPass -> tag: TriggerProducer:TriggerPass nameInTree: TriggerPass
full name: TriggerProducer:TriggerPrescales -> tag: TriggerProducer:TriggerPrescales nameInTree: TriggerPrescales
VectorDouble:
full name: PDFWeights:PDFweights -> tag: PDFWeights:PDFweights nameInTree: PDFweights
full name: PDFWeights:ScaleWeights -> tag: PDFWeights:ScaleWeights nameInTree: ScaleWeights
full name: HEEPProducer:trackiso(Electron_trackiso) -> tag: HEEPProducer:trackiso nameInTree: Electron_trackiso
full name: HEEPProducer:Et(Electron_Et) -> tag: HEEPProducer:Et nameInTree: Electron_Et
full name: HEEPProducer:DeltaEtain(Electron_DeltaEtain) -> tag: HEEPProducer:DeltaEtain nameInTree: Electron_DeltaEtain
full name: HEEPProducer:DeltaPhiin(Electron_DeltaPhiin) -> tag: HEEPProducer:DeltaPhiin nameInTree: Electron_DeltaPhiin
full name: HEEPProducer:HbE(Electron_HOverE) -> tag: HEEPProducer:HbE nameInTree: Electron_HOverE
full name: HEEPProducer:Ecaliso(Electron_Ecaliso) -> tag: HEEPProducer:Ecaliso nameInTree: Electron_Ecaliso
full name: HEEPProducer:HD1iso(Electron_HD1iso) -> tag: HEEPProducer:HD1iso nameInTree: Electron_HD1iso
full name: HEEPProducer:e25bye55(Electron_e25bye55) -> tag: HEEPProducer:e25bye55 nameInTree: Electron_e25bye55
full name: HEEPProducer:Fullsce25bye55(Electron_Fullsce25bye55) -> tag: HEEPProducer:Fullsce25bye55 nameInTree: Electron_Fullsce25bye55
full name: HEEPProducer:Fulle15bye55(Electron_Fulle15bye55) -> tag: HEEPProducer:Fulle15bye55 nameInTree: Electron_Fulle15bye55
full name: HEEPProducer:scEnergy(Electron_scEnergy) -> tag: HEEPProducer:scEnergy nameInTree: Electron_scEnergy
full name: HEEPProducer:DeltaEtaSeed(Electron_DeltaEtaSeed) -> tag: HEEPProducer:DeltaEtaSeed nameInTree: Electron_DeltaEtaSeed
full name: HEEPProducer:rho(rho) -> tag: HEEPProducer:rho nameInTree: rho
full name: HEEPProducer:ecalEnergy(Electron_ecalEnergy) -> tag: HEEPProducer:ecalEnergy nameInTree: Electron_ecalEnergy
full name: HEEPProducer:full55SiEtaiEta(Electron_full55SiEtaiEta) -> tag: HEEPProducer:full55SiEtaiEta nameInTree: Electron_full55SiEtaiEta
full name: HEEPProducer:sce25bye55(Electron_sce25bye55) -> tag: HEEPProducer:sce25bye55 nameInTree: Electron_sce25bye55
full name: HEEPProducer:e15bye55(Electron_e15bye55) -> tag: HEEPProducer:e15bye55 nameInTree: Electron_e15bye55
full name: HEEPProducer:Phi(Electron_Phi) -> tag: HEEPProducer:Phi nameInTree: Electron_Phi
full name: HEEPProducer:eEnergy(Electron_Energy) -> tag: HEEPProducer:eEnergy nameInTree: Electron_Energy
full name: HEEPProducer:dxy(dxy) -> tag: HEEPProducer:dxy nameInTree: dxy
full name: HEEPProducer:ePz(Electron_Pz) -> tag: HEEPProducer:ePz nameInTree: Electron_Pz
full name: HEEPProducer:ePx(Electron_Px) -> tag: HEEPProducer:ePx nameInTree: Electron_Px
full name: HEEPProducer:ePy(Electron_Py) -> tag: HEEPProducer:ePy nameInTree: Electron_Py
full name: HEEPProducer:genPt(genPt) -> tag: HEEPProducer:genPt nameInTree: genPt
full name: HEEPProducer:genEta(genEta) -> tag: HEEPProducer:genEta nameInTree: genEta
full name: HEEPProducer:genPhi(genPhi) -> tag: HEEPProducer:genPhi nameInTree: genPhi
full name: HEEPProducer:genEnergy(genEnergy) -> tag: HEEPProducer:genEnergy nameInTree: genEnergy
full name: HEEPProducer:PtHEEP(Electron_PtHEEP) -> tag: HEEPProducer:PtHEEP nameInTree: Electron_PtHEEP
full name: HEEPProducer:scEta(Electron_scEta) -> tag: HEEPProducer:scEta nameInTree: Electron_scEta
full name: HEEPProducer:heep70TrkIso(Electron_heep70TrkIso) -> tag: HEEPProducer:heep70TrkIso nameInTree: Electron_heep70TrkIso
full name: MuonProducer:MuonEta(MuonEta) -> tag: MuonProducer:MuonEta nameInTree: MuonEta
full name: MuonProducer:MuonPhi(MuonPhi) -> tag: MuonProducer:MuonPhi nameInTree: MuonPhi
full name: MuonProducer:MuonPt(MuonPt) -> tag: MuonProducer:MuonPt nameInTree: MuonPt
full name: MuonProducer:MuonEnergy(MuonEnergy) -> tag: MuonProducer:MuonEnergy nameInTree: MuonEnergy
full name: TauProducer:tEta(TauEta) -> tag: TauProducer:tEta nameInTree: TauEta
full name: TauProducer:tPhi(TauPhi) -> tag: TauProducer:tPhi nameInTree: TauPhi
full name: TauProducer:tPt(TauPt) -> tag: TauProducer:tPt nameInTree: TauPt
full name: TriggerProducer:objectPt -> tag: TriggerProducer:objectPt nameInTree: objectPt
full name: TriggerProducer:objecteta -> tag: TriggerProducer:objecteta nameInTree: objecteta
full name: TriggerProducer:objectphi -> tag: TriggerProducer:objectphi nameInTree: objectphi
full name: TriggerProducer:objectE -> tag: TriggerProducer:objectE nameInTree: objectE
full name: TriggerProducer:ColumnNum -> tag: TriggerProducer:ColumnNum nameInTree: ColumnNum
full name: MET:PtUp(METUp) -> tag: MET:PtUp nameInTree: METUp
full name: MET:PtDown(METDown) -> tag: MET:PtDown nameInTree: METDown
full name: MET:PhiUp(METPhiUp) -> tag: MET:PhiUp nameInTree: METPhiUp
full name: MET:PhiDown(METPhiDown) -> tag: MET:PhiDown nameInTree: METPhiDown
VectorString:
full name: TriggerProducer:TriggerNames -> tag: TriggerProducer:TriggerNames nameInTree: TriggerNames
VectorTLorentzVector:
VectorRecoCand:
full name: GoodJets(Jets) -> tag: GoodJets nameInTree: Jets
full name: GoodJetsJECup(JetsJECup) -> tag: GoodJetsJECup nameInTree: JetsJECup
full name: GoodJetsJECdown(JetsJECdown) -> tag: GoodJetsJECdown nameInTree: JetsJECdown
full name: GoodJetsJERup(JetsJERup) -> tag: GoodJetsJERup nameInTree: JetsJERup
full name: GoodJetsJERdown(JetsJERdown) -> tag: GoodJetsJERdown nameInTree: JetsJERdown
full name: slimmedGenJets(GenJets) -> tag: slimmedGenJets nameInTree: GenJets
List of stored triggers:
0: HLT_CaloJet500_NoJetID_v
1: HLT_DoubleEle8_CaloIdM_TrackIdM_Mass8_PFHT300_v
2: HLT_DoubleMu8_Mass8_PFHT300_v
3: HLT_Ele105_CaloIdVT_GsfTrkIdT_v
4: HLT_Ele115_CaloIdVT_GsfTrkIdT_v
5: HLT_Ele15_IsoVVVL_PFHT350_PFMET50_v
6: HLT_Ele15_IsoVVVL_PFHT350_v
7: HLT_Ele15_IsoVVVL_PFHT400_v
8: HLT_Ele15_IsoVVVL_PFHT600_v
9: HLT_Ele23_Ele12_CaloIdL_TrackIdL_IsoVL_DZ_v
10: HLT_Ele25_eta2p1_WPTight_Gsf_v 
11: HLT_Ele27_WPTight_Gsf_v
12: HLT_Ele27_eta2p1_WPLoose_Gsf_v 
13: HLT_Ele45_WPLoose_Gsf_v
14: HLT_Ele50_IsoVVVL_PFHT400_v
15: HLT_IsoMu16_eta2p1_MET30_v
16: HLT_IsoMu22_eta2p1_v
17: HLT_IsoMu22_v
18: HLT_IsoMu24_v 
19: HLT_IsoTkMu22_v
20: HLT_Mu15_IsoVVVL_PFHT350_PFMET50_v
21: HLT_Mu15_IsoVVVL_PFHT350_v
22: HLT_Mu15_IsoVVVL_PFHT400_v
23: HLT_Mu15_IsoVVVL_PFHT600_v
24: HLT_Mu17_TrkIsoVVL_Mu8_TrkIsoVVL_v
25: HLT_Mu17_TrkIsoVVL_TkMu8_TrkIsoVVL_v
26: HLT_Mu45_eta2p1_v
27: HLT_Mu50_IsoVVVL_PFHT400_v
28: HLT_Mu50_v
29: HLT_PFHT200_v
30: HLT_PFHT250_v
31: HLT_PFHT300_PFMET100_v
32: HLT_PFHT300_PFMET110_v
33: HLT_PFHT300_v
34: HLT_PFHT350_v
35: HLT_PFHT400_v
36: HLT_PFHT475_v
37: HLT_PFHT600_v
38: HLT_PFHT650_v
39: HLT_PFHT800_v
40: HLT_PFHT900_v
41: HLT_PFMET100_PFMHT100_IDTight_v
42: HLT_PFMET110_PFMHT110_IDTight_v
43: HLT_PFMET120_PFMHT120_IDTight_v
44: HLT_PFMET90_PFMHT90_IDTight_v
45: HLT_PFMETNoMu100_PFMHTNoMu100_IDTight_v
46: HLT_PFMETNoMu110_PFMHTNoMu110_IDTight_v
47: HLT_PFMETNoMu120_PFMHTNoMu120_IDTight_v
48: HLT_PFMETNoMu90_PFMHTNoMu90_IDTight_v
49: HLT_Photon120_v
50: HLT_Photon165_HE10_v
51: HLT_Photon175_v
52: HLT_Photon22_v
53: HLT_Photon30_v
54: HLT_Photon36_v
55: HLT_Photon50_v
56: HLT_Photon75_v
57: HLT_Photon90_CaloIdL_PFHT500_v
58: HLT_Photon90_v
59: HLT_TkMu50_v
WeightProducer: Using constant event weight of 2.20193e-05
  Target luminosity (1/pb) : 1
        Cross section (pb) : 435.24
          Number of events : 1.97663e+07
WeightProducer: Applying multiplicative PU weights
  Reading PU scenario from '/storage/local/data1/condor/execute/dir_3823146/CMSSW_8_0_25/src/LeptoQuarkTreeMaker/Production/test/data/PileupHistograms_0721_63mb_pm5.root'
[STATUS] Reading energy scale correction  values from file: EgammaAnalysis/ElectronTools/data/ScalesSmearings/Winter_2016_reReco_v1_ele_scales.dat
[STATUS] Reading energy scale correction  values from file: EgammaAnalysis/ElectronTools/data/ScalesSmearings/Winter_2016_reReco_v1_ele_scales.dat
Begin processing the 1st record. Run 1, Event 175447, LumiSection 110 at 03-Feb-2017 13:52:04.503 CST
%MSG-w XrdAdaptor:  PreProcPath WriteTree 03-Feb-2017 13:52:18 CST  Run: 1 Event: 175640
Data is now served from acrc.bris.ac.uk instead of previous T1_FR_CCIN2P3, acrc.bris.ac.uk
%MSG
Begin processing the 1001st record. Run 1, Event 4536125, LumiSection 2830 at 03-Feb-2017 13:53:29.678 CST
Begin processing the 2001st record. Run 1, Event 2302265, LumiSection 1436 at 03-Feb-2017 13:54:33.406 CST
Begin processing the 3001st record. Run 1, Event 2849843, LumiSection 1778 at 03-Feb-2017 13:55:34.074 CST
Begin processing the 4001st record. Run 1, Event 51944481, LumiSection 32411 at 03-Feb-2017 13:56:35.252 CST
Begin processing the 5001st record. Run 1, Event 55400532, LumiSection 34568 at 03-Feb-2017 13:57:33.885 CST
Begin processing the 6001st record. Run 1, Event 101378420, LumiSection 63256 at 03-Feb-2017 13:58:38.811 CST
Begin processing the 7001st record. Run 1, Event 125023817, LumiSection 78010 at 03-Feb-2017 13:59:41.705 CST
Begin processing the 8001st record. Run 1, Event 129194673, LumiSection 80612 at 03-Feb-2017 14:00:39.568 CST
Begin processing the 9001st record. Run 1, Event 128511203, LumiSection 80186 at 03-Feb-2017 14:01:45.271 CST
Begin processing the 10001st record. Run 1, Event 171237076, LumiSection 106846 at 03-Feb-2017 14:02:44.385 CST
Begin processing the 11001st record. Run 1, Event 175076006, LumiSection 109240 at 03-Feb-2017 14:03:48.545 CST
Begin processing the 12001st record. Run 1, Event 352980, LumiSection 220 at 03-Feb-2017 14:04:55.696 CST
Begin processing the 13001st record. Run 1, Event 9178048, LumiSection 5726 at 03-Feb-2017 14:05:57.236 CST
Begin processing the 14001st record. Run 1, Event 15197715, LumiSection 9482 at 03-Feb-2017 14:07:00.605 CST
Begin processing the 15001st record. Run 1, Event 10976381, LumiSection 6848 at 03-Feb-2017 14:07:58.257 CST
Begin processing the 16001st record. Run 1, Event 32569272, LumiSection 20321 at 03-Feb-2017 14:09:00.627 CST
Begin processing the 17001st record. Run 1, Event 140727591, LumiSection 87808 at 03-Feb-2017 14:10:01.758 CST
Begin processing the 18001st record. Run 1, Event 44365983, LumiSection 27683 at 03-Feb-2017 14:11:02.126 CST
Begin processing the 19001st record. Run 1, Event 52215085, LumiSection 32581 at 03-Feb-2017 14:12:05.318 CST
Begin processing the 20001st record. Run 1, Event 75949871, LumiSection 47390 at 03-Feb-2017 14:13:10.347 CST
Begin processing the 21001st record. Run 1, Event 162361436, LumiSection 101308 at 03-Feb-2017 14:14:14.569 CST
Begin processing the 22001st record. Run 1, Event 97560017, LumiSection 60874 at 03-Feb-2017 14:15:12.843 CST
Begin processing the 23001st record. Run 1, Event 124987503, LumiSection 77987 at 03-Feb-2017 14:16:17.666 CST
Begin processing the 24001st record. Run 1, Event 139599702, LumiSection 87104 at 03-Feb-2017 14:17:18.300 CST
Begin processing the 25001st record. Run 1, Event 33193658, LumiSection 20711 at 03-Feb-2017 14:18:34.180 CST
Begin processing the 26001st record. Run 1, Event 39989177, LumiSection 24952 at 03-Feb-2017 14:19:40.090 CST
Begin processing the 27001st record. Run 1, Event 55884235, LumiSection 34870 at 03-Feb-2017 14:20:44.627 CST
Begin processing the 28001st record. Run 1, Event 11919439, LumiSection 7438 at 03-Feb-2017 14:21:52.707 CST
Begin processing the 29001st record. Run 1, Event 24981969, LumiSection 15587 at 03-Feb-2017 14:22:55.401 CST
Begin processing the 30001st record. Run 1, Event 35266243, LumiSection 22004 at 03-Feb-2017 14:24:12.588 CST
Begin processing the 31001st record. Run 1, Event 55140052, LumiSection 34405 at 03-Feb-2017 14:25:19.120 CST
Begin processing the 32001st record. Run 1, Event 97308190, LumiSection 60716 at 03-Feb-2017 14:26:23.208 CST
Begin processing the 33001st record. Run 1, Event 89552606, LumiSection 55877 at 03-Feb-2017 14:27:30.060 CST
Begin processing the 34001st record. Run 1, Event 114064104, LumiSection 71171 at 03-Feb-2017 14:28:32.860 CST
Begin processing the 35001st record. Run 1, Event 139694630, LumiSection 87164 at 03-Feb-2017 14:29:40.028 CST
Begin processing the 36001st record. Run 1, Event 154514597, LumiSection 96411 at 03-Feb-2017 14:30:40.018 CST
Begin processing the 37001st record. Run 1, Event 159363042, LumiSection 99436 at 03-Feb-2017 14:31:49.870 CST
Begin processing the 38001st record. Run 1, Event 9472707, LumiSection 5911 at 03-Feb-2017 14:33:14.232 CST
Begin processing the 39001st record. Run 1, Event 9809353, LumiSection 6121 at 03-Feb-2017 14:34:19.247 CST
Begin processing the 40001st record. Run 1, Event 11071299, LumiSection 6908 at 03-Feb-2017 14:35:27.278 CST
Begin processing the 41001st record. Run 1, Event 11326016, LumiSection 7067 at 03-Feb-2017 14:36:30.303 CST
Begin processing the 42001st record. Run 1, Event 40419156, LumiSection 25220 at 03-Feb-2017 14:37:32.520 CST
Begin processing the 43001st record. Run 1, Event 55368912, LumiSection 34548 at 03-Feb-2017 14:38:35.692 CST
Begin processing the 44001st record. Run 1, Event 81176863, LumiSection 50651 at 03-Feb-2017 14:39:46.917 CST
Begin processing the 45001st record. Run 1, Event 82061653, LumiSection 51203 at 03-Feb-2017 14:40:52.038 CST
Begin processing the 46001st record. Run 1, Event 104508545, LumiSection 65209 at 03-Feb-2017 14:42:11.545 CST
Begin processing the 47001st record. Run 1, Event 124072846, LumiSection 77417 at 03-Feb-2017 14:43:17.495 CST
Begin processing the 48001st record. Run 1, Event 130101529, LumiSection 81178 at 03-Feb-2017 14:44:22.571 CST
Begin processing the 49001st record. Run 1, Event 165776588, LumiSection 103438 at 03-Feb-2017 14:45:24.251 CST
Begin processing the 50001st record. Run 1, Event 4607320, LumiSection 2875 at 03-Feb-2017 14:46:36.464 CST
Begin processing the 51001st record. Run 1, Event 56032858, LumiSection 34963 at 03-Feb-2017 14:47:48.827 CST
Begin processing the 52001st record. Run 1, Event 68930301, LumiSection 43010 at 03-Feb-2017 14:48:51.191 CST
Begin processing the 53001st record. Run 1, Event 93013679, LumiSection 58037 at 03-Feb-2017 14:49:59.183 CST
Begin processing the 54001st record. Run 1, Event 73598729, LumiSection 45923 at 03-Feb-2017 14:51:21.053 CST
Begin processing the 55001st record. Run 1, Event 96597501, LumiSection 60273 at 03-Feb-2017 14:52:32.698 CST
Begin processing the 56001st record. Run 1, Event 100640793, LumiSection 62795 at 03-Feb-2017 14:53:52.440 CST
Begin processing the 57001st record. Run 1, Event 104787425, LumiSection 65383 at 03-Feb-2017 14:54:55.787 CST
Begin processing the 58001st record. Run 1, Event 154413408, LumiSection 96347 at 03-Feb-2017 14:55:59.805 CST
Begin processing the 59001st record. Run 1, Event 111741826, LumiSection 69722 at 03-Feb-2017 14:57:03.950 CST
Begin processing the 60001st record. Run 1, Event 115504295, LumiSection 72070 at 03-Feb-2017 14:58:10.834 CST
Begin processing the 61001st record. Run 1, Event 148636049, LumiSection 92743 at 03-Feb-2017 14:59:15.852 CST
Begin processing the 62001st record. Run 1, Event 163391058, LumiSection 101950 at 03-Feb-2017 15:00:20.220 CST
Begin processing the 63001st record. Run 1, Event 29858305, LumiSection 18631 at 03-Feb-2017 15:01:36.859 CST
Begin processing the 64001st record. Run 1, Event 47966998, LumiSection 29930 at 03-Feb-2017 15:02:37.053 CST
Begin processing the 65001st record. Run 1, Event 64771019, LumiSection 40415 at 03-Feb-2017 15:03:42.960 CST
Begin processing the 66001st record. Run 1, Event 76810212, LumiSection 47927 at 03-Feb-2017 15:04:51.816 CST
Begin processing the 67001st record. Run 1, Event 97540072, LumiSection 60862 at 03-Feb-2017 15:05:54.890 CST
Begin processing the 68001st record. Run 1, Event 107405772, LumiSection 67016 at 03-Feb-2017 15:07:00.640 CST
Begin processing the 69001st record. Run 1, Event 152772404, LumiSection 95324 at 03-Feb-2017 15:08:12.559 CST
Begin processing the 70001st record. Run 1, Event 84650542, LumiSection 52819 at 03-Feb-2017 15:09:30.188 CST
Begin processing the 71001st record. Run 1, Event 20579046, LumiSection 12841 at 03-Feb-2017 15:10:31.038 CST
Begin processing the 72001st record. Run 1, Event 18985285, LumiSection 11846 at 03-Feb-2017 15:11:38.067 CST
Begin processing the 73001st record. Run 1, Event 61891853, LumiSection 38618 at 03-Feb-2017 15:12:43.301 CST
Begin processing the 74001st record. Run 1, Event 69055212, LumiSection 43088 at 03-Feb-2017 15:13:44.522 CST
Begin processing the 75001st record. Run 1, Event 78952850, LumiSection 49264 at 03-Feb-2017 15:14:50.167 CST
Begin processing the 76001st record. Run 1, Event 104055106, LumiSection 64927 at 03-Feb-2017 15:15:53.555 CST
Begin processing the 77001st record. Run 1, Event 145314710, LumiSection 90671 at 03-Feb-2017 15:17:01.603 CST
Begin processing the 78001st record. Run 1, Event 110737343, LumiSection 69095 at 03-Feb-2017 15:18:15.287 CST
Begin processing the 79001st record. Run 1, Event 111691343, LumiSection 69691 at 03-Feb-2017 15:19:18.734 CST
Begin processing the 80001st record. Run 1, Event 138484318, LumiSection 86408 at 03-Feb-2017 15:20:27.274 CST
Begin processing the 81001st record. Run 1, Event 167604265, LumiSection 104578 at 03-Feb-2017 15:21:29.727 CST
Begin processing the 82001st record. Run 1, Event 10981611, LumiSection 6853 at 03-Feb-2017 15:22:45.635 CST
Begin processing the 83001st record. Run 1, Event 14952955, LumiSection 9331 at 03-Feb-2017 15:23:56.245 CST
Begin processing the 84001st record. Run 1, Event 55880530, LumiSection 34867 at 03-Feb-2017 15:24:59.240 CST
Begin processing the 85001st record. Run 1, Event 87292803, LumiSection 54467 at 03-Feb-2017 15:26:06.136 CST
Begin processing the 86001st record. Run 1, Event 131791097, LumiSection 82232 at 03-Feb-2017 15:27:13.490 CST
Begin processing the 87001st record. Run 1, Event 89447367, LumiSection 55811 at 03-Feb-2017 15:28:20.251 CST
[2017-02-03 15:34:47.180438 -0600][Error  ][XRootD            ] [io-37-02.acrc.bris.ac.uk:1095] Unable to get the response to request kXR_readv (handle: 0x00000000, chunks: 65, total size: 11662260)
%MSG-w XrdAdaptorInternal:  (NoModuleName) 03-Feb-2017 15:34:47 CST pre-events
XrdRequestManager::handle(name='root://cmsxrootd.fnal.gov//store/mc/RunIISummer16MiniAODv2/WJetsToLNu_HT-200To400_TuneCUETP8M1_13TeV-madgraphMLM-pythia8/MINIAODSIM/PUMoriond17_80X_mcRun2_asymptotic_2016_TrancheIV_v6_ext1-v1/50000/5436EE89-80C1-E611-B12B-141877344D39.root) failure when reading from io-37-02.acrc.bris.ac.uk:1095 (unknown site); failed with error '[ERROR] Server responded with an error: [3010] Opening relative path '?tried=+1213cmsxrootd1.fnal.gov1213xrootd.unl.edu,ccxrpli003.in2p3.fr' is disallowed.
' (errno=3010, code=400).
%MSG
%MSG-w XrdAdaptorInternal:  (NoModuleName) 03-Feb-2017 15:34:47 CST pre-events
Request failure when reading from io-37-02.acrc.bris.ac.uk:1095 (unknown site)
%MSG
%MSG-w XrdAdaptor:  (NoModuleName) 03-Feb-2017 15:34:47 CST pre-events
Data is now served from  instead of previous acrc.bris.ac.uk
%MSG
%MSG-w XrdAdaptorInternal:  (NoModuleName) 03-Feb-2017 15:34:47 CST pre-events
Caught a CMSSW exception when running connection recovery.
%MSG
----- Begin Fatal Exception 03-Feb-2017 15:34:47 CST-----------------------
An exception of category 'FileReadError' occurred while
   [0] Processing run: 1 lumi: 56111 event: 89927077
   [1] Running path 'WriteTree'
   [2] Calling event method for module TreeMaker/'LQTreeMaker2'
   [3] Calling produce method for unscheduled module TriggerProducer/'TriggerProducer'
   [4] Reading branch patTriggerObjectStandAlones_selectedPatTrigger__PAT.
   [5] Calling XrdFile::readv()
   [6] XrdAdaptor::ClientRequest::HandleResponse() failure while running connection recovery
   [7] In XrdAdaptor::RequestManager::requestFailure()
Exception Message:
XrdAdaptor::RequestManager::requestFailure Open(name='root://cmsxrootd.fnal.gov//store/mc/RunIISummer16MiniAODv2/WJetsToLNu_HT-200To400_TuneCUETP8M1_13TeV-madgraphMLM-pythia8/MINIAODSIM/PUMoriond17_80X_mcRun2_asymptotic_2016_TrancheIV_v6_ext1-v1/50000/5436EE89-80C1-E611-B12B-141877344D39.root', flags=0x10, permissions=0660, old source=io-37-02.acrc.bris.ac.uk:1095 (unknown site), new source=io-37-02.acrc.bris.ac.uk:1095 (unknown site)) => Xrootd server returned an excluded source
   Additional Info:
      [a] Original error: '[ERROR] Server responded with an error: [3010] Opening relative path '?tried=+1213cmsxrootd1.fnal.gov1213xrootd.unl.edu,ccxrpli003.in2p3.fr' is disallowed.
' (errno=3010, code=400, source=io-37-02.acrc.bris.ac.uk:1095 (unknown site)).
      [b] Disabled source: io-37-02.acrc.bris.ac.uk:1095
----- End Fatal Exception -------------------------------------------------
03-Feb-2017 15:34:49 CST  Closed file root://cmsxrootd.fnal.gov//store/mc/RunIISummer16MiniAODv2/WJetsToLNu_HT-200To400_TuneCUETP8M1_13TeV-madgraphMLM-pythia8/MINIAODSIM/PUMoriond17_80X_mcRun2_asymptotic_2016_TrancheIV_v6_ext1-v1/50000/5436EE89-80C1-E611-B12B-141877344D39.root

=============================================

MessageLogger Summary

 type     category        sev    module        subroutine        count    total
 ---- -------------------- -- ---------------- ----------------  -----    -----
    1 XrdAdaptor           -w (NoModuleName)                         2        2
    2 XrdAdaptor           -w PreProcPath Writ                       1        1
    3 XrdAdaptor           -w file_open                              1        1
    4 XrdAdaptorInternal   -w (NoModuleName)                         3        3
    5 Fatal Exception      -s PostProcessPath                        1        1
    6 fileAction           -s file_close                             1        1
    7 fileAction           -s file_open                              2        2

 type    category    Examples: run/evt        run/evt          run/evt
 ---- -------------------- ---------------- ---------------- ----------------
    1 XrdAdaptor           pre-events       pre-events       
    2 XrdAdaptor           1/175640                          
    3 XrdAdaptor           pre-events                        
    4 XrdAdaptorInternal   pre-events       pre-events       pre-events
    5 Fatal Exception      1/89927077                        
    6 fileAction           PostEndRun                        
    7 fileAction           pre-events       pre-events       

Severity    # Occurrences   Total Occurrences
--------    -------------   -----------------
Warning                 7                   7
System                  4                   4
exit code 85, skipping xrdcp
